 aectest

 Timestamp is 5dc90836 (Mon Nov 11 14:05:26 2019)

 Preferred load address is 00400000

 Start         Length     Name                   Class
 0001:00000000 00022716H .text$mn                CODE
 0002:00000000 00000264H .idata$5                DATA
 0002:00000264 00000004H .00cfg                  DATA
 0002:00000268 00000004H .CRT$XCA                DATA
 0002:0000026c 00000004H .CRT$XCAA               DATA
 0002:00000270 00000004H .CRT$XCZ                DATA
 0002:00000274 00000004H .CRT$XIA                DATA
 0002:00000278 00000004H .CRT$XIAA               DATA
 0002:0000027c 00000004H .CRT$XIAC               DATA
 0002:00000280 00000004H .CRT$XIZ                DATA
 0002:00000284 00000004H .CRT$XPA                DATA
 0002:00000288 00000004H .CRT$XPZ                DATA
 0002:0000028c 00000004H .CRT$XTA                DATA
 0002:00000290 00000010H .CRT$XTZ                DATA
 0002:00000294 00000000H .gfids$y                DATA
 0002:000002a0 00010070H .rdata                  DATA
 0002:00010310 00000004H .rdata$sxdata           DATA
 0002:00010314 0000023cH .rdata$zzzdbg           DATA
 0002:00010550 00000004H .rtc$IAA                DATA
 0002:00010554 00000004H .rtc$IZZ                DATA
 0002:00010558 00000004H .rtc$TAA                DATA
 0002:0001055c 00000004H .rtc$TZZ                DATA
 0002:00010560 0000003cH .xdata$x                DATA
 0002:0001059c 00000000H .edata                  DATA
 0002:0001059c 00000104H .idata$2                DATA
 0002:000106a0 00000014H .idata$3                DATA
 0002:000106b4 00000264H .idata$4                DATA
 0002:00010918 00000a1cH .idata$6                DATA
 0003:00000000 00000f60H .data                   DATA
 0003:00000f60 00001890H .bss                    DATA
 0004:00000000 000005e0H _RDATA                  DATA

  Address         Publics by Value              Rva+Base       Lib:Object

 0000:00000000       ___guard_fids_table        00000000     <absolute>
 0000:00000000       ___guard_iat_table         00000000     <absolute>
 0000:00000000       ___hybrid_auxiliary_iat    00000000     <absolute>
 0000:00000000       ___guard_longjmp_count     00000000     <absolute>
 0000:00000000       ___guard_iat_count         00000000     <absolute>
 0000:00000000       ___enclave_config          00000000     <absolute>
 0000:00000000       ___hybrid_code_map_count   00000000     <absolute>
 0000:00000000       ___volatile_metadata       00000000     <absolute>
 0000:00000000       ___guard_longjmp_table     00000000     <absolute>
 0000:00000000       ___guard_fids_count        00000000     <absolute>
 0000:00000000       ___dynamic_value_reloc_table 00000000     <absolute>
 0000:00000000       ___hybrid_code_map         00000000     <absolute>
 0000:00000001       ___safe_se_handler_count   00000001     <absolute>
 0000:00000100       ___guard_flags             00000100     <absolute>
 0000:00000000       ___ImageBase               00400000     <linker-defined>
 0001:00000180       _main                      00401180 f   aectest.obj
 0001:000007a0       _pjmedia_aud_subsys_init   004017a0 f   pjmedia-audiodev-i386-win32-vc14-release:audiodev.obj
 0001:00000840       _pjmedia_aud_subsys_shutdown 00401840 f   pjmedia-audiodev-i386-win32-vc14-release:audiodev.obj
 0001:00000880       ___local_stdio_printf_options 00401880 f i pjmedia-audiodev-i386-win32-vc14-release:errno.obj
 0001:00000890       __snprintf                 00401890 f i pjmedia-audiodev-i386-win32-vc14-release:errno.obj
 0001:000008d0       _pjmedia_audiodev_strerror 004018d0 f   pjmedia-audiodev-i386-win32-vc14-release:errno.obj
 0001:00001c30       _pjmedia_wmme_factory      00402c30 f   pjmedia-audiodev-i386-win32-vc14-release:wmme_dev.obj
 0001:000022d0       _pjmedia_port_destroy      004032d0 f   pjmedia-i386-win32-vc14-release:port.obj
 0001:00002300       _pjmedia_port_get_frame    00403300 f   pjmedia-i386-win32-vc14-release:port.obj
 0001:00002340       _pjmedia_port_info_init    00403340 f   pjmedia-i386-win32-vc14-release:port.obj
 0001:00002430       _pjmedia_port_put_frame    00403430 f   pjmedia-i386-win32-vc14-release:port.obj
 0001:00002460       _pjmedia_echo_capture      00403460 f   pjmedia-i386-win32-vc14-release:echo_common.obj
 0001:00002510       _pjmedia_echo_create2      00403510 f   pjmedia-i386-win32-vc14-release:echo_common.obj
 0001:000026d0       _pjmedia_echo_destroy      004036d0 f   pjmedia-i386-win32-vc14-release:echo_common.obj
 0001:00002710       _pjmedia_echo_playback     00403710 f   pjmedia-i386-win32-vc14-release:echo_common.obj
 0001:000027c0       _pjmedia_endpt_create2     004037c0 f   pjmedia-i386-win32-vc14-release:endpoint.obj
 0001:00002980       _pjmedia_endpt_destroy2    00403980 f   pjmedia-i386-win32-vc14-release:endpoint.obj
 0001:00002a40       _sprintf                   00403a40 f i pjmedia-i386-win32-vc14-release:endpoint.obj
 0001:00002e80       _pjmedia_wav_player_port_create 00403e80 f   pjmedia-i386-win32-vc14-release:wav_player.obj
 0001:000033a0       _pjmedia_wav_player_port_set_pos 004043a0 f   pjmedia-i386-win32-vc14-release:wav_player.obj
 0001:000036c0       _pjmedia_wav_writer_port_create 004046c0 f   pjmedia-i386-win32-vc14-release:wav_writer.obj
 0001:000039d0       _pjmedia_wav_writer_port_get_pos 004049d0 f   pjmedia-i386-win32-vc14-release:wav_writer.obj
 0001:00003a50       _pjmedia_aud_driver_deinit 00404a50 f   pjmedia-i386-win32-vc14-release:audiodev.obj
 0001:00003b20       _pjmedia_aud_driver_init   00404b20 f   pjmedia-i386-win32-vc14-release:audiodev.obj
 0001:00003da0       _pjmedia_aud_stream_get_param 00404da0 f   pjmedia-i386-win32-vc14-release:audiodev.obj
 0001:00003e00       _pjmedia_get_aud_subsys    00404e00 f   pjmedia-i386-win32-vc14-release:audiodev.obj
 0001:00003fc0       _pjmedia_event_init        00404fc0 f   pjmedia-i386-win32-vc14-release:event.obj
 0001:00004000       _pjmedia_event_publish     00405000 f   pjmedia-i386-win32-vc14-release:event.obj
 0001:00004130       _pjmedia_format_get_audio_format_detail 00405130 f   pjmedia-i386-win32-vc14-release:format.obj
 0001:00004150       _echo_supp_cancel_echo     00405150 f   pjmedia-i386-win32-vc14-release:echo_suppress.obj
 0001:000044d0       _echo_supp_create          004054d0 f   pjmedia-i386-win32-vc14-release:echo_suppress.obj
 0001:000046a0       _echo_supp_destroy         004056a0 f   pjmedia-i386-win32-vc14-release:echo_suppress.obj
 0001:000046a0       ___scrt_stub_for_initialize_mta 004056a0 f   MSVCRT:utility_desktop.obj
 0001:000046a0       ___scrt_initialize_winrt   004056a0 f   MSVCRT:utility_desktop.obj
 0001:000046a0       _pjmedia_wsola_destroy     004056a0 f   pjmedia-i386-win32-vc14-release:wsola.obj
 0001:000046a0       __get_startup_new_mode     004056a0 f   MSVCRT:new_mode.obj
 0001:000046a0       __get_startup_commit_mode  004056a0 f   MSVCRT:commit_mode.obj
 0001:000046a0       _srtp_ekt_stream_init_from_policy 004056a0 f   libsrtp-i386-win32-vc14-release:ekt.obj
 0001:000046a0       ___scrt_exe_initialize_mta 004056a0 f   MSVCRT:utility_desktop.obj
 0001:000046a0       __get_startup_thread_locale_mode 004056a0 f   MSVCRT:thread_locale.obj
 0001:000046a0       __matherr                  004056a0 f   MSVCRT:matherr.obj
 0001:000046b0       _echo_supp_reset           004056b0 f   pjmedia-i386-win32-vc14-release:echo_suppress.obj
 0001:00004df0       _speex_aec_cancel_echo     00405df0 f   pjmedia-i386-win32-vc14-release:echo_speex.obj
 0001:00004e50       _speex_aec_capture         00405e50 f   pjmedia-i386-win32-vc14-release:echo_speex.obj
 0001:00004ea0       _speex_aec_create          00405ea0 f   pjmedia-i386-win32-vc14-release:echo_speex.obj
 0001:00004fc0       _speex_aec_destroy         00405fc0 f   pjmedia-i386-win32-vc14-release:echo_speex.obj
 0001:00005010       _speex_aec_playback        00406010 f   pjmedia-i386-win32-vc14-release:echo_speex.obj
 0001:00005040       _speex_aec_reset           00406040 f   pjmedia-i386-win32-vc14-release:echo_speex.obj
 0001:00005250       _pjmedia_delay_buf_create  00406250 f   pjmedia-i386-win32-vc14-release:delaybuf.obj
 0001:000053b0       _pjmedia_delay_buf_destroy 004063b0 f   pjmedia-i386-win32-vc14-release:delaybuf.obj
 0001:00005410       _pjmedia_delay_buf_get     00406410 f   pjmedia-i386-win32-vc14-release:delaybuf.obj
 0001:00005550       _pjmedia_delay_buf_put     00406550 f   pjmedia-i386-win32-vc14-release:delaybuf.obj
 0001:000057e0       _pjmedia_codec_mgr_destroy 004067e0 f   pjmedia-i386-win32-vc14-release:codec.obj
 0001:00005870       _pjmedia_codec_mgr_init    00406870 f   pjmedia-i386-win32-vc14-release:codec.obj
 0001:000058e0       _pjmedia_sdp_attr_create   004068e0 f   pjmedia-i386-win32-vc14-release:sdp.obj
 0001:00005940       _pjmedia_sdp_attr_find     00406940 f   pjmedia-i386-win32-vc14-release:sdp.obj
 0001:000059c0       _pjmedia_sdp_media_deactivate 004069c0 f   pjmedia-i386-win32-vc14-release:sdp.obj
 0001:000059f0       _pjmedia_sdp_media_find_attr 004069f0 f   pjmedia-i386-win32-vc14-release:sdp.obj
 0001:00005a20       _pjmedia_sdp_transport_get_proto 00406a20 f   pjmedia-i386-win32-vc14-release:sdp.obj
 0001:00005b60       _pjmedia_strerror          00406b60 f   pjmedia-i386-win32-vc14-release:errno.obj
 0001:00005c70       @_guard_check_icall_nop@4  00406c70 f   MSVCRT:guard_support.obj
 0001:00005c70       __initialize_invalid_parameter_handler 00406c70 f   MSVCRT:invalid_parameter_handler.obj
 0001:00005c70       _pjmedia_wave_hdr_host_to_file 00406c70 f   pjmedia-i386-win32-vc14-release:wave.obj
 0001:00005c70       _pjmedia_wave_hdr_file_to_host 00406c70 f   pjmedia-i386-win32-vc14-release:wave.obj
 0001:00005c70       __initialize_denormal_control 00406c70 f   MSVCRT:denormal_control.obj
 0001:00005c80       _pjmedia_calc_avg_signal   00406c80 f   pjmedia-i386-win32-vc14-release:silencedet.obj
 0001:00006550       _pjmedia_wsola_create      00407550 f   pjmedia-i386-win32-vc14-release:wsola.obj
 0001:000068a0       _pjmedia_wsola_discard     004078a0 f   pjmedia-i386-win32-vc14-release:wsola.obj
 0001:00006af0       _pjmedia_wsola_generate    00407af0 f   pjmedia-i386-win32-vc14-release:wsola.obj
 0001:00006bc0       _pjmedia_wsola_save        00407bc0 f   pjmedia-i386-win32-vc14-release:wsola.obj
 0001:00008e20       _get_libsrtp_errstr        00409e20 f   pjmedia-i386-win32-vc14-release:transport_srtp.obj
 0001:000090d0       _pjmedia_transport_srtp_start 0040a0d0 f   pjmedia-i386-win32-vc14-release:transport_srtp.obj
 0001:00009770       _pjmedia_transport_srtp_stop 0040a770 f   pjmedia-i386-win32-vc14-release:transport_srtp.obj
 0001:0000a590       _pj_getopt                 0040b590 f   pjlib-util-i386-win32-vc14-release:getopt.obj
 0001:0000a5b0       _pj_base64_decode          0040b5b0 f   pjlib-util-i386-win32-vc14-release:base64.obj
 0001:0000a7a0       _pj_base64_encode          0040b7a0 f   pjlib-util-i386-win32-vc14-release:base64.obj
 0001:0000a9a0       _pj_atexit                 0040b9a0 f   pjlib-i386-win32-vc14-release:os_core_win32.obj
 0001:0000a9d0       _pj_atomic_dec_and_get     0040b9d0 f   pjlib-i386-win32-vc14-release:os_core_win32.obj
 0001:0000aa20       _pj_atomic_destroy         0040ba20 f   pjlib-i386-win32-vc14-release:os_core_win32.obj
 0001:0000aa40       _pj_atomic_inc             0040ba40 f   pjlib-i386-win32-vc14-release:os_core_win32.obj
 0001:0000aa90       _pj_enter_critical_section 0040ba90 f   pjlib-i386-win32-vc14-release:os_core_win32.obj
 0001:0000aaf0       _pj_init                   0040baf0 f   pjlib-i386-win32-vc14-release:os_core_win32.obj
 0001:0000ad00       _pj_leave_critical_section 0040bd00 f   pjlib-i386-win32-vc14-release:os_core_win32.obj
 0001:0000ad60       _pj_mutex_create           0040bd60 f   pjlib-i386-win32-vc14-release:os_core_win32.obj
 0001:0000adb0       _pj_mutex_create_simple    0040bdb0 f   pjlib-i386-win32-vc14-release:os_core_win32.obj
 0001:0000adb0       _pj_mutex_create_recursive 0040bdb0 f   pjlib-i386-win32-vc14-release:os_core_win32.obj
 0001:0000ae00       _pj_mutex_destroy          0040be00 f   pjlib-i386-win32-vc14-release:os_core_win32.obj
 0001:0000ae70       _pj_mutex_lock             0040be70 f   pjlib-i386-win32-vc14-release:os_core_win32.obj
 0001:0000aee0       _pj_mutex_trylock          0040bee0 f   pjlib-i386-win32-vc14-release:os_core_win32.obj
 0001:0000af60       _pj_mutex_unlock           0040bf60 f   pjlib-i386-win32-vc14-release:os_core_win32.obj
 0001:0000afd0       _pj_sem_destroy            0040bfd0 f   pjlib-i386-win32-vc14-release:os_core_win32.obj
 0001:0000b060       _pj_sem_post               0040c060 f   pjlib-i386-win32-vc14-release:os_core_win32.obj
 0001:0000b100       _pj_sem_trywait            0040c100 f   pjlib-i386-win32-vc14-release:os_core_win32.obj
 0001:0000b160       _pj_sem_wait               0040c160 f   pjlib-i386-win32-vc14-release:os_core_win32.obj
 0001:0000b270       _pj_shutdown               0040c270 f   pjlib-i386-win32-vc14-release:os_core_win32.obj
 0001:0000b3b0       _pj_term_set_color         0040c3b0 f   pjlib-i386-win32-vc14-release:os_core_win32.obj
 0001:0000b480       _pj_thread_check_stack     0040c480 f   pjlib-i386-win32-vc14-release:os_core_win32.obj
 0001:0000b4d0       _pj_thread_create          0040c4d0 f   pjlib-i386-win32-vc14-release:os_core_win32.obj
 0001:0000b620       _pj_thread_destroy         0040c620 f   pjlib-i386-win32-vc14-release:os_core_win32.obj
 0001:0000b6b0       _pj_thread_get_name        0040c6b0 f   pjlib-i386-win32-vc14-release:os_core_win32.obj
 0001:0000b700       _pj_thread_join            0040c700 f   pjlib-i386-win32-vc14-release:os_core_win32.obj
 0001:0000b7c0       _pj_thread_local_alloc     0040c7c0 f   pjlib-i386-win32-vc14-release:os_core_win32.obj
 0001:0000b810       _pj_thread_local_free      0040c810 f   pjlib-i386-win32-vc14-release:os_core_win32.obj
 0001:0000b860       _pj_thread_local_get       0040c860 f   pjlib-i386-win32-vc14-release:os_core_win32.obj
 0001:0000b870       _pj_thread_local_set       0040c870 f   pjlib-i386-win32-vc14-release:os_core_win32.obj
 0001:0000b8b0       _pj_thread_sleep           0040c8b0 f   pjlib-i386-win32-vc14-release:os_core_win32.obj
 0001:0000b900       _pj_thread_this            0040c900 f   pjlib-i386-win32-vc14-release:os_core_win32.obj
 0001:0000b990       _pj_pool_alloc             0040c990 f   pjlib-i386-win32-vc14-release:pool.obj
 0001:0000bb00       _pj_pool_calloc            0040cb00 f   pjlib-i386-win32-vc14-release:pool.obj
 0001:0000bb30       _pj_pool_create            0040cb30 f   pjlib-i386-win32-vc14-release:pool.obj
 0001:0000bb40       _pj_pool_create_int        0040cb40 f   pjlib-i386-win32-vc14-release:pool.obj
 0001:0000bc50       _pj_pool_destroy_int       0040cc50 f   pjlib-i386-win32-vc14-release:pool.obj
 0001:0000bc90       _pj_pool_get_capacity      0040cc90 f   pjlib-i386-win32-vc14-release:pool.obj
 0001:0000bca0       _pj_pool_get_used_size     0040cca0 f   pjlib-i386-win32-vc14-release:pool.obj
 0001:0000bcd0       _pj_pool_getobjname        0040ccd0 f   pjlib-i386-win32-vc14-release:pool.obj
 0001:0000bce0       _pj_pool_init_int          0040cce0 f   pjlib-i386-win32-vc14-release:pool.obj
 0001:0000bd50       _pj_pool_release           0040cd50 f   pjlib-i386-win32-vc14-release:pool.obj
 0001:0000bd70       _pj_pool_reset             0040cd70 f   pjlib-i386-win32-vc14-release:pool.obj
 0001:0000c180       _pj_caching_pool_destroy   0040d180 f   pjlib-i386-win32-vc14-release:pool_caching.obj
 0001:0000c260       _pj_caching_pool_init      0040d260 f   pjlib-i386-win32-vc14-release:pool_caching.obj
 0001:0000c340       _pj_errno_clear_handlers   0040d340 f   pjlib-i386-win32-vc14-release:errno.obj
 0001:0000c360       _pj_perror_3               0040d360 f   pjlib-i386-win32-vc14-release:errno.obj
 0001:0000c380       _pj_perror_4               0040d380 f   pjlib-i386-win32-vc14-release:errno.obj
 0001:0000c3a0       _pj_perror_5               0040d3a0 f   pjlib-i386-win32-vc14-release:errno.obj
 0001:0000c590       _pj_register_strerror      0040d590 f   pjlib-i386-win32-vc14-release:errno.obj
 0001:0000c660       _pj_strerror               0040d660 f   pjlib-i386-win32-vc14-release:errno.obj
 0001:0000c7a0       _pj_get_timestamp          0040d7a0 f   pjlib-i386-win32-vc14-release:os_timestamp_win32.obj
 0001:0000c800       _pj_get_timestamp_freq     0040d800 f   pjlib-i386-win32-vc14-release:os_timestamp_win32.obj
 0001:0000c860       _pj_elapsed_msec           0040d860 f   pjlib-i386-win32-vc14-release:os_timestamp_common.obj
 0001:0000c8e0       _pj_gettickcount           0040d8e0 f   pjlib-i386-win32-vc14-release:os_timestamp_common.obj
 0001:0000c9f0       _pj_log                    0040d9f0 f   pjlib-i386-win32-vc14-release:log.obj
 0001:0000cef0       _pj_log_1                  0040def0 f   pjlib-i386-win32-vc14-release:log.obj
 0001:0000cf10       _pj_log_2                  0040df10 f   pjlib-i386-win32-vc14-release:log.obj
 0001:0000cf30       _pj_log_3                  0040df30 f   pjlib-i386-win32-vc14-release:log.obj
 0001:0000cf50       _pj_log_4                  0040df50 f   pjlib-i386-win32-vc14-release:log.obj
 0001:0000cf70       _pj_log_5                  0040df70 f   pjlib-i386-win32-vc14-release:log.obj
 0001:0000cf90       _pj_log_get_color          0040df90 f   pjlib-i386-win32-vc14-release:log.obj
 0001:0000d000       _pj_log_get_decor          0040e000 f   pjlib-i386-win32-vc14-release:log.obj
 0001:0000d010       _pj_log_get_level          0040e010 f   pjlib-i386-win32-vc14-release:log.obj
 0001:0000d020       _pj_log_init               0040e020 f   pjlib-i386-win32-vc14-release:log.obj
 0001:0000d150       _pj_str                    0040e150 f   pjlib-i386-win32-vc14-release:string.obj
 0001:0000d170       _pj_strcmp                 0040e170 f   pjlib-i386-win32-vc14-release:string.obj
 0001:0000d220       _pj_strdup                 0040e220 f   pjlib-i386-win32-vc14-release:string.obj
 0001:0000d260       _pj_strdup2                0040e260 f   pjlib-i386-win32-vc14-release:string.obj
 0001:0000d2c0       _pj_strdup_with_null       0040e2c0 f   pjlib-i386-win32-vc14-release:string.obj
 0001:0000d310       _pj_stricmp                0040e310 f   pjlib-i386-win32-vc14-release:string.obj
 0001:0000d370       _pj_stricmp2               0040e370 f   pjlib-i386-win32-vc14-release:string.obj
 0001:0000d3e0       _pj_strncpy_with_null      0040e3e0 f   pjlib-i386-win32-vc14-release:string.obj
 0001:0000d420       _pj_strtok                 0040e420 f   pjlib-i386-win32-vc14-release:string.obj
 0001:0000d510       _pj_strtok2                0040e510 f   pjlib-i386-win32-vc14-release:string.obj
 0001:0000d5f0       _pj_strtoul                0040e5f0 f   pjlib-i386-win32-vc14-release:string.obj
 0001:0000d650       _pj_strtoul2               0040e650 f   pjlib-i386-win32-vc14-release:string.obj
 0001:0000d700       _pj_utoa                   0040e700 f   pjlib-i386-win32-vc14-release:string.obj
 0001:0000d780       _pj_utoa_pad               0040e780 f   pjlib-i386-win32-vc14-release:string.obj
 0001:0000d820       _pj_get_netos_error        0040e820 f   pjlib-i386-win32-vc14-release:os_error_win32.obj
 0001:0000d840       _pj_get_os_error           0040e840 f   pjlib-i386-win32-vc14-release:os_error_win32.obj
 0001:0000d860       _platform_strerror         0040e860 f   pjlib-i386-win32-vc14-release:os_error_win32.obj
 0001:0000d940       _pj_list_erase             0040e940 f   pjlib-i386-win32-vc14-release:list.obj
 0001:0000d960       _pj_list_insert_after      0040e960 f   pjlib-i386-win32-vc14-release:list.obj
 0001:0000d980       _pj_list_insert_before     0040e980 f   pjlib-i386-win32-vc14-release:list.obj
 0001:0000d9a0       _pj_sockaddr_cmp           0040e9a0 f   pjlib-i386-win32-vc14-release:sock_common.obj
 0001:0000db20       _pj_sockaddr_has_addr      0040eb20 f   pjlib-i386-win32-vc14-release:sock_common.obj
 0001:0000dbd0       _pj_gettimeofday           0040ebd0 f   pjlib-i386-win32-vc14-release:os_time_win32.obj
 0001:0000dc80       _pj_time_decode            0040ec80 f   pjlib-i386-win32-vc14-release:os_time_win32.obj
 0001:0000ddf0       _ioqueue_dispatch_read_event 0040edf0 f   pjlib-i386-win32-vc14-release:ioqueue_select.obj
 0001:0000e000       _ioqueue_dispatch_write_event 0040f000 f   pjlib-i386-win32-vc14-release:ioqueue_select.obj
 0001:0000e290       _pj_ioqueue_create         0040f290 f   pjlib-i386-win32-vc14-release:ioqueue_select.obj
 0001:0000e460       _pj_ioqueue_destroy        0040f460 f   pjlib-i386-win32-vc14-release:ioqueue_select.obj
 0001:0000e520       _pj_ioqueue_poll           0040f520 f   pjlib-i386-win32-vc14-release:ioqueue_select.obj
 0001:0000ea00       _pj_ioqueue_unlock_key     0040fa00 f   pjlib-i386-win32-vc14-release:ioqueue_select.obj
 0001:0000eab0       _pj_ntohl                  0040fab0 f   pjlib-i386-win32-vc14-release:sock_bsd.obj
 0001:0000eac0       _pj_ntohs                  0040fac0 f   pjlib-i386-win32-vc14-release:sock_bsd.obj
 0001:0000ead0       _pj_sock_accept            0040fad0 f   pjlib-i386-win32-vc14-release:sock_bsd.obj
 0001:0000eb40       _pj_sock_getsockname       0040fb40 f   pjlib-i386-win32-vc14-release:sock_bsd.obj
 0001:0000eba0       _pj_sock_getsockopt        0040fba0 f   pjlib-i386-win32-vc14-release:sock_bsd.obj
 0001:0000ec10       _pj_sock_recv              0040fc10 f   pjlib-i386-win32-vc14-release:sock_bsd.obj
 0001:0000ec80       _pj_sock_recvfrom          0040fc80 f   pjlib-i386-win32-vc14-release:sock_bsd.obj
 0001:0000ecf0       _pj_sock_send              0040fcf0 f   pjlib-i386-win32-vc14-release:sock_bsd.obj
 0001:0000ed60       _pj_sock_sendto            0040fd60 f   pjlib-i386-win32-vc14-release:sock_bsd.obj
 0001:0000ee20       _pj_file_exists            0040fe20 f   pjlib-i386-win32-vc14-release:file_access_win32.obj
 0001:0000ee60       _pj_file_size              0040fe60 f   pjlib-i386-win32-vc14-release:file_access_win32.obj
 0001:0000eec0       _pj_file_close             0040fec0 f   pjlib-i386-win32-vc14-release:file_io_win32.obj
 0001:0000ef00       _pj_file_getpos            0040ff00 f   pjlib-i386-win32-vc14-release:file_io_win32.obj
 0001:0000ef90       _pj_file_open              0040ff90 f   pjlib-i386-win32-vc14-release:file_io_win32.obj
 0001:0000f0d0       _pj_file_read              004100d0 f   pjlib-i386-win32-vc14-release:file_io_win32.obj
 0001:0000f130       _pj_file_setpos            00410130 f   pjlib-i386-win32-vc14-release:file_io_win32.obj
 0001:0000f1c0       _pj_file_write             004101c0 f   pjlib-i386-win32-vc14-release:file_io_win32.obj
 0001:0000f220       _pj_array_erase            00410220 f   pjlib-i386-win32-vc14-release:array.obj
 0001:0000f4a0       _pj_grp_lock_add_ref       004104a0 f   pjlib-i386-win32-vc14-release:lock.obj
 0001:0000f4c0       _pj_grp_lock_dec_ref       004104c0 f   pjlib-i386-win32-vc14-release:lock.obj
 0001:0000f4f0       _pj_grp_lock_release       004104f0 f   pjlib-i386-win32-vc14-release:lock.obj
 0001:0000f500       _pj_grp_lock_tryacquire    00410500 f   pjlib-i386-win32-vc14-release:lock.obj
 0001:0000f510       _pj_lock_acquire           00410510 f   pjlib-i386-win32-vc14-release:lock.obj
 0001:0000f530       _pj_lock_create_null_mutex 00410530 f   pjlib-i386-win32-vc14-release:lock.obj
 0001:0000f550       _pj_lock_create_recursive_mutex 00410550 f   pjlib-i386-win32-vc14-release:lock.obj
 0001:0000f570       _pj_lock_create_simple_mutex 00410570 f   pjlib-i386-win32-vc14-release:lock.obj
 0001:0000f590       _pj_lock_destroy           00410590 f   pjlib-i386-win32-vc14-release:lock.obj
 0001:0000f5b0       _pj_lock_release           004105b0 f   pjlib-i386-win32-vc14-release:lock.obj
 0001:0000f5d0       _pj_lock_tryacquire        004105d0 f   pjlib-i386-win32-vc14-release:lock.obj
 0001:0000f5f0       _pj_exception_id_alloc     004105f0 f   pjlib-i386-win32-vc14-release:except.obj
 0001:0000f640       _pj_exception_id_free      00410640 f   pjlib-i386-win32-vc14-release:except.obj
 0001:0000f680       _pj_pop_exception_handler_ 00410680 f   pjlib-i386-win32-vc14-release:except.obj
 0001:0000f6b0       _pj_throw_exception_       004106b0 f   pjlib-i386-win32-vc14-release:except.obj
 0001:0000f730       _pj_rand                   00410730 f   pjlib-i386-win32-vc14-release:rand.obj
 0001:0000f760       _pj_generate_unique_string 00410760 f   pjlib-i386-win32-vc14-release:guid_win32.obj
 0001:0000f810       _pj_pool_create_on_buf     00410810 f   pjlib-i386-win32-vc14-release:pool_buf.obj
 0001:0000f920       _pj_log_write              00410920 f   pjlib-i386-win32-vc14-release:log_writer_stdout.obj
 0001:0000f980       _printf                    00410980 f i pjlib-i386-win32-vc14-release:log_writer_stdout.obj
 0001:0000f9b0       _pj_time_val_normalize     004109b0 f   pjlib-i386-win32-vc14-release:types.obj
 0001:0000fa40       _PJ_FD_CLR                 00410a40 f   pjlib-i386-win32-vc14-release:sock_select.obj
 0001:0000fac0       _PJ_FD_COUNT               00410ac0 f   pjlib-i386-win32-vc14-release:sock_select.obj
 0001:0000fac0       _srtp_rdb_get_value        00410ac0 f   libsrtp-i386-win32-vc14-release:rdb.obj
 0001:0000fad0       _PJ_FD_ISSET               00410ad0 f   pjlib-i386-win32-vc14-release:sock_select.obj
 0001:0000fb00       _PJ_FD_ZERO                00410b00 f   pjlib-i386-win32-vc14-release:sock_select.obj
 0001:0000fb30       _pj_sock_select            00410b30 f   pjlib-i386-win32-vc14-release:sock_select.obj
 0001:0000ff70       _speex_echo_cancellation   00410f70 f   libspeex-i386-win32-vc14-release:mdf.obj
 0001:000113f0       _speex_echo_capture        004123f0 f   libspeex-i386-win32-vc14-release:mdf.obj
 0001:000114e0       _speex_echo_ctl            004124e0 f   libspeex-i386-win32-vc14-release:mdf.obj
 0001:000115c0       _speex_echo_get_residual   004125c0 f   libspeex-i386-win32-vc14-release:mdf.obj
 0001:00011850       _speex_echo_playback       00412850 f   libspeex-i386-win32-vc14-release:mdf.obj
 0001:00011950       _speex_echo_state_destroy  00412950 f   libspeex-i386-win32-vc14-release:mdf.obj
 0001:00011a00       _speex_echo_state_init     00412a00 f   libspeex-i386-win32-vc14-release:mdf.obj
 0001:00011f40       _speex_echo_state_reset    00412f40 f   libspeex-i386-win32-vc14-release:mdf.obj
 0001:00012e60       _speex_preprocess_ctl      00413e60 f   libspeex-i386-win32-vc14-release:preprocess.obj
 0001:000134f0       _speex_preprocess_run      004144f0 f   libspeex-i386-win32-vc14-release:preprocess.obj
 0001:00014e20       _speex_preprocess_state_destroy 00415e20 f   libspeex-i386-win32-vc14-release:preprocess.obj
 0001:00014ee0       _speex_preprocess_state_init 00415ee0 f   libspeex-i386-win32-vc14-release:preprocess.obj
 0001:00015cb0       _spx_fft                   00416cb0 f   libspeex-i386-win32-vc14-release:fftwrap.obj
 0001:00015d70       _spx_fft_destroy           00416d70 f   libspeex-i386-win32-vc14-release:fftwrap.obj
 0001:00015d90       _spx_fft_init              00416d90 f   libspeex-i386-win32-vc14-release:fftwrap.obj
 0001:00015dc0       _spx_ifft                  00416dc0 f   libspeex-i386-win32-vc14-release:fftwrap.obj
 0001:00015e30       _filterbank_compute_bank32 00416e30 f   libspeex-i386-win32-vc14-release:filterbank.obj
 0001:00015eb0       _filterbank_compute_psd16  00416eb0 f   libspeex-i386-win32-vc14-release:filterbank.obj
 0001:00015f00       _filterbank_destroy        00416f00 f   libspeex-i386-win32-vc14-release:filterbank.obj
 0001:00015f30       _filterbank_new            00416f30 f   libspeex-i386-win32-vc14-release:filterbank.obj
 0001:000194c0       _spx_drft_backward         0041a4c0 f   libspeex-i386-win32-vc14-release:smallft.obj
 0001:000194f0       _spx_drft_clear            0041a4f0 f   libspeex-i386-win32-vc14-release:smallft.obj
 0001:00019530       _spx_drft_forward          0041a530 f   libspeex-i386-win32-vc14-release:smallft.obj
 0001:00019560       _spx_drft_init             0041a560 f   libspeex-i386-win32-vc14-release:smallft.obj
 0001:000195b0       _srtp_event_reporter       0041a5b0 f   libsrtp-i386-win32-vc14-release:srtp.obj
 0001:00019650       ___local_stdio_scanf_options 0041a650 f i libsrtp-i386-win32-vc14-release:srtp.obj
 0001:000196e0       _srtp_add_stream           0041a6e0 f   libsrtp-i386-win32-vc14-release:srtp.obj
 0001:00019990       _srtp_create               0041a990 f   libsrtp-i386-win32-vc14-release:srtp.obj
 0001:00019a10       _srtp_crypto_policy_set_aes_cm_256_hmac_sha1_32 0041aa10 f   libsrtp-i386-win32-vc14-release:srtp.obj
 0001:00019a50       _srtp_crypto_policy_set_aes_cm_256_hmac_sha1_80 0041aa50 f   libsrtp-i386-win32-vc14-release:srtp.obj
 0001:00019a90       _srtp_dealloc              0041aa90 f   libsrtp-i386-win32-vc14-release:srtp.obj
 0001:00019d70       _srtp_get_session_keys     0041ad70 f   libsrtp-i386-win32-vc14-release:srtp.obj
 0001:00019e80       _srtp_inject_mki           0041ae80 f   libsrtp-i386-win32-vc14-release:srtp.obj
 0001:0001a1d0       _srtp_protect              0041b1d0 f   libsrtp-i386-win32-vc14-release:srtp.obj
 0001:0001a500       _srtp_protect_mki          0041b500 f   libsrtp-i386-win32-vc14-release:srtp.obj
 0001:0001aab0       _srtp_protect_rtcp         0041bab0 f   libsrtp-i386-win32-vc14-release:srtp.obj
 0001:0001ace0       _srtp_protect_rtcp_mki     0041bce0 f   libsrtp-i386-win32-vc14-release:srtp.obj
 0001:0001b090       _srtp_stream_alloc         0041c090 f   libsrtp-i386-win32-vc14-release:srtp.obj
 0001:0001b320       _srtp_stream_clone         0041c320 f   libsrtp-i386-win32-vc14-release:srtp.obj
 0001:0001b540       _srtp_stream_dealloc       0041c540 f   libsrtp-i386-win32-vc14-release:srtp.obj
 0001:0001b7c0       _srtp_stream_init          0041c7c0 f   libsrtp-i386-win32-vc14-release:srtp.obj
 0001:0001b940       _srtp_stream_init_keys     0041c940 f   libsrtp-i386-win32-vc14-release:srtp.obj
 0001:0001c160       _srtp_unprotect            0041d160 f   libsrtp-i386-win32-vc14-release:srtp.obj
 0001:0001c480       _srtp_unprotect_mki        0041d480 f   libsrtp-i386-win32-vc14-release:srtp.obj
 0001:0001cad0       _srtp_unprotect_rtcp       0041dad0 f   libsrtp-i386-win32-vc14-release:srtp.obj
 0001:0001cd50       _srtp_unprotect_rtcp_mki   0041dd50 f   libsrtp-i386-win32-vc14-release:srtp.obj
 0001:0001d240       _srtp_validate_policy_master_keys 0041e240 f   libsrtp-i386-win32-vc14-release:srtp.obj
 0001:0001d2f0       _srtp_crypto_alloc         0041e2f0 f   libsrtp-i386-win32-vc14-release:alloc.obj
 0001:0001d350       _srtp_crypto_free          0041e350 f   libsrtp-i386-win32-vc14-release:alloc.obj
 0001:0001d380       _bitvector_alloc           0041e380 f   libsrtp-i386-win32-vc14-release:datatypes.obj
 0001:0001d3e0       _bitvector_dealloc         0041e3e0 f   libsrtp-i386-win32-vc14-release:datatypes.obj
 0001:0001d410       _bitvector_left_shift      0041e410 f   libsrtp-i386-win32-vc14-release:datatypes.obj
 0001:0001d570       _bitvector_set_to_zero     0041e570 f   libsrtp-i386-win32-vc14-release:datatypes.obj
 0001:0001d590       _octet_string_is_eq        0041e590 f   libsrtp-i386-win32-vc14-release:datatypes.obj
 0001:0001d660       _octet_string_set_to_zero  0041e660 f   libsrtp-i386-win32-vc14-release:datatypes.obj
 0001:0001d680       _srtp_octet_string_hex_string 0041e680 f   libsrtp-i386-win32-vc14-release:datatypes.obj
 0001:0001d720       _v128_copy_octet_string    0041e720 f   libsrtp-i386-win32-vc14-release:datatypes.obj
 0001:0001d7a0       _v128_hex_string           0041e7a0 f   libsrtp-i386-win32-vc14-release:datatypes.obj
 0001:0001d830       _v128_left_shift           0041e830 f   libsrtp-i386-win32-vc14-release:datatypes.obj
 0001:0001d910       _srtp_err_report           0041e910 f   libsrtp-i386-win32-vc14-release:srtp_err.obj
 0001:0001d940       _srtp_rdbx_add_index       0041e940 f   libsrtp-i386-win32-vc14-release:rdbx.obj
 0001:0001d990       _srtp_rdbx_check           0041e990 f   libsrtp-i386-win32-vc14-release:rdbx.obj
 0001:0001d9d0       _srtp_rdbx_dealloc         0041e9d0 f   libsrtp-i386-win32-vc14-release:rdbx.obj
 0001:0001d9f0       _srtp_rdbx_estimate_index  0041e9f0 f   libsrtp-i386-win32-vc14-release:rdbx.obj
 0001:0001daa0       _srtp_rdbx_get_packet_index 0041eaa0 f   libsrtp-i386-win32-vc14-release:rdbx.obj
 0001:0001dab0       _srtp_cipher_get_key_length 0041eab0 f   libsrtp-i386-win32-vc14-release:cipher.obj
 0001:0001dab0       _srtp_rdbx_get_window_size 0041eab0 f   libsrtp-i386-win32-vc14-release:rdbx.obj
 0001:0001dab0       _srtp_auth_get_tag_length  0041eab0 f   libsrtp-i386-win32-vc14-release:auth.obj
 0001:0001dac0       _srtp_rdbx_init            0041eac0 f   libsrtp-i386-win32-vc14-release:rdbx.obj
 0001:0001db00       _srtp_rdbx_set_roc         0041eb00 f   libsrtp-i386-win32-vc14-release:rdbx.obj
 0001:0001db60       _srtp_rdbx_set_roc_seq     0041eb60 f   libsrtp-i386-win32-vc14-release:rdbx.obj
 0001:0001dbc0       _srtp_rdb_add_index        0041ebc0 f   libsrtp-i386-win32-vc14-release:rdb.obj
 0001:0001dc10       _srtp_rdb_check            0041ec10 f   libsrtp-i386-win32-vc14-release:rdb.obj
 0001:0001dc60       _srtp_rdb_increment        0041ec60 f   libsrtp-i386-win32-vc14-release:rdb.obj
 0001:0001dc80       _srtp_rdb_init             0041ec80 f   libsrtp-i386-win32-vc14-release:rdb.obj
 0001:0001dcb0       _srtp_cipher_dealloc       0041ecb0 f   libsrtp-i386-win32-vc14-release:cipher.obj
 0001:0001dcd0       _srtp_cipher_decrypt       0041ecd0 f   libsrtp-i386-win32-vc14-release:cipher.obj
 0001:0001dd00       _srtp_cipher_encrypt       0041ed00 f   libsrtp-i386-win32-vc14-release:cipher.obj
 0001:0001dd30       _srtp_cipher_get_tag       0041ed30 f   libsrtp-i386-win32-vc14-release:cipher.obj
 0001:0001dd70       _srtp_cipher_init          0041ed70 f   libsrtp-i386-win32-vc14-release:cipher.obj
 0001:0001dda0       _srtp_cipher_output        0041eda0 f   libsrtp-i386-win32-vc14-release:cipher.obj
 0001:0001ddd0       _srtp_cipher_set_aad       0041edd0 f   libsrtp-i386-win32-vc14-release:cipher.obj
 0001:0001de10       _srtp_cipher_set_iv        0041ee10 f   libsrtp-i386-win32-vc14-release:cipher.obj
 0001:0001de40       _srtp_auth_get_key_length  0041ee40 f   libsrtp-i386-win32-vc14-release:auth.obj
 0001:0001de50       _srtp_auth_get_prefix_length 0041ee50 f   libsrtp-i386-win32-vc14-release:auth.obj
 0001:0001de60       _srtp_key_limit_clone      0041ee60 f   libsrtp-i386-win32-vc14-release:key.obj
 0001:0001de80       _srtp_key_limit_set        0041ee80 f   libsrtp-i386-win32-vc14-release:key.obj
 0001:0001dec0       _srtp_key_limit_update     0041eec0 f   libsrtp-i386-win32-vc14-release:key.obj
 0001:0001df20       _srtp_crypto_kernel_alloc_auth 0041ef20 f   libsrtp-i386-win32-vc14-release:crypto_kernel.obj
 0001:0001df70       _srtp_crypto_kernel_alloc_cipher 0041ef70 f   libsrtp-i386-win32-vc14-release:crypto_kernel.obj
 0001:0001dfc0       _srtp_ekt_alloc            0041efc0 f   libsrtp-i386-win32-vc14-release:ekt.obj
 0001:0001dfd0       _srtp_ekt_octets_after_base_tag 0041efd0 f   libsrtp-i386-win32-vc14-release:ekt.obj
 0001:0001e000       _srtp_ekt_write_data       0041f000 f   libsrtp-i386-win32-vc14-release:ekt.obj
 0001:0001e150       _srtp_stream_init_from_ekt 0041f150 f   libsrtp-i386-win32-vc14-release:ekt.obj
 0001:0001f620       _srtp_aes_decrypt          00420620 f   libsrtp-i386-win32-vc14-release:aes.obj
 0001:0001f750       _srtp_aes_encrypt          00420750 f   libsrtp-i386-win32-vc14-release:aes.obj
 0001:0001f880       _srtp_aes_expand_decryption_key 00420880 f   libsrtp-i386-win32-vc14-release:aes.obj
 0001:0001fb80       _srtp_aes_expand_encryption_key 00420b80 f   libsrtp-i386-win32-vc14-release:aes.obj
 0001:0001fcc0       _srtp_sha1_core            00420cc0 f   libsrtp-i386-win32-vc14-release:sha1.obj
 0001:00020210       _srtp_sha1_final           00421210 f   libsrtp-i386-win32-vc14-release:sha1.obj
 0001:00020850       _srtp_sha1_init            00421850 f   libsrtp-i386-win32-vc14-release:sha1.obj
 0001:00020890       _srtp_sha1_update          00421890 f   libsrtp-i386-win32-vc14-release:sha1.obj
 0001:00020965       ___WSAFDIsSet@8            00421965 f   ws2_32:WS2_32.dll
 0001:0002096b       @__security_check_cookie@4 0042196b f   MSVCRT:secchk.obj
 0001:00020980       __aulldiv                  00421980 f   MSVCRT:ulldiv.obj
 0001:00020c2f       _mainCRTStartup            00421c2f f   MSVCRT:exe_main.obj
 0001:00020c40       __alldiv                   00421c40 f   MSVCRT:lldiv.obj
 0001:00020cf0       ___vdecl_cos2              00421cf0 f   MSVCRT:svml_dcos2_dispatch.obj
 0001:00020cf5       ___raise_securityfailure   00421cf5 f   MSVCRT:gs_report.obj
 0001:00020d1d       ___report_gsfailure        00421d1d f   MSVCRT:gs_report.obj
 0001:00020e16       ___report_rangecheckfailure 00421e16 f   MSVCRT:gs_report.obj
 0001:00020e22       ___report_securityfailure  00421e22 f   MSVCRT:gs_report.obj
 0001:00020ef0       __ftoui3                   00421ef0 f   MSVCRT:ftol3.obj
 0001:00020eff       __ftoul3                   00421eff f   MSVCRT:ftol3.obj
 0001:00020f0e       __ftol3                    00421f0e f   MSVCRT:ftol3.obj
 0001:00020f1b       __ftol3_NaN                00421f1b f   MSVCRT:ftol3.obj
 0001:00020f33       __ftol3_work               00421f33 f   MSVCRT:ftol3.obj
 0001:00020fb9       __ftol3_common             00421fb9 f   MSVCRT:ftol3.obj
 0001:0002107b       __ftol3_arg_error          0042207b f   MSVCRT:ftol3.obj
 0001:0002108d       __ftol3_except             0042208d f   MSVCRT:ftol3.obj
 0001:000210d1       __dtoui3                   004220d1 f   MSVCRT:ftol3.obj
 0001:000210e0       __dtoul3                   004220e0 f   MSVCRT:ftol3.obj
 0001:000210ef       __dtol3                    004220ef f   MSVCRT:ftol3.obj
 0001:000210fc       __dtol3_NaN                004220fc f   MSVCRT:ftol3.obj
 0001:00021119       __dtol3_work               00422119 f   MSVCRT:ftol3.obj
 0001:00021200       __ultod3                   00422200 f   MSVCRT:ftol3.obj
 0001:00021240       __ltod3                    00422240 f   MSVCRT:ftol3.obj
 0001:00021270       __allmul                   00422270 f   MSVCRT:llmul.obj
 0001:000212b0       __ftol2_sse                004222b0 f   MSVCRT:ftol2.obj
 0001:000212b9       __ftol2_pentium4           004222b9 f   MSVCRT:ftol2.obj
 0001:000212cc       __ftol2_sse_excpt          004222cc f   MSVCRT:ftol2.obj
 0001:000212f0       __ftol2                    004222f0 f   MSVCRT:ftol2.obj
 0001:000213a9       ___scrt_acquire_startup_lock 004223a9 f   MSVCRT:utility.obj
 0001:000213db       ___scrt_initialize_crt     004223db f   MSVCRT:utility.obj
 0001:00021414       ___scrt_initialize_onexit_tables 00422414 f   MSVCRT:utility.obj
 0001:000214b9       ___scrt_is_nonwritable_in_current_image 004224b9 f   MSVCRT:utility.obj
 0001:0002154d       ___scrt_release_startup_lock 0042254d f   MSVCRT:utility.obj
 0001:0002156a       ___scrt_uninitialize_crt   0042256a f   MSVCRT:utility.obj
 0001:00021592       __onexit                   00422592 f   MSVCRT:utility.obj
 0001:000215cd       _atexit                    004225cd f   MSVCRT:utility.obj
 0001:0002162f       ___security_init_cookie    0042262f f   MSVCRT:gs_support.obj
 0001:0002167a       __get_startup_argv_mode    0042267a f   MSVCRT:argv_mode.obj
 0001:0002167e       __get_startup_file_mode    0042267e f   MSVCRT:file_mode.obj
 0001:00021684       ?__scrt_initialize_type_info@@YAXXZ 00422684 f   MSVCRT:tncleanup.obj
 0001:00021690       ___acrt_initialize         00422690 f   MSVCRT:ucrt_stubs.obj
 0001:00021690       ___vcrt_initialize         00422690 f   MSVCRT:ucrt_stubs.obj
 0001:00021690       __should_initialize_environment 00422690 f   MSVCRT:env_mode.obj
 0001:00021690       ___acrt_uninitialize       00422690 f   MSVCRT:ucrt_stubs.obj
 0001:00021690       ___scrt_stub_for_acrt_initialize 00422690 f   MSVCRT:ucrt_stubs.obj
 0001:00021690       ___vcrt_uninitialize       00422690 f   MSVCRT:ucrt_stubs.obj
 0001:00021690       ___scrt_stub_for_acrt_uninitialize 00422690 f   MSVCRT:ucrt_stubs.obj
 0001:00021693       __initialize_default_precision 00422693 f   MSVCRT:default_precision.obj
 0001:000216b4       ___scrt_initialize_default_local_stdio_options 004226b4 f   MSVCRT:default_local_stdio_options.obj
 0001:000216d1       ___scrt_is_user_matherr_present 004226d1 f   MSVCRT:matherr_detection.obj
 0001:000216dd       ___scrt_get_dyn_tls_init_callback 004226dd f   MSVCRT:dyn_tls_init.obj
 0001:000216e3       ___scrt_get_dyn_tls_dtor_callback 004226e3 f   MSVCRT:dyn_tls_dtor.obj
 0001:000216e9       ___scrt_fastfail           004226e9 f   MSVCRT:utility_desktop.obj
 0001:00021803       ___scrt_initialize_mta     00422803 f   MSVCRT:utility_desktop.obj
 0001:00021808       ___scrt_is_managed_app     00422808 f   MSVCRT:utility_desktop.obj
 0001:0002184b       ___scrt_set_unhandled_exception_filter 0042284b f   MSVCRT:utility_desktop.obj
 0001:00021857       ___scrt_unhandled_exception_filter@4 00422857 f   MSVCRT:utility_desktop.obj
 0001:00021898       __crt_debugger_hook        00422898 f   MSVCRT:utility_desktop.obj
 0001:000218a0       __RTC_Initialize           004228a0 f   MSVCRT:initsect.obj
 0001:000218cc       __RTC_Terminate            004228cc f   MSVCRT:initsect.obj
 0001:00021900       __SEH_prolog4              00422900 f   MSVCRT:sehprolg4.obj
 0001:00021946       __SEH_epilog4              00422946 f   MSVCRT:sehprolg4.obj
 0001:0002195b       __except_handler4          0042295b f   MSVCRT:chandler4gs.obj
 0001:00021980       ___sse2_cos2               00422980 f   MSVCRT:svml_dcos2_sse2.obj
 0001:00021b20       ___isa_available_init      00422b20 f   MSVCRT:cpu_disp.obj
 0001:00021cb7       ___scrt_is_ucrt_dll_in_use 00422cb7 f   MSVCRT:ucrt_detection.obj
 0001:00021cd0       ___common_sin_reduction_LA 00422cd0 f   MSVCRT:svml_dtrig.obj
 0001:00022020       ___common_cos_reduction_LA 00423020 f   MSVCRT:svml_dtrig.obj
 0001:00022310       ___common_pi04_reduction_LA 00423310 f   MSVCRT:svml_dtrig.obj
 0001:00022620       _IsProcessorFeaturePresent@4 00423620 f   kernel32:KERNEL32.dll
 0001:00022626       _memcpy                    00423626 f   vcruntime:VCRUNTIME140.dll
 0001:0002262c       _memset                    0042362c f   vcruntime:VCRUNTIME140.dll
 0001:00022632       _memmove                   00423632 f   vcruntime:VCRUNTIME140.dll
 0001:00022638       _strchr                    00423638 f   vcruntime:VCRUNTIME140.dll
 0001:0002263e       _longjmp                   0042363e f   vcruntime:VCRUNTIME140.dll
 0001:00022644       __except_handler4_common   00423644 f   vcruntime:VCRUNTIME140.dll
 0001:0002264a       __libm_sse2_cos_precise    0042364a f   ucrt:api-ms-win-crt-math-l1-1-0.dll
 0001:00022650       __CIfmod                   00423650 f   ucrt:api-ms-win-crt-math-l1-1-0.dll
 0001:00022656       __libm_sse2_exp_precise    00423656 f   ucrt:api-ms-win-crt-math-l1-1-0.dll
 0001:0002265c       __libm_sse2_sqrt_precise   0042365c f   ucrt:api-ms-win-crt-math-l1-1-0.dll
 0001:00022662       __libm_sse2_log_precise    00423662 f   ucrt:api-ms-win-crt-math-l1-1-0.dll
 0001:00022668       __libm_sse2_pow_precise    00423668 f   ucrt:api-ms-win-crt-math-l1-1-0.dll
 0001:0002266e       _floor                     0042366e f   ucrt:api-ms-win-crt-math-l1-1-0.dll
 0001:00022674       __libm_sse2_atan_precise   00423674 f   ucrt:api-ms-win-crt-math-l1-1-0.dll
 0001:0002267a       __libm_sse2_sin_precise    0042367a f   ucrt:api-ms-win-crt-math-l1-1-0.dll
 0001:00022680       _exit                      00423680 f   ucrt:api-ms-win-crt-runtime-l1-1-0.dll
 0001:00022686       __seh_filter_exe           00423686 f   ucrt:api-ms-win-crt-runtime-l1-1-0.dll
 0001:0002268c       __set_app_type             0042368c f   ucrt:api-ms-win-crt-runtime-l1-1-0.dll
 0001:00022692       ___setusermatherr          00423692 f   ucrt:api-ms-win-crt-math-l1-1-0.dll
 0001:00022698       __configure_narrow_argv    00423698 f   ucrt:api-ms-win-crt-runtime-l1-1-0.dll
 0001:0002269e       __initialize_narrow_environment 0042369e f   ucrt:api-ms-win-crt-runtime-l1-1-0.dll
 0001:000226a4       __get_initial_narrow_environment 004236a4 f   ucrt:api-ms-win-crt-runtime-l1-1-0.dll
 0001:000226aa       __initterm                 004236aa f   ucrt:api-ms-win-crt-runtime-l1-1-0.dll
 0001:000226b0       __initterm_e               004236b0 f   ucrt:api-ms-win-crt-runtime-l1-1-0.dll
 0001:000226b6       __exit                     004236b6 f   ucrt:api-ms-win-crt-runtime-l1-1-0.dll
 0001:000226bc       __set_fmode                004236bc f   ucrt:api-ms-win-crt-stdio-l1-1-0.dll
 0001:000226c2       ___p___argc                004236c2 f   ucrt:api-ms-win-crt-runtime-l1-1-0.dll
 0001:000226c8       ___p___argv                004236c8 f   ucrt:api-ms-win-crt-runtime-l1-1-0.dll
 0001:000226ce       __cexit                    004236ce f   ucrt:api-ms-win-crt-runtime-l1-1-0.dll
 0001:000226d4       __c_exit                   004236d4 f   ucrt:api-ms-win-crt-runtime-l1-1-0.dll
 0001:000226da       __register_thread_local_exe_atexit_callback 004236da f   ucrt:api-ms-win-crt-runtime-l1-1-0.dll
 0001:000226e0       __configthreadlocale       004236e0 f   ucrt:api-ms-win-crt-locale-l1-1-0.dll
 0001:000226e6       __set_new_mode             004236e6 f   ucrt:api-ms-win-crt-heap-l1-1-0.dll
 0001:000226ec       ___p__commode              004236ec f   ucrt:api-ms-win-crt-stdio-l1-1-0.dll
 0001:000226f2       __except1                  004236f2 f   ucrt:api-ms-win-crt-math-l1-1-0.dll
 0001:000226f8       __initialize_onexit_table  004236f8 f   ucrt:api-ms-win-crt-runtime-l1-1-0.dll
 0001:000226fe       __register_onexit_function 004236fe f   ucrt:api-ms-win-crt-runtime-l1-1-0.dll
 0001:00022704       __crt_atexit               00423704 f   ucrt:api-ms-win-crt-runtime-l1-1-0.dll
 0001:0002270a       __controlfp_s              0042370a f   ucrt:api-ms-win-crt-runtime-l1-1-0.dll
 0001:00022710       _terminate                 00423710 f   ucrt:api-ms-win-crt-runtime-l1-1-0.dll
 0002:00000000       __imp__GetModuleHandleW@4  00424000     kernel32:KERNEL32.dll
 0002:00000004       __imp__IsDebuggerPresent@0 00424004     kernel32:KERNEL32.dll
 0002:00000008       __imp__InitializeSListHead@4 00424008     kernel32:KERNEL32.dll
 0002:0000000c       __imp__GetSystemTimeAsFileTime@4 0042400c     kernel32:KERNEL32.dll
 0002:00000010       __imp__IsProcessorFeaturePresent@4 00424010     kernel32:KERNEL32.dll
 0002:00000014       __imp__TerminateProcess@8  00424014     kernel32:KERNEL32.dll
 0002:00000018       __imp__GetCurrentProcess@0 00424018     kernel32:KERNEL32.dll
 0002:0000001c       __imp__SetUnhandledExceptionFilter@4 0042401c     kernel32:KERNEL32.dll
 0002:00000020       __imp__UnhandledExceptionFilter@4 00424020     kernel32:KERNEL32.dll
 0002:00000024       __imp__WriteFile@20        00424024     kernel32:KERNEL32.dll
 0002:00000028       __imp__SetFilePointer@16   00424028     kernel32:KERNEL32.dll
 0002:0000002c       __imp__ReadFile@20         0042402c     kernel32:KERNEL32.dll
 0002:00000030       __imp__GetFileSize@8       00424030     kernel32:KERNEL32.dll
 0002:00000034       __imp__CreateFileA@28      00424034     kernel32:KERNEL32.dll
 0002:00000038       __imp__SystemTimeToFileTime@8 00424038     kernel32:KERNEL32.dll
 0002:0000003c       __imp__FileTimeToSystemTime@8 0042403c     kernel32:KERNEL32.dll
 0002:00000040       __imp__GetLocalTime@4      00424040     kernel32:KERNEL32.dll
 0002:00000044       __imp__FormatMessageA@28   00424044     kernel32:KERNEL32.dll
 0002:00000048       __imp__QueryPerformanceFrequency@4 00424048     kernel32:KERNEL32.dll
 0002:0000004c       __imp__QueryPerformanceCounter@4 0042404c     kernel32:KERNEL32.dll
 0002:00000050       __imp__SetConsoleTextAttribute@8 00424050     kernel32:KERNEL32.dll
 0002:00000054       __imp__TlsFree@4           00424054     kernel32:KERNEL32.dll
 0002:00000058       __imp__TlsSetValue@8       00424058     kernel32:KERNEL32.dll
 0002:0000005c       __imp__TlsGetValue@4       0042405c     kernel32:KERNEL32.dll
 0002:00000060       __imp__TlsAlloc@0          00424060     kernel32:KERNEL32.dll
 0002:00000064       __imp__GetCurrentThreadId@0 00424064     kernel32:KERNEL32.dll
 0002:00000068       __imp__CreateThread@24     00424068     kernel32:KERNEL32.dll
 0002:0000006c       __imp__GetCurrentProcessId@0 0042406c     kernel32:KERNEL32.dll
 0002:00000070       __imp__Sleep@4             00424070     kernel32:KERNEL32.dll
 0002:00000074       __imp__WaitForSingleObject@8 00424074     kernel32:KERNEL32.dll
 0002:00000078       __imp__ReleaseSemaphore@12 00424078     kernel32:KERNEL32.dll
 0002:0000007c       __imp__DeleteCriticalSection@4 0042407c     kernel32:KERNEL32.dll
 0002:00000080       __imp__TryEnterCriticalSection@4 00424080     kernel32:KERNEL32.dll
 0002:00000084       __imp__LeaveCriticalSection@4 00424084     kernel32:KERNEL32.dll
 0002:00000088       __imp__EnterCriticalSection@4 00424088     kernel32:KERNEL32.dll
 0002:0000008c       __imp__InitializeCriticalSection@4 0042408c     kernel32:KERNEL32.dll
 0002:00000090       __imp__GetLastError@0      00424090     kernel32:KERNEL32.dll
 0002:00000094       __imp__GetStdHandle@4      00424094     kernel32:KERNEL32.dll
 0002:00000098       __imp__SetThreadPriority@8 00424098     kernel32:KERNEL32.dll
 0002:0000009c       __imp__GetCurrentThread@0  0042409c     kernel32:KERNEL32.dll
 0002:000000a0       __imp__WaitForMultipleObjects@16 004240a0     kernel32:KERNEL32.dll
 0002:000000a4       __imp__CreateEventA@16     004240a4     kernel32:KERNEL32.dll
 0002:000000a8       __imp__SetEvent@4          004240a8     kernel32:KERNEL32.dll
 0002:000000ac       __imp__CloseHandle@4       004240ac     kernel32:KERNEL32.dll
 0002:000000b0       \177KERNEL32_NULL_THUNK_DATA 004240b0     kernel32:KERNEL32.dll
 0002:000000b4       __imp__longjmp             004240b4     vcruntime:VCRUNTIME140.dll
 0002:000000b8       __imp__memcpy              004240b8     vcruntime:VCRUNTIME140.dll
 0002:000000bc       __imp__memset              004240bc     vcruntime:VCRUNTIME140.dll
 0002:000000c0       __imp__memmove             004240c0     vcruntime:VCRUNTIME140.dll
 0002:000000c4       __imp__strchr              004240c4     vcruntime:VCRUNTIME140.dll
 0002:000000c8       __imp___except_handler4_common 004240c8     vcruntime:VCRUNTIME140.dll
 0002:000000cc       \177VCRUNTIME140_NULL_THUNK_DATA 004240cc     vcruntime:VCRUNTIME140.dll
 0002:000000d0       __imp__waveOutReset@4      004240d0     winmm:WINMM.dll
 0002:000000d4       __imp__waveOutRestart@4    004240d4     winmm:WINMM.dll
 0002:000000d8       __imp__waveOutPause@4      004240d8     winmm:WINMM.dll
 0002:000000dc       __imp__waveOutWrite@12     004240dc     winmm:WINMM.dll
 0002:000000e0       __imp__waveOutUnprepareHeader@12 004240e0     winmm:WINMM.dll
 0002:000000e4       __imp__waveOutPrepareHeader@12 004240e4     winmm:WINMM.dll
 0002:000000e8       __imp__waveOutClose@4      004240e8     winmm:WINMM.dll
 0002:000000ec       __imp__waveInGetDevCapsA@12 004240ec     winmm:WINMM.dll
 0002:000000f0       __imp__waveOutSetVolume@8  004240f0     winmm:WINMM.dll
 0002:000000f4       __imp__waveOutGetVolume@8  004240f4     winmm:WINMM.dll
 0002:000000f8       __imp__waveOutGetDevCapsA@12 004240f8     winmm:WINMM.dll
 0002:000000fc       __imp__waveOutGetNumDevs@0 004240fc     winmm:WINMM.dll
 0002:00000100       __imp__waveInGetErrorTextA@12 00424100     winmm:WINMM.dll
 0002:00000104       __imp__waveOutGetErrorTextA@12 00424104     winmm:WINMM.dll
 0002:00000108       __imp__waveInGetNumDevs@0  00424108     winmm:WINMM.dll
 0002:0000010c       __imp__waveInOpen@24       0042410c     winmm:WINMM.dll
 0002:00000110       __imp__waveInClose@4       00424110     winmm:WINMM.dll
 0002:00000114       __imp__waveInPrepareHeader@12 00424114     winmm:WINMM.dll
 0002:00000118       __imp__waveInUnprepareHeader@12 00424118     winmm:WINMM.dll
 0002:0000011c       __imp__waveInAddBuffer@12  0042411c     winmm:WINMM.dll
 0002:00000120       __imp__waveInStart@4       00424120     winmm:WINMM.dll
 0002:00000124       __imp__waveInStop@4        00424124     winmm:WINMM.dll
 0002:00000128       __imp__waveInReset@4       00424128     winmm:WINMM.dll
 0002:0000012c       __imp__waveOutOpen@24      0042412c     winmm:WINMM.dll
 0002:00000130       \177WINMM_NULL_THUNK_DATA  00424130     winmm:WINMM.dll
 0002:00000134       __imp__sendto@24           00424134     ws2_32:WS2_32.dll
 0002:00000138       __imp__send@16             00424138     ws2_32:WS2_32.dll
 0002:0000013c       __imp__recvfrom@24         0042413c     ws2_32:WS2_32.dll
 0002:00000140       __imp__recv@16             00424140     ws2_32:WS2_32.dll
 0002:00000144       __imp__ntohs@4             00424144     ws2_32:WS2_32.dll
 0002:00000148       __imp__ntohl@4             00424148     ws2_32:WS2_32.dll
 0002:0000014c       __imp__htons@4             0042414c     ws2_32:WS2_32.dll
 0002:00000150       __imp__htonl@4             00424150     ws2_32:WS2_32.dll
 0002:00000154       __imp__getsockopt@20       00424154     ws2_32:WS2_32.dll
 0002:00000158       __imp__getsockname@12      00424158     ws2_32:WS2_32.dll
 0002:0000015c       __imp__accept@12           0042415c     ws2_32:WS2_32.dll
 0002:00000160       __imp__WSAGetLastError@0   00424160     ws2_32:WS2_32.dll
 0002:00000164       __imp__WSACleanup@0        00424164     ws2_32:WS2_32.dll
 0002:00000168       __imp__WSAStartup@8        00424168     ws2_32:WS2_32.dll
 0002:0000016c       __imp____WSAFDIsSet@8      0042416c     ws2_32:WS2_32.dll
 0002:00000170       __imp__select@20           00424170     ws2_32:WS2_32.dll
 0002:00000174       \177WS2_32_NULL_THUNK_DATA 00424174     ws2_32:WS2_32.dll
 0002:00000178       __imp__atoi                00424178     ucrt:api-ms-win-crt-convert-l1-1-0.dll
 0002:0000017c       \177api-ms-win-crt-convert-l1-1-0_NULL_THUNK_DATA 0042417c     ucrt:api-ms-win-crt-convert-l1-1-0.dll
 0002:00000180       __imp___set_new_mode       00424180     ucrt:api-ms-win-crt-heap-l1-1-0.dll
 0002:00000184       __imp__calloc              00424184     ucrt:api-ms-win-crt-heap-l1-1-0.dll
 0002:00000188       __imp__free                00424188     ucrt:api-ms-win-crt-heap-l1-1-0.dll
 0002:0000018c       __imp__malloc              0042418c     ucrt:api-ms-win-crt-heap-l1-1-0.dll
 0002:00000190       \177api-ms-win-crt-heap-l1-1-0_NULL_THUNK_DATA 00424190     ucrt:api-ms-win-crt-heap-l1-1-0.dll
 0002:00000194       __imp___configthreadlocale 00424194     ucrt:api-ms-win-crt-locale-l1-1-0.dll
 0002:00000198       \177api-ms-win-crt-locale-l1-1-0_NULL_THUNK_DATA 00424198     ucrt:api-ms-win-crt-locale-l1-1-0.dll
 0002:0000019c       __imp____setusermatherr    0042419c     ucrt:api-ms-win-crt-math-l1-1-0.dll
 0002:000001a0       __imp___libm_sse2_cos_precise 004241a0     ucrt:api-ms-win-crt-math-l1-1-0.dll
 0002:000001a4       __imp___libm_sse2_atan_precise 004241a4     ucrt:api-ms-win-crt-math-l1-1-0.dll
 0002:000001a8       __imp__floor               004241a8     ucrt:api-ms-win-crt-math-l1-1-0.dll
 0002:000001ac       __imp___libm_sse2_pow_precise 004241ac     ucrt:api-ms-win-crt-math-l1-1-0.dll
 0002:000001b0       __imp___CIfmod             004241b0     ucrt:api-ms-win-crt-math-l1-1-0.dll
 0002:000001b4       __imp___libm_sse2_log_precise 004241b4     ucrt:api-ms-win-crt-math-l1-1-0.dll
 0002:000001b8       __imp___libm_sse2_sqrt_precise 004241b8     ucrt:api-ms-win-crt-math-l1-1-0.dll
 0002:000001bc       __imp___libm_sse2_exp_precise 004241bc     ucrt:api-ms-win-crt-math-l1-1-0.dll
 0002:000001c0       __imp___except1            004241c0     ucrt:api-ms-win-crt-math-l1-1-0.dll
 0002:000001c4       __imp___libm_sse2_sin_precise 004241c4     ucrt:api-ms-win-crt-math-l1-1-0.dll
 0002:000001c8       \177api-ms-win-crt-math-l1-1-0_NULL_THUNK_DATA 004241c8     ucrt:api-ms-win-crt-math-l1-1-0.dll
 0002:000001cc       __imp___initialize_onexit_table 004241cc     ucrt:api-ms-win-crt-runtime-l1-1-0.dll
 0002:000001d0       __imp___register_onexit_function 004241d0     ucrt:api-ms-win-crt-runtime-l1-1-0.dll
 0002:000001d4       __imp___crt_atexit         004241d4     ucrt:api-ms-win-crt-runtime-l1-1-0.dll
 0002:000001d8       __imp___controlfp_s        004241d8     ucrt:api-ms-win-crt-runtime-l1-1-0.dll
 0002:000001dc       __imp__terminate           004241dc     ucrt:api-ms-win-crt-runtime-l1-1-0.dll
 0002:000001e0       __imp___register_thread_local_exe_atexit_callback 004241e0     ucrt:api-ms-win-crt-runtime-l1-1-0.dll
 0002:000001e4       __imp___c_exit             004241e4     ucrt:api-ms-win-crt-runtime-l1-1-0.dll
 0002:000001e8       __imp__exit                004241e8     ucrt:api-ms-win-crt-runtime-l1-1-0.dll
 0002:000001ec       __imp___seh_filter_exe     004241ec     ucrt:api-ms-win-crt-runtime-l1-1-0.dll
 0002:000001f0       __imp___set_app_type       004241f0     ucrt:api-ms-win-crt-runtime-l1-1-0.dll
 0002:000001f4       __imp___initterm           004241f4     ucrt:api-ms-win-crt-runtime-l1-1-0.dll
 0002:000001f8       __imp___configure_narrow_argv 004241f8     ucrt:api-ms-win-crt-runtime-l1-1-0.dll
 0002:000001fc       __imp___initialize_narrow_environment 004241fc     ucrt:api-ms-win-crt-runtime-l1-1-0.dll
 0002:00000200       __imp___get_initial_narrow_environment 00424200     ucrt:api-ms-win-crt-runtime-l1-1-0.dll
 0002:00000204       __imp___cexit              00424204     ucrt:api-ms-win-crt-runtime-l1-1-0.dll
 0002:00000208       __imp___initterm_e         00424208     ucrt:api-ms-win-crt-runtime-l1-1-0.dll
 0002:0000020c       __imp___exit               0042420c     ucrt:api-ms-win-crt-runtime-l1-1-0.dll
 0002:00000210       __imp____p___argv          00424210     ucrt:api-ms-win-crt-runtime-l1-1-0.dll
 0002:00000214       __imp____p___argc          00424214     ucrt:api-ms-win-crt-runtime-l1-1-0.dll
 0002:00000218       \177api-ms-win-crt-runtime-l1-1-0_NULL_THUNK_DATA 00424218     ucrt:api-ms-win-crt-runtime-l1-1-0.dll
 0002:0000021c       __imp___set_fmode          0042421c     ucrt:api-ms-win-crt-stdio-l1-1-0.dll
 0002:00000220       __imp____acrt_iob_func     00424220     ucrt:api-ms-win-crt-stdio-l1-1-0.dll
 0002:00000224       __imp__puts                00424224     ucrt:api-ms-win-crt-stdio-l1-1-0.dll
 0002:00000228       __imp__fgets               00424228     ucrt:api-ms-win-crt-stdio-l1-1-0.dll
 0002:0000022c       __imp____p__commode        0042422c     ucrt:api-ms-win-crt-stdio-l1-1-0.dll
 0002:00000230       __imp____stdio_common_vsprintf 00424230     ucrt:api-ms-win-crt-stdio-l1-1-0.dll
 0002:00000234       __imp____stdio_common_vfprintf 00424234     ucrt:api-ms-win-crt-stdio-l1-1-0.dll
 0002:00000238       \177api-ms-win-crt-stdio-l1-1-0_NULL_THUNK_DATA 00424238     ucrt:api-ms-win-crt-stdio-l1-1-0.dll
 0002:0000023c       __imp__strncpy             0042423c     ucrt:api-ms-win-crt-string-l1-1-0.dll
 0002:00000240       __imp___strnicmp           00424240     ucrt:api-ms-win-crt-string-l1-1-0.dll
 0002:00000244       __imp__isxdigit            00424244     ucrt:api-ms-win-crt-string-l1-1-0.dll
 0002:00000248       __imp__strncmp             00424248     ucrt:api-ms-win-crt-string-l1-1-0.dll
 0002:0000024c       __imp__isdigit             0042424c     ucrt:api-ms-win-crt-string-l1-1-0.dll
 0002:00000250       \177api-ms-win-crt-string-l1-1-0_NULL_THUNK_DATA 00424250     ucrt:api-ms-win-crt-string-l1-1-0.dll
 0002:00000254       __imp__rand                00424254     ucrt:api-ms-win-crt-utility-l1-1-0.dll
 0002:00000258       \177api-ms-win-crt-utility-l1-1-0_NULL_THUNK_DATA 00424258     ucrt:api-ms-win-crt-utility-l1-1-0.dll
 0002:0000025c       __imp__CoCreateGuid@4      0042425c     ole32:ole32.dll
 0002:00000260       \177ole32_NULL_THUNK_DATA  00424260     ole32:ole32.dll
 0002:00000264       ___guard_check_icall_fptr  00424264     MSVCRT:guard_support.obj
 0002:00000268       ___xc_a                    00424268     MSVCRT:initializers.obj
 0002:00000270       ___xc_z                    00424270     MSVCRT:initializers.obj
 0002:00000274       ___xi_a                    00424274     MSVCRT:initializers.obj
 0002:00000280       ___xi_z                    00424280     MSVCRT:initializers.obj
 0002:00000284       ___xp_a                    00424284     MSVCRT:initializers.obj
 0002:00000288       ___xp_z                    00424288     MSVCRT:initializers.obj
 0002:0000028c       ___xt_a                    0042428c     MSVCRT:initializers.obj
 0002:00000290       ___xt_z                    00424290     MSVCRT:initializers.obj
 0002:00000300       ??_C@_0DC@MHBBCDGM@Unspecified?5audio?5device?5error?5@ 00424300     pjmedia-audiodev-i386-win32-vc14-release:errno.obj
 0002:00000334       ??_C@_0DG@FEDKLOFB@Unknown?5error?5from?5audio?5driver@ 00424334     pjmedia-audiodev-i386-win32-vc14-release:errno.obj
 0002:0000036c       ??_C@_0DE@DOHCBKFK@Audio?5subsystem?5not?5initialized@ 0042436c     pjmedia-audiodev-i386-win32-vc14-release:errno.obj
 0002:000003a0       ??_C@_0CL@NCBJPCNF@Invalid?5audio?5device?5?$CIPJMEDIA_E@ 004243a0     pjmedia-audiodev-i386-win32-vc14-release:errno.obj
 0002:000003cc       ??_C@_0CM@LOPLLMHO@Found?5no?5audio?5devices?5?$CIPJMEDIA@ 004243cc     pjmedia-audiodev-i386-win32-vc14-release:errno.obj
 0002:000003f8       ??_C@_0DM@DPDKGMIE@Unable?5to?5find?5default?5audio?5de@ 004243f8     pjmedia-audiodev-i386-win32-vc14-release:errno.obj
 0002:00000434       ??_C@_0CP@JIPJOIMB@Audio?5device?5not?5ready?5?$CIPJMEDIA@ 00424434     pjmedia-audiodev-i386-win32-vc14-release:errno.obj
 0002:00000464       ??_C@_0DO@NMIGLFFA@Invalid?5or?5unsupported?5audio?5ca@ 00424464     pjmedia-audiodev-i386-win32-vc14-release:errno.obj
 0002:000004a8       ??_C@_0ED@PLJALPOA@Invalid?5or?5unsupported?5audio?5de@ 004244a8     pjmedia-audiodev-i386-win32-vc14-release:errno.obj
 0002:000004ec       ??_C@_0DM@JKDJGBNG@Bad?5or?5invalid?5audio?5device?5for@ 004244ec     pjmedia-audiodev-i386-win32-vc14-release:errno.obj
 0002:00000528       ??_C@_0DN@BLAJILEA@Invalid?5audio?5device?5sample?5for@ 00424528     pjmedia-audiodev-i386-win32-vc14-release:errno.obj
 0002:00000568       ??_C@_0DE@LJJGJIEF@Bad?5audio?5latency?5setting?5?$CIPJME@ 00424568     pjmedia-audiodev-i386-win32-vc14-release:errno.obj
 0002:0000059c       ??_C@_0BJ@GMHLEOAL@MMSYSTEM?5native?5error?5?$CFd@ 0042459c     pjmedia-audiodev-i386-win32-vc14-release:errno.obj
 0002:000005b8       ??_C@_0CC@MFOJNIAN@Unknown?5pjmedia?9audiodev?5error?5@ 004245b8     pjmedia-audiodev-i386-win32-vc14-release:errno.obj
 0002:000005dc       ??_C@_0M@KBHHDDLP@Wave?5mapper@ 004245dc     pjmedia-audiodev-i386-win32-vc14-release:wmme_dev.obj
 0002:000005e8       ??_C@_04CPNMDOAK@WMME@     004245e8     pjmedia-audiodev-i386-win32-vc14-release:wmme_dev.obj
 0002:000005f0       ??_C@_0BB@EOKKHGLD@WMME?5initialized@ 004245f0     pjmedia-audiodev-i386-win32-vc14-release:wmme_dev.obj
 0002:00000604       ??_C@_0L@HHCCMOGO@wmme_dev?4c@ 00424604     pjmedia-audiodev-i386-win32-vc14-release:wmme_dev.obj
 0002:00000610       ??_C@_0BM@OMJMEAMB@WMME?5found?5no?5sound?5devices@ 00424610     pjmedia-audiodev-i386-win32-vc14-release:wmme_dev.obj
 0002:0000062c       ??_C@_11LOCGONAA@@         0042462c     pjmedia-audiodev-i386-win32-vc14-release:wmme_dev.obj
 0002:00000630       ??_C@_0BH@GEMAAOCL@WMME?5found?5?$CFd?5devices?3@ 00424630     pjmedia-audiodev-i386-win32-vc14-release:wmme_dev.obj
 0002:00000648       ??_C@_0CA@NLJGEGOG@?5dev_id?5?$CFd?3?5?$CFs?5?5?$CIin?$DN?$CFd?0?5out?$DN?$CFd?$CJ@ 00424648     pjmedia-audiodev-i386-win32-vc14-release:wmme_dev.obj
 0002:00000668       ??_C@_03CCLNCNJA@PCM@      00424668     pjmedia-audiodev-i386-win32-vc14-release:wmme_dev.obj
 0002:00000670       ??_C@_0HB@MKIBCFPJ@?5WaveAPI?5Sound?5player?5?$CC?$CFs?$CC?5init@ 00424670     pjmedia-audiodev-i386-win32-vc14-release:wmme_dev.obj
 0002:000006e8       ??_C@_0HD@PIICIPL@?5WaveAPI?5Sound?5recorder?5?$CC?$CFs?$CC?5in@ 004246e8     pjmedia-audiodev-i386-win32-vc14-release:wmme_dev.obj
 0002:0000075c       ??_C@_0CJ@BMOAEONK@Failed?5to?5write?5audio?5frame?5for@ 0042475c     pjmedia-audiodev-i386-win32-vc14-release:wmme_dev.obj
 0002:00000788       ??_C@_0BP@EAOBDJJO@Failed?5to?5add?5recording?5buffer@ 00424788     pjmedia-audiodev-i386-win32-vc14-release:wmme_dev.obj
 0002:000007a8       ??_C@_0BI@BEJPJEBJ@WMME?3?5thread?5stopping?4?4@ 004247a8     pjmedia-audiodev-i386-win32-vc14-release:wmme_dev.obj
 0002:000007c0       ??_C@_0CB@JKFANBEJ@WMME?5thread?5stopped?5due?5to?5erro@ 004247c0     pjmedia-audiodev-i386-win32-vc14-release:wmme_dev.obj
 0002:000007e4       ??_C@_08MOOOBPLB@wmme?9dev@ 004247e4     pjmedia-audiodev-i386-win32-vc14-release:wmme_dev.obj
 0002:000007f0       ??_C@_04ODOGNMHC@wmme@     004247f0     pjmedia-audiodev-i386-win32-vc14-release:wmme_dev.obj
 0002:000007f8       ??_C@_0BN@MNACKNIN@WMME?5playback?5stream?5started@ 004247f8     pjmedia-audiodev-i386-win32-vc14-release:wmme_dev.obj
 0002:00000818       ??_C@_0BM@NKDLICNM@WMME?5capture?5stream?5started@ 00424818     pjmedia-audiodev-i386-win32-vc14-release:wmme_dev.obj
 0002:00000834       ??_C@_0BN@FMJNHCPG@Stopped?5WMME?5playback?5stream@ 00424834     pjmedia-audiodev-i386-win32-vc14-release:wmme_dev.obj
 0002:00000854       ??_C@_0BM@KCHDOGNE@Stopped?5WMME?5capture?5stream@ 00424854     pjmedia-audiodev-i386-win32-vc14-release:wmme_dev.obj
 0002:00000870       ??_C@_09OFDCJLJM@WMME?5base@ 00424870     pjmedia-audiodev-i386-win32-vc14-release:wmme_dev.obj
 0002:0000087c       ??_C@_0BA@LPBIANE@Echo?5suppressor@ 0042487c     pjmedia-i386-win32-vc14-release:echo_common.obj
 0002:0000088c       ??_C@_03FABGEMFG@AEC@      0042488c     pjmedia-i386-win32-vc14-release:echo_common.obj
 0002:00000890       ??_C@_04FACFFFMP@ec?$CFp@  00424890     pjmedia-i386-win32-vc14-release:echo_common.obj
 0002:00000898       ??_C@_0M@KMDBLPFK@Creating?5?$CFs@ 00424898     pjmedia-i386-win32-vc14-release:echo_common.obj
 0002:000008a8       ??_C@_0FO@FCNNBEFH@?$CFs?5created?0?5clock_rate?$DN?$CFd?0?5chan@ 004248a8     pjmedia-i386-win32-vc14-release:echo_common.obj
 0002:00000908       ??_C@_0BM@HOHFIKPJ@Latency?5bufferring?5complete@ 00424908     pjmedia-i386-win32-vc14-release:echo_common.obj
 0002:00000924       ??_C@_0O@DBBHABPM@Prefetching?4?4@ 00424924     pjmedia-i386-win32-vc14-release:echo_common.obj
 0002:00000934       ??_C@_0DG@GACEANMB@No?5frame?5from?5delay?5buffer?5?$CIthi@ 00424934     pjmedia-i386-win32-vc14-release:echo_common.obj
 0002:0000099c       ??_C@_07OEHJJJKF@RTP?1AVP@ 0042499c     pjmedia-i386-win32-vc14-release:endpoint.obj
 0002:000009a4       ??_C@_02BBAPPCCJ@IN@       004249a4     pjmedia-i386-win32-vc14-release:endpoint.obj
 0002:000009a8       ??_C@_03OPDBOKBD@IP4@      004249a8     pjmedia-i386-win32-vc14-release:endpoint.obj
 0002:000009ac       ??_C@_03NNAHIIJB@IP6@      004249ac     pjmedia-i386-win32-vc14-release:endpoint.obj
 0002:000009b0       ??_C@_07HDFHIMAJ@pjmedia@  004249b0     pjmedia-i386-win32-vc14-release:endpoint.obj
 0002:000009b8       ??_C@_08LMCBNPPN@sendrecv@ 004249b8     pjmedia-i386-win32-vc14-release:endpoint.obj
 0002:000009c4       ??_C@_07LBNDIDNE@med?9ept@ 004249c4     pjmedia-i386-win32-vc14-release:endpoint.obj
 0002:000009d0       ??_C@_0EL@BIFHLACC@Warning?3?5no?5worker?5thread?5is?5cr@ 004249d0     pjmedia-i386-win32-vc14-release:endpoint.obj
 0002:00000a1c       ??_C@_0L@DLFDMOGF@endpoint?4c@ 00424a1c     pjmedia-i386-win32-vc14-release:endpoint.obj
 0002:00000a28       ??_C@_05CECBHAPI@media@    00424a28     pjmedia-i386-win32-vc14-release:endpoint.obj
 0002:00000a2e       ??_C@_00CNPNBAHC@@         00424a2e     pjmedia-i386-win32-vc14-release:endpoint.obj
 0002:00000a30       ??_C@_01CLKCMJKC@?5@       00424a30     pjmedia-i386-win32-vc14-release:endpoint.obj
 0002:00000a34       ??_C@_04DAMGJPCA@file@     00424a34     pjmedia-i386-win32-vc14-release:wav_player.obj
 0002:00000a3c       ??_C@_0DH@CJCCJAOK@actual?5value?$HMexpected?5riff?$DN?$CFx?$HM?$CF@ 00424a3c     pjmedia-i386-win32-vc14-release:wav_player.obj
 0002:00000a74       ??_C@_0N@EAJPAIGO@wav_player?4c@ 00424a74     pjmedia-i386-win32-vc14-release:wav_player.obj
 0002:00000a88       ??_C@_0EO@KJDBHFL@File?5player?5?8?$CF?4?$CKs?8?5created?3?5sam@ 00424a88     pjmedia-i386-win32-vc14-release:wav_player.obj
 0002:00000ad8       ??_C@_0BD@LPPPNKOC@File?5port?5?$CF?4?$CKs?5EOF@ 00424ad8     pjmedia-i386-win32-vc14-release:wav_player.obj
 0002:00000aec       ??_C@_0BL@OHCCHMIC@File?5port?5?$CF?4?$CKs?5rewinding?4?4@ 00424aec     pjmedia-i386-win32-vc14-release:wav_player.obj
 0002:00000b08       ??_C@_0DH@EDIEAILI@File?5writer?5?8?$CF?4?$CKs?8?5created?3?5sam@ 00424b08     pjmedia-i386-win32-vc14-release:wav_writer.obj
 0002:00000b40       ??_C@_0N@MCLOBLAH@wav_writer?4c@ 00424b40     pjmedia-i386-win32-vc14-release:wav_writer.obj
 0002:00000b50       ??_C@_07GBKCPIDJ@ext?9fmt@ 00424b50     pjmedia-i386-win32-vc14-release:audiodev.obj
 0002:00000b58       ??_C@_0BI@GGHCECPI@Extended?1non?9PCM?5format@ 00424b58     pjmedia-i386-win32-vc14-release:audiodev.obj
 0002:00000b70       ??_C@_0L@IKNMBADD@latency?9in@ 00424b70     pjmedia-i386-win32-vc14-release:audiodev.obj
 0002:00000b7c       ??_C@_0CC@LIGOHOJN@Input?5latency?1buffer?5size?5setti@ 00424b7c     pjmedia-i386-win32-vc14-release:audiodev.obj
 0002:00000ba0       ??_C@_0M@MBBBBCLJ@latency?9out@ 00424ba0     pjmedia-i386-win32-vc14-release:audiodev.obj
 0002:00000bac       ??_C@_0CD@GAINMBC@Output?5latency?1buffer?5size?5sett@ 00424bac     pjmedia-i386-win32-vc14-release:audiodev.obj
 0002:00000bd0       ??_C@_06KGGLCDDG@vol?9in@  00424bd0     pjmedia-i386-win32-vc14-release:audiodev.obj
 0002:00000bd8       ??_C@_0BF@CCEKOJAN@Input?5volume?5setting@ 00424bd8     pjmedia-i386-win32-vc14-release:audiodev.obj
 0002:00000bf0       ??_C@_07LBFHFBAF@vol?9out@ 00424bf0     pjmedia-i386-win32-vc14-release:audiodev.obj
 0002:00000bf8       ??_C@_0BG@IBEHJHAD@Output?5volume?5setting@ 00424bf8     pjmedia-i386-win32-vc14-release:audiodev.obj
 0002:00000c10       ??_C@_08BPNDLGG@meter?9in@ 00424c10     pjmedia-i386-win32-vc14-release:audiodev.obj
 0002:00000c1c       ??_C@_0M@NCGIGNPG@Input?5meter@ 00424c1c     pjmedia-i386-win32-vc14-release:audiodev.obj
 0002:00000c28       ??_C@_09NKJLJGOJ@meter?9out@ 00424c28     pjmedia-i386-win32-vc14-release:audiodev.obj
 0002:00000c34       ??_C@_0N@GBEOEOEP@Output?5meter@ 00424c34     pjmedia-i386-win32-vc14-release:audiodev.obj
 0002:00000c44       ??_C@_08FPHJDLBG@route?9in@ 00424c44     pjmedia-i386-win32-vc14-release:audiodev.obj
 0002:00000c50       ??_C@_0O@JDPFDDM@Input?5routing@ 00424c50     pjmedia-i386-win32-vc14-release:audiodev.obj
 0002:00000c60       ??_C@_09IKMAGDNF@route?9out@ 00424c60     pjmedia-i386-win32-vc14-release:audiodev.obj
 0002:00000c6c       ??_C@_0P@JOFPIEJJ@Output?5routing@ 00424c6c     pjmedia-i386-win32-vc14-release:audiodev.obj
 0002:00000c7c       ??_C@_03FNONIBCK@aec@      00424c7c     pjmedia-i386-win32-vc14-release:audiodev.obj
 0002:00000c80       ??_C@_0BM@HPDLGLFJ@Accoustic?5echo?5cancellation@ 00424c80     pjmedia-i386-win32-vc14-release:audiodev.obj
 0002:00000c9c       ??_C@_08MKAPJCJE@aec?9tail@ 00424c9c     pjmedia-i386-win32-vc14-release:audiodev.obj
 0002:00000ca8       ??_C@_0BM@PBLLADJD@Tail?5length?5setting?5for?5AEC@ 00424ca8     pjmedia-i386-win32-vc14-release:audiodev.obj
 0002:00000cc4       ??_C@_03NIGLNABH@vad@      00424cc4     pjmedia-i386-win32-vc14-release:audiodev.obj
 0002:00000cc8       ??_C@_0BJ@PEELNNPF@Voice?5activity?5detection@ 00424cc8     pjmedia-i386-win32-vc14-release:audiodev.obj
 0002:00000ce4       ??_C@_03JPNNGDEE@cng@      00424ce4     pjmedia-i386-win32-vc14-release:audiodev.obj
 0002:00000ce8       ??_C@_0BJ@MNDOFJGN@Comfort?5noise?5generation@ 00424ce8     pjmedia-i386-win32-vc14-release:audiodev.obj
 0002:00000d04       ??_C@_03NOPFEPFL@plg@      00424d04     pjmedia-i386-win32-vc14-release:audiodev.obj
 0002:00000d08       ??_C@_0BI@OMEMKBHH@Packet?5loss?5concealment@ 00424d08     pjmedia-i386-win32-vc14-release:audiodev.obj
 0002:00000d20       ??_C@_0EF@NLCNMHAD@?$CFd?5device?$CIs?$CJ?5cannot?5be?5register@ 00424d20     pjmedia-i386-win32-vc14-release:audiodev.obj
 0002:00000d68       ??_C@_0L@FGHHAHLM@audiodev?4c@ 00424d68     pjmedia-i386-win32-vc14-release:audiodev.obj
 0002:00000d74       ??_C@_0DH@LLDEKPNG@Lost?5event?5?$CFs?5from?5publisher?5?$FL0@ 00424d74     pjmedia-i386-win32-vc14-release:event.obj
 0002:00000dac       ??_C@_07GLALFINI@event?4c@ 00424dac     pjmedia-i386-win32-vc14-release:event.obj
 0002:00000db4       ??_C@_0CK@GILFEPIK@Echo?5suppressor?5soft?5reset?4?5Re?9@ 00424db4     pjmedia-i386-win32-vc14-release:echo_suppress.obj
 0002:00000de0       ??_C@_0BA@GIJBCBML@echo_suppress?4c@ 00424de0     pjmedia-i386-win32-vc14-release:echo_suppress.obj
 0002:00000df0       ??_C@_0FL@JMGHEEIK@Echo?5suppressor?5updated?5at?5t?$DN?$CF0@ 00424df0     pjmedia-i386-win32-vc14-release:echo_suppress.obj
 0002:00000e50       ??_C@_0FK@NODMKGEL@Echo?5suppressor?5learning?5done?5a@ 00424e50     pjmedia-i386-win32-vc14-release:echo_suppress.obj
 0002:00000eac       ??_C@_0CC@OBLDMFND@Echo?5suppressor?5residue?5?$DN?5?$CFd?4?$CF0@ 00424eac     pjmedia-i386-win32-vc14-release:echo_suppress.obj
 0002:00000ed0       __real@3f000000            00424ed0     pjmedia-i386-win32-vc14-release:echo_suppress.obj
 0002:00000ed4       __real@3f800000            00424ed4     pjmedia-i386-win32-vc14-release:echo_suppress.obj
 0002:00000ed8       __real@40200000            00424ed8     pjmedia-i386-win32-vc14-release:echo_suppress.obj
 0002:00000edc       __real@40400000            00424edc     pjmedia-i386-win32-vc14-release:echo_suppress.obj
 0002:00000ee0       __real@41980000            00424ee0     pjmedia-i386-win32-vc14-release:echo_suppress.obj
 0002:00000ee4       __real@41a00000            00424ee4     pjmedia-i386-win32-vc14-release:echo_suppress.obj
 0002:00000ee8       __real@447a0000            00424ee8     pjmedia-i386-win32-vc14-release:echo_suppress.obj
 0002:00000ef0       __xmm@41f00000000000000000000000000000 00424ef0     pjmedia-i386-win32-vc14-release:echo_suppress.obj
 0002:00000f00       __xmm@80000000800000008000000080000000 00424f00     pjmedia-i386-win32-vc14-release:echo_suppress.obj
 0002:00000f10       ??_C@_0EK@HDJKCMHE@Multichannel?5EC?5is?5not?5supporte@ 00424f10     pjmedia-i386-win32-vc14-release:echo_speex.obj
 0002:00000f5c       ??_C@_0N@MOFPDDJO@echo_speex?4c@ 00424f5c     pjmedia-i386-win32-vc14-release:echo_speex.obj
 0002:00000f6c       ??_C@_08LLMLEOE@delaybuf@  00424f6c     pjmedia-i386-win32-vc14-release:delaybuf.obj
 0002:00000f78       ??_C@_0BP@CKANIKAH@Using?5delay?5buffer?5with?5WSOLA?4@ 00424f78     pjmedia-i386-win32-vc14-release:delaybuf.obj
 0002:00000f98       ??_C@_0CA@BKBNPCON@Using?5simple?5FIFO?5delay?5buffer?4@ 00424f98     pjmedia-i386-win32-vc14-release:delaybuf.obj
 0002:00000fb8       ??_C@_0BP@JJBHJNOO@?$CFd?5samples?5reduced?0?5buf_cnt?$DN?$CFd@ 00424fb8     pjmedia-i386-win32-vc14-release:delaybuf.obj
 0002:00000fd8       ??_C@_0DA@FPCBOFHC@Buffer?5size?5adjusted?5from?5?$CFd?5to@ 00424fd8     pjmedia-i386-win32-vc14-release:delaybuf.obj
 0002:00001008       ??_C@_0CD@DJOCKALK@Shrinking?5failed?5or?5insufficien@ 00425008     pjmedia-i386-win32-vc14-release:delaybuf.obj
 0002:0000102c       ??_C@_0CJ@KJHKGIAO@?$CFsDropping?5?$CFd?5eldest?5samples?0?5b@ 0042502c     pjmedia-i386-win32-vc14-release:delaybuf.obj
 0002:00001058       ??_C@_0CN@FEOJBHHF@Underflow?0?5buf_cnt?$DN?$CFd?0?5will?5gen@ 00425058     pjmedia-i386-win32-vc14-release:delaybuf.obj
 0002:00001088       ??_C@_0BH@KCPKLNAI@Error?5generating?5frame@ 00425088     pjmedia-i386-win32-vc14-release:delaybuf.obj
 0002:000010a0       ??_C@_09GLMNEMC@codec?9mgr@ 004250a0     pjmedia-i386-win32-vc14-release:codec.obj
 0002:000010ac       ??_C@_01KMDKNFGN@?1@       004250ac     pjmedia-i386-win32-vc14-release:sdp.obj
 0002:000010b0       ??_C@_03GOLBDMPC@RTP@      004250b0     pjmedia-i386-win32-vc14-release:sdp.obj
 0002:000010b4       ??_C@_03CPJJBAON@AVP@      004250b4     pjmedia-i386-win32-vc14-release:sdp.obj
 0002:000010b8       ??_C@_04LHEMINPH@SAVP@     004250b8     pjmedia-i386-win32-vc14-release:sdp.obj
 0002:000010c0       ??_C@_04HILHOPFG@AVPF@     004250c0     pjmedia-i386-win32-vc14-release:sdp.obj
 0002:000010c8       ??_C@_05IFENMDLB@SAVPF@    004250c8     pjmedia-i386-win32-vc14-release:sdp.obj
 0002:000010d0       ??_C@_03OPEAKHDL@UDP@      004250d0     pjmedia-i386-win32-vc14-release:sdp.obj
 0002:000010d4       ??_C@_0N@IFKNLCBO@TLS?1RTP?1SAVP@ 004250d4     pjmedia-i386-win32-vc14-release:sdp.obj
 0002:000010e4       ??_C@_0O@FMKJHIFC@TLS?1RTP?1SAVPF@ 004250e4     pjmedia-i386-win32-vc14-release:sdp.obj
 0002:00001440       ??_C@_0CK@HBHLALIF@Unspecified?5PJMEDIA?5error?5?$CIPJME@ 00425440     pjmedia-i386-win32-vc14-release:errno.obj
 0002:0000146c       ??_C@_0CM@KFAONKNJ@Invalid?5SDP?5descriptor?5?$CIPJMEDIA@ 0042546c     pjmedia-i386-win32-vc14-release:errno.obj
 0002:00001498       ??_C@_0CO@ONPCFICA@Invalid?5SDP?5version?5line?5?$CIPJMED@ 00425498     pjmedia-i386-win32-vc14-release:errno.obj
 0002:000014c8       ??_C@_0DA@DIKNJOEJ@Invalid?5SDP?5origin?5line?5?$CIPJMEDI@ 004254c8     pjmedia-i386-win32-vc14-release:errno.obj
 0002:000014f8       ??_C@_0CM@DLEAGODI@Invalid?5SDP?5time?5line?5?$CIPJMEDIA_@ 004254f8     pjmedia-i386-win32-vc14-release:errno.obj
 0002:00001524       ??_C@_0DF@HNDCDPJF@SDP?5name?1subject?5line?5is?5empty?5@ 00425524     pjmedia-i386-win32-vc14-release:errno.obj
 0002:0000155c       ??_C@_0DC@KNNPDHKA@Invalid?5SDP?5connection?5line?5?$CIPJ@ 0042555c     pjmedia-i386-win32-vc14-release:errno.obj
 0002:00001590       ??_C@_0DM@NEDHCJGL@Missing?5SDP?5connection?5info?5lin@ 00425590     pjmedia-i386-win32-vc14-release:errno.obj
 0002:000015cc       ??_C@_0CN@JHLMEODJ@Invalid?5SDP?5attributes?5?$CIPJMEDIA@ 004255cc     pjmedia-i386-win32-vc14-release:errno.obj
 0002:000015fc       ??_C@_0DF@BJAALDOM@Invalid?5SDP?5rtpmap?5attribute?5?$CIP@ 004255fc     pjmedia-i386-win32-vc14-release:errno.obj
 0002:00001634       ??_C@_0DL@HCOGNPAF@SDP?5rtpmap?5attribute?5too?5long?5?$CI@ 00425634     pjmedia-i386-win32-vc14-release:errno.obj
 0002:00001670       ??_C@_0EJ@IDNJACOO@Missing?5SDP?5rtpmap?5for?5dynamic?5@ 00425670     pjmedia-i386-win32-vc14-release:errno.obj
 0002:000016bc       ??_C@_0CO@DIKFNJOF@Invalid?5SDP?5media?5line?5?$CIPJMEDIA@ 004256bc     pjmedia-i386-win32-vc14-release:errno.obj
 0002:000016ec       ??_C@_0DN@GADAENKO@No?5SDP?5payload?5format?5in?5the?5me@ 004256ec     pjmedia-i386-win32-vc14-release:errno.obj
 0002:0000172c       ??_C@_0DL@KAILPDC@Invalid?5SDP?5payload?5type?5in?5med@ 0042572c     pjmedia-i386-win32-vc14-release:errno.obj
 0002:00001768       ??_C@_0DB@BJCACDID@Invalid?5SDP?5fmtp?5attribute?5?$CIPJM@ 00425768     pjmedia-i386-win32-vc14-release:errno.obj
 0002:0000179c       ??_C@_0DB@GFBENNMO@Invalid?5SDP?5rtcp?5attribute?5?$CIPJM@ 0042579c     pjmedia-i386-win32-vc14-release:errno.obj
 0002:000017d0       ??_C@_0DM@JFGCNJLM@Invalid?5SDP?5media?5transport?5pro@ 004257d0     pjmedia-i386-win32-vc14-release:errno.obj
 0002:0000180c       ??_C@_0DH@PCNCDMKM@Invalid?5SDP?5bandwidth?5info?5line@ 0042580c     pjmedia-i386-win32-vc14-release:errno.obj
 0002:00001844       ??_C@_0DB@POLJHCKE@Invalid?5SDP?5ssrc?5attribute?5?$CIPJM@ 00425844     pjmedia-i386-win32-vc14-release:errno.obj
 0002:00001878       ??_C@_0EF@CJNFLCEL@Invalid?5SDP?5negotiator?5state?5fo@ 00425878     pjmedia-i386-win32-vc14-release:errno.obj
 0002:000018c0       ??_C@_0ED@IFOJJHNO@No?5initial?5local?5SDP?5in?5SDP?5neg@ 004258c0     pjmedia-i386-win32-vc14-release:errno.obj
 0002:00001904       ??_C@_0DL@MFMHOMBE@No?5active?5SDP?5in?5SDP?5negotiator@ 00425904     pjmedia-i386-win32-vc14-release:errno.obj
[...]
 0002:00000278       ?pre_c_initializer@@3P6AHXZA 00424278     MSVCRT:exe_main.obj
 0002:0000027c       ?post_pgo_initializer@@3P6AHXZA 0042427c     MSVCRT:exe_main.obj
 0002:000002a0       _err_str                   004242a0     pjmedia-audiodev-i386-win32-vc14-release:errno.obj
 0002:0000096c       _STR_RTP_AVP               0042496c     pjmedia-i386-win32-vc14-release:endpoint.obj
 0002:00000974       _STR_IN                    00424974     pjmedia-i386-win32-vc14-release:endpoint.obj
 0002:0000097c       _STR_IP4                   0042497c     pjmedia-i386-win32-vc14-release:endpoint.obj
 0002:00000984       _STR_IP6                   00424984     pjmedia-i386-win32-vc14-release:endpoint.obj
 0002:0000098c       _STR_SDP_NAME              0042498c     pjmedia-i386-win32-vc14-release:endpoint.obj
 0002:00000994       _STR_SENDRECV              00424994     pjmedia-i386-win32-vc14-release:endpoint.obj
 0002:000010f8       _err_str                   004250f8     pjmedia-i386-win32-vc14-release:errno.obj
 0002:0000b160       _ID_RTP_AVP                0042f160     pjmedia-i386-win32-vc14-release:transport_srtp.obj
 0002:0000b168       _ID_RTP_SAVP               0042f168     pjmedia-i386-win32-vc14-release:transport_srtp.obj
 0002:0000b170       _ID_CRYPTO                 0042f170     pjmedia-i386-win32-vc14-release:transport_srtp.obj
 0002:0000b7f0       _base64_char               0042f7f0     pjlib-util-i386-win32-vc14-release:base64.obj
 0002:0000bb08       _err_str                   0042fb08     pjlib-i386-win32-vc14-release:errno.obj
 0002:0000c140       _gaErrorList               00430140     pjlib-i386-win32-vc14-release:os_error_win32.obj
 0002:0000d0e0       ?table@?1??hypergeom_gain@@9@9 004310e0     libspeex-i386-win32-vc14-release:preprocess.obj
 0002:0000da78       _srtp_null_cipher_description 00431a78     libsrtp-i386-win32-vc14-release:null_cipher.obj
 0002:0000da84       _srtp_null_cipher_test_0   00431a84     libsrtp-i386-win32-vc14-release:null_cipher.obj
 0002:0000db3c       _srtp_aes_icm_128_description 00431b3c     libsrtp-i386-win32-vc14-release:aes_icm.obj
 0002:0000db5c       _srtp_aes_icm_256_description 00431b5c     libsrtp-i386-win32-vc14-release:aes_icm.obj
 0002:0000db7c       _srtp_aes_icm_128_test_case_0_key 00431b7c     libsrtp-i386-win32-vc14-release:aes_icm.obj
 0002:0000db9c       _srtp_aes_icm_128_test_case_0_plaintext 00431b9c     libsrtp-i386-win32-vc14-release:aes_icm.obj
 0002:0000dbbc       _srtp_aes_icm_128_test_case_0_ciphertext 00431bbc     libsrtp-i386-win32-vc14-release:aes_icm.obj
 0002:0000dbdc       _srtp_aes_icm_128_test_case_0 00431bdc     libsrtp-i386-win32-vc14-release:aes_icm.obj
 0002:0000dc08       _srtp_aes_icm_256_test_case_0_key 00431c08     libsrtp-i386-win32-vc14-release:aes_icm.obj
 0002:0000dc38       _srtp_aes_icm_256_test_case_0_plaintext 00431c38     libsrtp-i386-win32-vc14-release:aes_icm.obj
 0002:0000dc58       _srtp_aes_icm_256_test_case_0_ciphertext 00431c58     libsrtp-i386-win32-vc14-release:aes_icm.obj
 0002:0000dc78       _srtp_aes_icm_256_test_case_0 00431c78     libsrtp-i386-win32-vc14-release:aes_icm.obj
 0002:0000dd90       _srtp_null_auth_test_case_0 00431d90     libsrtp-i386-win32-vc14-release:null_auth.obj
 0002:0000ddac       _srtp_null_auth_description 00431dac     libsrtp-i386-win32-vc14-release:null_auth.obj
 0002:0000de48       _srtp_hmac_test_case_0_key 00431e48     libsrtp-i386-win32-vc14-release:hmac.obj
 0002:0000de5c       _srtp_hmac_test_case_0_data 00431e5c     libsrtp-i386-win32-vc14-release:hmac.obj
 0002:0000de64       _srtp_hmac_test_case_0_tag 00431e64     libsrtp-i386-win32-vc14-release:hmac.obj
 0002:0000de78       _srtp_hmac_test_case_0     00431e78     libsrtp-i386-win32-vc14-release:hmac.obj
 0002:0000de94       _srtp_hmac_description     00431e94     libsrtp-i386-win32-vc14-release:hmac.obj
 0002:0000df00       _T0                        00431f00     libsrtp-i386-win32-vc14-release:aes.obj
 0002:0000e300       _T1                        00432300     libsrtp-i386-win32-vc14-release:aes.obj
 0002:0000e700       _T2                        00432700     libsrtp-i386-win32-vc14-release:aes.obj
 0002:0000eb00       _T3                        00432b00     libsrtp-i386-win32-vc14-release:aes.obj
 0002:0000ef00       _U0                        00432f00     libsrtp-i386-win32-vc14-release:aes.obj
 0002:0000f300       _U1                        00433300     libsrtp-i386-win32-vc14-release:aes.obj
 0002:0000f700       _U2                        00433700     libsrtp-i386-win32-vc14-release:aes.obj
 0002:0000fb00       _U3                        00433b00     libsrtp-i386-win32-vc14-release:aes.obj
 0002:0000ff00       _aes_sbox                  00433f00     libsrtp-i386-win32-vc14-release:aes.obj
 0002:00010000       _aes_inv_sbox              00434000     libsrtp-i386-win32-vc14-release:aes.obj
 0002:000101b0       _GS_ExceptionPointers      004341b0     MSVCRT:gs_report.obj
 0002:000101c0       _Int32ToUInt32             004341c0     MSVCRT:ftol3.obj
 0002:000101c8       _DP2to32                   004341c8     MSVCRT:ftol3.obj
 0002:000101d0       _MantissaMask              004341d0     MSVCRT:ftol3.obj
 0002:000101d8       _IntegerBit                004341d8     MSVCRT:ftol3.obj
 0002:000101e0       _SignBit64                 004341e0     MSVCRT:ftol3.obj
 0002:000101e8       _MinFP64                   004341e8     MSVCRT:ftol3.obj
 0002:000101f0       _MinInt64                  004341f0     MSVCRT:ftol3.obj
 0002:000101f8       _MaxInt64                  004341f8     MSVCRT:ftol3.obj
 0002:00010200       _MaxUInt64                 00434200     MSVCRT:ftol3.obj
 0002:00010208       _MaxFP32                   00434208     MSVCRT:ftol3.obj
 0002:00010210       _MinFP32                   00434210     MSVCRT:ftol3.obj
 0002:00010218       _MinSubInexact             00434218     MSVCRT:ftol3.obj
 0002:00010220       _FpExcptTable              00434220     MSVCRT:ftol3.obj
 0002:00010230       _i1075                     00434230     MSVCRT:ftol3.obj
 0002:00010234       _i1087                     00434234     MSVCRT:ftol3.obj
 0002:00010238       _x0800                     00434238     MSVCRT:ftol3.obj
 0002:0001023c       _x17FF                     0043423c     MSVCRT:ftol3.obj
 0002:00010240       _CWMask                    00434240     MSVCRT:ftol3.obj
 0002:00010560       __sehtable$?__scrt_common_main_seh@@YAHXZ 00434560     MSVCRT:exe_main.obj
 0002:00010580       __sehtable$___scrt_is_nonwritable_in_current_image 00434580     MSVCRT:utility.obj
 0002:00010928       .idata$6                   00434928     ole32:ole32.dll
 0002:00010932       .idata$6                   00434932     ws2_32:WS2_32.dll
 0002:00010afe       .idata$6                   00434afe     winmm:WINMM.dll
 0002:00010e70       .idata$6                   00434e70     kernel32:KERNEL32.dll
 0002:00010eca       .idata$6                   00434eca     vcruntime:VCRUNTIME140.dll
 0002:0001122a       .idata$6                   0043522a     ucrt:api-ms-win-crt-stdio-l1-1-0.dll
 0002:0001124a       .idata$6                   0043524a     ucrt:api-ms-win-crt-convert-l1-1-0.dll
 0002:0001126c       .idata$6                   0043526c     ucrt:api-ms-win-crt-string-l1-1-0.dll
 0002:0001128e       .idata$6                   0043528e     ucrt:api-ms-win-crt-math-l1-1-0.dll
 0002:000112ae       .idata$6                   004352ae     ucrt:api-ms-win-crt-heap-l1-1-0.dll
 0002:000112ce       .idata$6                   004352ce     ucrt:api-ms-win-crt-utility-l1-1-0.dll
 0002:000112f0       .idata$6                   004352f0     ucrt:api-ms-win-crt-runtime-l1-1-0.dll
 0002:00011312       .idata$6                   00435312     ucrt:api-ms-win-crt-locale-l1-1-0.dll
 0003:00000000       $SG24747                   00436000     aectest.obj
 0003:000004f4       _desc                      004364f4     aectest.obj
 0003:000004f8       $SG24761                   004364f8     aectest.obj
 0003:00000500       $SG24835                   00436500     aectest.obj
 0003:0000050c       $SG24838                   0043650c     aectest.obj
 0003:0000051c       $SG24846                   0043651c     aectest.obj
 0003:00000530       $SG24849                   00436530     aectest.obj
 0003:00000548       $SG24852                   00436548     aectest.obj
 0003:00000564       $SG24855                   00436564     aectest.obj
 0003:00000568       $SG24857                   00436568     aectest.obj
 0003:00000588       $SG24858                   00436588     aectest.obj
 0003:00000594       $SG24860                   00436594     aectest.obj
 0003:000005b4       $SG24861                   004365b4     aectest.obj
 0003:000005c0       $SG24863                   004365c0     aectest.obj
 0003:000005ec       $SG24865                   004365ec     aectest.obj
 0003:00000618       $SG24867                   00436618     aectest.obj
 0003:00000638       $SG24868                   00436638     aectest.obj
 0003:00000644       $SG24870                   00436644     aectest.obj
 0003:00000658       $SG24871                   00436658     aectest.obj
 0003:00000664       $SG24875                   00436664     aectest.obj
 0003:00000680       $SG24876                   00436680     aectest.obj
 0003:0000068c       $SG24878                   0043668c     aectest.obj
 0003:000006a4       $SG24879                   004366a4     aectest.obj
 0003:000006b0       $SG24884                   004366b0     aectest.obj
 0003:000006c0       _stream_op                 004366c0     pjmedia-audiodev-i386-win32-vc14-release:wmme_dev.obj
 0003:000006d8       _factory_op                004366d8     pjmedia-audiodev-i386-win32-vc14-release:wmme_dev.obj
 0003:000006f4       _echo_supp_op              004366f4     pjmedia-i386-win32-vc14-release:echo_common.obj
 0003:00000710       _speex_aec_op              00436710     pjmedia-i386-win32-vc14-release:echo_common.obj
 0003:00000738       _cap_infos                 00436738     pjmedia-i386-win32-vc14-release:audiodev.obj
 0003:000007a8       _crypto_suites             004367a8     pjmedia-i386-win32-vc14-release:transport_srtp.obj
 0003:00000884       _transport_srtp_op         00436884     pjmedia-i386-win32-vc14-release:transport_srtp.obj
 0003:000008b8       ?liberr@?1??get_libsrtp_errstr@@9@9 004368b8     pjmedia-i386-win32-vc14-release:transport_srtp.obj
 0003:0000091c       _sdes_op                   0043691c     pjmedia-i386-win32-vc14-release:transport_srtp.obj
 0003:00000958       _thread_tls_id             00436958     pjlib-i386-win32-vc14-release:os_core_win32.obj
 0003:00000960       _pool_sizes                00436960     pjlib-i386-win32-vc14-release:pool_caching.obj
 0003:000009a0       _pj_log_max_level          004369a0     pjlib-i386-win32-vc14-release:log.obj
 0003:000009a4       _thread_suspended_tls_id   004369a4     pjlib-i386-win32-vc14-release:log.obj
 0003:000009a8       _thread_indent_tls_id      004369a8     pjlib-i386-win32-vc14-release:log.obj
 0003:000009ac       _log_writer                004369ac     pjlib-i386-win32-vc14-release:log.obj
 0003:000009b0       _log_decor                 004369b0     pjlib-i386-win32-vc14-release:log.obj
 0003:000009b4       _PJ_LOG_COLOR_0            004369b4     pjlib-i386-win32-vc14-release:log.obj
 0003:000009b8       _PJ_LOG_COLOR_1            004369b8     pjlib-i386-win32-vc14-release:log.obj
 0003:000009bc       _PJ_LOG_COLOR_2            004369bc     pjlib-i386-win32-vc14-release:log.obj
 0003:000009c0       _PJ_LOG_COLOR_3            004369c0     pjlib-i386-win32-vc14-release:log.obj
 0003:000009c4       _PJ_LOG_COLOR_4            004369c4     pjlib-i386-win32-vc14-release:log.obj
 0003:000009c8       _PJ_LOG_COLOR_5            004369c8     pjlib-i386-win32-vc14-release:log.obj
 0003:000009cc       _PJ_LOG_COLOR_6            004369cc     pjlib-i386-win32-vc14-release:log.obj
 0003:000009d0       _PJ_LOG_COLOR_77           004369d0     pjlib-i386-win32-vc14-release:log.obj
 0003:000009d4       ?ltexts@?2??pj_log@@9@9    004369d4     pjlib-i386-win32-vc14-release:log.obj
 0003:000009f0       ?wdays@?3??pj_log@@9@9     004369f0     pjlib-i386-win32-vc14-release:log.obj
 0003:00000a1c       _mutex_lock_template       00436a1c     pjlib-i386-win32-vc14-release:lock.obj
 0003:00000a30       _null_lock_template        00436a30     pjlib-i386-win32-vc14-release:lock.obj
 0003:00000a44       _sem_lock_template         00436a44     pjlib-i386-win32-vc14-release:lock.obj
 0003:00000a58       _thread_local_id           00436a58     pjlib-i386-win32-vc14-release:except.obj
 0003:00000a5c       ?hex@?1??hex2digit@@9@9    00436a5c     pjlib-i386-win32-vc14-release:guid_win32.obj
 0003:00000a70       _id                        00436a70     pjlib-i386-win32-vc14-release:config.obj
 0003:00000a74       _tls                       00436a74     pjlib-i386-win32-vc14-release:pool_buf.obj
 0003:00000a78       ?ntryh@?1??drfti1@@9@9     00436a78     libspeex-i386-win32-vc14-release:smallft.obj
 0003:00000a88       ?tpi@?1??drfti1@@9@9       00436a88     libspeex-i386-win32-vc14-release:smallft.obj
 0003:00000a8c       ?hsqt2@?1??dradf4@@9@9     00436a8c     libspeex-i386-win32-vc14-release:smallft.obj
 0003:00000a90       ?tpi@?1??dradfg@@9@9       00436a90     libspeex-i386-win32-vc14-release:smallft.obj
 0003:00000a94       ?taur@?1??dradb3@@9@9      00436a94     libspeex-i386-win32-vc14-release:smallft.obj
 0003:00000a98       ?taui@?1??dradb3@@9@9      00436a98     libspeex-i386-win32-vc14-release:smallft.obj
 0003:00000a9c       ?sqrt2@?1??dradb4@@9@9     00436a9c     libspeex-i386-win32-vc14-release:smallft.obj
 0003:00000aa0       ?tpi@?1??dradbg@@9@9       00436aa0     libspeex-i386-win32-vc14-release:smallft.obj
 0003:00000aac       _srtp_event_handler        00436aac     libsrtp-i386-win32-vc14-release:srtp.obj
 0003:00000f60       ?name@?1??get_fmt_name@@9@9 00436f60     pjmedia-audiodev-i386-win32-vc14-release:wmme_dev.obj
 0003:00000f68       ?rec_cnt@?1??wmme_dev_thread@@9@9 00436f68     pjmedia-audiodev-i386-win32-vc14-release:wmme_dev.obj
 0003:00000f6c       ?play_cnt@?1??wmme_dev_thread@@9@9 00436f6c     pjmedia-audiodev-i386-win32-vc14-release:wmme_dev.obj
 0003:00000f70       _aud_subsys                00436f70     pjmedia-i386-win32-vc14-release:audiodev.obj
 0003:00001440       _event_manager_instance    00437440     pjmedia-i386-win32-vc14-release:event.obj
 0003:00001448       ?ev_queue@?9??pjmedia_event_publish@@9@9 00437448     pjmedia-i386-win32-vc14-release:event.obj
 0003:00001858       _is_initialized            00437858     pjmedia-i386-win32-vc14-release:sdp.obj
 0003:00001860       _cis_buf                   00437860     pjmedia-i386-win32-vc14-release:sdp.obj
 0003:00001c64       _cs_digit                  00437c64     pjmedia-i386-win32-vc14-release:sdp.obj
 0003:00001c6c       _cs_token                  00437c6c     pjmedia-i386-win32-vc14-release:sdp.obj
 0003:00001c74       ?msg@?3??get_libsrtp_errstr@@9@9 00437c74     pjmedia-i386-win32-vc14-release:transport_srtp.obj
 0003:00001c94       _libsrtp_initialized       00437c94     pjmedia-i386-win32-vc14-release:transport_srtp.obj
 0003:00001c9c       ___getopt_initialized      00437c9c     pjlib-util-i386-win32-vc14-release:getopt.obj
 0003:00001ca0       _nextchar                  00437ca0     pjlib-util-i386-win32-vc14-release:getopt.obj
 0003:00001ca4       _ordering                  00437ca4     pjlib-util-i386-win32-vc14-release:getopt.obj
 0003:00001ca8       _posixly_correct           00437ca8     pjlib-util-i386-win32-vc14-release:getopt.obj
 0003:00001cac       _first_nonopt              00437cac     pjlib-util-i386-win32-vc14-release:getopt.obj
 0003:00001cb0       _last_nonopt               00437cb0     pjlib-util-i386-win32-vc14-release:getopt.obj
 0003:00001cb8       _initialized               00437cb8     pjlib-i386-win32-vc14-release:os_core_win32.obj
 0003:00001cbc       _atexit_count              00437cbc     pjlib-i386-win32-vc14-release:os_core_win32.obj
 0003:00001cc0       _main_thread               00437cc0     pjlib-i386-win32-vc14-release:os_core_win32.obj
 0003:00001dc0       _critical_section_mutex    00437dc0     pjlib-i386-win32-vc14-release:os_core_win32.obj
 0003:00001df8       _atexit_func               00437df8     pjlib-i386-win32-vc14-release:os_core_win32.obj
 0003:00001e78       _err_msg_hnd_cnt           00437e78     pjlib-i386-win32-vc14-release:errno.obj
 0003:00001e80       _err_msg_hnd               00437e80     pjlib-i386-win32-vc14-release:errno.obj
 0003:00001ef8       _g_last_thread             00437ef8     pjlib-i386-win32-vc14-release:log.obj
 0003:00001f00       _base_time                 00437f00     pjlib-i386-win32-vc14-release:os_time_win32.obj
 0003:00001f08       ?buf@?1??pj_gethostname@@9@9 00437f08     pjlib-i386-win32-vc14-release:sock_bsd.obj
 0003:00001f88       ?hostname@?1??pj_gethostname@@9@9 00437f88     pjlib-i386-win32-vc14-release:sock_bsd.obj
 0003:00001f90       _exception_id_names        00437f90     pjlib-i386-win32-vc14-release:except.obj
 0003:00001fd0       ?unknown_name@?1??pj_exception_id_name@@9@9 00437fd0     pjlib-i386-win32-vc14-release:except.obj
 0003:00001ff0       _stack_based_factory       00437ff0     pjlib-i386-win32-vc14-release:pool_buf.obj
 0003:00002014       _is_initialized            00438014     pjlib-i386-win32-vc14-release:pool_buf.obj
 0003:00002018       _s_hDLL                    00438018     pjlib-i386-win32-vc14-release:ip_helper_win32.obj
 0003:0000201c       _s_pfnGetIpAddrTable       0043801c     pjlib-i386-win32-vc14-release:ip_helper_win32.obj
 0003:00002020       _s_pfnGetAdapterAddresses  00438020     pjlib-i386-win32-vc14-release:ip_helper_win32.obj
 0003:00002024       _s_pfnGetIpForwardTable    00438024     pjlib-i386-win32-vc14-release:ip_helper_win32.obj
 0003:00002028       _s_pfnGetIfEntry           00438028     pjlib-i386-win32-vc14-release:ip_helper_win32.obj
 0003:0000202c       _srtp_log_handler          0043802c     libsrtp-i386-win32-vc14-release:srtp.obj
 0003:00002030       _srtp_log_handler_data     00438030     libsrtp-i386-win32-vc14-release:srtp.obj
 0003:00002048       _srtp_aes_icm_128_test_case_0_nonce 00438048     libsrtp-i386-win32-vc14-release:aes_icm.obj
 0003:00002058       _srtp_aes_icm_256_test_case_0_nonce 00438058     libsrtp-i386-win32-vc14-release:aes_icm.obj
 0003:00002068       _GS_ExceptionRecord        00438068     MSVCRT:gs_report.obj
 0003:000020b8       _GS_ContextRecord          004380b8     MSVCRT:gs_report.obj
 0003:0000238c       ?is_initialized_as_dll@@3_NA 0043838c     MSVCRT:utility.obj
 0003:0000238d       ?module_local_atexit_table_initialized@@3_NA 0043838d     MSVCRT:utility.obj
 0003:00002390       ?module_local_atexit_table@@3U_onexit_table_t@@A 00438390     MSVCRT:utility.obj
 0003:0000239c       ?module_local_at_quick_exit_table@@3U_onexit_table_t@@A 0043839c     MSVCRT:utility.obj
 0004:00000000       _static_const_table        00439000     MSVCRT:svml_dcos2_sse2.obj
 0004:00000200       __e02PI                    00439200     MSVCRT:svml_dtrig.obj
 0004:000003a0       __e04PI                    004393a0     MSVCRT:svml_dtrig.obj
 0004:00000530       _2il0floatpacket_2         00439530     MSVCRT:svml_dtrig.obj
 0004:00000540       _2il0floatpacket_9         00439540     MSVCRT:svml_dtrig.obj
 0004:00000550       _2il0floatpacket_12        00439550     MSVCRT:svml_dtrig.obj
 0004:00000560       __dPI02                    00439560     MSVCRT:svml_dtrig.obj
 0004:00000570       __d02PI                    00439570     MSVCRT:svml_dtrig.obj
 0004:00000580       __DP4                      00439580     MSVCRT:svml_dtrig.obj
 0004:000005a0       __dPI04                    004395a0     MSVCRT:svml_dtrig.obj
 0004:000005b0       __d04PI                    004395b0     MSVCRT:svml_dtrig.obj
 0004:000005c0       __QP4                      004395c0     MSVCRT:svml_dtrig.obj
