 aviplay

 Timestamp is 5dc90837 (Mon Nov 11 14:05:27 2019)

 Preferred load address is 00400000

 Start         Length     Name                   Class
 0001:00000000 00002e19H .text$mn                CODE
 0002:00000000 00000114H .idata$5                DATA
 0002:00000114 00000004H .00cfg                  DATA
 0002:00000118 00000004H .CRT$XCA                DATA
 0002:0000011c 00000004H .CRT$XCAA               DATA
 0002:00000120 00000004H .CRT$XCZ                DATA
 0002:00000124 00000004H .CRT$XIA                DATA
 0002:00000128 00000004H .CRT$XIAA               DATA
 0002:0000012c 00000004H .CRT$XIAC               DATA
 0002:00000130 00000004H .CRT$XIZ                DATA
 0002:00000134 00000004H .CRT$XPA                DATA
 0002:00000138 00000004H .CRT$XPZ                DATA
 0002:0000013c 00000004H .CRT$XTA                DATA
 0002:00000140 00000010H .CRT$XTZ                DATA
 0002:00000144 00000000H .gfids$y                DATA
 0002:00000150 000011d0H .rdata                  DATA
 0002:00001320 00000004H .rdata$sxdata           DATA
 0002:00001324 0000022cH .rdata$zzzdbg           DATA
 0002:00001550 00000004H .rtc$IAA                DATA
 0002:00001554 00000004H .rtc$IZZ                DATA
 0002:00001558 00000004H .rtc$TAA                DATA
 0002:0000155c 00000004H .rtc$TZZ                DATA
 0002:00001560 0000003cH .xdata$x                DATA
 0002:0000159c 00000000H .edata                  DATA
 0002:0000159c 000000b4H .idata$2                DATA
 0002:00001650 00000014H .idata$3                DATA
 0002:00001664 00000114H .idata$4                DATA
 0002:00001778 000005a8H .idata$6                DATA
 0003:00000000 00000278H .data                   DATA
 0003:00000278 000006c0H .bss                    DATA

  Address         Publics by Value              Rva+Base       Lib:Object

 0000:00000000       ___guard_iat_count         00000000     <absolute>
 0000:00000000       ___guard_longjmp_table     00000000     <absolute>
 0000:00000000       ___hybrid_code_map_count   00000000     <absolute>
 0000:00000000       ___dynamic_value_reloc_table 00000000     <absolute>
 0000:00000000       ___guard_longjmp_count     00000000     <absolute>
 0000:00000000       ___guard_fids_table        00000000     <absolute>
 0000:00000000       ___hybrid_code_map         00000000     <absolute>
 0000:00000000       ___guard_fids_count        00000000     <absolute>
 0000:00000000       ___guard_iat_table         00000000     <absolute>
 0000:00000000       ___hybrid_auxiliary_iat    00000000     <absolute>
 0000:00000000       ___enclave_config          00000000     <absolute>
 0000:00000000       ___volatile_metadata       00000000     <absolute>
 0000:00000001       ___safe_se_handler_count   00000001     <absolute>
 0000:00000100       ___guard_flags             00000100     <absolute>
 0000:00000000       ___ImageBase               00400000     <linker-defined>
 0001:00000000       _get_snd_options           00401000 f   aviplay.obj
 0001:000003f0       _dump_pool_usage           004013f0 f   aviplay.obj
 0001:00000460       _main                      00401460 f   aviplay.obj
 0001:00000d30       _pj_getopt_long            00401d30 f   pjlib-util-i386-win32-vc14-release:getopt.obj
 0001:00000d50       ___local_stdio_printf_options 00401d50 f i pjlib-i386-win32-vc14-release:pool.obj
 0001:00000d60       __snprintf                 00401d60 f i pjlib-i386-win32-vc14-release:pool.obj
 0001:00000da0       _pj_pool_get_capacity      00401da0 f   pjlib-i386-win32-vc14-release:pool.obj
 0001:00000db0       _pj_pool_get_used_size     00401db0 f   pjlib-i386-win32-vc14-release:pool.obj
 0001:00000de0       _pj_log                    00401de0 f   pjlib-i386-win32-vc14-release:log.obj
 0001:000012e0       _pj_log_3                  004022e0 f   pjlib-i386-win32-vc14-release:log.obj
 0001:00001300       _pj_log_get_color          00402300 f   pjlib-i386-win32-vc14-release:log.obj
 0001:00001370       _pj_log_get_decor          00402370 f   pjlib-i386-win32-vc14-release:log.obj
 0001:00001380       _pj_log_get_level          00402380 f   pjlib-i386-win32-vc14-release:log.obj
 0001:00001390       _pj_mutex_destroy          00402390 f   pjlib-i386-win32-vc14-release:os_core_win32.obj
 0001:00001400       _pj_mutex_lock             00402400 f   pjlib-i386-win32-vc14-release:os_core_win32.obj
 0001:00001470       _pj_mutex_trylock          00402470 f   pjlib-i386-win32-vc14-release:os_core_win32.obj
 0001:000014f0       _pj_mutex_unlock           004024f0 f   pjlib-i386-win32-vc14-release:os_core_win32.obj
 0001:00001560       _pj_sem_destroy            00402560 f   pjlib-i386-win32-vc14-release:os_core_win32.obj
 0001:000015f0       _pj_sem_post               004025f0 f   pjlib-i386-win32-vc14-release:os_core_win32.obj
 0001:00001690       _pj_sem_trywait            00402690 f   pjlib-i386-win32-vc14-release:os_core_win32.obj
 0001:000016f0       _pj_sem_wait               004026f0 f   pjlib-i386-win32-vc14-release:os_core_win32.obj
 0001:00001800       _pj_term_set_color         00402800 f   pjlib-i386-win32-vc14-release:os_core_win32.obj
 0001:000018d0       _pj_thread_check_stack     004028d0 f   pjlib-i386-win32-vc14-release:os_core_win32.obj
 0001:00001920       _pj_thread_get_name        00402920 f   pjlib-i386-win32-vc14-release:os_core_win32.obj
 0001:00001970       _pj_thread_local_get       00402970 f   pjlib-i386-win32-vc14-release:os_core_win32.obj
 0001:00001980       _pj_thread_local_set       00402980 f   pjlib-i386-win32-vc14-release:os_core_win32.obj
 0001:000019c0       _pj_thread_this            004029c0 f   pjlib-i386-win32-vc14-release:os_core_win32.obj
 0001:000019d0       _pj_log_write              004029d0 f   pjlib-i386-win32-vc14-release:log_writer_stdout.obj
 0001:00001a30       _printf                    00402a30 f i pjlib-i386-win32-vc14-release:log_writer_stdout.obj
 0001:00001a60       _pj_utoa                   00402a60 f   pjlib-i386-win32-vc14-release:string.obj
 0001:00001ae0       _pj_utoa_pad               00402ae0 f   pjlib-i386-win32-vc14-release:string.obj
 0001:00001b80       _pj_gettimeofday           00402b80 f   pjlib-i386-win32-vc14-release:os_time_win32.obj
 0001:00001c30       _pj_time_decode            00402c30 f   pjlib-i386-win32-vc14-release:os_time_win32.obj
 0001:00001ce0       ___scrt_initialize_winrt   00402ce0 f   MSVCRT:utility_desktop.obj
 0001:00001ce0       __get_startup_commit_mode  00402ce0 f   MSVCRT:commit_mode.obj
 0001:00001ce0       ___scrt_stub_for_initialize_mta 00402ce0 f   MSVCRT:utility_desktop.obj
 0001:00001ce0       __get_startup_thread_locale_mode 00402ce0 f   MSVCRT:thread_locale.obj
 0001:00001ce0       __get_startup_new_mode     00402ce0 f   MSVCRT:new_mode.obj
 0001:00001ce0       ___scrt_exe_initialize_mta 00402ce0 f   MSVCRT:utility_desktop.obj
 0001:00001ce0       __matherr                  00402ce0 f   MSVCRT:matherr.obj
 0001:00001ce3       @__security_check_cookie@4 00402ce3 f   MSVCRT:secchk.obj
 0001:00001f3b       _mainCRTStartup            00402f3b f   MSVCRT:exe_main.obj
 0001:00001f45       ___raise_securityfailure   00402f45 f   MSVCRT:gs_report.obj
 0001:00001f6d       ___report_gsfailure        00402f6d f   MSVCRT:gs_report.obj
 0001:00002066       ___report_rangecheckfailure 00403066 f   MSVCRT:gs_report.obj
 0001:00002072       ___report_securityfailure  00403072 f   MSVCRT:gs_report.obj
 0001:00002140       __alldiv                   00403140 f   MSVCRT:lldiv.obj
 0001:000021f0       __allmul                   004031f0 f   MSVCRT:llmul.obj
 0001:00002230       __ftoui3                   00403230 f   MSVCRT:ftol3.obj
 0001:0000223f       __ftoul3                   0040323f f   MSVCRT:ftol3.obj
 0001:0000224e       __ftol3                    0040324e f   MSVCRT:ftol3.obj
 0001:0000225b       __ftol3_NaN                0040325b f   MSVCRT:ftol3.obj
 0001:00002273       __ftol3_work               00403273 f   MSVCRT:ftol3.obj
 0001:000022f9       __ftol3_common             004032f9 f   MSVCRT:ftol3.obj
 0001:000023bb       __ftol3_arg_error          004033bb f   MSVCRT:ftol3.obj
 0001:000023cd       __ftol3_except             004033cd f   MSVCRT:ftol3.obj
 0001:00002411       __dtoui3                   00403411 f   MSVCRT:ftol3.obj
 0001:00002420       __dtoul3                   00403420 f   MSVCRT:ftol3.obj
 0001:0000242f       __dtol3                    0040342f f   MSVCRT:ftol3.obj
 0001:0000243c       __dtol3_NaN                0040343c f   MSVCRT:ftol3.obj
 0001:00002459       __dtol3_work               00403459 f   MSVCRT:ftol3.obj
 0001:00002540       __ultod3                   00403540 f   MSVCRT:ftol3.obj
 0001:00002580       __ltod3                    00403580 f   MSVCRT:ftol3.obj
 0001:000025eb       ___scrt_acquire_startup_lock 004035eb f   MSVCRT:utility.obj
 0001:0000261d       ___scrt_initialize_crt     0040361d f   MSVCRT:utility.obj
 0001:00002656       ___scrt_initialize_onexit_tables 00403656 f   MSVCRT:utility.obj
 0001:000026fb       ___scrt_is_nonwritable_in_current_image 004036fb f   MSVCRT:utility.obj
 0001:0000278f       ___scrt_release_startup_lock 0040378f f   MSVCRT:utility.obj
 0001:000027ac       ___scrt_uninitialize_crt   004037ac f   MSVCRT:utility.obj
 0001:000027d4       __onexit                   004037d4 f   MSVCRT:utility.obj
 0001:0000280f       _atexit                    0040380f f   MSVCRT:utility.obj
 0001:00002871       ___security_init_cookie    00403871 f   MSVCRT:gs_support.obj
 0001:000028bc       __get_startup_argv_mode    004038bc f   MSVCRT:argv_mode.obj
 0001:000028c0       __get_startup_file_mode    004038c0 f   MSVCRT:file_mode.obj
 0001:000028c6       ?__scrt_initialize_type_info@@YAXXZ 004038c6 f   MSVCRT:tncleanup.obj
 0001:000028d2       ___acrt_uninitialize       004038d2 f   MSVCRT:ucrt_stubs.obj
 0001:000028d2       ___scrt_stub_for_acrt_uninitialize 004038d2 f   MSVCRT:ucrt_stubs.obj
 0001:000028d2       ___vcrt_uninitialize       004038d2 f   MSVCRT:ucrt_stubs.obj
 0001:000028d2       ___scrt_stub_for_acrt_initialize 004038d2 f   MSVCRT:ucrt_stubs.obj
 0001:000028d2       ___vcrt_initialize         004038d2 f   MSVCRT:ucrt_stubs.obj
 0001:000028d2       __should_initialize_environment 004038d2 f   MSVCRT:env_mode.obj
 0001:000028d2       ___acrt_initialize         004038d2 f   MSVCRT:ucrt_stubs.obj
 0001:000028d5       __initialize_default_precision 004038d5 f   MSVCRT:default_precision.obj
 0001:000028f6       __initialize_denormal_control 004038f6 f   MSVCRT:denormal_control.obj
 0001:000028f6       @_guard_check_icall_nop@4  004038f6 f   MSVCRT:guard_support.obj
 0001:000028f6       __initialize_invalid_parameter_handler 004038f6 f   MSVCRT:invalid_parameter_handler.obj
 0001:000028f7       ___local_stdio_scanf_options 004038f7 f i MSVCRT:default_local_stdio_options.obj
 0001:000028fd       ___scrt_initialize_default_local_stdio_options 004038fd f   MSVCRT:default_local_stdio_options.obj
 0001:0000291a       ___scrt_is_user_matherr_present 0040391a f   MSVCRT:matherr_detection.obj
 0001:00002926       ___scrt_get_dyn_tls_init_callback 00403926 f   MSVCRT:dyn_tls_init.obj
 0001:0000292c       ___scrt_get_dyn_tls_dtor_callback 0040392c f   MSVCRT:dyn_tls_dtor.obj
 0001:00002932       ___scrt_fastfail           00403932 f   MSVCRT:utility_desktop.obj
 0001:00002a4c       ___scrt_initialize_mta     00403a4c f   MSVCRT:utility_desktop.obj
 0001:00002a51       ___scrt_is_managed_app     00403a51 f   MSVCRT:utility_desktop.obj
 0001:00002a94       ___scrt_set_unhandled_exception_filter 00403a94 f   MSVCRT:utility_desktop.obj
 0001:00002aa0       ___scrt_unhandled_exception_filter@4 00403aa0 f   MSVCRT:utility_desktop.obj
 0001:00002ae1       __crt_debugger_hook        00403ae1 f   MSVCRT:utility_desktop.obj
 0001:00002ae9       __RTC_Initialize           00403ae9 f   MSVCRT:initsect.obj
 0001:00002b15       __RTC_Terminate            00403b15 f   MSVCRT:initsect.obj
 0001:00002b50       __SEH_prolog4              00403b50 f   MSVCRT:sehprolg4.obj
 0001:00002b96       __SEH_epilog4              00403b96 f   MSVCRT:sehprolg4.obj
 0001:00002bab       __except_handler4          00403bab f   MSVCRT:chandler4gs.obj
 0001:00002bce       ___isa_available_init      00403bce f   MSVCRT:cpu_disp.obj
 0001:00002d65       ___scrt_is_ucrt_dll_in_use 00403d65 f   MSVCRT:ucrt_detection.obj
 0001:00002d71       _IsProcessorFeaturePresent@4 00403d71 f   kernel32:KERNEL32.dll
 0001:00002d77       _memset                    00403d77 f   vcruntime:VCRUNTIME140.dll
 0001:00002d7d       __except_handler4_common   00403d7d f   vcruntime:VCRUNTIME140.dll
 0001:00002d83       __seh_filter_exe           00403d83 f   ucrt:api-ms-win-crt-runtime-l1-1-0.dll
 0001:00002d89       __set_app_type             00403d89 f   ucrt:api-ms-win-crt-runtime-l1-1-0.dll
 0001:00002d8f       ___setusermatherr          00403d8f f   ucrt:api-ms-win-crt-math-l1-1-0.dll
 0001:00002d95       __configure_narrow_argv    00403d95 f   ucrt:api-ms-win-crt-runtime-l1-1-0.dll
 0001:00002d9b       __initialize_narrow_environment 00403d9b f   ucrt:api-ms-win-crt-runtime-l1-1-0.dll
 0001:00002da1       __get_initial_narrow_environment 00403da1 f   ucrt:api-ms-win-crt-runtime-l1-1-0.dll
 0001:00002da7       __initterm                 00403da7 f   ucrt:api-ms-win-crt-runtime-l1-1-0.dll
 0001:00002dad       __initterm_e               00403dad f   ucrt:api-ms-win-crt-runtime-l1-1-0.dll
 0001:00002db3       _exit                      00403db3 f   ucrt:api-ms-win-crt-runtime-l1-1-0.dll
 0001:00002db9       __exit                     00403db9 f   ucrt:api-ms-win-crt-runtime-l1-1-0.dll
 0001:00002dbf       __set_fmode                00403dbf f   ucrt:api-ms-win-crt-stdio-l1-1-0.dll
 0001:00002dc5       ___p___argc                00403dc5 f   ucrt:api-ms-win-crt-runtime-l1-1-0.dll
 0001:00002dcb       ___p___argv                00403dcb f   ucrt:api-ms-win-crt-runtime-l1-1-0.dll
 0001:00002dd1       __cexit                    00403dd1 f   ucrt:api-ms-win-crt-runtime-l1-1-0.dll
 0001:00002dd7       __c_exit                   00403dd7 f   ucrt:api-ms-win-crt-runtime-l1-1-0.dll
 0001:00002ddd       __register_thread_local_exe_atexit_callback 00403ddd f   ucrt:api-ms-win-crt-runtime-l1-1-0.dll
 0001:00002de3       __configthreadlocale       00403de3 f   ucrt:api-ms-win-crt-locale-l1-1-0.dll
 0001:00002de9       __set_new_mode             00403de9 f   ucrt:api-ms-win-crt-heap-l1-1-0.dll
 0001:00002def       ___p__commode              00403def f   ucrt:api-ms-win-crt-stdio-l1-1-0.dll
 0001:00002df5       __except1                  00403df5 f   ucrt:api-ms-win-crt-math-l1-1-0.dll
 0001:00002dfb       __initialize_onexit_table  00403dfb f   ucrt:api-ms-win-crt-runtime-l1-1-0.dll
 0001:00002e01       __register_onexit_function 00403e01 f   ucrt:api-ms-win-crt-runtime-l1-1-0.dll
 0001:00002e07       __crt_atexit               00403e07 f   ucrt:api-ms-win-crt-runtime-l1-1-0.dll
 0001:00002e0d       __controlfp_s              00403e0d f   ucrt:api-ms-win-crt-runtime-l1-1-0.dll
 0001:00002e13       _terminate                 00403e13 f   ucrt:api-ms-win-crt-runtime-l1-1-0.dll
 0002:00000000       __imp__GetModuleHandleW@4  00404000     kernel32:KERNEL32.dll
 0002:00000004       __imp__IsDebuggerPresent@0 00404004     kernel32:KERNEL32.dll
 0002:00000008       __imp__InitializeSListHead@4 00404008     kernel32:KERNEL32.dll
 0002:0000000c       __imp__GetSystemTimeAsFileTime@4 0040400c     kernel32:KERNEL32.dll
 0002:00000010       __imp__IsProcessorFeaturePresent@4 00404010     kernel32:KERNEL32.dll
 0002:00000014       __imp__TerminateProcess@8  00404014     kernel32:KERNEL32.dll
 0002:00000018       __imp__GetCurrentProcess@0 00404018     kernel32:KERNEL32.dll
 0002:0000001c       __imp__SetUnhandledExceptionFilter@4 0040401c     kernel32:KERNEL32.dll
 0002:00000020       __imp__UnhandledExceptionFilter@4 00404020     kernel32:KERNEL32.dll
 0002:00000024       __imp__QueryPerformanceCounter@4 00404024     kernel32:KERNEL32.dll
 0002:00000028       __imp__SystemTimeToFileTime@8 00404028     kernel32:KERNEL32.dll
 0002:0000002c       __imp__FileTimeToSystemTime@8 0040402c     kernel32:KERNEL32.dll
 0002:00000030       __imp__GetLocalTime@4      00404030     kernel32:KERNEL32.dll
 0002:00000034       __imp__SetConsoleTextAttribute@8 00404034     kernel32:KERNEL32.dll
 0002:00000038       __imp__TlsSetValue@8       00404038     kernel32:KERNEL32.dll
 0002:0000003c       __imp__TlsGetValue@4       0040403c     kernel32:KERNEL32.dll
 0002:00000040       __imp__GetCurrentThreadId@0 00404040     kernel32:KERNEL32.dll
 0002:00000044       __imp__GetCurrentProcessId@0 00404044     kernel32:KERNEL32.dll
 0002:00000048       __imp__WaitForSingleObject@8 00404048     kernel32:KERNEL32.dll
 0002:0000004c       __imp__GetStdHandle@4      0040404c     kernel32:KERNEL32.dll
 0002:00000050       __imp__CloseHandle@4       00404050     kernel32:KERNEL32.dll
 0002:00000054       __imp__GetLastError@0      00404054     kernel32:KERNEL32.dll
 0002:00000058       __imp__EnterCriticalSection@4 00404058     kernel32:KERNEL32.dll
 0002:0000005c       __imp__LeaveCriticalSection@4 0040405c     kernel32:KERNEL32.dll
 0002:00000060       __imp__TryEnterCriticalSection@4 00404060     kernel32:KERNEL32.dll
 0002:00000064       __imp__DeleteCriticalSection@4 00404064     kernel32:KERNEL32.dll
 0002:00000068       __imp__ReleaseSemaphore@12 00404068     kernel32:KERNEL32.dll
 0002:0000006c       \177KERNEL32_NULL_THUNK_DATA 0040406c     kernel32:KERNEL32.dll
 0002:00000070       __imp__memset              00404070     vcruntime:VCRUNTIME140.dll
 0002:00000074       __imp___except_handler4_common 00404074     vcruntime:VCRUNTIME140.dll
 0002:00000078       \177VCRUNTIME140_NULL_THUNK_DATA 00404078     vcruntime:VCRUNTIME140.dll
 0002:0000007c       __imp__strtol              0040407c     ucrt:api-ms-win-crt-convert-l1-1-0.dll
 0002:00000080       \177api-ms-win-crt-convert-l1-1-0_NULL_THUNK_DATA 00404080     ucrt:api-ms-win-crt-convert-l1-1-0.dll
 0002:00000084       __imp___set_new_mode       00404084     ucrt:api-ms-win-crt-heap-l1-1-0.dll
 0002:00000088       \177api-ms-win-crt-heap-l1-1-0_NULL_THUNK_DATA 00404088     ucrt:api-ms-win-crt-heap-l1-1-0.dll
 0002:0000008c       __imp___configthreadlocale 0040408c     ucrt:api-ms-win-crt-locale-l1-1-0.dll
 0002:00000090       \177api-ms-win-crt-locale-l1-1-0_NULL_THUNK_DATA 00404090     ucrt:api-ms-win-crt-locale-l1-1-0.dll
 0002:00000094       __imp___except1            00404094     ucrt:api-ms-win-crt-math-l1-1-0.dll
 0002:00000098       __imp____setusermatherr    00404098     ucrt:api-ms-win-crt-math-l1-1-0.dll
 0002:0000009c       \177api-ms-win-crt-math-l1-1-0_NULL_THUNK_DATA 0040409c     ucrt:api-ms-win-crt-math-l1-1-0.dll
 0002:000000a0       __imp___register_onexit_function 004040a0     ucrt:api-ms-win-crt-runtime-l1-1-0.dll
 0002:000000a4       __imp___initialize_onexit_table 004040a4     ucrt:api-ms-win-crt-runtime-l1-1-0.dll
 0002:000000a8       __imp___crt_atexit         004040a8     ucrt:api-ms-win-crt-runtime-l1-1-0.dll
 0002:000000ac       __imp___controlfp_s        004040ac     ucrt:api-ms-win-crt-runtime-l1-1-0.dll
 0002:000000b0       __imp___seh_filter_exe     004040b0     ucrt:api-ms-win-crt-runtime-l1-1-0.dll
 0002:000000b4       __imp___set_app_type       004040b4     ucrt:api-ms-win-crt-runtime-l1-1-0.dll
 0002:000000b8       __imp__terminate           004040b8     ucrt:api-ms-win-crt-runtime-l1-1-0.dll
 0002:000000bc       __imp___configure_narrow_argv 004040bc     ucrt:api-ms-win-crt-runtime-l1-1-0.dll
 0002:000000c0       __imp___initialize_narrow_environment 004040c0     ucrt:api-ms-win-crt-runtime-l1-1-0.dll
 0002:000000c4       __imp___get_initial_narrow_environment 004040c4     ucrt:api-ms-win-crt-runtime-l1-1-0.dll
 0002:000000c8       __imp___initterm           004040c8     ucrt:api-ms-win-crt-runtime-l1-1-0.dll
 0002:000000cc       __imp___initterm_e         004040cc     ucrt:api-ms-win-crt-runtime-l1-1-0.dll
 0002:000000d0       __imp__exit                004040d0     ucrt:api-ms-win-crt-runtime-l1-1-0.dll
 0002:000000d4       __imp___exit               004040d4     ucrt:api-ms-win-crt-runtime-l1-1-0.dll
 0002:000000d8       __imp____p___argc          004040d8     ucrt:api-ms-win-crt-runtime-l1-1-0.dll
 0002:000000dc       __imp___register_thread_local_exe_atexit_callback 004040dc     ucrt:api-ms-win-crt-runtime-l1-1-0.dll
 0002:000000e0       __imp___cexit              004040e0     ucrt:api-ms-win-crt-runtime-l1-1-0.dll
 0002:000000e4       __imp___c_exit             004040e4     ucrt:api-ms-win-crt-runtime-l1-1-0.dll
 0002:000000e8       __imp____p___argv          004040e8     ucrt:api-ms-win-crt-runtime-l1-1-0.dll
 0002:000000ec       \177api-ms-win-crt-runtime-l1-1-0_NULL_THUNK_DATA 004040ec     ucrt:api-ms-win-crt-runtime-l1-1-0.dll
 0002:000000f0       __imp____p__commode        004040f0     ucrt:api-ms-win-crt-stdio-l1-1-0.dll
 0002:000000f4       __imp___set_fmode          004040f4     ucrt:api-ms-win-crt-stdio-l1-1-0.dll
 0002:000000f8       __imp____stdio_common_vsprintf 004040f8     ucrt:api-ms-win-crt-stdio-l1-1-0.dll
 0002:000000fc       __imp____acrt_iob_func     004040fc     ucrt:api-ms-win-crt-stdio-l1-1-0.dll
 0002:00000100       __imp____stdio_common_vfprintf 00404100     ucrt:api-ms-win-crt-stdio-l1-1-0.dll
 0002:00000104       __imp__puts                00404104     ucrt:api-ms-win-crt-stdio-l1-1-0.dll
 0002:00000108       \177api-ms-win-crt-stdio-l1-1-0_NULL_THUNK_DATA 00404108     ucrt:api-ms-win-crt-stdio-l1-1-0.dll
 0002:0000010c       __imp__strncmp             0040410c     ucrt:api-ms-win-crt-string-l1-1-0.dll
 0002:00000110       \177api-ms-win-crt-string-l1-1-0_NULL_THUNK_DATA 00404110     ucrt:api-ms-win-crt-string-l1-1-0.dll
 0002:00000114       ___guard_check_icall_fptr  00404114     MSVCRT:guard_support.obj
 0002:00000118       ___xc_a                    00404118     MSVCRT:initializers.obj
 0002:00000120       ___xc_z                    00404120     MSVCRT:initializers.obj
 0002:00000124       ___xi_a                    00404124     MSVCRT:initializers.obj
 0002:00000130       ___xi_z                    00404130     MSVCRT:initializers.obj
 0002:00000134       ___xp_a                    00404134     MSVCRT:initializers.obj
 0002:00000138       ___xp_z                    00404138     MSVCRT:initializers.obj
 0002:0000013c       ___xt_a                    0040413c     MSVCRT:initializers.obj
 0002:00000140       ___xt_z                    00404140     MSVCRT:initializers.obj
 0002:00000150       __xmm@00000000000000620000000000000001 00404150     aviplay.obj
 0002:00000160       ??_C@_02BAABKJLB@?9?9@     00404160     pjlib-util-i386-win32-vc14-release:getopt.obj
 0002:00000163       ??_C@_00CNPNBAHC@@         00404163     pjlib-util-i386-win32-vc14-release:getopt.obj
 0002:00000164       ??_C@_06DDFOEFIF@FATAL?3@  00404164     pjlib-i386-win32-vc14-release:log.obj
 0002:0000016c       ??_C@_06PONDCDME@ERROR?3@  0040416c     pjlib-i386-win32-vc14-release:log.obj
 0002:00000174       ??_C@_06OHJPOJDB@?5WARN?3@ 00404174     pjlib-i386-win32-vc14-release:log.obj
 0002:0000017c       ??_C@_06ICKKLHPE@?5INFO?3@ 0040417c     pjlib-i386-win32-vc14-release:log.obj
 0002:00000184       ??_C@_06DNOFLLB@DEBUG?3@   00404184     pjlib-i386-win32-vc14-release:log.obj
 0002:0000018c       ??_C@_06ELIFFDKB@TRACE?3@  0040418c     pjlib-i386-win32-vc14-release:log.obj
 0002:00000194       ??_C@_06HGKAKJPG@DETRC?3@  00404194     pjlib-i386-win32-vc14-release:log.obj
 0002:0000019c       ??_C@_03KOEHGMDN@Sun@      0040419c     pjlib-i386-win32-vc14-release:log.obj
 0002:000001a0       ??_C@_03PDAGKDH@Mon@       004041a0     pjlib-i386-win32-vc14-release:log.obj
 0002:000001a4       ??_C@_03NAGEINEP@Tue@      004041a4     pjlib-i386-win32-vc14-release:log.obj
 0002:000001a8       ??_C@_03MHOMLAJA@Wed@      004041a8     pjlib-i386-win32-vc14-release:log.obj
 0002:000001ac       ??_C@_03IOFIKPDN@Thu@      004041ac     pjlib-i386-win32-vc14-release:log.obj
 0002:000001b0       ??_C@_03IDIOELNC@Fri@      004041b0     pjlib-i386-win32-vc14-release:log.obj
 0002:000001b4       ??_C@_03FEFJNEK@Sat@       004041b4     pjlib-i386-win32-vc14-release:log.obj
 0002:000001b8       ??_C@_0GA@BCNKPLFK@e?3?2my_ended_projects?2client_ser@ 004041b8     pjlib-i386-win32-vc14-release:log.obj
 0002:00000218       ??_C@_0BO@BGMDCDKP@?$DMlogging?5error?3?5msg?5too?5long?$DO@ 00404218     pjlib-i386-win32-vc14-release:log.obj
 0002:00000238       ??_C@_0GK@OEPMDMLM@e?3?2my_ended_projects?2client_ser@ 00404238     pjlib-i386-win32-vc14-release:os_core_win32.obj
 0002:000002a8       ??_C@_0GO@PPMBLOMI@e?3?2my_ended_projects?2client_ser@ 004042a8     pjlib-i386-win32-vc14-release:log_writer_stdout.obj
 0002:00000318       ??_C@_02DKCKIIND@?$CFs@    00404318     pjlib-i386-win32-vc14-release:log_writer_stdout.obj
 0002:00000320       ??_C@_0GD@KHBENJCN@e?3?2my_ended_projects?2client_ser@ 00404320     pjlib-i386-win32-vc14-release:string.obj
 0002:00000384       _PJ_GUID_STRING_LENGTH     00404384     pjlib-i386-win32-vc14-release:guid_win32.obj
 0002:00000448       ??_C@_0BM@FLPPOGAG@Unknown?5Error?5?$CIPJ_EUNKNOWN?$CJ@ 00404448     pjlib-i386-win32-vc14-release:errno.obj
 0002:00000464       ??_C@_0CA@DCLOOJGD@Pending?5operation?5?$CIPJ_EPENDING?$CJ@ 00404464     pjlib-i386-win32-vc14-release:errno.obj
 0002:00000484       ??_C@_0CO@GABEOAFF@Too?5many?5connecting?5sockets?5?$CIPJ@ 00404484     pjlib-i386-win32-vc14-release:errno.obj
 0002:000004b4       ??_C@_0CG@CBCJBJGD@Invalid?5value?5or?5argument?5?$CIPJ_E@ 004044b4     pjlib-i386-win32-vc14-release:errno.obj
 0002:000004dc       ??_C@_0CA@GJABNEKD@Name?5too?5long?5?$CIPJ_ENAMETOOLONG?$CJ@ 004044dc     pjlib-i386-win32-vc14-release:errno.obj
 0002:000004fc       ??_C@_0BJ@JNKLPII@Not?5found?5?$CIPJ_ENOTFOUND?$CJ@ 004044fc     pjlib-i386-win32-vc14-release:errno.obj
 0002:00000518       ??_C@_0BO@GOLCMJKK@Not?5enough?5memory?5?$CIPJ_ENOMEM?$CJ@ 00404518     pjlib-i386-win32-vc14-release:errno.obj
 0002:00000538       ??_C@_0BI@HHGDCAID@BUG?5DETECTED?$CB?5?$CIPJ_EBUG?$CJ@ 00404538     pjlib-i386-win32-vc14-release:errno.obj
 0002:00000550       ??_C@_0CD@JOGIDHPJ@Operation?5timed?5out?5?$CIPJ_ETIMEDO@ 00404550     pjlib-i386-win32-vc14-release:errno.obj
 0002:00000574       ??_C@_0DF@MIFNAIHL@Too?5many?5objects?5of?5the?5specifi@ 00404574     pjlib-i386-win32-vc14-release:errno.obj
 0002:000005ac       ??_C@_0BK@OMPILOH@Object?5is?5busy?5?$CIPJ_EBUSY?$CJ@ 004045ac     pjlib-i386-win32-vc14-release:errno.obj
 0002:000005c8       ??_C@_0CP@BAIBJOJE@Option?1operation?5is?5not?5support@ 004045c8     pjlib-i386-win32-vc14-release:errno.obj
 0002:000005f8       ??_C@_0CC@OEEEEEML@Invalid?5operation?5?$CIPJ_EINVALIDO@ 004045f8     pjlib-i386-win32-vc14-release:errno.obj
 0002:0000061c       ??_C@_0CE@KDDMJLGF@Operation?5cancelled?5?$CIPJ_ECANCEL@ 0040461c     pjlib-i386-win32-vc14-release:errno.obj
 0002:00000640       ??_C@_0CD@LODOFNLC@Object?5already?5exists?5?$CIPJ_EEXIS@ 00404640     pjlib-i386-win32-vc14-release:errno.obj
 0002:00000664       ??_C@_0BG@GMBDFNLN@End?5of?5file?5?$CIPJ_EEOF?$CJ@ 00404664     pjlib-i386-win32-vc14-release:errno.obj
 0002:0000067c       ??_C@_0BN@PCCNBFLN@Size?5is?5too?5big?5?$CIPJ_ETOOBIG?$CJ@ 0040467c     pjlib-i386-win32-vc14-release:errno.obj
 0002:0000069c       ??_C@_0DB@FDCHLEID@gethostbyname?$CI?$CJ?5has?5returned?5er@ 0040469c     pjlib-i386-win32-vc14-release:errno.obj
 0002:000006d0       ??_C@_0CB@MGGLJMNO@Size?5is?5too?5short?5?$CIPJ_ETOOSMALL@ 004046d0     pjlib-i386-win32-vc14-release:errno.obj
 0002:000006f4       ??_C@_0BG@NBDJGAFI@Ignored?5?$CIPJ_EIGNORED?$CJ@ 004046f4     pjlib-i386-win32-vc14-release:errno.obj
 0002:0000070c       ??_C@_0CH@OGOOBJBE@IPv6?5is?5not?5supported?5?$CIPJ_EIPV6@ 0040470c     pjlib-i386-win32-vc14-release:errno.obj
 0002:00000734       ??_C@_0CK@DJAHHNOI@Unsupported?5address?5family?5?$CIPJ_@ 00404734     pjlib-i386-win32-vc14-release:errno.obj
 0002:00000760       ??_C@_0CD@PDGCJOJH@Object?5no?5longer?5exists?5?$CIPJ_EGO@ 00404760     pjlib-i386-win32-vc14-release:errno.obj
 0002:00000784       ??_C@_0CI@LBHALONI@Socket?5is?5in?5bad?5state?5?$CIPJ_ESOC@ 00404784     pjlib-i386-win32-vc14-release:errno.obj
 0002:000007ac       ??_C@_08DOCHLGNA@config?4c@ 004047ac     pjlib-i386-win32-vc14-release:config.obj
 0002:000007b8       ??_C@_03LIMOPGJJ@2?49@     004047b8     pjlib-i386-win32-vc14-release:config.obj
 0002:000007bc       _PJ_AF_UNSPEC              004047bc     pjlib-i386-win32-vc14-release:sock_bsd.obj
 0002:000007c0       _PJ_AF_UNIX                004047c0     pjlib-i386-win32-vc14-release:sock_bsd.obj
 0002:000007c4       _PJ_AF_INET                004047c4     pjlib-i386-win32-vc14-release:sock_bsd.obj
 0002:000007c8       _PJ_AF_INET6               004047c8     pjlib-i386-win32-vc14-release:sock_bsd.obj
 0002:000007cc       _PJ_AF_PACKET              004047cc     pjlib-i386-win32-vc14-release:sock_bsd.obj
 0002:000007d0       _PJ_AF_IRDA                004047d0     pjlib-i386-win32-vc14-release:sock_bsd.obj
 0002:000007d4       _PJ_SOCK_STREAM            004047d4     pjlib-i386-win32-vc14-release:sock_bsd.obj
 0002:000007d8       _PJ_SOCK_DGRAM             004047d8     pjlib-i386-win32-vc14-release:sock_bsd.obj
 0002:000007dc       _PJ_SOCK_RAW               004047dc     pjlib-i386-win32-vc14-release:sock_bsd.obj
 0002:000007e0       _PJ_SOCK_RDM               004047e0     pjlib-i386-win32-vc14-release:sock_bsd.obj
 0002:000007e4       _PJ_SOL_SOCKET             004047e4     pjlib-i386-win32-vc14-release:sock_bsd.obj
 0002:000007e8       _PJ_SOL_IP                 004047e8     pjlib-i386-win32-vc14-release:sock_bsd.obj
 0002:000007ec       _PJ_SOL_TCP                004047ec     pjlib-i386-win32-vc14-release:sock_bsd.obj
 0002:000007f0       _PJ_SOL_UDP                004047f0     pjlib-i386-win32-vc14-release:sock_bsd.obj
 0002:000007f4       _PJ_SOL_IPV6               004047f4     pjlib-i386-win32-vc14-release:sock_bsd.obj
 0002:000007f8       _PJ_IP_TOS                 004047f8     pjlib-i386-win32-vc14-release:sock_bsd.obj
 0002:000007fc       _PJ_IPTOS_LOWDELAY         004047fc     pjlib-i386-win32-vc14-release:sock_bsd.obj
 0002:00000800       _PJ_IPTOS_THROUGHPUT       00404800     pjlib-i386-win32-vc14-release:sock_bsd.obj
 0002:00000804       _PJ_IPTOS_RELIABILITY      00404804     pjlib-i386-win32-vc14-release:sock_bsd.obj
 0002:00000808       _PJ_IPTOS_MINCOST          00404808     pjlib-i386-win32-vc14-release:sock_bsd.obj
 0002:0000080c       _PJ_IPV6_TCLASS            0040480c     pjlib-i386-win32-vc14-release:sock_bsd.obj
 0002:00000810       _PJ_SO_TYPE                00404810     pjlib-i386-win32-vc14-release:sock_bsd.obj
 0002:00000814       _PJ_SO_RCVBUF              00404814     pjlib-i386-win32-vc14-release:sock_bsd.obj
 0002:00000818       _PJ_SO_SNDBUF              00404818     pjlib-i386-win32-vc14-release:sock_bsd.obj
 0002:0000081c       _PJ_TCP_NODELAY            0040481c     pjlib-i386-win32-vc14-release:sock_bsd.obj
 0002:00000820       _PJ_SO_REUSEADDR           00404820     pjlib-i386-win32-vc14-release:sock_bsd.obj
 0002:00000824       _PJ_SO_NOSIGPIPE           00404824     pjlib-i386-win32-vc14-release:sock_bsd.obj
 0002:00000828       _PJ_SO_PRIORITY            00404828     pjlib-i386-win32-vc14-release:sock_bsd.obj
 0002:0000082c       _PJ_IP_MULTICAST_IF        0040482c     pjlib-i386-win32-vc14-release:sock_bsd.obj
 0002:00000830       _PJ_IP_MULTICAST_TTL       00404830     pjlib-i386-win32-vc14-release:sock_bsd.obj
 0002:00000834       _PJ_IP_MULTICAST_LOOP      00404834     pjlib-i386-win32-vc14-release:sock_bsd.obj
 0002:00000838       _PJ_IP_ADD_MEMBERSHIP      00404838     pjlib-i386-win32-vc14-release:sock_bsd.obj
 0002:0000083c       _PJ_IP_DROP_MEMBERSHIP     0040483c     pjlib-i386-win32-vc14-release:sock_bsd.obj
 0002:00000840       _PJ_MSG_OOB                00404840     pjlib-i386-win32-vc14-release:sock_bsd.obj
 0002:00000844       _PJ_MSG_PEEK               00404844     pjlib-i386-win32-vc14-release:sock_bsd.obj
 0002:00000848       _PJ_MSG_DONTROUTE          00404848     pjlib-i386-win32-vc14-release:sock_bsd.obj
 0002:000009e0       ??_C@_0CD@FNMHLHMI@Interrupted?5system?5call?5?$CIWSAEIN@ 004049e0     pjlib-i386-win32-vc14-release:os_error_win32.obj
 0002:00000a04       ??_C@_0BL@OKPDNKLH@Bad?5file?5number?5?$CIWSAEBADF?$CJ@ 00404a04     pjlib-i386-win32-vc14-release:os_error_win32.obj
 0002:00000a20       ??_C@_0BO@BMBEEPBP@Permission?5denied?5?$CIWSAEACCES?$CJ@ 00404a20     pjlib-i386-win32-vc14-release:os_error_win32.obj
 0002:00000a40       ??_C@_0BI@LAKHPJJ@Bad?5address?5?$CIWSAEFAULT?$CJ@ 00404a40     pjlib-i386-win32-vc14-release:os_error_win32.obj
 0002:00000a58       ??_C@_0BN@FEIDINKH@Invalid?5argument?5?$CIWSAEINVAL?$CJ@ 00404a58     pjlib-i386-win32-vc14-release:os_error_win32.obj
 0002:00000a78       ??_C@_0CC@HMKKNDGL@Too?5many?5open?5sockets?5?$CIWSAEMFIL@ 00404a78     pjlib-i386-win32-vc14-release:os_error_win32.obj
 0002:00000a9c       ??_C@_0CH@GCPPFMGM@Operation?5would?5block?5?$CIWSAEWOUL@ 00404a9c     pjlib-i386-win32-vc14-release:os_error_win32.obj
 0002:00000ac4       ??_C@_0CL@DKGHEPCD@Operation?5now?5in?5progress?5?$CIWSAE@ 00404ac4     pjlib-i386-win32-vc14-release:os_error_win32.obj
 0002:00000af0       ??_C@_0CM@BEMCBKDH@Operation?5already?5in?5progress?5?$CI@ 00404af0     pjlib-i386-win32-vc14-release:os_error_win32.obj
 0002:00000b1c       ??_C@_0CN@PAFKDEBN@Socket?5operation?5on?5non?9socket?5@ 00404b1c     pjlib-i386-win32-vc14-release:os_error_win32.obj
 0002:00000b4c       ??_C@_0CP@HCDICECK@Destination?5address?5required?5?$CIW@ 00404b4c     pjlib-i386-win32-vc14-release:os_error_win32.obj
 0002:00000b7c       ??_C@_0BP@LNFPBFEK@Message?5too?5long?5?$CIWSAEMSGSIZE?$CJ@ 00404b7c     pjlib-i386-win32-vc14-release:os_error_win32.obj
 0002:00000b9c       ??_C@_0CP@MMIMIEMF@Protocol?5wrong?5type?5for?5socket?5@ 00404b9c     pjlib-i386-win32-vc14-release:os_error_win32.obj
 0002:00000bcc       ??_C@_0CF@HNFLHOHA@Bad?5protocol?5option?5?$CIWSAENOPROT@ 00404bcc     pjlib-i386-win32-vc14-release:os_error_win32.obj
 0002:00000bf4       ??_C@_0CM@HPGHEHCE@Protocol?5not?5supported?5?$CIWSAEPRO@ 00404bf4     pjlib-i386-win32-vc14-release:os_error_win32.obj
 0002:00000c20       ??_C@_0CP@JLBNHCOL@Socket?5type?5not?5supported?5?$CIWSAE@ 00404c20     pjlib-i386-win32-vc14-release:os_error_win32.obj
 0002:00000c50       ??_C@_0DC@GJMFANID@Operation?5not?5supported?5on?5sock@ 00404c50     pjlib-i386-win32-vc14-release:os_error_win32.obj
 0002:00000c84       ??_C@_0DA@GFNBENIG@Protocol?5family?5not?5supported?5?$CI@ 00404c84     pjlib-i386-win32-vc14-release:os_error_win32.obj
 0002:00000cb4       ??_C@_0CP@MMKHGIFC@Address?5family?5not?5supported?5?$CIW@ 00404cb4     pjlib-i386-win32-vc14-release:os_error_win32.obj
 0002:00000ce4       ??_C@_0CH@OCKNFBKE@Address?5already?5in?5use?5?$CIWSAEADD@ 00404ce4     pjlib-i386-win32-vc14-release:os_error_win32.obj
 0002:00000d0c       ??_C@_0DC@FJJPJPOD@Can?8t?5assign?5requested?5address?5@ 00404d0c     pjlib-i386-win32-vc14-release:os_error_win32.obj
 0002:00000d40       ??_C@_0BO@IICKDHLJ@Network?5is?5down?5?$CIWSAENETDOWN?$CJ@ 00404d40     pjlib-i386-win32-vc14-release:os_error_win32.obj
 0002:00000d60       ??_C@_0CI@NKJAACME@Network?5is?5unreachable?5?$CIWSAENET@ 00404d60     pjlib-i386-win32-vc14-release:os_error_win32.obj
 0002:00000d88       ??_C@_0CE@LJEEEFEC@Net?5connection?5reset?5?$CIWSAENETRE@ 00404d88     pjlib-i386-win32-vc14-release:os_error_win32.obj
 0002:00000dac       ??_C@_0DD@PGDIHOBG@Software?5caused?5connection?5abor@ 00404dac     pjlib-i386-win32-vc14-release:os_error_win32.obj
 0002:00000de0       ??_C@_0CJ@PJHCFAAN@Connection?5reset?5by?5peer?5?$CIWSAEC@ 00404de0     pjlib-i386-win32-vc14-release:os_error_win32.obj
 0002:00000e0c       ??_C@_0CH@EKNGIMKN@No?5buffer?5space?5available?5?$CIWSAE@ 00404e0c     pjlib-i386-win32-vc14-release:os_error_win32.obj
 0002:00000e34       ??_C@_0CJ@JOPBNNOD@Socket?5is?5already?5connected?5?$CIWS@ 00404e34     pjlib-i386-win32-vc14-release:os_error_win32.obj
 0002:00000e60       ??_C@_0CG@CECDMHLL@Socket?5is?5not?5connected?5?$CIWSAENO@ 00404e60     pjlib-i386-win32-vc14-release:os_error_win32.obj
 0002:00000e88       ??_C@_0DA@JGJMJPNM@Can?8t?5send?5after?5socket?5shutdow@ 00404e88     pjlib-i386-win32-vc14-release:os_error_win32.obj
 0002:00000eb8       ??_C@_0DE@CAILNFFE@Too?5many?5references?0?5can?8t?5spli@ 00404eb8     pjlib-i386-win32-vc14-release:os_error_win32.obj
 0002:00000eec       ??_C@_0CE@IIKHBGF@Connection?5timed?5out?5?$CIWSAETIMED@ 00404eec     pjlib-i386-win32-vc14-release:os_error_win32.obj
 0002:00000f10       ??_C@_0CF@JMKFBJH@Connection?5refused?5?$CIWSAECONNREF@ 00404f10     pjlib-i386-win32-vc14-release:os_error_win32.obj
 0002:00000f38       ??_C@_0CN@FCKBNFMB@Too?5many?5levels?5of?5symbolic?5lin@ 00404f38     pjlib-i386-win32-vc14-release:os_error_win32.obj
 0002:00000f68       ??_C@_0CF@MOFKOMBB@File?5name?5too?5long?5?$CIWSAENAMETOO@ 00404f68     pjlib-i386-win32-vc14-release:os_error_win32.obj
 0002:00000f90       ??_C@_0BM@NCJCEEDP@Host?5is?5down?5?$CIWSAEHOSTDOWN?$CJ@ 00404f90     pjlib-i386-win32-vc14-release:os_error_win32.obj
 0002:00000fac       ??_C@_0CD@ECJOJHBH@No?5route?5to?5host?5?$CIWSAEHOSTUNREA@ 00404fac     pjlib-i386-win32-vc14-release:os_error_win32.obj
 0002:00000fd0       ??_C@_0CD@NEFLEHEG@Directory?5not?5empty?5?$CIWSAENOTEMP@ 00404fd0     pjlib-i386-win32-vc14-release:os_error_win32.obj
 0002:00000ff4       ??_C@_0CB@GPCGLHOJ@Too?5many?5processes?5?$CIWSAEPROCLIM@ 00404ff4     pjlib-i386-win32-vc14-release:os_error_win32.obj
 0002:00001018       ??_C@_0BL@IGHJMJKO@Too?5many?5users?5?$CIWSAEUSERS?$CJ@ 00405018     pjlib-i386-win32-vc14-release:os_error_win32.obj
 0002:00001034       ??_C@_0CA@MIOFDKMA@Disc?5quota?5exceeded?5?$CIWSAEDQUOT?$CJ@ 00405034     pjlib-i386-win32-vc14-release:os_error_win32.obj
 0002:00001054       ??_C@_0CC@IMLIDHNH@Stale?5NFS?5file?5handle?5?$CIWSAESTAL@ 00405054     pjlib-i386-win32-vc14-release:os_error_win32.obj
 0002:00001078       ??_C@_0CP@MLAFGPOA@Too?5many?5levels?5of?5remote?5in?5pa@ 00405078     pjlib-i386-win32-vc14-release:os_error_win32.obj
 0002:000010a8       ??_C@_0CP@IBAEMKGH@Network?5system?5is?5unavailable?5?$CI@ 004050a8     pjlib-i386-win32-vc14-release:os_error_win32.obj
 0002:000010d8       ??_C@_0DC@BLAKHMMJ@Winsock?5version?5out?5of?5range?5?$CIW@ 004050d8     pjlib-i386-win32-vc14-release:os_error_win32.obj
 0002:0000110c       ??_C@_0CO@HPDHHDHA@WSAStartup?5not?5yet?5called?5?$CIWSAN@ 0040510c     pjlib-i386-win32-vc14-release:os_error_win32.obj
 0002:0000113c       ??_C@_0CL@GFDHEKLB@Graceful?5shutdown?5in?5progress?5?$CI@ 0040513c     pjlib-i386-win32-vc14-release:os_error_win32.obj
 0002:00001168       ??_C@_0CD@OEALOMDH@Host?5not?5found?5?$CIWSAHOST_NOT_FOU@ 00405168     pjlib-i386-win32-vc14-release:os_error_win32.obj
 0002:0000118c       ??_C@_0DB@KFPHELLI@No?5host?5data?5of?5that?5type?5was?5f@ 0040518c     pjlib-i386-win32-vc14-release:os_error_win32.obj
 0002:00001280       __load_config_used         00405280     MSVCRT:loadcfg.obj
 0002:00001320       ___safe_se_handler_table   00405320     <linker-defined>
 0002:00001550       ___rtc_iaa                 00405550     MSVCRT:initsect.obj
 0002:00001554       ___rtc_izz                 00405554     MSVCRT:initsect.obj
 0002:00001558       ___rtc_taa                 00405558     MSVCRT:initsect.obj
 0002:0000155c       ___rtc_tzz                 0040555c     MSVCRT:initsect.obj
 0002:0000159c       __IMPORT_DESCRIPTOR_KERNEL32 0040559c     kernel32:KERNEL32.dll
 0002:000015b0       __IMPORT_DESCRIPTOR_VCRUNTIME140 004055b0     vcruntime:VCRUNTIME140.dll
 0002:000015c4       __IMPORT_DESCRIPTOR_api-ms-win-crt-stdio-l1-1-0 004055c4     ucrt:api-ms-win-crt-stdio-l1-1-0.dll
 0002:000015d8       __IMPORT_DESCRIPTOR_api-ms-win-crt-convert-l1-1-0 004055d8     ucrt:api-ms-win-crt-convert-l1-1-0.dll
 0002:000015ec       __IMPORT_DESCRIPTOR_api-ms-win-crt-string-l1-1-0 004055ec     ucrt:api-ms-win-crt-string-l1-1-0.dll
 0002:00001600       __IMPORT_DESCRIPTOR_api-ms-win-crt-math-l1-1-0 00405600     ucrt:api-ms-win-crt-math-l1-1-0.dll
 0002:00001614       __IMPORT_DESCRIPTOR_api-ms-win-crt-runtime-l1-1-0 00405614     ucrt:api-ms-win-crt-runtime-l1-1-0.dll
 0002:00001628       __IMPORT_DESCRIPTOR_api-ms-win-crt-locale-l1-1-0 00405628     ucrt:api-ms-win-crt-locale-l1-1-0.dll
 0002:0000163c       __IMPORT_DESCRIPTOR_api-ms-win-crt-heap-l1-1-0 0040563c     ucrt:api-ms-win-crt-heap-l1-1-0.dll
 0002:00001650       __NULL_IMPORT_DESCRIPTOR   00405650     ole32:ole32.dll
 0003:00000178       _pj_optind                 00406178     pjlib-util-i386-win32-vc14-release:getopt.obj
 0003:0000017c       _pj_optopt                 0040617c     pjlib-util-i386-win32-vc14-release:getopt.obj
 0003:00000204       _PJ_VERSION                00406204     pjlib-i386-win32-vc14-release:config.obj
 0003:00000248       ___security_cookie_complement 00406248     MSVCRT:gs_cookie.obj
 0003:0000024c       ___security_cookie         0040624c     MSVCRT:gs_cookie.obj
 0003:00000250       __fltused                  00406250     MSVCRT:fltused.obj
 0003:00000260       ___scrt_native_dllmain_reason 00406260     MSVCRT:utility.obj
 0003:00000264       ___scrt_default_matherr    00406264     MSVCRT:matherr.obj
 0003:00000270       ___isa_enabled             00406270     MSVCRT:cpu_disp.obj
 0003:00000274       ___scrt_ucrt_dll_is_in_use 00406274     MSVCRT:ucrt_stubs.obj
 0003:00000278       _pj_optarg                 00406278     pjlib-util-i386-win32-vc14-release:getopt.obj
 0003:000008e4       ___scrt_current_native_startup_state 004068e4     MSVCRT:utility.obj
 0003:000008e8       ___scrt_native_startup_lock 004068e8     MSVCRT:utility.obj
 0003:00000908       ?__type_info_root_node@@3U__type_info_node@@A 00406908     MSVCRT:tncleanup.obj
 0003:00000910       ?_OptionsStorage@?1??__local_stdio_scanf_options@@9@4_KA 00406910     MSVCRT:default_local_stdio_options.obj
 0003:00000918       ___scrt_debugger_hook_flag 00406918     MSVCRT:utility_desktop.obj
 0003:0000091c       ___isa_available           0040691c     MSVCRT:cpu_disp.obj
 0003:00000920       ___favor                   00406920     MSVCRT:cpu_disp.obj
 0003:00000928       ?_OptionsStorage@?1??__local_stdio_printf_options@@9@9 00406928     <common>
 0003:00000930       ___dyn_tls_dtor_callback   00406930     <common>
 0003:00000934       ___dyn_tls_init_callback   00406934     <common>

 entry point at        0001:00001f3b

 Static symbols

 0002:ffffc000       .idata$6                   00400000     ole32:ole32.dll
 0002:ffffc000       .idata$6                   00400000     ws2_32:WS2_32.dll
 0002:ffffc000       .idata$6                   00400000     ucrt:api-ms-win-crt-utility-l1-1-0.dll
 0001:000003c0       $LN67                      004013c0     aviplay.obj
 0001:000003d8       $LN64                      004013d8     aviplay.obj
 0001:00000480       __getopt_internal          00401480 f   pjlib-util-i386-win32-vc14-release:getopt.obj
 0001:00000c10       _exchange                  00401c10 f   pjlib-util-i386-win32-vc14-release:getopt.obj
 0001:00000d00       _my_index                  00401d00 f   pjlib-util-i386-win32-vc14-release:getopt.obj
 0001:0000134c       $LN14                      0040234c     pjlib-i386-win32-vc14-release:log.obj
 0001:00001750       _pj_sem_wait_for           00402750 f   pjlib-i386-win32-vc14-release:os_core_win32.obj
 0001:00001ce0       _null_op                   00402ce0 f   pjlib-i386-win32-vc14-release:lock.obj
 0001:00001cf4       ?pre_c_initialization@@YAHXZ 00402cf4 f   MSVCRT:exe_main.obj
 0001:00001d9f       ?post_pgo_initialization@@YAHXZ 00402d9f f   MSVCRT:exe_main.obj
 0001:00001da7       ?pre_cpp_initialization@@YAXXZ 00402da7 f   MSVCRT:exe_main.obj
 0001:00001db9       ?__scrt_common_main_seh@@YAHXZ 00402db9 f   MSVCRT:exe_main.obj
 0001:00002140       $$000000                   00403140     MSVCRT:lldiv.obj
 0001:000021f0       $$000000                   004031f0     MSVCRT:llmul.obj
 0001:00002230       $$000000                   00403230     MSVCRT:ftol3.obj
 0001:000025a7       ?find_pe_section@@YAPAU_IMAGE_SECTION_HEADER@@QAEI@Z 004035a7 f   MSVCRT:utility.obj
 0001:00002824       ___get_entropy             00403824 f   MSVCRT:gs_support.obj
 0001:00002b50       $$000000                   00403b50     MSVCRT:sehprolg4.obj
 0002:0000011c       ?pre_cpp_initializer@@3P6AXXZA 0040411c     MSVCRT:exe_main.obj
 0002:00000128       ?pre_c_initializer@@3P6AHXZA 00404128     MSVCRT:exe_main.obj
 0002:0000012c       ?post_pgo_initializer@@3P6AHXZA 0040412c     MSVCRT:exe_main.obj
 0002:00000388       _err_str                   00404388     pjlib-i386-win32-vc14-release:errno.obj
 0002:00000850       _gaErrorList               00404850     pjlib-i386-win32-vc14-release:os_error_win32.obj
 0002:000011c0       _GS_ExceptionPointers      004051c0     MSVCRT:gs_report.obj
 0002:000011d0       _Int32ToUInt32             004051d0     MSVCRT:ftol3.obj
 0002:000011d8       _DP2to32                   004051d8     MSVCRT:ftol3.obj
 0002:000011e0       _MantissaMask              004051e0     MSVCRT:ftol3.obj
 0002:000011e8       _IntegerBit                004051e8     MSVCRT:ftol3.obj
 0002:000011f0       _SignBit64                 004051f0     MSVCRT:ftol3.obj
 0002:000011f8       _MinFP64                   004051f8     MSVCRT:ftol3.obj
 0002:00001200       _MinInt64                  00405200     MSVCRT:ftol3.obj
 0002:00001208       _MaxInt64                  00405208     MSVCRT:ftol3.obj
 0002:00001210       _MaxUInt64                 00405210     MSVCRT:ftol3.obj
 0002:00001218       _MaxFP32                   00405218     MSVCRT:ftol3.obj
 0002:00001220       _MinFP32                   00405220     MSVCRT:ftol3.obj
 0002:00001228       _MinSubInexact             00405228     MSVCRT:ftol3.obj
 0002:00001230       _FpExcptTable              00405230     MSVCRT:ftol3.obj
 0002:00001240       _i1075                     00405240     MSVCRT:ftol3.obj
 0002:00001244       _i1087                     00405244     MSVCRT:ftol3.obj
 0002:00001248       _x0800                     00405248     MSVCRT:ftol3.obj
 0002:0000124c       _x17FF                     0040524c     MSVCRT:ftol3.obj
 0002:00001250       _CWMask                    00405250     MSVCRT:ftol3.obj
 0002:00001560       __sehtable$?__scrt_common_main_seh@@YAHXZ 00405560     MSVCRT:exe_main.obj
 0002:00001580       __sehtable$___scrt_is_nonwritable_in_current_image 00405580     MSVCRT:utility.obj
 0002:000019c4       .idata$6                   004059c4     kernel32:KERNEL32.dll
 0002:000019f6       .idata$6                   004059f6     vcruntime:VCRUNTIME140.dll
 0002:00001c38       .idata$6                   00405c38     ucrt:api-ms-win-crt-stdio-l1-1-0.dll
 0002:00001c58       .idata$6                   00405c58     ucrt:api-ms-win-crt-convert-l1-1-0.dll
 0002:00001c7a       .idata$6                   00405c7a     ucrt:api-ms-win-crt-string-l1-1-0.dll
 0002:00001c9c       .idata$6                   00405c9c     ucrt:api-ms-win-crt-math-l1-1-0.dll
 0002:00001cbc       .idata$6                   00405cbc     ucrt:api-ms-win-crt-runtime-l1-1-0.dll
 0002:00001cde       .idata$6                   00405cde     ucrt:api-ms-win-crt-locale-l1-1-0.dll
 0002:00001d00       .idata$6                   00405d00     ucrt:api-ms-win-crt-heap-l1-1-0.dll
 0003:00000000       $SG25026                   00406000     aviplay.obj
 0003:00000004       $SG25028                   00406004     aviplay.obj
 0003:0000000c       $SG25030                   0040600c     aviplay.obj
 0003:00000014       $SG25032                   00406014     aviplay.obj
 0003:0000001c       $SG25034                   0040601c     aviplay.obj
 0003:00000020       $SG25035                   00406020     aviplay.obj
 0003:0000002c       $SG25039                   0040602c     aviplay.obj
 0003:00000050       $SG25043                   00406050     aviplay.obj
 0003:00000074       $SG25047                   00406074     aviplay.obj
 0003:00000094       $SG25051                   00406094     aviplay.obj
 0003:000000b8       $SG25055                   004060b8     aviplay.obj
 0003:000000e0       $SG25058                   004060e0     aviplay.obj
 0003:000000fc       $SG25077                   004060fc     aviplay.obj
 0003:00000130       $SG25086                   00406130     aviplay.obj
 0003:00000180       _pj_log_max_level          00406180     pjlib-i386-win32-vc14-release:log.obj
 0003:00000184       _thread_suspended_tls_id   00406184     pjlib-i386-win32-vc14-release:log.obj
 0003:00000188       _thread_indent_tls_id      00406188     pjlib-i386-win32-vc14-release:log.obj
 0003:0000018c       _log_writer                0040618c     pjlib-i386-win32-vc14-release:log.obj
 0003:00000190       _log_decor                 00406190     pjlib-i386-win32-vc14-release:log.obj
 0003:00000194       _PJ_LOG_COLOR_0            00406194     pjlib-i386-win32-vc14-release:log.obj
 0003:00000198       _PJ_LOG_COLOR_1            00406198     pjlib-i386-win32-vc14-release:log.obj
 0003:0000019c       _PJ_LOG_COLOR_2            0040619c     pjlib-i386-win32-vc14-release:log.obj
 0003:000001a0       _PJ_LOG_COLOR_3            004061a0     pjlib-i386-win32-vc14-release:log.obj
 0003:000001a4       _PJ_LOG_COLOR_4            004061a4     pjlib-i386-win32-vc14-release:log.obj
 0003:000001a8       _PJ_LOG_COLOR_5            004061a8     pjlib-i386-win32-vc14-release:log.obj
 0003:000001ac       _PJ_LOG_COLOR_6            004061ac     pjlib-i386-win32-vc14-release:log.obj
 0003:000001b0       _PJ_LOG_COLOR_77           004061b0     pjlib-i386-win32-vc14-release:log.obj
 0003:000001b4       ?ltexts@?2??pj_log@@9@9    004061b4     pjlib-i386-win32-vc14-release:log.obj
 0003:000001d0       ?wdays@?3??pj_log@@9@9     004061d0     pjlib-i386-win32-vc14-release:log.obj
 0003:000001ec       _thread_tls_id             004061ec     pjlib-i386-win32-vc14-release:os_core_win32.obj
 0003:000001f0       ?hex@?1??hex2digit@@9@9    004061f0     pjlib-i386-win32-vc14-release:guid_win32.obj
 0003:00000200       _thread_local_id           00406200     pjlib-i386-win32-vc14-release:except.obj
 0003:00000208       _id                        00406208     pjlib-i386-win32-vc14-release:config.obj
 0003:0000020c       _mutex_lock_template       0040620c     pjlib-i386-win32-vc14-release:lock.obj
 0003:00000220       _null_lock_template        00406220     pjlib-i386-win32-vc14-release:lock.obj
 0003:00000234       _sem_lock_template         00406234     pjlib-i386-win32-vc14-release:lock.obj
 0003:0000027c       ___getopt_initialized      0040627c     pjlib-util-i386-win32-vc14-release:getopt.obj
 0003:00000280       _nextchar                  00406280     pjlib-util-i386-win32-vc14-release:getopt.obj
 0003:00000284       _ordering                  00406284     pjlib-util-i386-win32-vc14-release:getopt.obj
 0003:00000288       _posixly_correct           00406288     pjlib-util-i386-win32-vc14-release:getopt.obj
 0003:0000028c       _first_nonopt              0040628c     pjlib-util-i386-win32-vc14-release:getopt.obj
 0003:00000290       _last_nonopt               00406290     pjlib-util-i386-win32-vc14-release:getopt.obj
 0003:00000294       _g_last_thread             00406294     pjlib-i386-win32-vc14-release:log.obj
 0003:00000298       _initialized               00406298     pjlib-i386-win32-vc14-release:os_core_win32.obj
 0003:0000029c       _atexit_count              0040629c     pjlib-i386-win32-vc14-release:os_core_win32.obj
 0003:000002a0       _main_thread               004062a0     pjlib-i386-win32-vc14-release:os_core_win32.obj
 0003:000003a0       _critical_section_mutex    004063a0     pjlib-i386-win32-vc14-release:os_core_win32.obj
 0003:000003d8       _atexit_func               004063d8     pjlib-i386-win32-vc14-release:os_core_win32.obj
 0003:00000458       _base_time                 00406458     pjlib-i386-win32-vc14-release:os_time_win32.obj
 0003:00000460       _err_msg_hnd_cnt           00406460     pjlib-i386-win32-vc14-release:errno.obj
 0003:00000468       _err_msg_hnd               00406468     pjlib-i386-win32-vc14-release:errno.obj
 0003:000004e0       _exception_id_names        004064e0     pjlib-i386-win32-vc14-release:except.obj
 0003:00000520       ?unknown_name@?1??pj_exception_id_name@@9@9 00406520     pjlib-i386-win32-vc14-release:except.obj
 0003:00000540       ?buf@?1??pj_gethostname@@9@9 00406540     pjlib-i386-win32-vc14-release:sock_bsd.obj
 0003:000005c0       ?hostname@?1??pj_gethostname@@9@9 004065c0     pjlib-i386-win32-vc14-release:sock_bsd.obj
 0003:000005c8       _GS_ExceptionRecord        004065c8     MSVCRT:gs_report.obj
 0003:00000618       _GS_ContextRecord          00406618     MSVCRT:gs_report.obj
 0003:000008ec       ?is_initialized_as_dll@@3_NA 004068ec     MSVCRT:utility.obj
 0003:000008ed       ?module_local_atexit_table_initialized@@3_NA 004068ed     MSVCRT:utility.obj
 0003:000008f0       ?module_local_atexit_table@@3U_onexit_table_t@@A 004068f0     MSVCRT:utility.obj
 0003:000008fc       ?module_local_at_quick_exit_table@@3U_onexit_table_t@@A 004068fc     MSVCRT:utility.obj
