 jbsim

 Timestamp is 5dc9083c (Mon Nov 11 14:05:32 2019)

 Preferred load address is 00400000

 Start         Length     Name                   Class
 0001:00000000 00071cd7H .text$mn                CODE
 0002:00000000 00000278H .idata$5                DATA
 0002:00000278 00000004H .00cfg                  DATA
 0002:0000027c 00000004H .CRT$XCA                DATA
 0002:00000280 00000004H .CRT$XCAA               DATA
 0002:00000284 00000004H .CRT$XCZ                DATA
 0002:00000288 00000004H .CRT$XIA                DATA
 0002:0000028c 00000004H .CRT$XIAA               DATA
 0002:00000290 00000004H .CRT$XIAC               DATA
 0002:00000294 00000004H .CRT$XIZ                DATA
 0002:00000298 00000004H .CRT$XPA                DATA
 0002:0000029c 00000004H .CRT$XPZ                DATA
 0002:000002a0 00000004H .CRT$XTA                DATA
 0002:000002a4 0000000cH .CRT$XTZ                DATA
 0002:000002a8 00000000H .gfids$y                DATA
 0002:000002b0 0001d080H .rdata                  DATA
 0002:0001d330 00000004H .rdata$sxdata           DATA
 0002:0001d334 0000023cH .rdata$zzzdbg           DATA
 0002:0001d570 00000004H .rtc$IAA                DATA
 0002:0001d574 00000004H .rtc$IZZ                DATA
 0002:0001d578 00000004H .rtc$TAA                DATA
 0002:0001d57c 00000004H .rtc$TZZ                DATA
 0002:0001d580 0000003cH .xdata$x                DATA
 0002:0001d5bc 00000000H .edata                  DATA
 0002:0001d5bc 00000104H .idata$2                DATA
 0002:0001d6c0 00000014H .idata$3                DATA
 0002:0001d6d4 00000278H .idata$4                DATA
 0002:0001d94c 00000a4cH .idata$6                DATA
 0003:00000000 000037e0H .data                   DATA
 0003:000037e0 00002c50H .bss                    DATA
 0004:00000000 000005e0H _RDATA                  DATA

  Address         Publics by Value              Rva+Base       Lib:Object

 0000:00000000       ___hybrid_auxiliary_iat    00000000     <absolute>
 0000:00000000       ___guard_iat_table         00000000     <absolute>
 0000:00000000       ___volatile_metadata       00000000     <absolute>
 0000:00000000       ___guard_fids_table        00000000     <absolute>
 0000:00000000       ___hybrid_code_map_count   00000000     <absolute>
 0000:00000000       ___guard_longjmp_table     00000000     <absolute>
 0000:00000000       ___guard_fids_count        00000000     <absolute>
 0000:00000000       ___enclave_config          00000000     <absolute>
 0000:00000000       ___guard_longjmp_count     00000000     <absolute>
 0000:00000000       ___guard_iat_count         00000000     <absolute>
 0000:00000000       ___dynamic_value_reloc_table 00000000     <absolute>
 0000:00000000       ___hybrid_code_map         00000000     <absolute>
 0000:00000001       ___safe_se_handler_count   00000001     <absolute>
 0000:00000100       ___guard_flags             00000100     <absolute>
 0000:00000000       ___ImageBase               00400000     <linker-defined>
 0001:00001fe0       _main                      00402fe0 f   jbsim.obj
 0001:00002480       ___local_stdio_printf_options 00403480 f i jbsim.obj
 0001:00002490       __snprintf                 00403490 f i jbsim.obj
 0001:000024d0       _printf                    004034d0 f i jbsim.obj
 0001:00002500       _sprintf                   00403500 f i jbsim.obj
 0001:00002540       _pjmedia_codec_register_audio_codecs 00403540 f   pjmedia-codec-i386-win32-vc14-release:audio_codecs.obj
 0001:00002630       _pjmedia_codec_l16_deinit  00403630 f   pjmedia-codec-i386-win32-vc14-release:l16.obj
 0001:00002950       ___scrt_stub_for_initialize_mta 00403950 f   MSVCRT:utility_desktop.obj
 0001:00002950       ___scrt_initialize_winrt   00403950 f   MSVCRT:utility_desktop.obj
 0001:00002950       _srtp_ekt_stream_init_from_policy 00403950 f   libsrtp-i386-win32-vc14-release:ekt.obj
 0001:00002950       __get_startup_thread_locale_mode 00403950 f   MSVCRT:thread_locale.obj
 0001:00002950       __get_startup_commit_mode  00403950 f   MSVCRT:commit_mode.obj
 0001:00002950       __matherr                  00403950 f   MSVCRT:matherr.obj
 0001:00002950       __get_startup_new_mode     00403950 f   MSVCRT:new_mode.obj
 0001:00002950       ___scrt_exe_initialize_mta 00403950 f   MSVCRT:utility_desktop.obj
 0001:00002c60       _pjmedia_codec_l16_init    00403c60 f   pjmedia-codec-i386-win32-vc14-release:l16.obj
 0001:00002d40       _pjmedia_codec_gsm_deinit  00403d40 f   pjmedia-codec-i386-win32-vc14-release:gsm.obj
 0001:00003410       _pjmedia_codec_gsm_init    00404410 f   pjmedia-codec-i386-win32-vc14-release:gsm.obj
 0001:00003d30       _pjmedia_codec_speex_deinit 00404d30 f   pjmedia-codec-i386-win32-vc14-release:speex_codec.obj
 0001:00003fc0       _pjmedia_codec_speex_init  00404fc0 f   pjmedia-codec-i386-win32-vc14-release:speex_codec.obj
 0001:000041d0       _pjmedia_codec_ilbc_deinit 004051d0 f   pjmedia-codec-i386-win32-vc14-release:ilbc.obj
 0001:00004a20       _pjmedia_codec_ilbc_init   00405a20 f   pjmedia-codec-i386-win32-vc14-release:ilbc.obj
 0001:00004ad0       _pjmedia_codec_g722_deinit 00405ad0 f   pjmedia-codec-i386-win32-vc14-release:g722.obj
 0001:000052c0       _pjmedia_codec_g722_init   004062c0 f   pjmedia-codec-i386-win32-vc14-release:g722.obj
 0001:00006360       _pjmedia_codec_opus_deinit 00407360 f   pjmedia-codec-i386-win32-vc14-release:opus.obj
 0001:000068d0       _pjmedia_codec_opus_init   004078d0 f   pjmedia-codec-i386-win32-vc14-release:opus.obj
 0001:00007210       _g722_enc_encode           00408210 f   pjmedia-codec-i386-win32-vc14-release:g722_enc.obj
 0001:000075c0       _g722_dec_init             004085c0 f   pjmedia-codec-i386-win32-vc14-release:g722_dec.obj
 0001:000075c0       _g722_enc_init             004085c0 f   pjmedia-codec-i386-win32-vc14-release:g722_enc.obj
 0001:00007b10       _g722_dec_decode           00408b10 f   pjmedia-codec-i386-win32-vc14-release:g722_dec.obj
 0001:00007f10       _pjmedia_aud_subsys_init   00408f10 f   pjmedia-audiodev-i386-win32-vc14-release:audiodev.obj
 0001:00007fb0       _pjmedia_aud_subsys_shutdown 00408fb0 f   pjmedia-audiodev-i386-win32-vc14-release:audiodev.obj
 0001:00007ff0       _pjmedia_audiodev_strerror 00408ff0 f   pjmedia-audiodev-i386-win32-vc14-release:errno.obj
 0001:00009350       _pjmedia_wmme_factory      0040a350 f   pjmedia-audiodev-i386-win32-vc14-release:wmme_dev.obj
 0001:000099f0       _pjmedia_port_destroy      0040a9f0 f   pjmedia-i386-win32-vc14-release:port.obj
 0001:00009a20       _pjmedia_port_get_frame    0040aa20 f   pjmedia-i386-win32-vc14-release:port.obj
 0001:00009a60       _pjmedia_port_info_init    0040aa60 f   pjmedia-i386-win32-vc14-release:port.obj
 0001:00009b50       _pjmedia_port_put_frame    0040ab50 f   pjmedia-i386-win32-vc14-release:port.obj
 0001:00009b80       _pjmedia_codec_info_to_id  0040ab80 f   pjmedia-i386-win32-vc14-release:codec.obj
 0001:00009bd0       _pjmedia_codec_mgr_alloc_codec 0040abd0 f   pjmedia-i386-win32-vc14-release:codec.obj
 0001:00009c70       _pjmedia_codec_mgr_dealloc_codec 0040ac70 f   pjmedia-i386-win32-vc14-release:codec.obj
 0001:00009ca0       _pjmedia_codec_mgr_destroy 0040aca0 f   pjmedia-i386-win32-vc14-release:codec.obj
 0001:00009d30       _pjmedia_codec_mgr_find_codecs_by_id 0040ad30 f   pjmedia-i386-win32-vc14-release:codec.obj
 0001:00009e10       _pjmedia_codec_mgr_get_default_param 0040ae10 f   pjmedia-i386-win32-vc14-release:codec.obj
 0001:00009f80       _pjmedia_codec_mgr_init    0040af80 f   pjmedia-i386-win32-vc14-release:codec.obj
 0001:00009ff0       _pjmedia_codec_mgr_register_factory 0040aff0 f   pjmedia-i386-win32-vc14-release:codec.obj
 0001:0000a1b0       _pjmedia_codec_mgr_unregister_factory 0040b1b0 f   pjmedia-i386-win32-vc14-release:codec.obj
 0001:0000a270       _pjmedia_codec_param_clone 0040b270 f   pjmedia-i386-win32-vc14-release:codec.obj
 0001:0000a450       _pjmedia_endpt_create2     0040b450 f   pjmedia-i386-win32-vc14-release:endpoint.obj
 0001:0000a610       _pjmedia_endpt_create_pool 0040b610 f   pjmedia-i386-win32-vc14-release:endpoint.obj
 0001:0000a630       _pjmedia_endpt_destroy2    0040b630 f   pjmedia-i386-win32-vc14-release:endpoint.obj
 0001:0000a6f0       _pj_pool_getobjname        0040b6f0 f   pjlib-i386-win32-vc14-release:pool.obj
 0001:0000a6f0       _pjmedia_endpt_get_codec_mgr 0040b6f0 f   pjmedia-i386-win32-vc14-release:endpoint.obj
 0001:0000bff0       _pjmedia_stream_create     0040cff0 f   pjmedia-i386-win32-vc14-release:stream.obj
 0001:0000cac0       _pjmedia_stream_destroy    0040dac0 f   pjmedia-i386-win32-vc14-release:stream.obj
 0001:0000cc90       _pjmedia_stream_get_port   0040dc90 f   pjmedia-i386-win32-vc14-release:stream.obj
 0001:0000ccb0       _pjmedia_stream_get_stat   0040dcb0 f   pjmedia-i386-win32-vc14-release:stream.obj
 0001:0000cce0       _pjmedia_stream_get_stat_jbuf 0040dce0 f   pjmedia-i386-win32-vc14-release:stream.obj
 0001:0000cd10       _pjmedia_stream_start      0040dd10 f   pjmedia-i386-win32-vc14-release:stream.obj
 0001:0000d9f0       _pjmedia_transport_loop_create 0040e9f0 f   pjmedia-i386-win32-vc14-release:transport_loop.obj
 0001:0000db10       _pjmedia_transport_loop_disable_rx 0040eb10 f   pjmedia-i386-win32-vc14-release:transport_loop.obj
 0001:0000dfb0       _pjmedia_wav_player_port_create 0040efb0 f   pjmedia-i386-win32-vc14-release:wav_player.obj
 0001:0000e770       _pjmedia_wav_writer_port_create 0040f770 f   pjmedia-i386-win32-vc14-release:wav_writer.obj
 0001:0000ea80       _pjmedia_codec_g711_deinit 0040fa80 f   pjmedia-i386-win32-vc14-release:g711.obj
 0001:0000f160       _pjmedia_codec_g711_init   00410160 f   pjmedia-i386-win32-vc14-release:g711.obj
 0001:0000f2f0       _pjmedia_plc_create        004102f0 f   pjmedia-i386-win32-vc14-release:plc_common.obj
 0001:0000f350       _pjmedia_plc_generate      00410350 f   pjmedia-i386-win32-vc14-release:plc_common.obj
 0001:0000f380       _pjmedia_plc_save          00410380 f   pjmedia-i386-win32-vc14-release:plc_common.obj
 0001:0000f3b0       _pjmedia_silence_det_apply 004103b0 f   pjmedia-i386-win32-vc14-release:silencedet.obj
 0001:0000f590       _pjmedia_silence_det_create 00410590 f   pjmedia-i386-win32-vc14-release:silencedet.obj
 0001:0000f610       _pjmedia_silence_det_detect 00410610 f   pjmedia-i386-win32-vc14-release:silencedet.obj
 0001:0000f6c0       _pjmedia_aud_driver_deinit 004106c0 f   pjmedia-i386-win32-vc14-release:audiodev.obj
 0001:0000f790       _pjmedia_aud_driver_init   00410790 f   pjmedia-i386-win32-vc14-release:audiodev.obj
 0001:0000fa10       _pjmedia_aud_stream_get_param 00410a10 f   pjmedia-i386-win32-vc14-release:audiodev.obj
 0001:0000fa70       _pjmedia_get_aud_subsys    00410a70 f   pjmedia-i386-win32-vc14-release:audiodev.obj
 0001:0000fc30       _pjmedia_event_init        00410c30 f   pjmedia-i386-win32-vc14-release:event.obj
 0001:0000fc70       _pjmedia_event_publish     00410c70 f   pjmedia-i386-win32-vc14-release:event.obj
 0001:0000fda0       _pjmedia_event_subscribe   00410da0 f   pjmedia-i386-win32-vc14-release:event.obj
 0001:0000fe80       _pjmedia_event_unsubscribe 00410e80 f   pjmedia-i386-win32-vc14-release:event.obj
 0001:0000ff60       _pjmedia_format_get_audio_format_detail 00410f60 f   pjmedia-i386-win32-vc14-release:format.obj
 0001:0000ff80       _pjmedia_sdp_attr_create   00410f80 f   pjmedia-i386-win32-vc14-release:sdp.obj
 0001:0000ffe0       _pjmedia_sdp_attr_find     00410fe0 f   pjmedia-i386-win32-vc14-release:sdp.obj
 0001:00010060       _pjmedia_sdp_media_deactivate 00411060 f   pjmedia-i386-win32-vc14-release:sdp.obj
 0001:00010090       _pjmedia_sdp_media_find_attr 00411090 f   pjmedia-i386-win32-vc14-release:sdp.obj
 0001:000100c0       _pjmedia_sdp_transport_get_proto 004110c0 f   pjmedia-i386-win32-vc14-release:sdp.obj
 0001:00010200       _pjmedia_strerror          00411200 f   pjmedia-i386-win32-vc14-release:errno.obj
 0001:00010a10       _pjmedia_jbuf_create       00411a10 f   pjmedia-i386-win32-vc14-release:jbuf.obj
 0001:00010c40       _pjmedia_jbuf_destroy      00411c40 f   pjmedia-i386-win32-vc14-release:jbuf.obj
 0001:00010d80       _pjmedia_jbuf_get_frame2   00411d80 f   pjmedia-i386-win32-vc14-release:jbuf.obj
 0001:00010da0       _pjmedia_jbuf_get_frame3   00411da0 f   pjmedia-i386-win32-vc14-release:jbuf.obj
 0001:00010ec0       _pjmedia_jbuf_get_state    00411ec0 f   pjmedia-i386-win32-vc14-release:jbuf.obj
 0001:00010f70       _pjmedia_jbuf_put_frame2   00411f70 f   pjmedia-i386-win32-vc14-release:jbuf.obj
 0001:00010fa0       _pjmedia_jbuf_put_frame3   00411fa0 f   pjmedia-i386-win32-vc14-release:jbuf.obj
 0001:000110d0       _pjmedia_jbuf_reset        004120d0 f   pjmedia-i386-win32-vc14-release:jbuf.obj
 0001:00011160       _pjmedia_jbuf_set_adaptive 00412160 f   pjmedia-i386-win32-vc14-release:jbuf.obj
 0001:000111a0       _pjmedia_jbuf_set_ptime    004121a0 f   pjmedia-i386-win32-vc14-release:jbuf.obj
 0001:000111f0       _pjmedia_rtp_decode_rtp    004121f0 f   pjmedia-i386-win32-vc14-release:rtp.obj
 0001:00011280       _pjmedia_rtp_encode_rtp    00412280 f   pjmedia-i386-win32-vc14-release:rtp.obj
 0001:00011310       _pjmedia_rtp_seq_init      00412310 f   pjmedia-i386-win32-vc14-release:rtp.obj
 0001:00011340       _pjmedia_rtp_seq_update    00412340 f   pjmedia-i386-win32-vc14-release:rtp.obj
 0001:00011440       _pjmedia_rtp_session_init2 00412440 f   pjmedia-i386-win32-vc14-release:rtp.obj
 0001:00011540       _pjmedia_rtp_session_update2 00412540 f   pjmedia-i386-win32-vc14-release:rtp.obj
 0001:00011a20       _pjmedia_rtcp_build_rtcp   00412a20 f   pjmedia-i386-win32-vc14-release:rtcp.obj
 0001:00011c60       _pjmedia_rtcp_build_rtcp_bye 00412c60 f   pjmedia-i386-win32-vc14-release:rtcp.obj
 0001:00011d60       _pjmedia_rtcp_build_rtcp_sdes 00412d60 f   pjmedia-i386-win32-vc14-release:rtcp.obj
 0001:00011fd0       _pjmedia_rtcp_get_ntp_time 00412fd0 f   pjmedia-i386-win32-vc14-release:rtcp.obj
 0001:00012150       _pjmedia_rtcp_init2        00413150 f   pjmedia-i386-win32-vc14-release:rtcp.obj
 0001:00012250       _pjmedia_rtcp_rx_rtcp      00413250 f   pjmedia-i386-win32-vc14-release:rtcp.obj
 0001:00012520       _pjmedia_rtcp_rx_rtp2      00413520 f   pjmedia-i386-win32-vc14-release:rtcp.obj
 0001:000126f0       _pjmedia_rtcp_session_setting_default 004136f0 f   pjmedia-i386-win32-vc14-release:rtcp.obj
 0001:00012710       _pjmedia_rtcp_tx_rtp       00413710 f   pjmedia-i386-win32-vc14-release:rtcp.obj
 0001:00012730       _pjmedia_rtcp_fb_build_nack 00413730 f   pjmedia-i386-win32-vc14-release:rtcp_fb.obj
 0001:00012810       _pjmedia_rtcp_fb_info_dup  00413810 f   pjmedia-i386-win32-vc14-release:rtcp_fb.obj
 0001:000128a0       _pjmedia_rtcp_fb_parse_nack 004138a0 f   pjmedia-i386-win32-vc14-release:rtcp_fb.obj
 0001:00012970       _pjmedia_wave_hdr_host_to_file 00413970 f   pjmedia-i386-win32-vc14-release:wave.obj
 0001:00012970       _pjmedia_wave_hdr_file_to_host 00413970 f   pjmedia-i386-win32-vc14-release:wave.obj
 0001:00012970       @_guard_check_icall_nop@4  00413970 f   MSVCRT:guard_support.obj
 0001:00012970       __initialize_denormal_control 00413970 f   MSVCRT:denormal_control.obj
 0001:00012970       _vbr_destroy               00413970 f   libspeex-i386-win32-vc14-release:vbr.obj
 0001:00012970       __initialize_invalid_parameter_handler 00413970 f   MSVCRT:invalid_parameter_handler.obj
 0001:00013140       _pjmedia_wsola_create      00414140 f   pjmedia-i386-win32-vc14-release:wsola.obj
 0001:00013490       _pjmedia_wsola_generate    00414490 f   pjmedia-i386-win32-vc14-release:wsola.obj
 0001:00013560       _pjmedia_wsola_save        00414560 f   pjmedia-i386-win32-vc14-release:wsola.obj
 0001:000157c0       _get_libsrtp_errstr        004167c0 f   pjmedia-i386-win32-vc14-release:transport_srtp.obj
 0001:00015a70       _pjmedia_transport_srtp_start 00416a70 f   pjmedia-i386-win32-vc14-release:transport_srtp.obj
 0001:00016110       _pjmedia_transport_srtp_stop 00417110 f   pjmedia-i386-win32-vc14-release:transport_srtp.obj
 0001:00016f30       _pj_getopt_long            00417f30 f   pjlib-util-i386-win32-vc14-release:getopt.obj
 0001:00016f50       _pj_base64_decode          00417f50 f   pjlib-util-i386-win32-vc14-release:base64.obj
 0001:00017140       _pj_base64_encode          00418140 f   pjlib-util-i386-win32-vc14-release:base64.obj
 0001:00017340       _pj_atexit                 00418340 f   pjlib-i386-win32-vc14-release:os_core_win32.obj
 0001:00017370       _pj_atomic_dec_and_get     00418370 f   pjlib-i386-win32-vc14-release:os_core_win32.obj
 0001:000173c0       _pj_atomic_destroy         004183c0 f   pjlib-i386-win32-vc14-release:os_core_win32.obj
 0001:000173e0       _pj_atomic_inc             004183e0 f   pjlib-i386-win32-vc14-release:os_core_win32.obj
 0001:00017430       _pj_enter_critical_section 00418430 f   pjlib-i386-win32-vc14-release:os_core_win32.obj
 0001:00017490       _pj_init                   00418490 f   pjlib-i386-win32-vc14-release:os_core_win32.obj
 0001:000176a0       _pj_leave_critical_section 004186a0 f   pjlib-i386-win32-vc14-release:os_core_win32.obj
 0001:00017700       _pj_mutex_create           00418700 f   pjlib-i386-win32-vc14-release:os_core_win32.obj
 0001:00017750       _pj_mutex_create_simple    00418750 f   pjlib-i386-win32-vc14-release:os_core_win32.obj
 0001:00017750       _pj_mutex_create_recursive 00418750 f   pjlib-i386-win32-vc14-release:os_core_win32.obj
 0001:000177a0       _pj_mutex_destroy          004187a0 f   pjlib-i386-win32-vc14-release:os_core_win32.obj
 0001:00017810       _pj_mutex_lock             00418810 f   pjlib-i386-win32-vc14-release:os_core_win32.obj
 0001:00017880       _pj_mutex_trylock          00418880 f   pjlib-i386-win32-vc14-release:os_core_win32.obj
 0001:00017900       _pj_mutex_unlock           00418900 f   pjlib-i386-win32-vc14-release:os_core_win32.obj
 0001:00017970       _pj_sem_destroy            00418970 f   pjlib-i386-win32-vc14-release:os_core_win32.obj
 0001:00017a00       _pj_sem_post               00418a00 f   pjlib-i386-win32-vc14-release:os_core_win32.obj
 0001:00017aa0       _pj_sem_trywait            00418aa0 f   pjlib-i386-win32-vc14-release:os_core_win32.obj
 0001:00017b00       _pj_sem_wait               00418b00 f   pjlib-i386-win32-vc14-release:os_core_win32.obj
 0001:00017c10       _pj_shutdown               00418c10 f   pjlib-i386-win32-vc14-release:os_core_win32.obj
 0001:00017d50       _pj_term_set_color         00418d50 f   pjlib-i386-win32-vc14-release:os_core_win32.obj
 0001:00017e20       _pj_thread_check_stack     00418e20 f   pjlib-i386-win32-vc14-release:os_core_win32.obj
 0001:00017e70       _pj_thread_create          00418e70 f   pjlib-i386-win32-vc14-release:os_core_win32.obj
 0001:00017fc0       _pj_thread_destroy         00418fc0 f   pjlib-i386-win32-vc14-release:os_core_win32.obj
 0001:00018050       _pj_thread_get_name        00419050 f   pjlib-i386-win32-vc14-release:os_core_win32.obj
 0001:000180a0       _pj_thread_join            004190a0 f   pjlib-i386-win32-vc14-release:os_core_win32.obj
 0001:00018160       _pj_thread_local_alloc     00419160 f   pjlib-i386-win32-vc14-release:os_core_win32.obj
 0001:000181b0       _pj_thread_local_free      004191b0 f   pjlib-i386-win32-vc14-release:os_core_win32.obj
 0001:00018200       _pj_thread_local_get       00419200 f   pjlib-i386-win32-vc14-release:os_core_win32.obj
 0001:00018210       _pj_thread_local_set       00419210 f   pjlib-i386-win32-vc14-release:os_core_win32.obj
 0001:00018250       _pj_thread_sleep           00419250 f   pjlib-i386-win32-vc14-release:os_core_win32.obj
 0001:000182a0       _pj_thread_this            004192a0 f   pjlib-i386-win32-vc14-release:os_core_win32.obj
 0001:00018330       _pj_time_val_normalize     00419330 f   pjlib-i386-win32-vc14-release:types.obj
 0001:000183c0       _pj_sockaddr_cmp           004193c0 f   pjlib-i386-win32-vc14-release:sock_common.obj
 0001:00018540       _pj_sockaddr_cp            00419540 f   pjlib-i386-win32-vc14-release:sock_common.obj
 0001:000185a0       _pj_sockaddr_get_len       004195a0 f   pjlib-i386-win32-vc14-release:sock_common.obj
 0001:000185e0       _pj_sockaddr_has_addr      004195e0 f   pjlib-i386-win32-vc14-release:sock_common.obj
 0001:00018690       _pj_sockaddr_in_init       00419690 f   pjlib-i386-win32-vc14-release:sock_common.obj
 0001:000186e0       _pj_sockaddr_in_set_str_addr 004196e0 f   pjlib-i386-win32-vc14-release:sock_common.obj
 0001:000187d0       _pj_sockaddr_init          004197d0 f   pjlib-i386-win32-vc14-release:sock_common.obj
 0001:00018970       _pj_pool_alloc             00419970 f   pjlib-i386-win32-vc14-release:pool.obj
 0001:00018ae0       _pj_pool_calloc            00419ae0 f   pjlib-i386-win32-vc14-release:pool.obj
 0001:00018b10       _pj_pool_create            00419b10 f   pjlib-i386-win32-vc14-release:pool.obj
 0001:00018b20       _pj_pool_create_int        00419b20 f   pjlib-i386-win32-vc14-release:pool.obj
 0001:00018c30       _pj_pool_destroy_int       00419c30 f   pjlib-i386-win32-vc14-release:pool.obj
 0001:00018c70       _pj_pool_get_capacity      00419c70 f   pjlib-i386-win32-vc14-release:pool.obj
 0001:00018c80       _pj_pool_get_used_size     00419c80 f   pjlib-i386-win32-vc14-release:pool.obj
 0001:00018cb0       _pj_pool_init_int          00419cb0 f   pjlib-i386-win32-vc14-release:pool.obj
 0001:00018d20       _pj_pool_release           00419d20 f   pjlib-i386-win32-vc14-release:pool.obj
 0001:00018d40       _pj_pool_reset             00419d40 f   pjlib-i386-win32-vc14-release:pool.obj
 0001:00018d50       _pj_pool_safe_release      00419d50 f   pjlib-i386-win32-vc14-release:pool.obj
 0001:00019180       _pj_caching_pool_destroy   0041a180 f   pjlib-i386-win32-vc14-release:pool_caching.obj
 0001:00019260       _pj_caching_pool_init      0041a260 f   pjlib-i386-win32-vc14-release:pool_caching.obj
 0001:00019340       _pj_errno_clear_handlers   0041a340 f   pjlib-i386-win32-vc14-release:errno.obj
 0001:00019360       _pj_perror_3               0041a360 f   pjlib-i386-win32-vc14-release:errno.obj
 0001:00019380       _pj_perror_4               0041a380 f   pjlib-i386-win32-vc14-release:errno.obj
 0001:00019570       _pj_register_strerror      0041a570 f   pjlib-i386-win32-vc14-release:errno.obj
 0001:00019640       _pj_strerror               0041a640 f   pjlib-i386-win32-vc14-release:errno.obj
 0001:00019780       _pj_create_random_string   0041a780 f   pjlib-i386-win32-vc14-release:string.obj
 0001:00019890       _pj_str                    0041a890 f   pjlib-i386-win32-vc14-release:string.obj
 0001:000198b0       _pj_strcmp                 0041a8b0 f   pjlib-i386-win32-vc14-release:string.obj
 0001:00019960       _pj_strcmp2                0041a960 f   pjlib-i386-win32-vc14-release:string.obj
 0001:000199c0       _pj_strdup                 0041a9c0 f   pjlib-i386-win32-vc14-release:string.obj
 0001:00019a00       _pj_strdup2                0041aa00 f   pjlib-i386-win32-vc14-release:string.obj
 0001:00019a60       _pj_strdup_with_null       0041aa60 f   pjlib-i386-win32-vc14-release:string.obj
 0001:00019ab0       _pj_stricmp                0041aab0 f   pjlib-i386-win32-vc14-release:string.obj
 0001:00019b10       _pj_stricmp2               0041ab10 f   pjlib-i386-win32-vc14-release:string.obj
 0001:00019b80       _pj_strncpy_with_null      0041ab80 f   pjlib-i386-win32-vc14-release:string.obj
 0001:00019bc0       _pj_strnicmp2              0041abc0 f   pjlib-i386-win32-vc14-release:string.obj
 0001:00019c30       _pj_strtok                 0041ac30 f   pjlib-i386-win32-vc14-release:string.obj
 0001:00019d20       _pj_strtok2                0041ad20 f   pjlib-i386-win32-vc14-release:string.obj
 0001:00019e00       _pj_strtoul                0041ae00 f   pjlib-i386-win32-vc14-release:string.obj
 0001:00019e60       _pj_strtoul2               0041ae60 f   pjlib-i386-win32-vc14-release:string.obj
 0001:00019f10       _pj_utoa                   0041af10 f   pjlib-i386-win32-vc14-release:string.obj
 0001:00019f90       _pj_utoa_pad               0041af90 f   pjlib-i386-win32-vc14-release:string.obj
 0001:0001a030       _pj_log_write              0041b030 f   pjlib-i386-win32-vc14-release:log_writer_stdout.obj
 0001:0001a0d0       _pj_log                    0041b0d0 f   pjlib-i386-win32-vc14-release:log.obj
 0001:0001a5d0       _pj_log_1                  0041b5d0 f   pjlib-i386-win32-vc14-release:log.obj
 0001:0001a5f0       _pj_log_2                  0041b5f0 f   pjlib-i386-win32-vc14-release:log.obj
 0001:0001a610       _pj_log_3                  0041b610 f   pjlib-i386-win32-vc14-release:log.obj
 0001:0001a630       _pj_log_4                  0041b630 f   pjlib-i386-win32-vc14-release:log.obj
 0001:0001a650       _pj_log_5                  0041b650 f   pjlib-i386-win32-vc14-release:log.obj
 0001:0001a670       _pj_log_get_color          0041b670 f   pjlib-i386-win32-vc14-release:log.obj
 0001:0001a6e0       _pj_log_get_decor          0041b6e0 f   pjlib-i386-win32-vc14-release:log.obj
 0001:0001a6f0       _pj_log_get_level          0041b6f0 f   pjlib-i386-win32-vc14-release:log.obj
 0001:0001a700       _pj_log_init               0041b700 f   pjlib-i386-win32-vc14-release:log.obj
 0001:0001a770       _pj_log_set_decor          0041b770 f   pjlib-i386-win32-vc14-release:log.obj
 0001:0001a780       _pj_log_set_log_func       0041b780 f   pjlib-i386-win32-vc14-release:log.obj
 0001:0001a790       _pj_file_close             0041b790 f   pjlib-i386-win32-vc14-release:file_io_win32.obj
 0001:0001a7d0       _pj_file_getpos            0041b7d0 f   pjlib-i386-win32-vc14-release:file_io_win32.obj
 0001:0001a850       _pj_file_open              0041b850 f   pjlib-i386-win32-vc14-release:file_io_win32.obj
 0001:0001a990       _pj_file_read              0041b990 f   pjlib-i386-win32-vc14-release:file_io_win32.obj
 0001:0001a9f0       _pj_file_setpos            0041b9f0 f   pjlib-i386-win32-vc14-release:file_io_win32.obj
 0001:0001aa80       _pj_file_write             0041ba80 f   pjlib-i386-win32-vc14-release:file_io_win32.obj
 0001:0001aae0       _pj_rand                   0041bae0 f   pjlib-i386-win32-vc14-release:rand.obj
 0001:0001abd0       _pj_htonl                  0041bbd0 f   pjlib-i386-win32-vc14-release:sock_bsd.obj
 0001:0001abe0       _pj_htons                  0041bbe0 f   pjlib-i386-win32-vc14-release:sock_bsd.obj
 0001:0001abf0       _pj_inet_aton              0041bbf0 f   pjlib-i386-win32-vc14-release:sock_bsd.obj
 0001:0001ac80       _pj_inet_pton              0041bc80 f   pjlib-i386-win32-vc14-release:sock_bsd.obj
 0001:0001ade0       _pj_ntohl                  0041bde0 f   pjlib-i386-win32-vc14-release:sock_bsd.obj
 0001:0001adf0       _pj_ntohs                  0041bdf0 f   pjlib-i386-win32-vc14-release:sock_bsd.obj
 0001:0001ae00       _pj_sock_accept            0041be00 f   pjlib-i386-win32-vc14-release:sock_bsd.obj
 0001:0001ae70       _pj_sock_getsockname       0041be70 f   pjlib-i386-win32-vc14-release:sock_bsd.obj
 0001:0001aed0       _pj_sock_getsockopt        0041bed0 f   pjlib-i386-win32-vc14-release:sock_bsd.obj
 0001:0001af40       _pj_sock_recv              0041bf40 f   pjlib-i386-win32-vc14-release:sock_bsd.obj
 0001:0001afb0       _pj_sock_recvfrom          0041bfb0 f   pjlib-i386-win32-vc14-release:sock_bsd.obj
 0001:0001b020       _pj_sock_send              0041c020 f   pjlib-i386-win32-vc14-release:sock_bsd.obj
 0001:0001b090       _pj_sock_sendto            0041c090 f   pjlib-i386-win32-vc14-release:sock_bsd.obj
 0001:0001b100       _pj_list_erase             0041c100 f   pjlib-i386-win32-vc14-release:list.obj
 0001:0001b120       _pj_list_find_node         0041c120 f   pjlib-i386-win32-vc14-release:list.obj
 0001:0001b150       _pj_list_insert_after      0041c150 f   pjlib-i386-win32-vc14-release:list.obj
 0001:0001b170       _pj_list_insert_before     0041c170 f   pjlib-i386-win32-vc14-release:list.obj
 0001:0001b190       _pj_get_netos_error        0041c190 f   pjlib-i386-win32-vc14-release:os_error_win32.obj
 0001:0001b1b0       _pj_get_os_error           0041c1b0 f   pjlib-i386-win32-vc14-release:os_error_win32.obj
 0001:0001b1d0       _platform_strerror         0041c1d0 f   pjlib-i386-win32-vc14-release:os_error_win32.obj
 0001:0001b2b0       _pj_array_erase            0041c2b0 f   pjlib-i386-win32-vc14-release:array.obj
 0001:0001b2f0       _pj_gettimeofday           0041c2f0 f   pjlib-i386-win32-vc14-release:os_time_win32.obj
 0001:0001b3a0       _pj_time_decode            0041c3a0 f   pjlib-i386-win32-vc14-release:os_time_win32.obj
 0001:0001b510       _ioqueue_dispatch_read_event 0041c510 f   pjlib-i386-win32-vc14-release:ioqueue_select.obj
 0001:0001b720       _ioqueue_dispatch_write_event 0041c720 f   pjlib-i386-win32-vc14-release:ioqueue_select.obj
 0001:0001b9b0       _pj_ioqueue_create         0041c9b0 f   pjlib-i386-win32-vc14-release:ioqueue_select.obj
 0001:0001bb80       _pj_ioqueue_destroy        0041cb80 f   pjlib-i386-win32-vc14-release:ioqueue_select.obj
 0001:0001bc40       _pj_ioqueue_poll           0041cc40 f   pjlib-i386-win32-vc14-release:ioqueue_select.obj
 0001:0001c120       _pj_ioqueue_unlock_key     0041d120 f   pjlib-i386-win32-vc14-release:ioqueue_select.obj
 0001:0001c1d0       _pj_get_timestamp          0041d1d0 f   pjlib-i386-win32-vc14-release:os_timestamp_win32.obj
 0001:0001c230       _pj_get_timestamp_freq     0041d230 f   pjlib-i386-win32-vc14-release:os_timestamp_win32.obj
 0001:0001c2e0       _pj_file_exists            0041d2e0 f   pjlib-i386-win32-vc14-release:file_access_win32.obj
 0001:0001c320       _pj_file_size              0041d320 f   pjlib-i386-win32-vc14-release:file_access_win32.obj
 0001:0001c380       _pj_exception_id_alloc     0041d380 f   pjlib-i386-win32-vc14-release:except.obj
 0001:0001c3d0       _pj_exception_id_free      0041d3d0 f   pjlib-i386-win32-vc14-release:except.obj
 0001:0001c410       _pj_pop_exception_handler_ 0041d410 f   pjlib-i386-win32-vc14-release:except.obj
 0001:0001c440       _pj_throw_exception_       0041d440 f   pjlib-i386-win32-vc14-release:except.obj
 0001:0001c700       _pj_grp_lock_add_ref       0041d700 f   pjlib-i386-win32-vc14-release:lock.obj
 0001:0001c720       _pj_grp_lock_dec_ref       0041d720 f   pjlib-i386-win32-vc14-release:lock.obj
 0001:0001c750       _pj_grp_lock_release       0041d750 f   pjlib-i386-win32-vc14-release:lock.obj
 0001:0001c760       _pj_grp_lock_tryacquire    0041d760 f   pjlib-i386-win32-vc14-release:lock.obj
 0001:0001c770       _pj_lock_acquire           0041d770 f   pjlib-i386-win32-vc14-release:lock.obj
 0001:0001c790       _pj_lock_create_null_mutex 0041d790 f   pjlib-i386-win32-vc14-release:lock.obj
 0001:0001c7b0       _pj_lock_create_recursive_mutex 0041d7b0 f   pjlib-i386-win32-vc14-release:lock.obj
 0001:0001c7d0       _pj_lock_create_simple_mutex 0041d7d0 f   pjlib-i386-win32-vc14-release:lock.obj
 0001:0001c7f0       _pj_lock_destroy           0041d7f0 f   pjlib-i386-win32-vc14-release:lock.obj
 0001:0001c810       _pj_lock_release           0041d810 f   pjlib-i386-win32-vc14-release:lock.obj
 0001:0001c830       _pj_lock_tryacquire        0041d830 f   pjlib-i386-win32-vc14-release:lock.obj
 0001:0001c850       _pj_generate_unique_string 0041d850 f   pjlib-i386-win32-vc14-release:guid_win32.obj
 0001:0001c900       _pj_getaddrinfo            0041d900 f   pjlib-i386-win32-vc14-release:addr_resolv_sock.obj
 0001:0001cac0       _pj_pool_create_on_buf     0041dac0 f   pjlib-i386-win32-vc14-release:pool_buf.obj
 0001:0001cbd0       _pj_gettickcount           0041dbd0 f   pjlib-i386-win32-vc14-release:os_timestamp_common.obj
 0001:0001cca0       _PJ_FD_CLR                 0041dca0 f   pjlib-i386-win32-vc14-release:sock_select.obj
 0001:0001cd20       _srtp_rdb_get_value        0041dd20 f   libsrtp-i386-win32-vc14-release:rdb.obj
 0001:0001cd20       _PJ_FD_COUNT               0041dd20 f   pjlib-i386-win32-vc14-release:sock_select.obj
 0001:0001cd30       _PJ_FD_ISSET               0041dd30 f   pjlib-i386-win32-vc14-release:sock_select.obj
 0001:0001cd60       _PJ_FD_ZERO                0041dd60 f   pjlib-i386-win32-vc14-release:sock_select.obj
 0001:0001cd90       _pj_sock_select            0041dd90 f   pjlib-i386-win32-vc14-release:sock_select.obj
 0001:0001ce00       _gsm_create                0041de00 f   libgsmcodec-i386-win32-vc14-release:gsm_create.obj
 0001:0001ce40       _gsm_destroy               0041de40 f   libgsmcodec-i386-win32-vc14-release:gsm_destroy.obj
 0001:0001ce60       _gsm_encode                0041de60 f   libgsmcodec-i386-win32-vc14-release:gsm_encode.obj
 0001:0001d2b0       _gsm_decode                0041e2b0 f   libgsmcodec-i386-win32-vc14-release:gsm_decode.obj
 0001:0001d890       _Gsm_Coder                 0041e890 f   libgsmcodec-i386-win32-vc14-release:code.obj
 0001:0001da90       _Gsm_Decoder               0041ea90 f   libgsmcodec-i386-win32-vc14-release:decode.obj
 0001:0001e1e0       _Gsm_Long_Term_Predictor   0041f1e0 f   libgsmcodec-i386-win32-vc14-release:long_term.obj
 0001:0001e220       _Gsm_Long_Term_Synthesis_Filtering 0041f220 f   libgsmcodec-i386-win32-vc14-release:long_term.obj
 0001:0001ed90       _Gsm_LPC_Analysis          0041fd90 f   libgsmcodec-i386-win32-vc14-release:lpc.obj
 0001:0001f6a0       _Gsm_Preprocess            004206a0 f   libgsmcodec-i386-win32-vc14-release:preprocess.obj
 0001:0001fe90       _Gsm_Short_Term_Analysis_Filter 00420e90 f   libgsmcodec-i386-win32-vc14-release:short_term.obj
 0001:0001ff90       _Gsm_Short_Term_Synthesis_Filter 00420f90 f   libgsmcodec-i386-win32-vc14-release:short_term.obj
 0001:000207d0       _Gsm_RPE_Decoding          004217d0 f   libgsmcodec-i386-win32-vc14-release:rpe.obj
 0001:00020830       _Gsm_RPE_Encoding          00421830 f   libgsmcodec-i386-win32-vc14-release:rpe.obj
 0001:00020c50       _gsm_add                   00421c50 f   libgsmcodec-i386-win32-vc14-release:add.obj
 0001:00020c80       _gsm_asl                   00421c80 f   libgsmcodec-i386-win32-vc14-release:add.obj
 0001:00020cf0       _gsm_asr                   00421cf0 f   libgsmcodec-i386-win32-vc14-release:add.obj
 0001:00020d30       _gsm_div                   00421d30 f   libgsmcodec-i386-win32-vc14-release:add.obj
 0001:00020d80       _gsm_mult                  00421d80 f   libgsmcodec-i386-win32-vc14-release:add.obj
 0001:00020db0       _gsm_norm                  00421db0 f   libgsmcodec-i386-win32-vc14-release:add.obj
 0001:00020e40       _gsm_sub                   00421e40 f   libgsmcodec-i386-win32-vc14-release:add.obj
 0001:00020e70       _iLBC_encode               00421e70 f   libilbccodec-i386-win32-vc14-release:iLBC_encode.obj
 0001:00021dd0       _initEncode                00422dd0 f   libilbccodec-i386-win32-vc14-release:iLBC_encode.obj
 0001:00021ef0       _Decode                    00422ef0 f   libilbccodec-i386-win32-vc14-release:iLBC_decode.obj
 0001:00022580       _iLBC_decode               00423580 f   libilbccodec-i386-win32-vc14-release:iLBC_decode.obj
 0001:00022e90       _initDecode                00423e90 f   libilbccodec-i386-win32-vc14-release:iLBC_decode.obj
 0001:00023090       _LPCencode                 00424090 f   libilbccodec-i386-win32-vc14-release:LPCencode.obj
 0001:00023280       _SimpleInterpolateLSF      00424280 f   libilbccodec-i386-win32-vc14-release:LPCencode.obj
 0001:00023530       _FrameClassify             00424530 f   libilbccodec-i386-win32-vc14-release:FrameClassify.obj
 0001:000238f0       _StateSearchW              004248f0 f   libilbccodec-i386-win32-vc14-release:StateSearchW.obj
 0001:00023e30       _StateConstructW           00424e30 f   libilbccodec-i386-win32-vc14-release:StateConstructW.obj
 0001:00024100       _dopack                    00425100 f   libilbccodec-i386-win32-vc14-release:packing.obj
 0001:00024190       _packcombine               00425190 f   libilbccodec-i386-win32-vc14-release:packing.obj
 0001:000241b0       _packsplit                 004251b0 f   libilbccodec-i386-win32-vc14-release:packing.obj
 0001:000241e0       _unpack                    004251e0 f   libilbccodec-i386-win32-vc14-release:packing.obj
 0001:00024290       _iCBSearch                 00425290 f   libilbccodec-i386-win32-vc14-release:iCBSearch.obj
 0001:00025140       _iCBConstruct              00426140 f   libilbccodec-i386-win32-vc14-release:iCBConstruct.obj
 0001:00025640       _index_conv_dec            00426640 f   libilbccodec-i386-win32-vc14-release:iCBConstruct.obj
 0001:00025690       _index_conv_enc            00426690 f   libilbccodec-i386-win32-vc14-release:iCBConstruct.obj
 0001:000256e0       _hpInput                   004266e0 f   libilbccodec-i386-win32-vc14-release:hpInput.obj
 0001:000257b0       _anaFilter                 004267b0 f   libilbccodec-i386-win32-vc14-release:anaFilter.obj
 0001:00025a80       _DecoderInterpolateLSF     00426a80 f   libilbccodec-i386-win32-vc14-release:LPCdecode.obj
 0001:00025c60       _SimplelsfDEQ              00426c60 f   libilbccodec-i386-win32-vc14-release:LPCdecode.obj
 0001:00025d70       _compCorr                  00426d70 f   libilbccodec-i386-win32-vc14-release:doCPLC.obj
 0001:00025e90       _doThePLC                  00426e90 f   libilbccodec-i386-win32-vc14-release:doCPLC.obj
 0001:00026370       _LSF_check                 00427370 f   libilbccodec-i386-win32-vc14-release:helpfun.obj
 0001:00026460       _SplitVQ                   00427460 f   libilbccodec-i386-win32-vc14-release:helpfun.obj
 0001:00026680       _autocorr                  00427680 f   libilbccodec-i386-win32-vc14-release:helpfun.obj
 0001:00026760       _bwexpand                  00427760 f   libilbccodec-i386-win32-vc14-release:helpfun.obj
 0001:00026850       _interpolate               00427850 f   libilbccodec-i386-win32-vc14-release:helpfun.obj
 0001:00026a80       _levdurb                   00427a80 f   libilbccodec-i386-win32-vc14-release:helpfun.obj
 0001:00026cd0       _sort_sq                   00427cd0 f   libilbccodec-i386-win32-vc14-release:helpfun.obj
 0001:00026d60       _window                    00427d60 f   libilbccodec-i386-win32-vc14-release:helpfun.obj
 0001:00026f20       _NearestNeighbor           00427f20 f   libilbccodec-i386-win32-vc14-release:enhancer.obj
 0001:00027000       _enh_upsample              00428000 f   libilbccodec-i386-win32-vc14-release:enhancer.obj
 0001:00027380       _enhancerInterface         00428380 f   libilbccodec-i386-win32-vc14-release:enhancer.obj
 0001:00027be0       _getsseq                   00428be0 f   libilbccodec-i386-win32-vc14-release:enhancer.obj
 0001:00028060       _refiner                   00429060 f   libilbccodec-i386-win32-vc14-release:enhancer.obj
 0001:00028480       _smath                     00429480 f   libilbccodec-i386-win32-vc14-release:enhancer.obj
 0001:00028d20       _xCorrCoef                 00429d20 f   libilbccodec-i386-win32-vc14-release:enhancer.obj
 0001:00028d90       _hpOutput                  00429d90 f   libilbccodec-i386-win32-vc14-release:hpOutput.obj
 0001:00028e60       _syntFilter                00429e60 f   libilbccodec-i386-win32-vc14-release:syntFilter.obj
 0001:00029120       _a2lsf                     0042a120 f   libilbccodec-i386-win32-vc14-release:lsf.obj
 0001:00029470       _lsf2a                     0042a470 f   libilbccodec-i386-win32-vc14-release:lsf.obj
 0001:000298e0       _AllPoleFilter             0042a8e0 f   libilbccodec-i386-win32-vc14-release:filter.obj
 0001:000299d0       _DownSample                0042a9d0 f   libilbccodec-i386-win32-vc14-release:filter.obj
 0001:00029cd0       _ZeroPoleFilter            0042acd0 f   libilbccodec-i386-win32-vc14-release:filter.obj
 0001:00029eb0       _gaindequant               0042aeb0 f   libilbccodec-i386-win32-vc14-release:gainquant.obj
 0001:00029f30       _gainquant                 0042af30 f   libilbccodec-i386-win32-vc14-release:gainquant.obj
 0001:00029fd0       _createAugmentedVec        0042afd0 f   libilbccodec-i386-win32-vc14-release:createCB.obj
 0001:0002a070       _filteredCBvecs            0042b070 f   libilbccodec-i386-win32-vc14-release:createCB.obj
 0001:0002a1c0       _searchAugmentedCB         0042b1c0 f   libilbccodec-i386-win32-vc14-release:createCB.obj
 0001:0002a540       _getCBvec                  0042b540 f   libilbccodec-i386-win32-vc14-release:getCBvec.obj
 0001:0002aa00       _speex_mode_query          0042ba00 f   libspeex-i386-win32-vc14-release:modes.obj
 0001:0002aa20       _fprintf                   0042ba20 f i libspeex-i386-win32-vc14-release:bits.obj
 0001:0002aa50       _speex_bits_advance        0042ba50 f   libspeex-i386-win32-vc14-release:bits.obj
 0001:0002aaa0       _speex_bits_destroy        0042baa0 f   libspeex-i386-win32-vc14-release:bits.obj
 0001:0002aac0       _speex_bits_init           0042bac0 f   libspeex-i386-win32-vc14-release:bits.obj
 0001:0002ab10       _speex_bits_pack           0042bb10 f   libspeex-i386-win32-vc14-release:bits.obj
 0001:0002ac20       _speex_bits_peek           0042bc20 f   libspeex-i386-win32-vc14-release:bits.obj
 0001:0002ac70       _speex_bits_read_from      0042bc70 f   libspeex-i386-win32-vc14-release:bits.obj
 0001:0002ad50       _speex_bits_remaining      0042bd50 f   libspeex-i386-win32-vc14-release:bits.obj
 0001:0002ad80       _speex_bits_reset          0042bd80 f   libspeex-i386-win32-vc14-release:bits.obj
 0001:0002adb0       _speex_bits_unpack_unsigned 0042bdb0 f   libspeex-i386-win32-vc14-release:bits.obj
 0001:0002ae40       _speex_bits_write          0042be40 f   libspeex-i386-win32-vc14-release:bits.obj
 0001:0002aed0       _nb_mode_query             0042bed0 f   libspeex-i386-win32-vc14-release:speex.obj
 0001:0002af50       _speex_decode_int          0042bf50 f   libspeex-i386-win32-vc14-release:speex.obj
 0001:0002b060       _speex_decode_native       0042c060 f   libspeex-i386-win32-vc14-release:speex.obj
 0001:0002b080       _speex_decoder_ctl         0042c080 f   libspeex-i386-win32-vc14-release:speex.obj
 0001:0002b0a0       _speex_decoder_destroy     0042c0a0 f   libspeex-i386-win32-vc14-release:speex.obj
 0001:0002b0c0       _speex_decoder_init        0042c0c0 f   libspeex-i386-win32-vc14-release:speex.obj
 0001:0002b0d0       _speex_encode_int          0042c0d0 f   libspeex-i386-win32-vc14-release:speex.obj
 0001:0002b200       _speex_encode_native       0042c200 f   libspeex-i386-win32-vc14-release:speex.obj
 0001:0002b220       _speex_encoder_ctl         0042c220 f   libspeex-i386-win32-vc14-release:speex.obj
 0001:0002b240       _speex_encoder_destroy     0042c240 f   libspeex-i386-win32-vc14-release:speex.obj
 0001:0002b260       _speex_encoder_init        0042c260 f   libspeex-i386-win32-vc14-release:speex.obj
 0001:0002b270       _wb_mode_query             0042c270 f   libspeex-i386-win32-vc14-release:modes_wb.obj
 0001:0002b2f0       _speex_lib_get_mode        0042c2f0 f   libspeex-i386-win32-vc14-release:modes_wb.obj
 0001:0002b310       _forced_pitch_quant        0042c310 f   libspeex-i386-win32-vc14-release:ltp.obj
 0001:0002b6e0       _forced_pitch_unquant      0042c6e0 f   libspeex-i386-win32-vc14-release:ltp.obj
 0001:0002b820       _inner_prod                0042c820 f   libspeex-i386-win32-vc14-release:ltp.obj
 0001:0002b8a0       _open_loop_nbest_pitch     0042c8a0 f   libspeex-i386-win32-vc14-release:ltp.obj
 0001:0002cbe0       _pitch_search_3tap         0042dbe0 f   libspeex-i386-win32-vc14-release:ltp.obj
 0001:0002ce40       _pitch_unquant_3tap        0042de40 f   libspeex-i386-win32-vc14-release:ltp.obj
 0001:0002d480       _lsp_quant_high            0042e480 f   libspeex-i386-win32-vc14-release:quant_lsp.obj
 0001:0002dc60       _lsp_quant_lbr             0042ec60 f   libspeex-i386-win32-vc14-release:quant_lsp.obj
 0001:0002e460       _lsp_quant_nb              0042f460 f   libspeex-i386-win32-vc14-release:quant_lsp.obj
 0001:0002ed00       _lsp_unquant_high          0042fd00 f   libspeex-i386-win32-vc14-release:quant_lsp.obj
 0001:0002f0a0       _lsp_unquant_lbr           004300a0 f   libspeex-i386-win32-vc14-release:quant_lsp.obj
 0001:0002f530       _lsp_unquant_nb            00430530 f   libspeex-i386-win32-vc14-release:quant_lsp.obj
 0001:0002ffa0       _noise_codebook_quant      00430fa0 f   libspeex-i386-win32-vc14-release:cb_search.obj
 0001:00030160       _noise_codebook_unquant    00431160 f   libspeex-i386-win32-vc14-release:cb_search.obj
 0001:000301e0       _split_cb_search_shape_sign 004311e0 f   libspeex-i386-win32-vc14-release:cb_search.obj
 0001:00031b20       _split_cb_shape_sign_unquant 00432b20 f   libspeex-i386-win32-vc14-release:cb_search.obj
 0001:00031cb0       _nb_decode                 00432cb0 f   libspeex-i386-win32-vc14-release:nb_celp.obj
 0001:00032ce0       _nb_decoder_ctl            00433ce0 f   libspeex-i386-win32-vc14-release:nb_celp.obj
 0001:00033110       _nb_decoder_destroy        00434110 f   libspeex-i386-win32-vc14-release:nb_celp.obj
 0001:00033150       _nb_decoder_init           00434150 f   libspeex-i386-win32-vc14-release:nb_celp.obj
 0001:00033300       _nb_encode                 00434300 f   libspeex-i386-win32-vc14-release:nb_celp.obj
 0001:00034710       _nb_encoder_ctl            00435710 f   libspeex-i386-win32-vc14-release:nb_celp.obj
 0001:00034dd0       _nb_encoder_destroy        00435dd0 f   libspeex-i386-win32-vc14-release:nb_celp.obj
 0001:00034e40       _nb_encoder_init           00435e40 f   libspeex-i386-win32-vc14-release:nb_celp.obj
 0001:000350f0       _vbr_analysis              004360f0 f   libspeex-i386-win32-vc14-release:vbr.obj
 0001:000358d0       _vbr_init                  004368d0 f   libspeex-i386-win32-vc14-release:vbr.obj
 0001:00035980       _sb_decode                 00436980 f   libspeex-i386-win32-vc14-release:sb_celp.obj
 0001:00036140       _sb_decoder_ctl            00437140 f   libspeex-i386-win32-vc14-release:sb_celp.obj
 0001:00036680       _sb_decoder_destroy        00437680 f   libspeex-i386-win32-vc14-release:sb_celp.obj
 0001:000366d0       _sb_decoder_init           004376d0 f   libspeex-i386-win32-vc14-release:sb_celp.obj
 0001:00036810       _sb_encode                 00437810 f   libspeex-i386-win32-vc14-release:sb_celp.obj
 0001:00037570       _sb_encoder_ctl            00438570 f   libspeex-i386-win32-vc14-release:sb_celp.obj
 0001:00037e80       _sb_encoder_destroy        00438e80 f   libspeex-i386-win32-vc14-release:sb_celp.obj
 0001:00037ee0       _sb_encoder_init           00438ee0 f   libspeex-i386-win32-vc14-release:sb_celp.obj
 0001:00038110       _bw_lpc                    00439110 f   libspeex-i386-win32-vc14-release:filters.obj
 0001:000381d0       _compute_impulse_response  004391d0 f   libspeex-i386-win32-vc14-release:filters.obj
 0001:00038560       _compute_rms               00439560 f   libspeex-i386-win32-vc14-release:filters.obj
 0001:00038560       _compute_rms16             00439560 f   libspeex-i386-win32-vc14-release:filters.obj
 0001:00038620       _filter_mem16              00439620 f   libspeex-i386-win32-vc14-release:filters.obj
 0001:00038810       _fir_mem16                 00439810 f   libspeex-i386-win32-vc14-release:filters.obj
 0001:00038a10       _highpass                  00439a10 f   libspeex-i386-win32-vc14-release:filters.obj
 0001:00038b40       _iir_mem16                 00439b40 f   libspeex-i386-win32-vc14-release:filters.obj
 0001:00038d40       _interp_pitch              00439d40 f   libspeex-i386-win32-vc14-release:filters.obj
 0001:000390d0       _multicomb                 0043a0d0 f   libspeex-i386-win32-vc14-release:filters.obj
 0001:00039590       _qmf_decomp                0043a590 f   libspeex-i386-win32-vc14-release:filters.obj
 0001:000398b0       _qmf_synth                 0043a8b0 f   libspeex-i386-win32-vc14-release:filters.obj
 0001:00039d50       _residue_percep_zero16     0043ad50 f   libspeex-i386-win32-vc14-release:filters.obj
 0001:00039df0       _sanitize_values32         0043adf0 f   libspeex-i386-win32-vc14-release:filters.obj
 0001:00039e50       _signal_div                0043ae50 f   libspeex-i386-win32-vc14-release:filters.obj
 0001:00039fb0       _signal_mul                0043afb0 f   libspeex-i386-win32-vc14-release:filters.obj
 0001:0003a120       _syn_percep_zero16         0043b120 f   libspeex-i386-win32-vc14-release:filters.obj
 0001:0003a1c0       _scal_quant                0043b1c0 f   libspeex-i386-win32-vc14-release:vq.obj
 0001:0003a230       _vq_nbest                  0043b230 f   libspeex-i386-win32-vc14-release:vq.obj
 0001:0003a380       _vq_nbest_sign             0043b380 f   libspeex-i386-win32-vc14-release:vq.obj
 0001:0003a510       _speex_default_user_handler 0043b510 f   libspeex-i386-win32-vc14-release:speex_callbacks.obj
 0001:0003a540       _speex_inband_handler      0043b540 f   libspeex-i386-win32-vc14-release:speex_callbacks.obj
 0001:0003a600       __spx_autocorr             0043b600 f   libspeex-i386-win32-vc14-release:lpc.obj
 0001:0003a700       __spx_lpc                  0043b700 f   libspeex-i386-win32-vc14-release:lpc.obj
 0001:0003a8b0       _lpc_to_lsp                0043b8b0 f   libspeex-i386-win32-vc14-release:lsp.obj
 0001:0003b020       _lsp_enforce_margin        0043c020 f   libspeex-i386-win32-vc14-release:lsp.obj
 0001:0003b0c0       _lsp_interpolate           0043c0c0 f   libspeex-i386-win32-vc14-release:lsp.obj
 0001:0003b310       _lsp_to_lpc                0043c310 f   libspeex-i386-win32-vc14-release:lsp.obj
 0001:0003b520       _srtp_event_reporter       0043c520 f   libsrtp-i386-win32-vc14-release:srtp.obj
 0001:0003b5c0       ___local_stdio_scanf_options 0043c5c0 f i libsrtp-i386-win32-vc14-release:srtp.obj
 0001:0003b650       _srtp_add_stream           0043c650 f   libsrtp-i386-win32-vc14-release:srtp.obj
 0001:0003b900       _srtp_create               0043c900 f   libsrtp-i386-win32-vc14-release:srtp.obj
 0001:0003b980       _srtp_crypto_policy_set_aes_cm_256_hmac_sha1_32 0043c980 f   libsrtp-i386-win32-vc14-release:srtp.obj
 0001:0003b9c0       _srtp_crypto_policy_set_aes_cm_256_hmac_sha1_80 0043c9c0 f   libsrtp-i386-win32-vc14-release:srtp.obj
 0001:0003ba00       _srtp_dealloc              0043ca00 f   libsrtp-i386-win32-vc14-release:srtp.obj
 0001:0003bce0       _srtp_get_session_keys     0043cce0 f   libsrtp-i386-win32-vc14-release:srtp.obj
 0001:0003bdf0       _srtp_inject_mki           0043cdf0 f   libsrtp-i386-win32-vc14-release:srtp.obj
 0001:0003c140       _srtp_protect              0043d140 f   libsrtp-i386-win32-vc14-release:srtp.obj
 0001:0003c470       _srtp_protect_mki          0043d470 f   libsrtp-i386-win32-vc14-release:srtp.obj
 0001:0003ca20       _srtp_protect_rtcp         0043da20 f   libsrtp-i386-win32-vc14-release:srtp.obj
 0001:0003cc50       _srtp_protect_rtcp_mki     0043dc50 f   libsrtp-i386-win32-vc14-release:srtp.obj
 0001:0003d000       _srtp_stream_alloc         0043e000 f   libsrtp-i386-win32-vc14-release:srtp.obj
 0001:0003d290       _srtp_stream_clone         0043e290 f   libsrtp-i386-win32-vc14-release:srtp.obj
 0001:0003d4b0       _srtp_stream_dealloc       0043e4b0 f   libsrtp-i386-win32-vc14-release:srtp.obj
 0001:0003d730       _srtp_stream_init          0043e730 f   libsrtp-i386-win32-vc14-release:srtp.obj
 0001:0003d8b0       _srtp_stream_init_keys     0043e8b0 f   libsrtp-i386-win32-vc14-release:srtp.obj
 0001:0003e0d0       _srtp_unprotect            0043f0d0 f   libsrtp-i386-win32-vc14-release:srtp.obj
 0001:0003e3f0       _srtp_unprotect_mki        0043f3f0 f   libsrtp-i386-win32-vc14-release:srtp.obj
 0001:0003ea40       _srtp_unprotect_rtcp       0043fa40 f   libsrtp-i386-win32-vc14-release:srtp.obj
 0001:0003ecc0       _srtp_unprotect_rtcp_mki   0043fcc0 f   libsrtp-i386-win32-vc14-release:srtp.obj
 0001:0003f1b0       _srtp_validate_policy_master_keys 004401b0 f   libsrtp-i386-win32-vc14-release:srtp.obj
 0001:0003f260       _srtp_crypto_alloc         00440260 f   libsrtp-i386-win32-vc14-release:alloc.obj
 0001:0003f2c0       _srtp_crypto_free          004402c0 f   libsrtp-i386-win32-vc14-release:alloc.obj
 0001:0003f2f0       _bitvector_alloc           004402f0 f   libsrtp-i386-win32-vc14-release:datatypes.obj
 0001:0003f350       _bitvector_dealloc         00440350 f   libsrtp-i386-win32-vc14-release:datatypes.obj
 0001:0003f380       _bitvector_left_shift      00440380 f   libsrtp-i386-win32-vc14-release:datatypes.obj
 0001:0003f4e0       _bitvector_set_to_zero     004404e0 f   libsrtp-i386-win32-vc14-release:datatypes.obj
 0001:0003f500       _octet_string_is_eq        00440500 f   libsrtp-i386-win32-vc14-release:datatypes.obj
 0001:0003f5d0       _octet_string_set_to_zero  004405d0 f   libsrtp-i386-win32-vc14-release:datatypes.obj
 0001:0003f5f0       _srtp_octet_string_hex_string 004405f0 f   libsrtp-i386-win32-vc14-release:datatypes.obj
 0001:0003f690       _v128_copy_octet_string    00440690 f   libsrtp-i386-win32-vc14-release:datatypes.obj
 0001:0003f710       _v128_hex_string           00440710 f   libsrtp-i386-win32-vc14-release:datatypes.obj
 0001:0003f7a0       _v128_left_shift           004407a0 f   libsrtp-i386-win32-vc14-release:datatypes.obj
 0001:0003f880       _srtp_err_report           00440880 f   libsrtp-i386-win32-vc14-release:srtp_err.obj
 0001:0003f8b0       _srtp_rdbx_add_index       004408b0 f   libsrtp-i386-win32-vc14-release:rdbx.obj
 0001:0003f900       _srtp_rdbx_check           00440900 f   libsrtp-i386-win32-vc14-release:rdbx.obj
 0001:0003f940       _srtp_rdbx_dealloc         00440940 f   libsrtp-i386-win32-vc14-release:rdbx.obj
 0001:0003f960       _srtp_rdbx_estimate_index  00440960 f   libsrtp-i386-win32-vc14-release:rdbx.obj
 0001:0003fa10       _srtp_rdbx_get_packet_index 00440a10 f   libsrtp-i386-win32-vc14-release:rdbx.obj
 0001:0003fa20       _srtp_cipher_get_key_length 00440a20 f   libsrtp-i386-win32-vc14-release:cipher.obj
 0001:0003fa20       _srtp_auth_get_tag_length  00440a20 f   libsrtp-i386-win32-vc14-release:auth.obj
 0001:0003fa20       _srtp_rdbx_get_window_size 00440a20 f   libsrtp-i386-win32-vc14-release:rdbx.obj
 0001:0003fa30       _srtp_rdbx_init            00440a30 f   libsrtp-i386-win32-vc14-release:rdbx.obj
 0001:0003fa70       _srtp_rdbx_set_roc         00440a70 f   libsrtp-i386-win32-vc14-release:rdbx.obj
 0001:0003fad0       _srtp_rdbx_set_roc_seq     00440ad0 f   libsrtp-i386-win32-vc14-release:rdbx.obj
 0001:0003fb30       _srtp_rdb_add_index        00440b30 f   libsrtp-i386-win32-vc14-release:rdb.obj
 0001:0003fb80       _srtp_rdb_check            00440b80 f   libsrtp-i386-win32-vc14-release:rdb.obj
 0001:0003fbd0       _srtp_rdb_increment        00440bd0 f   libsrtp-i386-win32-vc14-release:rdb.obj
 0001:0003fbf0       _srtp_rdb_init             00440bf0 f   libsrtp-i386-win32-vc14-release:rdb.obj
 0001:0003fc20       _srtp_cipher_dealloc       00440c20 f   libsrtp-i386-win32-vc14-release:cipher.obj
 0001:0003fc40       _srtp_cipher_decrypt       00440c40 f   libsrtp-i386-win32-vc14-release:cipher.obj
 0001:0003fc70       _srtp_cipher_encrypt       00440c70 f   libsrtp-i386-win32-vc14-release:cipher.obj
 0001:0003fca0       _srtp_cipher_get_tag       00440ca0 f   libsrtp-i386-win32-vc14-release:cipher.obj
 0001:0003fce0       _srtp_cipher_init          00440ce0 f   libsrtp-i386-win32-vc14-release:cipher.obj
 0001:0003fd10       _srtp_cipher_output        00440d10 f   libsrtp-i386-win32-vc14-release:cipher.obj
 0001:0003fd40       _srtp_cipher_set_aad       00440d40 f   libsrtp-i386-win32-vc14-release:cipher.obj
 0001:0003fd80       _srtp_cipher_set_iv        00440d80 f   libsrtp-i386-win32-vc14-release:cipher.obj
 0001:0003fdb0       _srtp_auth_get_key_length  00440db0 f   libsrtp-i386-win32-vc14-release:auth.obj
 0001:0003fdc0       _srtp_auth_get_prefix_length 00440dc0 f   libsrtp-i386-win32-vc14-release:auth.obj
 0001:0003fdd0       _srtp_key_limit_clone      00440dd0 f   libsrtp-i386-win32-vc14-release:key.obj
 0001:0003fdf0       _srtp_key_limit_set        00440df0 f   libsrtp-i386-win32-vc14-release:key.obj
 0001:0003fe30       _srtp_key_limit_update     00440e30 f   libsrtp-i386-win32-vc14-release:key.obj
 0001:0003fe90       _srtp_crypto_kernel_alloc_auth 00440e90 f   libsrtp-i386-win32-vc14-release:crypto_kernel.obj
 0001:0003fee0       _srtp_crypto_kernel_alloc_cipher 00440ee0 f   libsrtp-i386-win32-vc14-release:crypto_kernel.obj
 0001:0003ff30       _srtp_ekt_alloc            00440f30 f   libsrtp-i386-win32-vc14-release:ekt.obj
 0001:0003ff40       _srtp_ekt_octets_after_base_tag 00440f40 f   libsrtp-i386-win32-vc14-release:ekt.obj
 0001:0003ff60       _srtp_ekt_write_data       00440f60 f   libsrtp-i386-win32-vc14-release:ekt.obj
 0001:000400b0       _srtp_stream_init_from_ekt 004410b0 f   libsrtp-i386-win32-vc14-release:ekt.obj
 0001:00041570       _srtp_aes_decrypt          00442570 f   libsrtp-i386-win32-vc14-release:aes.obj
 0001:000416a0       _srtp_aes_encrypt          004426a0 f   libsrtp-i386-win32-vc14-release:aes.obj
 0001:000417d0       _srtp_aes_expand_decryption_key 004427d0 f   libsrtp-i386-win32-vc14-release:aes.obj
 0001:00041ad0       _srtp_aes_expand_encryption_key 00442ad0 f   libsrtp-i386-win32-vc14-release:aes.obj
 0001:00041c10       _srtp_sha1_core            00442c10 f   libsrtp-i386-win32-vc14-release:sha1.obj
 0001:00042160       _srtp_sha1_final           00443160 f   libsrtp-i386-win32-vc14-release:sha1.obj
 0001:000427a0       _srtp_sha1_init            004437a0 f   libsrtp-i386-win32-vc14-release:sha1.obj
 0001:000427e0       _srtp_sha1_update          004437e0 f   libsrtp-i386-win32-vc14-release:sha1.obj
 0001:000428b5       ___WSAFDIsSet@8            004438b5 f   ws2_32:WS2_32.dll
 0001:000428bb       @__security_check_cookie@4 004438bb f   MSVCRT:secchk.obj
 0001:000428d0       __aulldiv                  004438d0 f   MSVCRT:ulldiv.obj
 0001:00042b7f       _mainCRTStartup            00443b7f f   MSVCRT:exe_main.obj
 0001:00042b89       ___isa_available_init      00443b89 f   MSVCRT:cpu_disp.obj
 0001:00042d20       __alldiv                   00443d20 f   MSVCRT:lldiv.obj
 0001:00042dd0       __ftoui3                   00443dd0 f   MSVCRT:ftol3.obj
 0001:00042ddf       __ftoul3                   00443ddf f   MSVCRT:ftol3.obj
 0001:00042dee       __ftol3                    00443dee f   MSVCRT:ftol3.obj
 0001:00042dfb       __ftol3_NaN                00443dfb f   MSVCRT:ftol3.obj
 0001:00042e13       __ftol3_work               00443e13 f   MSVCRT:ftol3.obj
 0001:00042e99       __ftol3_common             00443e99 f   MSVCRT:ftol3.obj
 0001:00042f5b       __ftol3_arg_error          00443f5b f   MSVCRT:ftol3.obj
 0001:00042f6d       __ftol3_except             00443f6d f   MSVCRT:ftol3.obj
 0001:00042fb1       __dtoui3                   00443fb1 f   MSVCRT:ftol3.obj
 0001:00042fc0       __dtoul3                   00443fc0 f   MSVCRT:ftol3.obj
 0001:00042fcf       __dtol3                    00443fcf f   MSVCRT:ftol3.obj
 0001:00042fdc       __dtol3_NaN                00443fdc f   MSVCRT:ftol3.obj
 0001:00042ff9       __dtol3_work               00443ff9 f   MSVCRT:ftol3.obj
 0001:000430e0       __ultod3                   004440e0 f   MSVCRT:ftol3.obj
 0001:00043120       __ltod3                    00444120 f   MSVCRT:ftol3.obj
 0001:00043150       __aullrem                  00444150 f   MSVCRT:ullrem.obj
 0001:000431d0       ___vdecl_cos2              004441d0 f   MSVCRT:svml_dcos2_dispatch.obj
 0001:000431d5       ___raise_securityfailure   004441d5 f   MSVCRT:gs_report.obj
 0001:000431fd       ___report_gsfailure        004441fd f   MSVCRT:gs_report.obj
 0001:000432f6       ___report_rangecheckfailure 004442f6 f   MSVCRT:gs_report.obj
 0001:00043302       ___report_securityfailure  00444302 f   MSVCRT:gs_report.obj
 0001:000433d0       __allmul                   004443d0 f   MSVCRT:llmul.obj
 0001:00043410       __alloca_probe             00444410 f   MSVCRT:chkstk.obj
 0001:00043410       __chkstk                   00444410 f   MSVCRT:chkstk.obj
 0001:00043440       __alloca_probe_16          00444440 f   MSVCRT:alloca16.obj
 0001:00043456       __alloca_probe_8           00444456     MSVCRT:alloca16.obj
 0001:000434b0       ___scrt_acquire_startup_lock 004444b0 f   MSVCRT:utility.obj
 0001:000434e2       ___scrt_initialize_crt     004444e2 f   MSVCRT:utility.obj
 0001:0004351b       ___scrt_initialize_onexit_tables 0044451b f   MSVCRT:utility.obj
 0001:000435c0       ___scrt_is_nonwritable_in_current_image 004445c0 f   MSVCRT:utility.obj
 0001:00043654       ___scrt_release_startup_lock 00444654 f   MSVCRT:utility.obj
 0001:00043671       ___scrt_uninitialize_crt   00444671 f   MSVCRT:utility.obj
 0001:00043699       __onexit                   00444699 f   MSVCRT:utility.obj
 0001:000436d4       _atexit                    004446d4 f   MSVCRT:utility.obj
 0001:00043736       ___security_init_cookie    00444736 f   MSVCRT:gs_support.obj
 0001:00043781       __get_startup_argv_mode    00444781 f   MSVCRT:argv_mode.obj
 0001:00043785       __get_startup_file_mode    00444785 f   MSVCRT:file_mode.obj
 0001:0004378b       ?__scrt_initialize_type_info@@YAXXZ 0044478b f   MSVCRT:tncleanup.obj
 0001:00043797       ___acrt_initialize         00444797 f   MSVCRT:ucrt_stubs.obj
 0001:00043797       ___scrt_stub_for_acrt_uninitialize 00444797 f   MSVCRT:ucrt_stubs.obj
 0001:00043797       __should_initialize_environment 00444797 f   MSVCRT:env_mode.obj
 0001:00043797       ___vcrt_uninitialize       00444797 f   MSVCRT:ucrt_stubs.obj
 0001:00043797       ___acrt_uninitialize       00444797 f   MSVCRT:ucrt_stubs.obj
 0001:00043797       ___scrt_stub_for_acrt_initialize 00444797 f   MSVCRT:ucrt_stubs.obj
 0001:00043797       ___vcrt_initialize         00444797 f   MSVCRT:ucrt_stubs.obj
 0001:0004379a       __initialize_default_precision 0044479a f   MSVCRT:default_precision.obj
 0001:000437bb       ___scrt_initialize_default_local_stdio_options 004447bb f   MSVCRT:default_local_stdio_options.obj
 0001:000437d8       ___scrt_is_user_matherr_present 004447d8 f   MSVCRT:matherr_detection.obj
 0001:000437e4       ___scrt_get_dyn_tls_init_callback 004447e4 f   MSVCRT:dyn_tls_init.obj
 0001:000437ea       ___scrt_get_dyn_tls_dtor_callback 004447ea f   MSVCRT:dyn_tls_dtor.obj
 0001:000437f0       ___scrt_fastfail           004447f0 f   MSVCRT:utility_desktop.obj
 0001:0004390a       ___scrt_initialize_mta     0044490a f   MSVCRT:utility_desktop.obj
 0001:0004390f       ___scrt_is_managed_app     0044490f f   MSVCRT:utility_desktop.obj
 0001:00043952       ___scrt_set_unhandled_exception_filter 00444952 f   MSVCRT:utility_desktop.obj
 0001:0004395e       ___scrt_unhandled_exception_filter@4 0044495e f   MSVCRT:utility_desktop.obj
 0001:0004399f       __crt_debugger_hook        0044499f f   MSVCRT:utility_desktop.obj
 0001:000439a7       __RTC_Initialize           004449a7 f   MSVCRT:initsect.obj
 0001:000439d3       __RTC_Terminate            004449d3 f   MSVCRT:initsect.obj
 0001:00043a00       __SEH_prolog4              00444a00 f   MSVCRT:sehprolg4.obj
 0001:00043a46       __SEH_epilog4              00444a46 f   MSVCRT:sehprolg4.obj
 0001:00043a5b       __except_handler4          00444a5b f   MSVCRT:chandler4gs.obj
 0001:00043a80       ___sse2_cos2               00444a80 f   MSVCRT:svml_dcos2_sse2.obj
 0001:00043c20       ___scrt_is_ucrt_dll_in_use 00444c20 f   MSVCRT:ucrt_detection.obj
 0001:00043c30       ___common_sin_reduction_LA 00444c30 f   MSVCRT:svml_dtrig.obj
 0001:00043f80       ___common_cos_reduction_LA 00444f80 f   MSVCRT:svml_dtrig.obj
 0001:00044270       ___common_pi04_reduction_LA 00445270 f   MSVCRT:svml_dtrig.obj
 0001:00044830       _compute_stereo_width      00445830 f   opus:opus_encoder.obj
 0001:00044a60       _downmix_int               00445a60 f   opus:opus_encoder.obj
 0001:00044f90       _frame_size_select         00445f90 f   opus:opus_encoder.obj
 0001:000452d0       _opus_encode               004462d0 f   opus:opus_encoder.obj
 0001:000453a0       _opus_encode_native        004463a0 f   opus:opus_encoder.obj
 0001:00047c10       _opus_encoder_ctl          00448c10 f   opus:opus_encoder.obj
 0001:00048580       _opus_encoder_get_size     00449580 f   opus:opus_encoder.obj
 0001:000485d0       _opus_encoder_init         004495d0 f   opus:opus_encoder.obj
 0001:000489b0       _opus_decode               004499b0 f   opus:opus_decoder.obj
 0001:00049490       _opus_decode_native        0044a490 f   opus:opus_decoder.obj
 0001:00049820       _opus_decoder_get_size     0044a820 f   opus:opus_decoder.obj
 0001:00049870       _opus_decoder_init         0044a870 f   opus:opus_decoder.obj
 0001:000499b0       _opus_packet_get_nb_frames 0044a9b0 f   opus:opus_decoder.obj
 0001:00049a00       _opus_packet_get_nb_samples 0044aa00 f   opus:opus_decoder.obj
 0001:00049b10       _opus_packet_pad           0044ab10 f   opus:repacketizer.obj
 0001:00049bc0       _opus_repacketizer_cat     0044abc0 f   opus:repacketizer.obj
 0001:00049c90       _opus_repacketizer_get_nb_frames 0044ac90 f   opus:repacketizer.obj
 0001:00049ca0       _opus_repacketizer_get_size 0044aca0 f   opus:repacketizer.obj
 0001:00049cb0       _opus_repacketizer_init    0044acb0 f   opus:repacketizer.obj
 0001:00049cc0       _opus_repacketizer_out     0044acc0 f   opus:repacketizer.obj
 0001:00049ce0       _opus_repacketizer_out_range 0044ace0 f   opus:repacketizer.obj
 0001:00049d00       _opus_repacketizer_out_range_impl 0044ad00 f   opus:repacketizer.obj
 0001:0004a3b0       _celt_encode_with_ec       0044b3b0 f   opus:celt_encoder.obj
 0001:0004c170       _celt_encoder_get_size     0044d170 f   opus:celt_encoder.obj
 0001:0004c1b0       _celt_encoder_init         0044d1b0 f   opus:celt_encoder.obj
 0001:0004c2f0       _celt_preemphasis          0044d2f0 f   opus:celt_encoder.obj
 0001:0004d2c0       _opus_custom_encoder_ctl   0044e2c0 f   opus:celt_encoder.obj
 0001:0004e3f0       _ec_enc_bit_logp           0044f3f0 f   opus:entenc.obj
 0001:0004e430       _ec_enc_bits               0044f430 f   opus:entenc.obj
 0001:0004e530       _ec_enc_done               0044f530 f   opus:entenc.obj
 0001:0004e690       _ec_enc_icdf               0044f690 f   opus:entenc.obj
 0001:0004e700       _ec_enc_init               0044f700 f   opus:entenc.obj
 0001:0004e840       _ec_enc_patch_initial_bits 0044f840 f   opus:entenc.obj
 0001:0004e8d0       _ec_enc_shrink             0044f8d0 f   opus:entenc.obj
 0001:0004e900       _ec_enc_uint               0044f900 f   opus:entenc.obj
 0001:0004ea10       _ec_encode                 0044fa10 f   opus:entenc.obj
 0001:0004ea70       _ec_encode_bin             0044fa70 f   opus:entenc.obj
 0001:0004ead0       _opus_select_arch          0044fad0 f   opus:x86cpu.obj
 0001:0004ebb0       _silk_Encode               0044fbb0 f   opus:enc_API.obj
 0001:0004f970       _silk_Get_Encoder_Size     00450970 f   opus:enc_API.obj
 0001:0004f980       _silk_InitEncoder          00450980 f   opus:enc_API.obj
 0001:0004fc40       _run_analysis              00450c40 f   opus:analysis.obj
 0001:00051ef0       _tonality_analysis_init    00452ef0 f   opus:analysis.obj
 0001:00051f40       _tonality_analysis_reset   00452f40 f   opus:analysis.obj
 0001:00051f80       _tonality_get_info         00452f80 f   opus:analysis.obj
 0001:00052190       _silk_lin2log              00453190 f   opus:lin2log.obj
 0001:00052200       _silk_log2lin              00453200 f   opus:log2lin.obj
 0001:00052fb0       _celt_decode_with_ec       00453fb0 f   opus:celt_decoder.obj
 0001:00053b30       _celt_decoder_get_size     00454b30 f   opus:celt_decoder.obj
 0001:00053b70       _celt_decoder_init         00454b70 f   opus:celt_decoder.obj
 0001:00054470       _opus_custom_decoder_ctl   00455470 f   opus:celt_decoder.obj
 0001:000546a0       _ec_dec_bit_logp           004556a0 f   opus:entdec.obj
 0001:000546f0       _ec_dec_bits               004556f0 f   opus:entdec.obj
 0001:00054760       _ec_dec_icdf               00455760 f   opus:entdec.obj
 0001:000547b0       _ec_dec_init               004557b0 f   opus:entdec.obj
 0001:000548a0       _ec_dec_uint               004558a0 f   opus:entdec.obj
 0001:000549f0       _ec_dec_update             004559f0 f   opus:entdec.obj
 0001:00054a40       _ec_decode                 00455a40 f   opus:entdec.obj
 0001:00054a80       _ec_decode_bin             00455a80 f   opus:entdec.obj
 0001:00054ac0       _encode_size               00455ac0 f   opus:opus.obj
 0001:00054b00       _opus_packet_get_samples_per_frame 00455b00 f   opus:opus.obj
 0001:00054ba0       _opus_packet_parse_impl    00455ba0 f   opus:opus.obj
 0001:00054f00       _opus_pcm_soft_clip        00455f00 f   opus:opus.obj
 0001:00055430       _silk_Decode               00456430 f   opus:dec_API.obj
 0001:00055e70       _silk_Get_Decoder_Size     00456e70 f   opus:dec_API.obj
 0001:00055e80       _silk_InitDecoder          00456e80 f   opus:dec_API.obj
 0001:00055ed0       _clt_mdct_backward_c       00456ed0 f   opus:mdct.obj
 0001:000560e0       _clt_mdct_forward_c        004570e0 f   opus:mdct.obj
 0001:000563f0       _opus_custom_mode_create   004573f0 f   opus:modes.obj
 0001:00056460       _ec_tell_frac              00457460 f   opus:entcode.obj
 0001:000564a0       _comb_filter               004574a0 f   opus:celt.obj
 0001:00056700       _comb_filter_const_c       00457700 f   opus:celt.obj
 0001:000567a0       _init_caps                 004577a0 f   opus:celt.obj
 0001:00056810       _resampling_factor         00457810 f   opus:celt.obj
 0001:00056870       _celt_pitch_xcorr_c        00457870 f   opus:pitch.obj
 0001:00056b10       _pitch_downsample          00457b10 f   opus:pitch.obj
 0001:00056d00       _pitch_search              00457d00 f   opus:pitch.obj
 0001:00057040       _remove_doubling           00458040 f   opus:pitch.obj
 0001:00057400       _compute_allocation        00458400 f   opus:rate.obj
 0001:00057ec0       _anti_collapse             00458ec0 f   opus:bands.obj
 0001:00058150       _bitexact_cos              00459150 f   opus:bands.obj
 0001:000581b0       _bitexact_log2tan          004591b0 f   opus:bands.obj
 0001:00058240       _celt_lcg_rand             00459240 f   opus:bands.obj
 0001:00058260       _compute_band_energies     00459260 f   opus:bands.obj
 0001:00058c10       _denormalise_bands         00459c10 f   opus:bands.obj
 0001:00058d30       _haar1                     00459d30 f   opus:bands.obj
 0001:00058db0       _hysteresis_decision       00459db0 f   opus:bands.obj
 0001:000591c0       _normalise_bands           0045a1c0 f   opus:bands.obj
 0001:00059300       _quant_all_bands           0045a300 f   opus:bands.obj
 0001:0005af80       _spreading_decision        0045bf80 f   opus:bands.obj
 0001:0005b1d0       _amp2Log2                  0045c1d0 f   opus:quant_bands.obj
 0001:0005b2a0       _quant_coarse_energy       0045c2a0 f   opus:quant_bands.obj
 0001:0005b9f0       _quant_energy_finalise     0045c9f0 f   opus:quant_bands.obj
 0001:0005bb00       _quant_fine_energy         0045cb00 f   opus:quant_bands.obj
 0001:0005bc20       _unquant_coarse_energy     0045cc20 f   opus:quant_bands.obj
 0001:0005bd90       _unquant_energy_finalise   0045cd90 f   opus:quant_bands.obj
 0001:0005be50       _unquant_fine_energy       0045ce50 f   opus:quant_bands.obj
 0001:0005bee0       _silk_resampler            0045cee0 f   opus:resampler.obj
 0001:0005c030       _silk_resampler_init       0045d030 f   opus:resampler.obj
 0001:0005c440       _silk_stereo_LR_to_MS      0045d440 f   opus:stereo_LR_to_MS.obj
 0001:0005cbf0       _silk_stereo_encode_mid_only 0045dbf0 f   opus:stereo_encode_pred.obj
 0001:0005cc10       _silk_stereo_encode_pred   0045dc10 f   opus:stereo_encode_pred.obj
 0001:0005cc80       _check_control_input       0045dc80 f   opus:check_control_input.obj
 0001:0005cdd0       _silk_control_SNR          0045ddd0 f   opus:control_SNR.obj
 0001:0005ce90       _silk_encode_pulses        0045de90 f   opus:encode_pulses.obj
 0001:0005d2c0       _silk_encode_indices       0045e2c0 f   opus:encode_indices.obj
 0001:0005d630       _silk_HP_variable_cutoff   0045e630 f   opus:HP_variable_cutoff.obj
 0001:0005d7b0       _silk_encode_do_VAD_FLP    0045e7b0 f   opus:encode_frame_FLP.obj
 0001:0005d850       _silk_encode_frame_FLP     0045e850 f   opus:encode_frame_FLP.obj
 0001:0005e440       _silk_init_encoder         0045f440 f   opus:init_encoder.obj
 0001:0005e490       _silk_control_encoder      0045f490 f   opus:control_codec.obj
 0001:0005f2b0       _opus_fft_c                004602b0 f   opus:kiss_fft.obj
 0001:0005f630       _opus_fft_impl             00460630 f   opus:kiss_fft.obj
 0001:0005f980       _mlp_process               00460980 f   opus:mlp.obj
 0001:0005fce0       _celt_inner_prod_sse       00460ce0 f   opus:pitch_sse.obj
 0001:0005fdd0       _comb_filter_const_sse     00460dd0 f   opus:pitch_sse.obj
 0001:0005fe70       _dual_inner_prod_sse       00460e70 f   opus:pitch_sse.obj
 0001:0005ff60       _xcorr_kernel_sse          00460f60 f   opus:pitch_sse.obj
 0001:00060050       _op_pvq_search_sse2        00461050 f   opus:vq_sse2.obj
 0001:00060420       _alg_quant                 00461420 f   opus:vq.obj
 0001:000604f0       _alg_unquant               004614f0 f   opus:vq.obj
 0001:00060580       _exp_rotation              00461580 f   opus:vq.obj
 0001:000607c0       _op_pvq_search_c           004617c0 f   opus:vq.obj
 0001:00060a70       _renormalise_vector        00461a70 f   opus:vq.obj
 0001:00060af0       _stereo_itheta             00461af0 f   opus:vq.obj
 0001:00060c80       __celt_autocorr            00461c80 f   opus:celt_lpc.obj
 0001:00060e70       __celt_lpc                 00461e70 f   opus:celt_lpc.obj
 0001:00060fa0       _celt_fir_c                00461fa0 f   opus:celt_lpc.obj
 0001:000611d0       _celt_iir                  004621d0 f   opus:celt_lpc.obj
 0001:00061570       _silk_stereo_MS_to_LR      00462570 f   opus:stereo_MS_to_LR.obj
 0001:000617f0       _silk_stereo_decode_mid_only 004627f0 f   opus:stereo_decode_pred.obj
 0001:00061810       _silk_stereo_decode_pred   00462810 f   opus:stereo_decode_pred.obj
 0001:00061940       _silk_init_decoder         00462940 f   opus:init_decoder.obj
 0001:000619a0       _silk_decoder_set_fs       004629a0 f   opus:decoder_set_fs.obj
 0001:00061b30       _silk_decode_frame         00462b30 f   opus:decode_frame.obj
 0001:00061cd0       _silk_decode_indices       00462cd0 f   opus:decode_indices.obj
 0001:00061fe0       _silk_decode_pulses        00462fe0 f   opus:decode_pulses.obj
 0001:00062210       _isqrt32                   00463210 f   opus:mathops.obj
 0001:00062240       _ec_laplace_decode         00463240 f   opus:laplace.obj
 0001:000622f0       _ec_laplace_encode         004632f0 f   opus:laplace.obj
 0001:000623b0       _silk_resampler_private_IIR_FIR 004633b0 f   opus:resampler_private_IIR_FIR.obj
 0001:000625a0       _silk_resampler_private_down_FIR 004635a0 f   opus:resampler_private_down_FIR.obj
 0001:00063070       _silk_resampler_private_up2_HQ 00464070 f   opus:resampler_private_up2_HQ.obj
 0001:00063210       _silk_resampler_private_up2_HQ_wrapper 00464210 f   opus:resampler_private_up2_HQ.obj
 0001:00063290       _silk_stereo_find_predictor 00464290 f   opus:stereo_find_predictor.obj
 0001:00063460       _silk_stereo_quant_pred    00464460 f   opus:stereo_quant_pred.obj
 0001:00063560       _silk_decode_signs         00464560 f   opus:code_signs.obj
 0001:00063610       _silk_encode_signs         00464610 f   opus:code_signs.obj
 0001:000636b0       _silk_shell_decoder        004646b0 f   opus:shell_coder.obj
 0001:000639f0       _silk_shell_encoder        004649f0 f   opus:shell_coder.obj
 0001:00063c70       _silk_NLSF_unpack          00464c70 f   opus:NLSF_unpack.obj
 0001:00063d40       _silk_gains_ID             00464d40 f   opus:gain_quant.obj
 0001:00063d70       _silk_gains_dequant        00464d70 f   opus:gain_quant.obj
 0001:00063e20       _silk_gains_quant          00464e20 f   opus:gain_quant.obj
 0001:000641b0       _silk_LP_variable_cutoff   004651b0 f   opus:LP_variable_cutoff.obj
 0001:00064250       _silk_noise_shape_analysis_FLP 00465250 f   opus:noise_shape_analysis_FLP.obj
 0001:00064e30       _silk_find_pitch_lags_FLP  00465e30 f   opus:find_pitch_lags_FLP.obj
 0001:000650d0       _silk_find_pred_coefs_FLP  004660d0 f   opus:find_pred_coefs_FLP.obj
 0001:00065350       _silk_process_gains_FLP    00466350 f   opus:process_gains_FLP.obj
 0001:00065590       _silk_A2NLSF_FLP           00466590 f   opus:wrappers_FLP.obj
 0001:00065600       _silk_NLSF2A_FLP           00466600 f   opus:wrappers_FLP.obj
 0001:000656c0       _silk_NSQ_wrapper_FLP      004666c0 f   opus:wrappers_FLP.obj
 0001:00065b20       _silk_process_NLSFs_FLP    00466b20 f   opus:wrappers_FLP.obj
 0001:00065bc0       _silk_quant_LTP_gains_FLP  00466bc0 f   opus:wrappers_FLP.obj
 0001:00065d80       _silk_VAD_GetNoiseLevels   00466d80 f   opus:VAD.obj
 0001:00065e80       _silk_VAD_GetSA_Q8_c       00466e80 f   opus:VAD.obj
 0001:00066480       _silk_VAD_Init             00467480 f   opus:VAD.obj
 0001:00066520       _silk_control_audio_bandwidth 00467520 f   opus:control_audio_bandwidth.obj
 0001:00066840       _decode_pulses             00467840 f   opus:cwrs.obj
 0001:000668a0       _encode_pulses             004678a0 f   opus:cwrs.obj
 0001:00066980       _silk_PLC                  00467980 f   opus:PLC.obj
 0001:00066a10       _silk_PLC_Reset            00467a10 f   opus:PLC.obj
 0001:000674e0       _silk_PLC_glue_frames      004684e0 f   opus:PLC.obj
 0001:00067920       _silk_CNG                  00468920 f   opus:CNG.obj
 0001:000680d0       _silk_CNG_Reset            004690d0 f   opus:CNG.obj
 0001:00068140       _silk_decode_parameters    00469140 f   opus:decode_parameters.obj
 0001:000683c0       _silk_decode_core          004693c0 f   opus:decode_core.obj
 0001:00068e70       _silk_resampler_private_AR2 00469e70 f   opus:resampler_private_AR2.obj
 0001:00068ee0       _silk_sum_sqr_shift        00469ee0 f   opus:sum_sqr_shift.obj
 0001:00068fc0       _silk_inner_prod_aligned_scale 00469fc0 f   opus:inner_prod_aligned.obj
 0001:00069060       _silk_biquad_alt_stride1   0046a060 f   opus:biquad_alt.obj
 0001:000691c0       _silk_bwexpander_FLP       0046a1c0 f   opus:bwexpander_FLP.obj
 0001:00069240       _silk_schur_FLP            0046a240 f   opus:schur_FLP.obj
 0001:00069330       _silk_k2a_FLP              0046a330 f   opus:k2a_FLP.obj
 0001:000693a0       _silk_autocorrelation_FLP  0046a3a0 f   opus:autocorrelation_FLP.obj
 0001:000693f0       _silk_energy_FLP           0046a3f0 f   opus:energy_FLP.obj
 0001:00069490       _silk_warped_autocorrelation_FLP 0046a490 f   opus:warped_autocorrelation_FLP.obj
 0001:000696a0       _silk_apply_sine_window_FLP 0046a6a0 f   opus:apply_sine_window_FLP.obj
 0001:00069ba0       _silk_pitch_analysis_core_FLP 0046aba0 f   opus:pitch_analysis_core_FLP.obj
 0001:0006a8f0       _silk_LPC_analysis_filter_FLP 0046b8f0 f   opus:LPC_analysis_filter_FLP.obj
 0001:0006abc0       _silk_scale_copy_vector_FLP 0046bbc0 f   opus:scale_copy_vector_FLP.obj
 0001:0006acc0       _silk_LTP_scale_ctrl_FLP   0046bcc0 f   opus:LTP_scale_ctrl_FLP.obj
 0001:0006ad50       _silk_find_LPC_FLP         0046bd50 f   opus:find_LPC_FLP.obj
 0001:0006af60       _silk_find_LTP_FLP         0046bf60 f   opus:find_LTP_FLP.obj
 0001:0006b040       _silk_LTP_analysis_filter_FLP 0046c040 f   opus:LTP_analysis_filter_FLP.obj
 0001:0006b130       _silk_residual_energy_FLP  0046c130 f   opus:residual_energy_FLP.obj
 0001:0006b280       _silk_A2NLSF               0046c280 f   opus:A2NLSF.obj
 0001:0006bb20       _silk_NLSF2A               0046cb20 f   opus:NLSF2A.obj
 0001:0006bd80       _silk_quant_LTP_gains      0046cd80 f   opus:quant_LTP_gains.obj
[...]
 0003:00000778       $SG25354                   00492778     jbsim.obj
 0003:00000790       $SG25355                   00492790     jbsim.obj
 0003:000007d4       $SG25356                   004927d4     jbsim.obj
 0003:000007fc       $SG25360                   004927fc     jbsim.obj
 0003:0000083c       $SG25366                   0049283c     jbsim.obj
 0003:00000878       $SG25357                   00492878     jbsim.obj
 0003:000008c8       $SG25358                   004928c8     jbsim.obj
 0003:00000910       $SG25359                   00492910     jbsim.obj
 0003:00000958       $SG25361                   00492958     jbsim.obj
 0003:00000980       $SG25362                   00492980     jbsim.obj
 0003:000009c0       $SG25363                   004929c0     jbsim.obj
 0003:000009e8       $SG25364                   004929e8     jbsim.obj
 0003:00000a2c       $SG25365                   00492a2c     jbsim.obj
 0003:00000a54       $SG25367                   00492a54     jbsim.obj
 0003:00000a90       $SG25368                   00492a90     jbsim.obj
 0003:00000ac8       $SG25369                   00492ac8     jbsim.obj
 0003:00000b04       $SG25370                   00492b04     jbsim.obj
 0003:00000b40       $SG25371                   00492b40     jbsim.obj
 0003:00000b74       $SG25408                   00492b74     jbsim.obj
 0003:00000b80       $SG25372                   00492b80     jbsim.obj
 0003:00000bc8       $SG25373                   00492bc8     jbsim.obj
 0003:00000c10       $SG25374                   00492c10     jbsim.obj
 0003:00000c58       $SG25375                   00492c58     jbsim.obj
 0003:00000ca4       $SG25376                   00492ca4     jbsim.obj
 0003:00000cd4       $SG25402                   00492cd4     jbsim.obj
 0003:00000cdc       $SG25404                   00492cdc     jbsim.obj
 0003:00000ce4       $SG25406                   00492ce4     jbsim.obj
 0003:00000cec       $SG25410                   00492cec     jbsim.obj
 0003:00000cf8       $SG25412                   00492cf8     jbsim.obj
 0003:00000d00       $SG25414                   00492d00     jbsim.obj
 0003:00000d10       $SG25416                   00492d10     jbsim.obj
 0003:00000d20       $SG25418                   00492d20     jbsim.obj
 0003:00000d2c       $SG25420                   00492d2c     jbsim.obj
 0003:00000d38       $SG25422                   00492d38     jbsim.obj
 0003:00000d44       $SG25424                   00492d44     jbsim.obj
 0003:00000d50       $SG25426                   00492d50     jbsim.obj
 0003:00000d5c       $SG25428                   00492d5c     jbsim.obj
 0003:00000d68       $SG25430                   00492d68     jbsim.obj
 0003:00000d70       $SG25432                   00492d70     jbsim.obj
 0003:00000d78       $SG25434                   00492d78     jbsim.obj
 0003:00000d84       $SG25436                   00492d84     jbsim.obj
 0003:00000d90       $SG25438                   00492d90     jbsim.obj
 0003:00000d9c       $SG25440                   00492d9c     jbsim.obj
 0003:00000da4       $SG25442                   00492da4     jbsim.obj
 0003:00000dac       $SG25443                   00492dac     jbsim.obj
 0003:00000db4       $SG25444                   00492db4     jbsim.obj
 0003:00000dc0       $SG25445                   00492dc0     jbsim.obj
 0003:00000de4       $SG25446                   00492de4     jbsim.obj
 0003:00000df0       $SG25448                   00492df0     jbsim.obj
 0003:00000df4       $SG25450                   00492df4     jbsim.obj
 0003:00000df8       $SG25458                   00492df8     jbsim.obj
 0003:00000e14       $SG25463                   00492e14     jbsim.obj
 0003:00000e54       $SG25521                   00492e54     jbsim.obj
 0003:00000e78       $SG25522                   00492e78     jbsim.obj
 0003:00000e80       $SG25524                   00492e80     jbsim.obj
 0003:00000ea8       $SG25525                   00492ea8     jbsim.obj
 0003:00000eb0       $SG25527                   00492eb0     jbsim.obj
 0003:00000edc       $SG25528                   00492edc     jbsim.obj
 0003:00000ee4       $SG25530                   00492ee4     jbsim.obj
 0003:00000f04       $SG25531                   00492f04     jbsim.obj
 0003:00000f0c       $SG25533                   00492f0c     jbsim.obj
 0003:00000f44       $SG25534                   00492f44     jbsim.obj
 0003:00000f4c       $SG25536                   00492f4c     jbsim.obj
 0003:00000f68       $SG25537                   00492f68     jbsim.obj
 0003:00000f70       $SG25539                   00492f70     jbsim.obj
 0003:00000f80       $SG25540                   00492f80     jbsim.obj
 0003:00000f88       $SG25542                   00492f88     jbsim.obj
 0003:00000f98       $SG25543                   00492f98     jbsim.obj
 0003:00000fa0       $SG25545                   00492fa0     jbsim.obj
 0003:00000fc4       $SG25546                   00492fc4     jbsim.obj
 0003:00000fcc       _l16_op                    00492fcc     pjmedia-codec-i386-win32-vc14-release:l16.obj
 0003:00000fec       _l16_factory_op            00492fec     pjmedia-codec-i386-win32-vc14-release:l16.obj
 0003:00001004       _gsm_op                    00493004     pjmedia-codec-i386-win32-vc14-release:gsm.obj
 0003:00001024       _gsm_factory_op            00493024     pjmedia-codec-i386-win32-vc14-release:gsm.obj
 0003:0000103c       _spx_op                    0049303c     pjmedia-codec-i386-win32-vc14-release:speex_codec.obj
 0003:0000105c       _spx_factory_op            0049305c     pjmedia-codec-i386-win32-vc14-release:speex_codec.obj
 0003:00001074       _STR_MODE                  00493074     pjmedia-codec-i386-win32-vc14-release:ilbc.obj
 0003:0000107c       _ilbc_op                   0049307c     pjmedia-codec-i386-win32-vc14-release:ilbc.obj
 0003:0000109c       _ilbc_factory_op           0049309c     pjmedia-codec-i386-win32-vc14-release:ilbc.obj
 0003:000010b4       _g722_op                   004930b4     pjmedia-codec-i386-win32-vc14-release:g722.obj
 0003:000010d4       _g722_factory_op           004930d4     pjmedia-codec-i386-win32-vc14-release:g722.obj
 0003:000010ec       _opus_op                   004930ec     pjmedia-codec-i386-win32-vc14-release:opus.obj
 0003:0000110c       _opus_cfg                  0049310c     pjmedia-codec-i386-win32-vc14-release:opus.obj
 0003:00001128       _STR_MAX_BIT_RATE          00493128     pjmedia-codec-i386-win32-vc14-release:opus.obj
 0003:00001130       _STR_INBAND_FEC            00493130     pjmedia-codec-i386-win32-vc14-release:opus.obj
 0003:00001138       _STR_DTX                   00493138     pjmedia-codec-i386-win32-vc14-release:opus.obj
 0003:00001140       _STR_CBR                   00493140     pjmedia-codec-i386-win32-vc14-release:opus.obj
 0003:00001148       _opus_factory_op           00493148     pjmedia-codec-i386-win32-vc14-release:opus.obj
 0003:00001160       _STR_MAX_PLAYBACK          00493160     pjmedia-codec-i386-win32-vc14-release:opus.obj
 0003:00001168       _STR_MAX_CAPTURE           00493168     pjmedia-codec-i386-win32-vc14-release:opus.obj
 0003:00001170       _STR_STEREO                00493170     pjmedia-codec-i386-win32-vc14-release:opus.obj
 0003:00001178       _STR_SPROP_STEREO          00493178     pjmedia-codec-i386-win32-vc14-release:opus.obj
 0003:00001180       _stream_op                 00493180     pjmedia-audiodev-i386-win32-vc14-release:wmme_dev.obj
 0003:00001198       _factory_op                00493198     pjmedia-audiodev-i386-win32-vc14-release:wmme_dev.obj
 0003:000011bc       _transport_udp_op          004931bc     pjmedia-i386-win32-vc14-release:transport_loop.obj
 0003:000011f0       _g711_op                   004931f0     pjmedia-i386-win32-vc14-release:g711.obj
 0003:00001210       _g711_factory_op           00493210     pjmedia-i386-win32-vc14-release:g711.obj
 0003:00001228       _plc_wsola                 00493228     pjmedia-i386-win32-vc14-release:plc_common.obj
 0003:00001238       _cap_infos                 00493238     pjmedia-i386-win32-vc14-release:audiodev.obj
 0003:000012c0       _crypto_suites             004932c0     pjmedia-i386-win32-vc14-release:transport_srtp.obj
 0003:0000139c       _transport_srtp_op         0049339c     pjmedia-i386-win32-vc14-release:transport_srtp.obj
 0003:000013d0       ?liberr@?1??get_libsrtp_errstr@@9@9 004933d0     pjmedia-i386-win32-vc14-release:transport_srtp.obj
 0003:00001434       _sdes_op                   00493434     pjmedia-i386-win32-vc14-release:transport_srtp.obj
 0003:00001470       _thread_tls_id             00493470     pjlib-i386-win32-vc14-release:os_core_win32.obj
 0003:00001478       _pool_sizes                00493478     pjlib-i386-win32-vc14-release:pool_caching.obj
 0003:000014b8       _pj_log_max_level          004934b8     pjlib-i386-win32-vc14-release:log.obj
 0003:000014bc       _thread_suspended_tls_id   004934bc     pjlib-i386-win32-vc14-release:log.obj
 0003:000014c0       _thread_indent_tls_id      004934c0     pjlib-i386-win32-vc14-release:log.obj
 0003:000014c4       _log_writer                004934c4     pjlib-i386-win32-vc14-release:log.obj
 0003:000014c8       _log_decor                 004934c8     pjlib-i386-win32-vc14-release:log.obj
 0003:000014cc       _PJ_LOG_COLOR_0            004934cc     pjlib-i386-win32-vc14-release:log.obj
 0003:000014d0       _PJ_LOG_COLOR_1            004934d0     pjlib-i386-win32-vc14-release:log.obj
 0003:000014d4       _PJ_LOG_COLOR_2            004934d4     pjlib-i386-win32-vc14-release:log.obj
 0003:000014d8       _PJ_LOG_COLOR_3            004934d8     pjlib-i386-win32-vc14-release:log.obj
 0003:000014dc       _PJ_LOG_COLOR_4            004934dc     pjlib-i386-win32-vc14-release:log.obj
 0003:000014e0       _PJ_LOG_COLOR_5            004934e0     pjlib-i386-win32-vc14-release:log.obj
 0003:000014e4       _PJ_LOG_COLOR_6            004934e4     pjlib-i386-win32-vc14-release:log.obj
 0003:000014e8       _PJ_LOG_COLOR_77           004934e8     pjlib-i386-win32-vc14-release:log.obj
 0003:000014ec       ?ltexts@?2??pj_log@@9@9    004934ec     pjlib-i386-win32-vc14-release:log.obj
 0003:00001508       ?wdays@?3??pj_log@@9@9     00493508     pjlib-i386-win32-vc14-release:log.obj
 0003:00001534       _thread_local_id           00493534     pjlib-i386-win32-vc14-release:except.obj
 0003:00001538       _mutex_lock_template       00493538     pjlib-i386-win32-vc14-release:lock.obj
 0003:0000154c       _null_lock_template        0049354c     pjlib-i386-win32-vc14-release:lock.obj
 0003:00001560       _sem_lock_template         00493560     pjlib-i386-win32-vc14-release:lock.obj
 0003:00001574       ?hex@?1??hex2digit@@9@9    00493574     pjlib-i386-win32-vc14-release:guid_win32.obj
 0003:00001588       _id                        00493588     pjlib-i386-win32-vc14-release:config.obj
 0003:0000158c       _tls                       0049358c     pjlib-i386-win32-vc14-release:pool_buf.obj
 0003:00003288       ?eps@?1??LSF_check@@9@9    00495288     libilbccodec-i386-win32-vc14-release:helpfun.obj
 0003:0000328c       ?eps2@?1??LSF_check@@9@9   0049528c     libilbccodec-i386-win32-vc14-release:helpfun.obj
 0003:00003290       ?maxlsf@?1??LSF_check@@9@9 00495290     libilbccodec-i386-win32-vc14-release:helpfun.obj
 0003:00003294       ?minlsf@?1??LSF_check@@9@9 00495294     libilbccodec-i386-win32-vc14-release:helpfun.obj
 0003:000032a0       _srtp_event_handler        004952a0     libsrtp-i386-win32-vc14-release:srtp.obj
 0003:00003720       ?rate_table@?1??compute_silk_rate_for_hybrid@@9@9 00495720     opus:opus_encoder.obj
 0003:000037ac       _A_fb1_20                  004957ac     opus:ana_filt_bank_1.obj
 0003:000037b0       _A_fb1_21                  004957b0     opus:ana_filt_bank_1.obj
 0003:000037e0       _g_app                     004957e0     jbsim.obj
 0003:00003a28       ?log@?1??write_log@@9@9    00495a28     jbsim.obj
 0003:000041f8       ?header_written@?1??write_log@@9@9 004961f8     jbsim.obj
 0003:000041fc       $SG25067                   004961fc     jbsim.obj
 0003:000041fd       $SG25068                   004961fd     jbsim.obj
 0003:000041fe       $SG25069                   004961fe     jbsim.obj
 0003:000041ff       $SG25070                   004961ff     jbsim.obj
 0003:00004200       $SG25075                   00496200     jbsim.obj
 0003:00004201       $SG25076                   00496201     jbsim.obj
 0003:00004202       $SG25078                   00496202     jbsim.obj
 0003:00004203       $SG25092                   00496203     jbsim.obj
 0003:00004204       $SG25093                   00496204     jbsim.obj
 0003:00004208       ?log_msg@?1??tx_tick@@9@9  00496208     jbsim.obj
 0003:00004280       _l16_factory               00496280     pjmedia-codec-i386-win32-vc14-release:l16.obj
 0003:0000429c       _gsm_codec_factory         0049629c     pjmedia-codec-i386-win32-vc14-release:gsm.obj
 0003:000042d0       _spx_factory               004962d0     pjmedia-codec-i386-win32-vc14-release:speex_codec.obj
 0003:00004378       _ilbc_factory              00496378     pjmedia-codec-i386-win32-vc14-release:ilbc.obj
 0003:00004394       _g722_codec_factory        00496394     pjmedia-codec-i386-win32-vc14-release:g722.obj
 0003:000043c8       _opus_codec_factory        004963c8     pjmedia-codec-i386-win32-vc14-release:opus.obj
 0003:000043e0       ?bitrate_str@?1??generate_fmtp@@9@9 004963e0     pjmedia-codec-i386-win32-vc14-release:opus.obj
 0003:000043ec       ?clockrate_str@?1??generate_fmtp@@9@9 004963ec     pjmedia-codec-i386-win32-vc14-release:opus.obj
 0003:000043f8       ?name@?1??get_fmt_name@@9@9 004963f8     pjmedia-audiodev-i386-win32-vc14-release:wmme_dev.obj
 0003:00004400       ?rec_cnt@?1??wmme_dev_thread@@9@9 00496400     pjmedia-audiodev-i386-win32-vc14-release:wmme_dev.obj
 0003:00004404       ?play_cnt@?1??wmme_dev_thread@@9@9 00496404     pjmedia-audiodev-i386-win32-vc14-release:wmme_dev.obj
 0003:00004408       _zero_frame                00496408     pjmedia-i386-win32-vc14-release:stream.obj
 0003:00004b88       _g711_factory              00496b88     pjmedia-i386-win32-vc14-release:g711.obj
 0003:00004bb8       _aud_subsys                00496bb8     pjmedia-i386-win32-vc14-release:audiodev.obj
 0003:00005088       _event_manager_instance    00497088     pjmedia-i386-win32-vc14-release:event.obj
 0003:00005090       ?ev_queue@?9??pjmedia_event_publish@@9@9 00497090     pjmedia-i386-win32-vc14-release:event.obj
 0003:000054a0       _is_initialized            004974a0     pjmedia-i386-win32-vc14-release:sdp.obj
 0003:000054a8       _cis_buf                   004974a8     pjmedia-i386-win32-vc14-release:sdp.obj
 0003:000058ac       _cs_digit                  004978ac     pjmedia-i386-win32-vc14-release:sdp.obj
 0003:000058b4       _cs_token                  004978b4     pjmedia-i386-win32-vc14-release:sdp.obj
 0003:000058bc       ?msg@?3??get_libsrtp_errstr@@9@9 004978bc     pjmedia-i386-win32-vc14-release:transport_srtp.obj
 0003:000058dc       _libsrtp_initialized       004978dc     pjmedia-i386-win32-vc14-release:transport_srtp.obj
 0003:000058e4       ___getopt_initialized      004978e4     pjlib-util-i386-win32-vc14-release:getopt.obj
 0003:000058e8       _nextchar                  004978e8     pjlib-util-i386-win32-vc14-release:getopt.obj
 0003:000058ec       _ordering                  004978ec     pjlib-util-i386-win32-vc14-release:getopt.obj
 0003:000058f0       _posixly_correct           004978f0     pjlib-util-i386-win32-vc14-release:getopt.obj
 0003:000058f4       _first_nonopt              004978f4     pjlib-util-i386-win32-vc14-release:getopt.obj
 0003:000058f8       _last_nonopt               004978f8     pjlib-util-i386-win32-vc14-release:getopt.obj
 0003:00005900       _initialized               00497900     pjlib-i386-win32-vc14-release:os_core_win32.obj
 0003:00005904       _atexit_count              00497904     pjlib-i386-win32-vc14-release:os_core_win32.obj
 0003:00005908       _main_thread               00497908     pjlib-i386-win32-vc14-release:os_core_win32.obj
 0003:00005a08       _critical_section_mutex    00497a08     pjlib-i386-win32-vc14-release:os_core_win32.obj
 0003:00005a40       _atexit_func               00497a40     pjlib-i386-win32-vc14-release:os_core_win32.obj
 0003:00005ac0       _err_msg_hnd_cnt           00497ac0     pjlib-i386-win32-vc14-release:errno.obj
 0003:00005ac8       _err_msg_hnd               00497ac8     pjlib-i386-win32-vc14-release:errno.obj
 0003:00005b40       _g_last_thread             00497b40     pjlib-i386-win32-vc14-release:log.obj
 0003:00005b48       ?buf@?1??pj_gethostname@@9@9 00497b48     pjlib-i386-win32-vc14-release:sock_bsd.obj
 0003:00005bc8       ?hostname@?1??pj_gethostname@@9@9 00497bc8     pjlib-i386-win32-vc14-release:sock_bsd.obj
 0003:00005bd0       _base_time                 00497bd0     pjlib-i386-win32-vc14-release:os_time_win32.obj
 0003:00005bd8       _exception_id_names        00497bd8     pjlib-i386-win32-vc14-release:except.obj
 0003:00005c18       ?unknown_name@?1??pj_exception_id_name@@9@9 00497c18     pjlib-i386-win32-vc14-release:except.obj
 0003:00005c38       _s_hDLL                    00497c38     pjlib-i386-win32-vc14-release:ip_helper_win32.obj
 0003:00005c3c       _s_pfnGetIpAddrTable       00497c3c     pjlib-i386-win32-vc14-release:ip_helper_win32.obj
 0003:00005c40       _s_pfnGetAdapterAddresses  00497c40     pjlib-i386-win32-vc14-release:ip_helper_win32.obj
 0003:00005c44       _s_pfnGetIpForwardTable    00497c44     pjlib-i386-win32-vc14-release:ip_helper_win32.obj
 0003:00005c48       _s_pfnGetIfEntry           00497c48     pjlib-i386-win32-vc14-release:ip_helper_win32.obj
 0003:00005c4c       _stack_based_factory       00497c4c     pjlib-i386-win32-vc14-release:pool_buf.obj
 0003:00005c70       _is_initialized            00497c70     pjlib-i386-win32-vc14-release:pool_buf.obj
 0003:00005c74       _srtp_log_handler          00497c74     libsrtp-i386-win32-vc14-release:srtp.obj
 0003:00005c78       _srtp_log_handler_data     00497c78     libsrtp-i386-win32-vc14-release:srtp.obj
 0003:00005c90       _srtp_aes_icm_128_test_case_0_nonce 00497c90     libsrtp-i386-win32-vc14-release:aes_icm.obj
 0003:00005ca0       _srtp_aes_icm_256_test_case_0_nonce 00497ca0     libsrtp-i386-win32-vc14-release:aes_icm.obj
 0003:00005cb8       _GS_ExceptionRecord        00497cb8     MSVCRT:gs_report.obj
 0003:00005d08       _GS_ContextRecord          00497d08     MSVCRT:gs_report.obj
 0003:00005fdc       ?is_initialized_as_dll@@3_NA 00497fdc     MSVCRT:utility.obj
 0003:00005fdd       ?module_local_atexit_table_initialized@@3_NA 00497fdd     MSVCRT:utility.obj
 0003:00005fe0       ?module_local_atexit_table@@3U_onexit_table_t@@A 00497fe0     MSVCRT:utility.obj
 0003:00005fec       ?module_local_at_quick_exit_table@@3U_onexit_table_t@@A 00497fec     MSVCRT:utility.obj
 0004:00000000       _static_const_table        00499000     MSVCRT:svml_dcos2_sse2.obj
 0004:00000200       __e02PI                    00499200     MSVCRT:svml_dtrig.obj
 0004:000003a0       __e04PI                    004993a0     MSVCRT:svml_dtrig.obj
 0004:00000530       _2il0floatpacket_2         00499530     MSVCRT:svml_dtrig.obj
 0004:00000540       _2il0floatpacket_9         00499540     MSVCRT:svml_dtrig.obj
 0004:00000550       _2il0floatpacket_12        00499550     MSVCRT:svml_dtrig.obj
 0004:00000560       __dPI02                    00499560     MSVCRT:svml_dtrig.obj
 0004:00000570       __d02PI                    00499570     MSVCRT:svml_dtrig.obj
 0004:00000580       __DP4                      00499580     MSVCRT:svml_dtrig.obj
 0004:000005a0       __dPI04                    004995a0     MSVCRT:svml_dtrig.obj
 0004:000005b0       __d04PI                    004995b0     MSVCRT:svml_dtrig.obj
 0004:000005c0       __QP4                      004995c0     MSVCRT:svml_dtrig.obj
