 pcaputil

 Timestamp is 5dc9083e (Mon Nov 11 14:05:34 2019)

 Preferred load address is 00400000

 Start         Length     Name                   Class
 0001:00000000 0006cc97H .text$mn                CODE
 0002:00000000 00000274H .idata$5                DATA
 0002:00000274 00000004H .00cfg                  DATA
 0002:00000278 00000004H .CRT$XCA                DATA
 0002:0000027c 00000004H .CRT$XCAA               DATA
 0002:00000280 00000004H .CRT$XCZ                DATA
 0002:00000284 00000004H .CRT$XIA                DATA
 0002:00000288 00000004H .CRT$XIAA               DATA
 0002:0000028c 00000004H .CRT$XIAC               DATA
 0002:00000290 00000004H .CRT$XIZ                DATA
 0002:00000294 00000004H .CRT$XPA                DATA
 0002:00000298 00000004H .CRT$XPZ                DATA
 0002:0000029c 00000004H .CRT$XTA                DATA
 0002:000002a0 00000010H .CRT$XTZ                DATA
 0002:000002a4 00000000H .gfids$y                DATA
 0002:000002b0 0001db50H .rdata                  DATA
 0002:0001de00 00000004H .rdata$sxdata           DATA
 0002:0001de04 0000023cH .rdata$zzzdbg           DATA
 0002:0001e040 00000004H .rtc$IAA                DATA
 0002:0001e044 00000004H .rtc$IZZ                DATA
 0002:0001e048 00000004H .rtc$TAA                DATA
 0002:0001e04c 00000004H .rtc$TZZ                DATA
 0002:0001e050 0000003cH .xdata$x                DATA
 0002:0001e08c 00000000H .edata                  DATA
 0002:0001e08c 00000104H .idata$2                DATA
 0002:0001e190 00000014H .idata$3                DATA
 0002:0001e1a4 00000274H .idata$4                DATA
 0002:0001e418 00000a3eH .idata$6                DATA
 0003:00000000 000036a0H .data                   DATA
 0003:000036a0 00001c90H .bss                    DATA
 0004:00000000 000005e0H _RDATA                  DATA

  Address         Publics by Value              Rva+Base       Lib:Object

 0000:00000000       ___hybrid_code_map_count   00000000     <absolute>
 0000:00000000       ___guard_longjmp_table     00000000     <absolute>
 0000:00000000       ___guard_fids_count        00000000     <absolute>
 0000:00000000       ___hybrid_auxiliary_iat    00000000     <absolute>
 0000:00000000       ___guard_iat_table         00000000     <absolute>
 0000:00000000       ___volatile_metadata       00000000     <absolute>
 0000:00000000       ___guard_fids_table        00000000     <absolute>
 0000:00000000       ___enclave_config          00000000     <absolute>
 0000:00000000       ___guard_longjmp_count     00000000     <absolute>
 0000:00000000       ___dynamic_value_reloc_table 00000000     <absolute>
 0000:00000000       ___guard_iat_count         00000000     <absolute>
 0000:00000000       ___hybrid_code_map         00000000     <absolute>
 0000:00000001       ___safe_se_handler_count   00000001     <absolute>
 0000:00000100       ___guard_flags             00000100     <absolute>
 0000:00000000       ___ImageBase               00400000     <linker-defined>
 0001:00000bc0       _main                      00401bc0 f   pcaputil.obj
 0001:00001120       ___local_stdio_printf_options 00402120 f i pcaputil.obj
 0001:00001130       _printf                    00402130 f i pcaputil.obj
 0001:00001160       _pjmedia_codec_register_audio_codecs 00402160 f   pjmedia-codec-i386-win32-vc14-release:audio_codecs.obj
 0001:00001250       _pjmedia_codec_l16_deinit  00402250 f   pjmedia-codec-i386-win32-vc14-release:l16.obj
 0001:00001570       __get_startup_thread_locale_mode 00402570 f   MSVCRT:thread_locale.obj
 0001:00001570       ___scrt_initialize_winrt   00402570 f   MSVCRT:utility_desktop.obj
 0001:00001570       ___scrt_stub_for_initialize_mta 00402570 f   MSVCRT:utility_desktop.obj
 0001:00001570       _srtp_ekt_stream_init_from_policy 00402570 f   libsrtp-i386-win32-vc14-release:ekt.obj
 0001:00001570       _srtp_err_reporting_init   00402570 f   libsrtp-i386-win32-vc14-release:srtp_err.obj
 0001:00001570       __get_startup_new_mode     00402570 f   MSVCRT:new_mode.obj
 0001:00001570       ___scrt_exe_initialize_mta 00402570 f   MSVCRT:utility_desktop.obj
 0001:00001570       __get_startup_commit_mode  00402570 f   MSVCRT:commit_mode.obj
 0001:00001570       __matherr                  00402570 f   MSVCRT:matherr.obj
 0001:00001880       _pjmedia_codec_l16_init    00402880 f   pjmedia-codec-i386-win32-vc14-release:l16.obj
 0001:00001960       _pjmedia_codec_gsm_deinit  00402960 f   pjmedia-codec-i386-win32-vc14-release:gsm.obj
 0001:00002030       _pjmedia_codec_gsm_init    00403030 f   pjmedia-codec-i386-win32-vc14-release:gsm.obj
 0001:00002950       _pjmedia_codec_speex_deinit 00403950 f   pjmedia-codec-i386-win32-vc14-release:speex_codec.obj
 0001:00002be0       _pjmedia_codec_speex_init  00403be0 f   pjmedia-codec-i386-win32-vc14-release:speex_codec.obj
 0001:00002df0       _pjmedia_codec_ilbc_deinit 00403df0 f   pjmedia-codec-i386-win32-vc14-release:ilbc.obj
 0001:00003640       __snprintf                 00404640 f i pjmedia-codec-i386-win32-vc14-release:ilbc.obj
 0001:00003680       _pjmedia_codec_ilbc_init   00404680 f   pjmedia-codec-i386-win32-vc14-release:ilbc.obj
 0001:00003730       _pjmedia_codec_g722_deinit 00404730 f   pjmedia-codec-i386-win32-vc14-release:g722.obj
 0001:00003f20       _pjmedia_codec_g722_init   00404f20 f   pjmedia-codec-i386-win32-vc14-release:g722.obj
 0001:00004fc0       _pjmedia_codec_opus_deinit 00405fc0 f   pjmedia-codec-i386-win32-vc14-release:opus.obj
 0001:00005530       _pjmedia_codec_opus_init   00406530 f   pjmedia-codec-i386-win32-vc14-release:opus.obj
 0001:00005e70       _g722_enc_encode           00406e70 f   pjmedia-codec-i386-win32-vc14-release:g722_enc.obj
 0001:00006220       _g722_enc_init             00407220 f   pjmedia-codec-i386-win32-vc14-release:g722_enc.obj
 0001:00006220       _g722_dec_init             00407220 f   pjmedia-codec-i386-win32-vc14-release:g722_dec.obj
 0001:00006770       _g722_dec_decode           00407770 f   pjmedia-codec-i386-win32-vc14-release:g722_dec.obj
 0001:00006b70       _pjmedia_aud_subsys_init   00407b70 f   pjmedia-audiodev-i386-win32-vc14-release:audiodev.obj
 0001:00006c10       _pjmedia_aud_subsys_shutdown 00407c10 f   pjmedia-audiodev-i386-win32-vc14-release:audiodev.obj
 0001:00006c50       _pjmedia_audiodev_strerror 00407c50 f   pjmedia-audiodev-i386-win32-vc14-release:errno.obj
 0001:00007fb0       _pjmedia_wmme_factory      00408fb0 f   pjmedia-audiodev-i386-win32-vc14-release:wmme_dev.obj
 0001:00008780       _pjmedia_aud_dev_default_param 00409780 f   pjmedia-i386-win32-vc14-release:audiodev.obj
 0001:00008800       _pjmedia_aud_driver_deinit 00409800 f   pjmedia-i386-win32-vc14-release:audiodev.obj
 0001:000088d0       _pjmedia_aud_driver_init   004098d0 f   pjmedia-i386-win32-vc14-release:audiodev.obj
 0001:00008b50       _pjmedia_aud_stream_create 00409b50 f   pjmedia-i386-win32-vc14-release:audiodev.obj
 0001:00008d00       _pjmedia_aud_stream_destroy 00409d00 f   pjmedia-i386-win32-vc14-release:audiodev.obj
 0001:00008d20       _pjmedia_aud_stream_get_param 00409d20 f   pjmedia-i386-win32-vc14-release:audiodev.obj
 0001:00008d80       _pjmedia_aud_stream_start  00409d80 f   pjmedia-i386-win32-vc14-release:audiodev.obj
 0001:00008da0       _pjmedia_aud_stream_stop   00409da0 f   pjmedia-i386-win32-vc14-release:audiodev.obj
 0001:00008dc0       _pjmedia_get_aud_subsys    00409dc0 f   pjmedia-i386-win32-vc14-release:audiodev.obj
 0001:00008dd0       _pjmedia_port_destroy      00409dd0 f   pjmedia-i386-win32-vc14-release:port.obj
 0001:00008e00       _pjmedia_port_info_init    00409e00 f   pjmedia-i386-win32-vc14-release:port.obj
 0001:00008ef0       _pjmedia_port_put_frame    00409ef0 f   pjmedia-i386-win32-vc14-release:port.obj
 0001:00008f20       _pjmedia_codec_mgr_alloc_codec 00409f20 f   pjmedia-i386-win32-vc14-release:codec.obj
 0001:00008fc0       _pjmedia_codec_mgr_dealloc_codec 00409fc0 f   pjmedia-i386-win32-vc14-release:codec.obj
 0001:00008ff0       _pjmedia_codec_mgr_destroy 00409ff0 f   pjmedia-i386-win32-vc14-release:codec.obj
 0001:00009080       _pjmedia_codec_mgr_find_codecs_by_id 0040a080 f   pjmedia-i386-win32-vc14-release:codec.obj
 0001:00009160       _pjmedia_codec_mgr_get_codec_info 0040a160 f   pjmedia-i386-win32-vc14-release:codec.obj
 0001:000091e0       _pjmedia_codec_mgr_get_default_param 0040a1e0 f   pjmedia-i386-win32-vc14-release:codec.obj
 0001:00009350       _pjmedia_codec_mgr_init    0040a350 f   pjmedia-i386-win32-vc14-release:codec.obj
 0001:000093c0       _pjmedia_codec_mgr_register_factory 0040a3c0 f   pjmedia-i386-win32-vc14-release:codec.obj
 0001:00009580       _pjmedia_codec_mgr_unregister_factory 0040a580 f   pjmedia-i386-win32-vc14-release:codec.obj
 0001:00009710       _pjmedia_endpt_atexit      0040a710 f   pjmedia-i386-win32-vc14-release:endpoint.obj
 0001:00009770       _pjmedia_endpt_create2     0040a770 f   pjmedia-i386-win32-vc14-release:endpoint.obj
 0001:00009930       _pjmedia_endpt_create_pool 0040a930 f   pjmedia-i386-win32-vc14-release:endpoint.obj
 0001:00009950       _pjmedia_endpt_destroy2    0040a950 f   pjmedia-i386-win32-vc14-release:endpoint.obj
 0001:00009a10       _pjmedia_endpt_get_codec_mgr 0040aa10 f   pjmedia-i386-win32-vc14-release:endpoint.obj
 0001:00009a10       _pj_pool_getobjname        0040aa10 f   pjlib-i386-win32-vc14-release:pool.obj
 0001:00009a20       _sprintf                   0040aa20 f i pjmedia-i386-win32-vc14-release:endpoint.obj
 0001:00009ab0       _pjmedia_rtp_decode_rtp    0040aab0 f   pjmedia-i386-win32-vc14-release:rtp.obj
 0001:00009b40       _pjmedia_rtp_session_init  0040ab40 f   pjmedia-i386-win32-vc14-release:rtp.obj
 0001:00009be0       _pjmedia_rtp_session_update2 0040abe0 f   pjmedia-i386-win32-vc14-release:rtp.obj
 0001:0000a080       _pjmedia_transport_loop_create 0040b080 f   pjmedia-i386-win32-vc14-release:transport_loop.obj
 0001:0000c020       _get_libsrtp_errstr        0040d020 f   pjmedia-i386-win32-vc14-release:transport_srtp.obj
 0001:0000c330       _pjmedia_transport_srtp_create 0040d330 f   pjmedia-i386-win32-vc14-release:transport_srtp.obj
 0001:0000c760       _pjmedia_transport_srtp_decrypt_pkt 0040d760 f   pjmedia-i386-win32-vc14-release:transport_srtp.obj
 0001:0000c840       _pjmedia_transport_srtp_start 0040d840 f   pjmedia-i386-win32-vc14-release:transport_srtp.obj
 0001:0000cee0       _pjmedia_transport_srtp_stop 0040dee0 f   pjmedia-i386-win32-vc14-release:transport_srtp.obj
 0001:0000d6f0       _pjmedia_wav_writer_port_create 0040e6f0 f   pjmedia-i386-win32-vc14-release:wav_writer.obj
 0001:0000da00       _pjmedia_wav_writer_port_get_pos 0040ea00 f   pjmedia-i386-win32-vc14-release:wav_writer.obj
 0001:0000da30       _pjmedia_codec_g711_deinit 0040ea30 f   pjmedia-i386-win32-vc14-release:g711.obj
 0001:0000e110       _pjmedia_codec_g711_init   0040f110 f   pjmedia-i386-win32-vc14-release:g711.obj
 0001:0000e2a0       _pjmedia_plc_create        0040f2a0 f   pjmedia-i386-win32-vc14-release:plc_common.obj
 0001:0000e300       _pjmedia_plc_generate      0040f300 f   pjmedia-i386-win32-vc14-release:plc_common.obj
 0001:0000e330       _pjmedia_plc_save          0040f330 f   pjmedia-i386-win32-vc14-release:plc_common.obj
 0001:0000e360       _pjmedia_silence_det_apply 0040f360 f   pjmedia-i386-win32-vc14-release:silencedet.obj
 0001:0000e540       _pjmedia_silence_det_create 0040f540 f   pjmedia-i386-win32-vc14-release:silencedet.obj
 0001:0000e5c0       _pjmedia_silence_det_detect 0040f5c0 f   pjmedia-i386-win32-vc14-release:silencedet.obj
 0001:0000e7d0       _pjmedia_event_init        0040f7d0 f   pjmedia-i386-win32-vc14-release:event.obj
 0001:0000e810       _pjmedia_event_publish     0040f810 f   pjmedia-i386-win32-vc14-release:event.obj
 0001:0000e940       _pjmedia_sdp_attr_create   0040f940 f   pjmedia-i386-win32-vc14-release:sdp.obj
 0001:0000e9a0       _pjmedia_sdp_attr_find     0040f9a0 f   pjmedia-i386-win32-vc14-release:sdp.obj
 0001:0000ea20       _pjmedia_sdp_media_deactivate 0040fa20 f   pjmedia-i386-win32-vc14-release:sdp.obj
 0001:0000ea50       _pjmedia_sdp_media_find_attr 0040fa50 f   pjmedia-i386-win32-vc14-release:sdp.obj
 0001:0000ea80       _pjmedia_sdp_transport_get_proto 0040fa80 f   pjmedia-i386-win32-vc14-release:sdp.obj
 0001:0000ebc0       _pjmedia_strerror          0040fbc0 f   pjmedia-i386-win32-vc14-release:errno.obj
 0001:0000ecd0       __initialize_invalid_parameter_handler 0040fcd0 f   MSVCRT:invalid_parameter_handler.obj
 0001:0000ecd0       _vbr_destroy               0040fcd0 f   libspeex-i386-win32-vc14-release:vbr.obj
 0001:0000ecd0       __initialize_denormal_control 0040fcd0 f   MSVCRT:denormal_control.obj
 0001:0000ecd0       _pjmedia_wave_hdr_host_to_file 0040fcd0 f   pjmedia-i386-win32-vc14-release:wave.obj
 0001:0000ecd0       @_guard_check_icall_nop@4  0040fcd0 f   MSVCRT:guard_support.obj
 0001:0000f4a0       _pjmedia_wsola_create      004104a0 f   pjmedia-i386-win32-vc14-release:wsola.obj
 0001:0000f7f0       _pjmedia_wsola_generate    004107f0 f   pjmedia-i386-win32-vc14-release:wsola.obj
 0001:0000f8c0       _pjmedia_wsola_save        004108c0 f   pjmedia-i386-win32-vc14-release:wsola.obj
 0001:0000fd50       _pjlib_util_init           00410d50 f   pjlib-util-i386-win32-vc14-release:errno.obj
 0001:0000fd70       _pjlib_util_strerror       00410d70 f   pjlib-util-i386-win32-vc14-release:errno.obj
 0001:000106f0       _pj_getopt_long            004116f0 f   pjlib-util-i386-win32-vc14-release:getopt.obj
 0001:00010710       _pj_base64_decode          00411710 f   pjlib-util-i386-win32-vc14-release:base64.obj
 0001:00010900       _pj_base64_encode          00411900 f   pjlib-util-i386-win32-vc14-release:base64.obj
 0001:00010a60       _pj_pcap_close             00411a60 f   pjlib-util-i386-win32-vc14-release:pcap.obj
 0001:00010a80       _pj_pcap_filter_default    00411a80 f   pjlib-util-i386-win32-vc14-release:pcap.obj
 0001:00010aa0       _pj_pcap_open              00411aa0 f   pjlib-util-i386-win32-vc14-release:pcap.obj
 0001:00010b90       _pj_pcap_read_udp          00411b90 f   pjlib-util-i386-win32-vc14-release:pcap.obj
 0001:00010e60       _pj_pcap_set_filter        00411e60 f   pjlib-util-i386-win32-vc14-release:pcap.obj
 0001:00010f80       _pj_atexit                 00411f80 f   pjlib-i386-win32-vc14-release:os_core_win32.obj
 0001:00010fb0       _pj_atomic_dec_and_get     00411fb0 f   pjlib-i386-win32-vc14-release:os_core_win32.obj
 0001:00011000       _pj_atomic_destroy         00412000 f   pjlib-i386-win32-vc14-release:os_core_win32.obj
 0001:00011020       _pj_atomic_inc             00412020 f   pjlib-i386-win32-vc14-release:os_core_win32.obj
 0001:00011070       _pj_enter_critical_section 00412070 f   pjlib-i386-win32-vc14-release:os_core_win32.obj
 0001:000110d0       _pj_init                   004120d0 f   pjlib-i386-win32-vc14-release:os_core_win32.obj
 0001:000112e0       _pj_leave_critical_section 004122e0 f   pjlib-i386-win32-vc14-release:os_core_win32.obj
 0001:00011340       _pj_mutex_create           00412340 f   pjlib-i386-win32-vc14-release:os_core_win32.obj
 0001:00011390       _pj_mutex_create_simple    00412390 f   pjlib-i386-win32-vc14-release:os_core_win32.obj
 0001:00011390       _pj_mutex_create_recursive 00412390 f   pjlib-i386-win32-vc14-release:os_core_win32.obj
 0001:000113e0       _pj_mutex_destroy          004123e0 f   pjlib-i386-win32-vc14-release:os_core_win32.obj
 0001:00011450       _pj_mutex_lock             00412450 f   pjlib-i386-win32-vc14-release:os_core_win32.obj
 0001:000114c0       _pj_mutex_trylock          004124c0 f   pjlib-i386-win32-vc14-release:os_core_win32.obj
 0001:00011540       _pj_mutex_unlock           00412540 f   pjlib-i386-win32-vc14-release:os_core_win32.obj
 0001:000115b0       _pj_sem_destroy            004125b0 f   pjlib-i386-win32-vc14-release:os_core_win32.obj
 0001:00011640       _pj_sem_post               00412640 f   pjlib-i386-win32-vc14-release:os_core_win32.obj
 0001:000116e0       _pj_sem_trywait            004126e0 f   pjlib-i386-win32-vc14-release:os_core_win32.obj
 0001:00011740       _pj_sem_wait               00412740 f   pjlib-i386-win32-vc14-release:os_core_win32.obj
 0001:00011850       _pj_shutdown               00412850 f   pjlib-i386-win32-vc14-release:os_core_win32.obj
 0001:00011990       _pj_term_set_color         00412990 f   pjlib-i386-win32-vc14-release:os_core_win32.obj
 0001:00011a60       _pj_thread_check_stack     00412a60 f   pjlib-i386-win32-vc14-release:os_core_win32.obj
 0001:00011ab0       _pj_thread_create          00412ab0 f   pjlib-i386-win32-vc14-release:os_core_win32.obj
 0001:00011c00       _pj_thread_destroy         00412c00 f   pjlib-i386-win32-vc14-release:os_core_win32.obj
 0001:00011c90       _pj_thread_get_name        00412c90 f   pjlib-i386-win32-vc14-release:os_core_win32.obj
 0001:00011ce0       _pj_thread_join            00412ce0 f   pjlib-i386-win32-vc14-release:os_core_win32.obj
 0001:00011da0       _pj_thread_local_alloc     00412da0 f   pjlib-i386-win32-vc14-release:os_core_win32.obj
 0001:00011df0       _pj_thread_local_free      00412df0 f   pjlib-i386-win32-vc14-release:os_core_win32.obj
 0001:00011e40       _pj_thread_local_get       00412e40 f   pjlib-i386-win32-vc14-release:os_core_win32.obj
 0001:00011e50       _pj_thread_local_set       00412e50 f   pjlib-i386-win32-vc14-release:os_core_win32.obj
 0001:00011e90       _pj_thread_sleep           00412e90 f   pjlib-i386-win32-vc14-release:os_core_win32.obj
 0001:00011ee0       _pj_thread_this            00412ee0 f   pjlib-i386-win32-vc14-release:os_core_win32.obj
 0001:00011f70       _pj_htonl                  00412f70 f   pjlib-i386-win32-vc14-release:sock_bsd.obj
 0001:00011f80       _pj_htons                  00412f80 f   pjlib-i386-win32-vc14-release:sock_bsd.obj
 0001:00011f90       _pj_inet_aton              00412f90 f   pjlib-i386-win32-vc14-release:sock_bsd.obj
 0001:00012020       _pj_inet_pton              00413020 f   pjlib-i386-win32-vc14-release:sock_bsd.obj
 0001:00012180       _pj_ntohl                  00413180 f   pjlib-i386-win32-vc14-release:sock_bsd.obj
 0001:00012190       _pj_ntohs                  00413190 f   pjlib-i386-win32-vc14-release:sock_bsd.obj
 0001:000121a0       _pj_sock_accept            004131a0 f   pjlib-i386-win32-vc14-release:sock_bsd.obj
 0001:00012210       _pj_sock_getsockname       00413210 f   pjlib-i386-win32-vc14-release:sock_bsd.obj
 0001:00012270       _pj_sock_getsockopt        00413270 f   pjlib-i386-win32-vc14-release:sock_bsd.obj
 0001:000122e0       _pj_sock_recv              004132e0 f   pjlib-i386-win32-vc14-release:sock_bsd.obj
 0001:00012350       _pj_sock_recvfrom          00413350 f   pjlib-i386-win32-vc14-release:sock_bsd.obj
 0001:000123c0       _pj_sock_send              004133c0 f   pjlib-i386-win32-vc14-release:sock_bsd.obj
 0001:00012430       _pj_sock_sendto            00413430 f   pjlib-i386-win32-vc14-release:sock_bsd.obj
 0001:000124a0       _pj_inet_addr              004134a0 f   pjlib-i386-win32-vc14-release:sock_common.obj
 0001:000124c0       _pj_sockaddr_cmp           004134c0 f   pjlib-i386-win32-vc14-release:sock_common.obj
 0001:00012640       _pj_sockaddr_has_addr      00413640 f   pjlib-i386-win32-vc14-release:sock_common.obj
 0001:000126f0       _pj_sockaddr_in_set_str_addr 004136f0 f   pjlib-i386-win32-vc14-release:sock_common.obj
 0001:000127e0       _pj_sockaddr_init          004137e0 f   pjlib-i386-win32-vc14-release:sock_common.obj
 0001:000129a0       _pj_errno_clear_handlers   004139a0 f   pjlib-i386-win32-vc14-release:errno.obj
 0001:000129c0       _pj_perror_3               004139c0 f   pjlib-i386-win32-vc14-release:errno.obj
 0001:000129e0       _pj_perror_4               004139e0 f   pjlib-i386-win32-vc14-release:errno.obj
 0001:00012bd0       _pj_register_strerror      00413bd0 f   pjlib-i386-win32-vc14-release:errno.obj
 0001:00012ca0       _pj_strerror               00413ca0 f   pjlib-i386-win32-vc14-release:errno.obj
 0001:00012e20       _pj_log                    00413e20 f   pjlib-i386-win32-vc14-release:log.obj
 0001:00013320       _pj_log_1                  00414320 f   pjlib-i386-win32-vc14-release:log.obj
 0001:00013340       _pj_log_2                  00414340 f   pjlib-i386-win32-vc14-release:log.obj
 0001:00013360       _pj_log_3                  00414360 f   pjlib-i386-win32-vc14-release:log.obj
 0001:00013380       _pj_log_4                  00414380 f   pjlib-i386-win32-vc14-release:log.obj
 0001:000133a0       _pj_log_5                  004143a0 f   pjlib-i386-win32-vc14-release:log.obj
 0001:000133c0       _pj_log_get_color          004143c0 f   pjlib-i386-win32-vc14-release:log.obj
 0001:00013430       _pj_log_get_decor          00414430 f   pjlib-i386-win32-vc14-release:log.obj
 0001:00013440       _pj_log_get_level          00414440 f   pjlib-i386-win32-vc14-release:log.obj
 0001:00013450       _pj_log_init               00414450 f   pjlib-i386-win32-vc14-release:log.obj
 0001:000134c0       _pj_str                    004144c0 f   pjlib-i386-win32-vc14-release:string.obj
 0001:000134e0       _pj_strcmp                 004144e0 f   pjlib-i386-win32-vc14-release:string.obj
 0001:00013590       _pj_strcmp2                00414590 f   pjlib-i386-win32-vc14-release:string.obj
 0001:000135f0       _pj_strdup                 004145f0 f   pjlib-i386-win32-vc14-release:string.obj
 0001:00013630       _pj_strdup2                00414630 f   pjlib-i386-win32-vc14-release:string.obj
 0001:00013690       _pj_strdup_with_null       00414690 f   pjlib-i386-win32-vc14-release:string.obj
 0001:000136e0       _pj_stricmp                004146e0 f   pjlib-i386-win32-vc14-release:string.obj
 0001:00013740       _pj_stricmp2               00414740 f   pjlib-i386-win32-vc14-release:string.obj
 0001:000137b0       _pj_stristr                004147b0 f   pjlib-i386-win32-vc14-release:string.obj
 0001:00013800       _pj_strncpy_with_null      00414800 f   pjlib-i386-win32-vc14-release:string.obj
 0001:00013840       _pj_strnicmp2              00414840 f   pjlib-i386-win32-vc14-release:string.obj
 0001:000138b0       _pj_strtok                 004148b0 f   pjlib-i386-win32-vc14-release:string.obj
 0001:000139a0       _pj_strtok2                004149a0 f   pjlib-i386-win32-vc14-release:string.obj
 0001:00013a80       _pj_strtoul                00414a80 f   pjlib-i386-win32-vc14-release:string.obj
 0001:00013ae0       _pj_strtoul2               00414ae0 f   pjlib-i386-win32-vc14-release:string.obj
 0001:00013b90       _pj_utoa                   00414b90 f   pjlib-i386-win32-vc14-release:string.obj
 0001:00013c10       _pj_utoa_pad               00414c10 f   pjlib-i386-win32-vc14-release:string.obj
 0001:00013cb0       _pj_pool_alloc             00414cb0 f   pjlib-i386-win32-vc14-release:pool.obj
 0001:00013e20       _pj_pool_calloc            00414e20 f   pjlib-i386-win32-vc14-release:pool.obj
 0001:00013e50       _pj_pool_create            00414e50 f   pjlib-i386-win32-vc14-release:pool.obj
 0001:00013e60       _pj_pool_create_int        00414e60 f   pjlib-i386-win32-vc14-release:pool.obj
 0001:00013f70       _pj_pool_destroy_int       00414f70 f   pjlib-i386-win32-vc14-release:pool.obj
 0001:00013fb0       _pj_pool_get_capacity      00414fb0 f   pjlib-i386-win32-vc14-release:pool.obj
 0001:00013fc0       _pj_pool_get_used_size     00414fc0 f   pjlib-i386-win32-vc14-release:pool.obj
 0001:00013ff0       _pj_pool_init_int          00414ff0 f   pjlib-i386-win32-vc14-release:pool.obj
 0001:00014060       _pj_pool_release           00415060 f   pjlib-i386-win32-vc14-release:pool.obj
 0001:00014080       _pj_pool_reset             00415080 f   pjlib-i386-win32-vc14-release:pool.obj
 0001:00014490       _pj_caching_pool_destroy   00415490 f   pjlib-i386-win32-vc14-release:pool_caching.obj
 0001:00014570       _pj_caching_pool_init      00415570 f   pjlib-i386-win32-vc14-release:pool_caching.obj
 0001:00014630       _pj_list_erase             00415630 f   pjlib-i386-win32-vc14-release:list.obj
 0001:00014650       _pj_list_find_node         00415650 f   pjlib-i386-win32-vc14-release:list.obj
 0001:00014680       _pj_list_insert_after      00415680 f   pjlib-i386-win32-vc14-release:list.obj
 0001:000146a0       _pj_list_insert_before     004156a0 f   pjlib-i386-win32-vc14-release:list.obj
 0001:000146c0       _pj_get_netos_error        004156c0 f   pjlib-i386-win32-vc14-release:os_error_win32.obj
 0001:000146e0       _pj_get_os_error           004156e0 f   pjlib-i386-win32-vc14-release:os_error_win32.obj
 0001:00014700       _platform_strerror         00415700 f   pjlib-i386-win32-vc14-release:os_error_win32.obj
 0001:000147e0       _pj_array_erase            004157e0 f   pjlib-i386-win32-vc14-release:array.obj
 0001:00014820       _pj_gettimeofday           00415820 f   pjlib-i386-win32-vc14-release:os_time_win32.obj
 0001:000148d0       _pj_time_decode            004158d0 f   pjlib-i386-win32-vc14-release:os_time_win32.obj
 0001:00014a40       _ioqueue_dispatch_read_event 00415a40 f   pjlib-i386-win32-vc14-release:ioqueue_select.obj
 0001:00014c50       _ioqueue_dispatch_write_event 00415c50 f   pjlib-i386-win32-vc14-release:ioqueue_select.obj
 0001:00014ef0       _pj_ioqueue_create         00415ef0 f   pjlib-i386-win32-vc14-release:ioqueue_select.obj
 0001:000150c0       _pj_ioqueue_destroy        004160c0 f   pjlib-i386-win32-vc14-release:ioqueue_select.obj
 0001:00015180       _pj_ioqueue_poll           00416180 f   pjlib-i386-win32-vc14-release:ioqueue_select.obj
 0001:00015660       _pj_ioqueue_unlock_key     00416660 f   pjlib-i386-win32-vc14-release:ioqueue_select.obj
 0001:00015710       _pj_rand                   00416710 f   pjlib-i386-win32-vc14-release:rand.obj
 0001:00015740       _pj_get_timestamp          00416740 f   pjlib-i386-win32-vc14-release:os_timestamp_win32.obj
 0001:000157a0       _pj_get_timestamp_freq     004167a0 f   pjlib-i386-win32-vc14-release:os_timestamp_win32.obj
 0001:00015a40       _pj_grp_lock_add_ref       00416a40 f   pjlib-i386-win32-vc14-release:lock.obj
 0001:00015a60       _pj_grp_lock_dec_ref       00416a60 f   pjlib-i386-win32-vc14-release:lock.obj
 0001:00015a90       _pj_grp_lock_release       00416a90 f   pjlib-i386-win32-vc14-release:lock.obj
 0001:00015aa0       _pj_grp_lock_tryacquire    00416aa0 f   pjlib-i386-win32-vc14-release:lock.obj
 0001:00015ab0       _pj_lock_acquire           00416ab0 f   pjlib-i386-win32-vc14-release:lock.obj
 0001:00015ad0       _pj_lock_create_null_mutex 00416ad0 f   pjlib-i386-win32-vc14-release:lock.obj
 0001:00015af0       _pj_lock_create_recursive_mutex 00416af0 f   pjlib-i386-win32-vc14-release:lock.obj
 0001:00015b10       _pj_lock_create_simple_mutex 00416b10 f   pjlib-i386-win32-vc14-release:lock.obj
 0001:00015b30       _pj_lock_destroy           00416b30 f   pjlib-i386-win32-vc14-release:lock.obj
 0001:00015b50       _pj_lock_release           00416b50 f   pjlib-i386-win32-vc14-release:lock.obj
 0001:00015b70       _pj_lock_tryacquire        00416b70 f   pjlib-i386-win32-vc14-release:lock.obj
 0001:00015b90       _pj_file_close             00416b90 f   pjlib-i386-win32-vc14-release:file_io_win32.obj
 0001:00015bd0       _pj_file_getpos            00416bd0 f   pjlib-i386-win32-vc14-release:file_io_win32.obj
 0001:00015c50       _pj_file_open              00416c50 f   pjlib-i386-win32-vc14-release:file_io_win32.obj
 0001:00015d90       _pj_file_read              00416d90 f   pjlib-i386-win32-vc14-release:file_io_win32.obj
 0001:00015df0       _pj_file_setpos            00416df0 f   pjlib-i386-win32-vc14-release:file_io_win32.obj
 0001:00015e80       _pj_file_write             00416e80 f   pjlib-i386-win32-vc14-release:file_io_win32.obj
 0001:00015ee0       _pj_exception_id_alloc     00416ee0 f   pjlib-i386-win32-vc14-release:except.obj
 0001:00015f30       _pj_exception_id_free      00416f30 f   pjlib-i386-win32-vc14-release:except.obj
 0001:00015f70       _pj_pop_exception_handler_ 00416f70 f   pjlib-i386-win32-vc14-release:except.obj
 0001:00015fa0       _pj_throw_exception_       00416fa0 f   pjlib-i386-win32-vc14-release:except.obj
 0001:00016020       _pj_generate_unique_string 00417020 f   pjlib-i386-win32-vc14-release:guid_win32.obj
 0001:000160d0       _pj_getaddrinfo            004170d0 f   pjlib-i386-win32-vc14-release:addr_resolv_sock.obj
 0001:00016290       _pj_log_write              00417290 f   pjlib-i386-win32-vc14-release:log_writer_stdout.obj
 0001:000162f0       _pj_pool_create_on_buf     004172f0 f   pjlib-i386-win32-vc14-release:pool_buf.obj
 0001:000164c0       _pj_time_val_normalize     004174c0 f   pjlib-i386-win32-vc14-release:types.obj
 0001:00016550       _pj_gettickcount           00417550 f   pjlib-i386-win32-vc14-release:os_timestamp_common.obj
 0001:00016620       _PJ_FD_CLR                 00417620 f   pjlib-i386-win32-vc14-release:sock_select.obj
 0001:000166a0       _PJ_FD_COUNT               004176a0 f   pjlib-i386-win32-vc14-release:sock_select.obj
 0001:000166a0       _srtp_rdb_get_value        004176a0 f   libsrtp-i386-win32-vc14-release:rdb.obj
 0001:000166b0       _PJ_FD_ISSET               004176b0 f   pjlib-i386-win32-vc14-release:sock_select.obj
 0001:000166e0       _PJ_FD_ZERO                004176e0 f   pjlib-i386-win32-vc14-release:sock_select.obj
 0001:00016710       _pj_sock_select            00417710 f   pjlib-i386-win32-vc14-release:sock_select.obj
 0001:00016780       _gsm_create                00417780 f   libgsmcodec-i386-win32-vc14-release:gsm_create.obj
 0001:000167c0       _gsm_destroy               004177c0 f   libgsmcodec-i386-win32-vc14-release:gsm_destroy.obj
 0001:000167e0       _gsm_encode                004177e0 f   libgsmcodec-i386-win32-vc14-release:gsm_encode.obj
 0001:00016c30       _gsm_decode                00417c30 f   libgsmcodec-i386-win32-vc14-release:gsm_decode.obj
 0001:00017210       _Gsm_Coder                 00418210 f   libgsmcodec-i386-win32-vc14-release:code.obj
 0001:00017410       _Gsm_Decoder               00418410 f   libgsmcodec-i386-win32-vc14-release:decode.obj
 0001:00017b60       _Gsm_Long_Term_Predictor   00418b60 f   libgsmcodec-i386-win32-vc14-release:long_term.obj
 0001:00017ba0       _Gsm_Long_Term_Synthesis_Filtering 00418ba0 f   libgsmcodec-i386-win32-vc14-release:long_term.obj
 0001:00018710       _Gsm_LPC_Analysis          00419710 f   libgsmcodec-i386-win32-vc14-release:lpc.obj
 0001:00019020       _Gsm_Preprocess            0041a020 f   libgsmcodec-i386-win32-vc14-release:preprocess.obj
 0001:00019810       _Gsm_Short_Term_Analysis_Filter 0041a810 f   libgsmcodec-i386-win32-vc14-release:short_term.obj
 0001:00019910       _Gsm_Short_Term_Synthesis_Filter 0041a910 f   libgsmcodec-i386-win32-vc14-release:short_term.obj
 0001:0001a150       _Gsm_RPE_Decoding          0041b150 f   libgsmcodec-i386-win32-vc14-release:rpe.obj
 0001:0001a1b0       _Gsm_RPE_Encoding          0041b1b0 f   libgsmcodec-i386-win32-vc14-release:rpe.obj
 0001:0001a5d0       _gsm_add                   0041b5d0 f   libgsmcodec-i386-win32-vc14-release:add.obj
 0001:0001a600       _gsm_asl                   0041b600 f   libgsmcodec-i386-win32-vc14-release:add.obj
 0001:0001a670       _gsm_asr                   0041b670 f   libgsmcodec-i386-win32-vc14-release:add.obj
 0001:0001a6b0       _gsm_div                   0041b6b0 f   libgsmcodec-i386-win32-vc14-release:add.obj
 0001:0001a700       _gsm_mult                  0041b700 f   libgsmcodec-i386-win32-vc14-release:add.obj
 0001:0001a730       _gsm_norm                  0041b730 f   libgsmcodec-i386-win32-vc14-release:add.obj
 0001:0001a7c0       _gsm_sub                   0041b7c0 f   libgsmcodec-i386-win32-vc14-release:add.obj
 0001:0001a7f0       _iLBC_encode               0041b7f0 f   libilbccodec-i386-win32-vc14-release:iLBC_encode.obj
 0001:0001b750       _initEncode                0041c750 f   libilbccodec-i386-win32-vc14-release:iLBC_encode.obj
 0001:0001b870       _Decode                    0041c870 f   libilbccodec-i386-win32-vc14-release:iLBC_decode.obj
 0001:0001bf00       _iLBC_decode               0041cf00 f   libilbccodec-i386-win32-vc14-release:iLBC_decode.obj
 0001:0001c810       _initDecode                0041d810 f   libilbccodec-i386-win32-vc14-release:iLBC_decode.obj
 0001:0001ca10       _LPCencode                 0041da10 f   libilbccodec-i386-win32-vc14-release:LPCencode.obj
 0001:0001cc00       _SimpleInterpolateLSF      0041dc00 f   libilbccodec-i386-win32-vc14-release:LPCencode.obj
 0001:0001ceb0       _FrameClassify             0041deb0 f   libilbccodec-i386-win32-vc14-release:FrameClassify.obj
 0001:0001d270       _StateSearchW              0041e270 f   libilbccodec-i386-win32-vc14-release:StateSearchW.obj
 0001:0001d7b0       _StateConstructW           0041e7b0 f   libilbccodec-i386-win32-vc14-release:StateConstructW.obj
 0001:0001da80       _dopack                    0041ea80 f   libilbccodec-i386-win32-vc14-release:packing.obj
 0001:0001db10       _packcombine               0041eb10 f   libilbccodec-i386-win32-vc14-release:packing.obj
 0001:0001db30       _packsplit                 0041eb30 f   libilbccodec-i386-win32-vc14-release:packing.obj
 0001:0001db60       _unpack                    0041eb60 f   libilbccodec-i386-win32-vc14-release:packing.obj
 0001:0001dc10       _iCBSearch                 0041ec10 f   libilbccodec-i386-win32-vc14-release:iCBSearch.obj
 0001:0001eac0       _iCBConstruct              0041fac0 f   libilbccodec-i386-win32-vc14-release:iCBConstruct.obj
 0001:0001efc0       _index_conv_dec            0041ffc0 f   libilbccodec-i386-win32-vc14-release:iCBConstruct.obj
 0001:0001f010       _index_conv_enc            00420010 f   libilbccodec-i386-win32-vc14-release:iCBConstruct.obj
 0001:0001f060       _hpInput                   00420060 f   libilbccodec-i386-win32-vc14-release:hpInput.obj
 0001:0001f130       _anaFilter                 00420130 f   libilbccodec-i386-win32-vc14-release:anaFilter.obj
 0001:0001f400       _DecoderInterpolateLSF     00420400 f   libilbccodec-i386-win32-vc14-release:LPCdecode.obj
 0001:0001f5e0       _SimplelsfDEQ              004205e0 f   libilbccodec-i386-win32-vc14-release:LPCdecode.obj
 0001:0001f6f0       _compCorr                  004206f0 f   libilbccodec-i386-win32-vc14-release:doCPLC.obj
 0001:0001f810       _doThePLC                  00420810 f   libilbccodec-i386-win32-vc14-release:doCPLC.obj
 0001:0001fcf0       _LSF_check                 00420cf0 f   libilbccodec-i386-win32-vc14-release:helpfun.obj
 0001:0001fde0       _SplitVQ                   00420de0 f   libilbccodec-i386-win32-vc14-release:helpfun.obj
 0001:00020000       _autocorr                  00421000 f   libilbccodec-i386-win32-vc14-release:helpfun.obj
 0001:000200e0       _bwexpand                  004210e0 f   libilbccodec-i386-win32-vc14-release:helpfun.obj
 0001:000201d0       _interpolate               004211d0 f   libilbccodec-i386-win32-vc14-release:helpfun.obj
 0001:00020400       _levdurb                   00421400 f   libilbccodec-i386-win32-vc14-release:helpfun.obj
 0001:00020650       _sort_sq                   00421650 f   libilbccodec-i386-win32-vc14-release:helpfun.obj
 0001:000206e0       _window                    004216e0 f   libilbccodec-i386-win32-vc14-release:helpfun.obj
 0001:000208a0       _NearestNeighbor           004218a0 f   libilbccodec-i386-win32-vc14-release:enhancer.obj
 0001:00020980       _enh_upsample              00421980 f   libilbccodec-i386-win32-vc14-release:enhancer.obj
 0001:00020d00       _enhancerInterface         00421d00 f   libilbccodec-i386-win32-vc14-release:enhancer.obj
 0001:00021560       _getsseq                   00422560 f   libilbccodec-i386-win32-vc14-release:enhancer.obj
 0001:000219e0       _refiner                   004229e0 f   libilbccodec-i386-win32-vc14-release:enhancer.obj
 0001:00021e00       _smath                     00422e00 f   libilbccodec-i386-win32-vc14-release:enhancer.obj
 0001:000226a0       _xCorrCoef                 004236a0 f   libilbccodec-i386-win32-vc14-release:enhancer.obj
 0001:00022710       _hpOutput                  00423710 f   libilbccodec-i386-win32-vc14-release:hpOutput.obj
 0001:000227e0       _syntFilter                004237e0 f   libilbccodec-i386-win32-vc14-release:syntFilter.obj
 0001:00022aa0       _a2lsf                     00423aa0 f   libilbccodec-i386-win32-vc14-release:lsf.obj
 0001:00022df0       _lsf2a                     00423df0 f   libilbccodec-i386-win32-vc14-release:lsf.obj
 0001:00023260       _AllPoleFilter             00424260 f   libilbccodec-i386-win32-vc14-release:filter.obj
 0001:00023350       _DownSample                00424350 f   libilbccodec-i386-win32-vc14-release:filter.obj
 0001:00023650       _ZeroPoleFilter            00424650 f   libilbccodec-i386-win32-vc14-release:filter.obj
 0001:00023830       _gaindequant               00424830 f   libilbccodec-i386-win32-vc14-release:gainquant.obj
 0001:000238b0       _gainquant                 004248b0 f   libilbccodec-i386-win32-vc14-release:gainquant.obj
 0001:00023950       _createAugmentedVec        00424950 f   libilbccodec-i386-win32-vc14-release:createCB.obj
 0001:000239f0       _filteredCBvecs            004249f0 f   libilbccodec-i386-win32-vc14-release:createCB.obj
 0001:00023b40       _searchAugmentedCB         00424b40 f   libilbccodec-i386-win32-vc14-release:createCB.obj
 0001:00023ec0       _getCBvec                  00424ec0 f   libilbccodec-i386-win32-vc14-release:getCBvec.obj
 0001:00024380       _speex_mode_query          00425380 f   libspeex-i386-win32-vc14-release:modes.obj
 0001:000243a0       _fprintf                   004253a0 f i libspeex-i386-win32-vc14-release:bits.obj
 0001:000243d0       _speex_bits_advance        004253d0 f   libspeex-i386-win32-vc14-release:bits.obj
 0001:00024420       _speex_bits_destroy        00425420 f   libspeex-i386-win32-vc14-release:bits.obj
 0001:00024440       _speex_bits_init           00425440 f   libspeex-i386-win32-vc14-release:bits.obj
 0001:00024490       _speex_bits_pack           00425490 f   libspeex-i386-win32-vc14-release:bits.obj
 0001:000245a0       _speex_bits_peek           004255a0 f   libspeex-i386-win32-vc14-release:bits.obj
 0001:000245f0       _speex_bits_read_from      004255f0 f   libspeex-i386-win32-vc14-release:bits.obj
 0001:000246d0       _speex_bits_remaining      004256d0 f   libspeex-i386-win32-vc14-release:bits.obj
 0001:00024700       _speex_bits_reset          00425700 f   libspeex-i386-win32-vc14-release:bits.obj
 0001:00024730       _speex_bits_unpack_unsigned 00425730 f   libspeex-i386-win32-vc14-release:bits.obj
 0001:000247c0       _speex_bits_write          004257c0 f   libspeex-i386-win32-vc14-release:bits.obj
 0001:00024850       _nb_mode_query             00425850 f   libspeex-i386-win32-vc14-release:speex.obj
 0001:000248d0       _speex_decode_int          004258d0 f   libspeex-i386-win32-vc14-release:speex.obj
 0001:000249e0       _speex_decode_native       004259e0 f   libspeex-i386-win32-vc14-release:speex.obj
 0001:00024a00       _speex_decoder_ctl         00425a00 f   libspeex-i386-win32-vc14-release:speex.obj
 0001:00024a20       _speex_decoder_destroy     00425a20 f   libspeex-i386-win32-vc14-release:speex.obj
 0001:00024a40       _speex_decoder_init        00425a40 f   libspeex-i386-win32-vc14-release:speex.obj
 0001:00024a50       _speex_encode_int          00425a50 f   libspeex-i386-win32-vc14-release:speex.obj
 0001:00024b80       _speex_encode_native       00425b80 f   libspeex-i386-win32-vc14-release:speex.obj
 0001:00024ba0       _speex_encoder_ctl         00425ba0 f   libspeex-i386-win32-vc14-release:speex.obj
 0001:00024bc0       _speex_encoder_destroy     00425bc0 f   libspeex-i386-win32-vc14-release:speex.obj
 0001:00024be0       _speex_encoder_init        00425be0 f   libspeex-i386-win32-vc14-release:speex.obj
 0001:00024bf0       _wb_mode_query             00425bf0 f   libspeex-i386-win32-vc14-release:modes_wb.obj
 0001:00024c70       _speex_lib_get_mode        00425c70 f   libspeex-i386-win32-vc14-release:modes_wb.obj
 0001:00024c90       _forced_pitch_quant        00425c90 f   libspeex-i386-win32-vc14-release:ltp.obj
 0001:00025060       _forced_pitch_unquant      00426060 f   libspeex-i386-win32-vc14-release:ltp.obj
 0001:000251a0       _inner_prod                004261a0 f   libspeex-i386-win32-vc14-release:ltp.obj
 0001:00025220       _open_loop_nbest_pitch     00426220 f   libspeex-i386-win32-vc14-release:ltp.obj
 0001:00026560       _pitch_search_3tap         00427560 f   libspeex-i386-win32-vc14-release:ltp.obj
 0001:000267c0       _pitch_unquant_3tap        004277c0 f   libspeex-i386-win32-vc14-release:ltp.obj
 0001:00026e00       _lsp_quant_high            00427e00 f   libspeex-i386-win32-vc14-release:quant_lsp.obj
 0001:000275e0       _lsp_quant_lbr             004285e0 f   libspeex-i386-win32-vc14-release:quant_lsp.obj
 0001:00027de0       _lsp_quant_nb              00428de0 f   libspeex-i386-win32-vc14-release:quant_lsp.obj
 0001:00028680       _lsp_unquant_high          00429680 f   libspeex-i386-win32-vc14-release:quant_lsp.obj
 0001:00028a20       _lsp_unquant_lbr           00429a20 f   libspeex-i386-win32-vc14-release:quant_lsp.obj
 0001:00028eb0       _lsp_unquant_nb            00429eb0 f   libspeex-i386-win32-vc14-release:quant_lsp.obj
 0001:00029920       _noise_codebook_quant      0042a920 f   libspeex-i386-win32-vc14-release:cb_search.obj
 0001:00029ae0       _noise_codebook_unquant    0042aae0 f   libspeex-i386-win32-vc14-release:cb_search.obj
 0001:00029b60       _split_cb_search_shape_sign 0042ab60 f   libspeex-i386-win32-vc14-release:cb_search.obj
 0001:0002b4a0       _split_cb_shape_sign_unquant 0042c4a0 f   libspeex-i386-win32-vc14-release:cb_search.obj
 0001:0002b630       _nb_decode                 0042c630 f   libspeex-i386-win32-vc14-release:nb_celp.obj
 0001:0002c660       _nb_decoder_ctl            0042d660 f   libspeex-i386-win32-vc14-release:nb_celp.obj
 0001:0002ca90       _nb_decoder_destroy        0042da90 f   libspeex-i386-win32-vc14-release:nb_celp.obj
 0001:0002cad0       _nb_decoder_init           0042dad0 f   libspeex-i386-win32-vc14-release:nb_celp.obj
 0001:0002cc80       _nb_encode                 0042dc80 f   libspeex-i386-win32-vc14-release:nb_celp.obj
 0001:0002e090       _nb_encoder_ctl            0042f090 f   libspeex-i386-win32-vc14-release:nb_celp.obj
 0001:0002e750       _nb_encoder_destroy        0042f750 f   libspeex-i386-win32-vc14-release:nb_celp.obj
 0001:0002e7c0       _nb_encoder_init           0042f7c0 f   libspeex-i386-win32-vc14-release:nb_celp.obj
 0001:0002ea70       _vbr_analysis              0042fa70 f   libspeex-i386-win32-vc14-release:vbr.obj
 0001:0002f250       _vbr_init                  00430250 f   libspeex-i386-win32-vc14-release:vbr.obj
 0001:0002f300       _sb_decode                 00430300 f   libspeex-i386-win32-vc14-release:sb_celp.obj
 0001:0002fac0       _sb_decoder_ctl            00430ac0 f   libspeex-i386-win32-vc14-release:sb_celp.obj
 0001:00030000       _sb_decoder_destroy        00431000 f   libspeex-i386-win32-vc14-release:sb_celp.obj
 0001:00030050       _sb_decoder_init           00431050 f   libspeex-i386-win32-vc14-release:sb_celp.obj
 0001:00030190       _sb_encode                 00431190 f   libspeex-i386-win32-vc14-release:sb_celp.obj
 0001:00030ef0       _sb_encoder_ctl            00431ef0 f   libspeex-i386-win32-vc14-release:sb_celp.obj
 0001:00031800       _sb_encoder_destroy        00432800 f   libspeex-i386-win32-vc14-release:sb_celp.obj
 0001:00031860       _sb_encoder_init           00432860 f   libspeex-i386-win32-vc14-release:sb_celp.obj
 0001:00031a90       _bw_lpc                    00432a90 f   libspeex-i386-win32-vc14-release:filters.obj
 0001:00031b50       _compute_impulse_response  00432b50 f   libspeex-i386-win32-vc14-release:filters.obj
 0001:00031ee0       _compute_rms16             00432ee0 f   libspeex-i386-win32-vc14-release:filters.obj
 0001:00031ee0       _compute_rms               00432ee0 f   libspeex-i386-win32-vc14-release:filters.obj
 0001:00031fa0       _filter_mem16              00432fa0 f   libspeex-i386-win32-vc14-release:filters.obj
 0001:00032190       _fir_mem16                 00433190 f   libspeex-i386-win32-vc14-release:filters.obj
 0001:00032390       _highpass                  00433390 f   libspeex-i386-win32-vc14-release:filters.obj
 0001:000324c0       _iir_mem16                 004334c0 f   libspeex-i386-win32-vc14-release:filters.obj
 0001:000326c0       _interp_pitch              004336c0 f   libspeex-i386-win32-vc14-release:filters.obj
 0001:00032a50       _multicomb                 00433a50 f   libspeex-i386-win32-vc14-release:filters.obj
 0001:00032f10       _qmf_decomp                00433f10 f   libspeex-i386-win32-vc14-release:filters.obj
 0001:00033230       _qmf_synth                 00434230 f   libspeex-i386-win32-vc14-release:filters.obj
 0001:000336d0       _residue_percep_zero16     004346d0 f   libspeex-i386-win32-vc14-release:filters.obj
 0001:00033770       _sanitize_values32         00434770 f   libspeex-i386-win32-vc14-release:filters.obj
 0001:000337d0       _signal_div                004347d0 f   libspeex-i386-win32-vc14-release:filters.obj
 0001:00033930       _signal_mul                00434930 f   libspeex-i386-win32-vc14-release:filters.obj
 0001:00033aa0       _syn_percep_zero16         00434aa0 f   libspeex-i386-win32-vc14-release:filters.obj
 0001:00033b40       _scal_quant                00434b40 f   libspeex-i386-win32-vc14-release:vq.obj
 0001:00033bb0       _vq_nbest                  00434bb0 f   libspeex-i386-win32-vc14-release:vq.obj
 0001:00033d00       _vq_nbest_sign             00434d00 f   libspeex-i386-win32-vc14-release:vq.obj
 0001:00033e90       _speex_default_user_handler 00434e90 f   libspeex-i386-win32-vc14-release:speex_callbacks.obj
 0001:00033ec0       _speex_inband_handler      00434ec0 f   libspeex-i386-win32-vc14-release:speex_callbacks.obj
 0001:00033f80       __spx_autocorr             00434f80 f   libspeex-i386-win32-vc14-release:lpc.obj
 0001:00034080       __spx_lpc                  00435080 f   libspeex-i386-win32-vc14-release:lpc.obj
 0001:00034230       _lpc_to_lsp                00435230 f   libspeex-i386-win32-vc14-release:lsp.obj
 0001:000349a0       _lsp_enforce_margin        004359a0 f   libspeex-i386-win32-vc14-release:lsp.obj
 0001:00034a40       _lsp_interpolate           00435a40 f   libspeex-i386-win32-vc14-release:lsp.obj
 0001:00034c90       _lsp_to_lpc                00435c90 f   libspeex-i386-win32-vc14-release:lsp.obj
 0001:00034ea0       _srtp_event_reporter       00435ea0 f   libsrtp-i386-win32-vc14-release:srtp.obj
 0001:00034f40       ___local_stdio_scanf_options 00435f40 f i libsrtp-i386-win32-vc14-release:srtp.obj
 0001:00034fd0       _srtp_add_stream           00435fd0 f   libsrtp-i386-win32-vc14-release:srtp.obj
 0001:00035280       _srtp_create               00436280 f   libsrtp-i386-win32-vc14-release:srtp.obj
 0001:00035300       _srtp_crypto_policy_set_aes_cm_256_hmac_sha1_32 00436300 f   libsrtp-i386-win32-vc14-release:srtp.obj
 0001:00035340       _srtp_crypto_policy_set_aes_cm_256_hmac_sha1_80 00436340 f   libsrtp-i386-win32-vc14-release:srtp.obj
 0001:00035380       _srtp_dealloc              00436380 f   libsrtp-i386-win32-vc14-release:srtp.obj
 0001:00035660       _srtp_get_session_keys     00436660 f   libsrtp-i386-win32-vc14-release:srtp.obj
 0001:00035770       _srtp_init                 00436770 f   libsrtp-i386-win32-vc14-release:srtp.obj
 0001:00035790       _srtp_inject_mki           00436790 f   libsrtp-i386-win32-vc14-release:srtp.obj
 0001:00035ae0       _srtp_protect              00436ae0 f   libsrtp-i386-win32-vc14-release:srtp.obj
 0001:00035e10       _srtp_protect_mki          00436e10 f   libsrtp-i386-win32-vc14-release:srtp.obj
 0001:000363c0       _srtp_protect_rtcp         004373c0 f   libsrtp-i386-win32-vc14-release:srtp.obj
 0001:000365f0       _srtp_protect_rtcp_mki     004375f0 f   libsrtp-i386-win32-vc14-release:srtp.obj
 0001:000369a0       _srtp_shutdown             004379a0 f   libsrtp-i386-win32-vc14-release:srtp.obj
 0001:000369b0       _srtp_stream_alloc         004379b0 f   libsrtp-i386-win32-vc14-release:srtp.obj
 0001:00036c40       _srtp_stream_clone         00437c40 f   libsrtp-i386-win32-vc14-release:srtp.obj
 0001:00036e60       _srtp_stream_dealloc       00437e60 f   libsrtp-i386-win32-vc14-release:srtp.obj
 0001:000370e0       _srtp_stream_init          004380e0 f   libsrtp-i386-win32-vc14-release:srtp.obj
 0001:00037260       _srtp_stream_init_keys     00438260 f   libsrtp-i386-win32-vc14-release:srtp.obj
 0001:00037a80       _srtp_unprotect            00438a80 f   libsrtp-i386-win32-vc14-release:srtp.obj
 0001:00037da0       _srtp_unprotect_mki        00438da0 f   libsrtp-i386-win32-vc14-release:srtp.obj
 0001:000383f0       _srtp_unprotect_rtcp       004393f0 f   libsrtp-i386-win32-vc14-release:srtp.obj
 0001:00038670       _srtp_unprotect_rtcp_mki   00439670 f   libsrtp-i386-win32-vc14-release:srtp.obj
 0001:00038b60       _srtp_validate_policy_master_keys 00439b60 f   libsrtp-i386-win32-vc14-release:srtp.obj
 0001:00038c10       _srtp_crypto_alloc         00439c10 f   libsrtp-i386-win32-vc14-release:alloc.obj
 0001:00038c70       _srtp_crypto_free          00439c70 f   libsrtp-i386-win32-vc14-release:alloc.obj
 0001:00038ca0       _bitvector_alloc           00439ca0 f   libsrtp-i386-win32-vc14-release:datatypes.obj
 0001:00038d00       _bitvector_dealloc         00439d00 f   libsrtp-i386-win32-vc14-release:datatypes.obj
 0001:00038d30       _bitvector_left_shift      00439d30 f   libsrtp-i386-win32-vc14-release:datatypes.obj
 0001:00038e90       _bitvector_set_to_zero     00439e90 f   libsrtp-i386-win32-vc14-release:datatypes.obj
 0001:00038eb0       _octet_string_is_eq        00439eb0 f   libsrtp-i386-win32-vc14-release:datatypes.obj
 0001:00038f80       _octet_string_set_to_zero  00439f80 f   libsrtp-i386-win32-vc14-release:datatypes.obj
 0001:00038fa0       _srtp_octet_string_hex_string 00439fa0 f   libsrtp-i386-win32-vc14-release:datatypes.obj
 0001:00039040       _v128_copy_octet_string    0043a040 f   libsrtp-i386-win32-vc14-release:datatypes.obj
 0001:000390c0       _v128_hex_string           0043a0c0 f   libsrtp-i386-win32-vc14-release:datatypes.obj
 0001:00039150       _v128_left_shift           0043a150 f   libsrtp-i386-win32-vc14-release:datatypes.obj
 0001:00039230       _srtp_err_report           0043a230 f   libsrtp-i386-win32-vc14-release:srtp_err.obj
 0001:00039260       _srtp_rdbx_add_index       0043a260 f   libsrtp-i386-win32-vc14-release:rdbx.obj
 0001:000392b0       _srtp_rdbx_check           0043a2b0 f   libsrtp-i386-win32-vc14-release:rdbx.obj
 0001:000392f0       _srtp_rdbx_dealloc         0043a2f0 f   libsrtp-i386-win32-vc14-release:rdbx.obj
 0001:00039310       _srtp_rdbx_estimate_index  0043a310 f   libsrtp-i386-win32-vc14-release:rdbx.obj
 0001:000393c0       _srtp_rdbx_get_packet_index 0043a3c0 f   libsrtp-i386-win32-vc14-release:rdbx.obj
 0001:000393d0       _srtp_rdbx_get_window_size 0043a3d0 f   libsrtp-i386-win32-vc14-release:rdbx.obj
 0001:000393d0       _srtp_cipher_get_key_length 0043a3d0 f   libsrtp-i386-win32-vc14-release:cipher.obj
 0001:000393d0       _srtp_auth_get_tag_length  0043a3d0 f   libsrtp-i386-win32-vc14-release:auth.obj
 0001:000393e0       _srtp_rdbx_init            0043a3e0 f   libsrtp-i386-win32-vc14-release:rdbx.obj
 0001:00039420       _srtp_rdbx_set_roc         0043a420 f   libsrtp-i386-win32-vc14-release:rdbx.obj
 0001:00039480       _srtp_rdbx_set_roc_seq     0043a480 f   libsrtp-i386-win32-vc14-release:rdbx.obj
 0001:000394e0       _srtp_rdb_add_index        0043a4e0 f   libsrtp-i386-win32-vc14-release:rdb.obj
 0001:00039530       _srtp_rdb_check            0043a530 f   libsrtp-i386-win32-vc14-release:rdb.obj
 0001:00039580       _srtp_rdb_increment        0043a580 f   libsrtp-i386-win32-vc14-release:rdb.obj
 0001:000395a0       _srtp_rdb_init             0043a5a0 f   libsrtp-i386-win32-vc14-release:rdb.obj
 0001:000395d0       _srtp_cipher_dealloc       0043a5d0 f   libsrtp-i386-win32-vc14-release:cipher.obj
 0001:000395f0       _srtp_cipher_decrypt       0043a5f0 f   libsrtp-i386-win32-vc14-release:cipher.obj
 0001:00039620       _srtp_cipher_encrypt       0043a620 f   libsrtp-i386-win32-vc14-release:cipher.obj
 0001:00039650       _srtp_cipher_get_tag       0043a650 f   libsrtp-i386-win32-vc14-release:cipher.obj
 0001:00039690       _srtp_cipher_init          0043a690 f   libsrtp-i386-win32-vc14-release:cipher.obj
 0001:000396c0       _srtp_cipher_output        0043a6c0 f   libsrtp-i386-win32-vc14-release:cipher.obj
 0001:000396f0       _srtp_cipher_set_aad       0043a6f0 f   libsrtp-i386-win32-vc14-release:cipher.obj
 0001:00039730       _srtp_cipher_set_iv        0043a730 f   libsrtp-i386-win32-vc14-release:cipher.obj
 0001:00039760       _srtp_cipher_type_self_test 0043a760 f   libsrtp-i386-win32-vc14-release:cipher.obj
 0001:00039780       _srtp_cipher_type_test     0043a780 f   libsrtp-i386-win32-vc14-release:cipher.obj
 0001:0003a560       _srtp_auth_get_key_length  0043b560 f   libsrtp-i386-win32-vc14-release:auth.obj
 0001:0003a570       _srtp_auth_get_prefix_length 0043b570 f   libsrtp-i386-win32-vc14-release:auth.obj
 0001:0003a580       _srtp_auth_type_self_test  0043b580 f   libsrtp-i386-win32-vc14-release:auth.obj
 0001:0003a5a0       _srtp_auth_type_test       0043b5a0 f   libsrtp-i386-win32-vc14-release:auth.obj
 0001:0003a820       _srtp_key_limit_clone      0043b820 f   libsrtp-i386-win32-vc14-release:key.obj
 0001:0003a840       _srtp_key_limit_set        0043b840 f   libsrtp-i386-win32-vc14-release:key.obj
 0001:0003a880       _srtp_key_limit_update     0043b880 f   libsrtp-i386-win32-vc14-release:key.obj
 0001:0003a8e0       _srtp_crypto_kernel_alloc_auth 0043b8e0 f   libsrtp-i386-win32-vc14-release:crypto_kernel.obj
 0001:0003a930       _srtp_crypto_kernel_alloc_cipher 0043b930 f   libsrtp-i386-win32-vc14-release:crypto_kernel.obj
 0001:0003a980       _srtp_crypto_kernel_init   0043b980 f   libsrtp-i386-win32-vc14-release:crypto_kernel.obj
 0001:0003adb0       _srtp_crypto_kernel_load_debug_module 0043bdb0 f   libsrtp-i386-win32-vc14-release:crypto_kernel.obj
 0001:0003ae30       _srtp_crypto_kernel_shutdown 0043be30 f   libsrtp-i386-win32-vc14-release:crypto_kernel.obj
 0001:0003af30       _srtp_ekt_alloc            0043bf30 f   libsrtp-i386-win32-vc14-release:ekt.obj
 0001:0003af40       _srtp_ekt_octets_after_base_tag 0043bf40 f   libsrtp-i386-win32-vc14-release:ekt.obj
 0001:0003af60       _srtp_ekt_write_data       0043bf60 f   libsrtp-i386-win32-vc14-release:ekt.obj
 0001:0003b0b0       _srtp_stream_init_from_ekt 0043c0b0 f   libsrtp-i386-win32-vc14-release:ekt.obj
 0001:0003c570       _srtp_aes_decrypt          0043d570 f   libsrtp-i386-win32-vc14-release:aes.obj
 0001:0003c6a0       _srtp_aes_encrypt          0043d6a0 f   libsrtp-i386-win32-vc14-release:aes.obj
 0001:0003c7d0       _srtp_aes_expand_decryption_key 0043d7d0 f   libsrtp-i386-win32-vc14-release:aes.obj
 0001:0003cad0       _srtp_aes_expand_encryption_key 0043dad0 f   libsrtp-i386-win32-vc14-release:aes.obj
 0001:0003cc10       _srtp_sha1_core            0043dc10 f   libsrtp-i386-win32-vc14-release:sha1.obj
 0001:0003d160       _srtp_sha1_final           0043e160 f   libsrtp-i386-win32-vc14-release:sha1.obj
 0001:0003d7a0       _srtp_sha1_init            0043e7a0 f   libsrtp-i386-win32-vc14-release:sha1.obj
 0001:0003d7e0       _srtp_sha1_update          0043e7e0 f   libsrtp-i386-win32-vc14-release:sha1.obj
 0001:0003d8b5       ___WSAFDIsSet@8            0043e8b5 f   ws2_32:WS2_32.dll
 0001:0003d8bb       @__security_check_cookie@4 0043e8bb f   MSVCRT:secchk.obj
 0001:0003db13       _mainCRTStartup            0043eb13 f   MSVCRT:exe_main.obj
 0001:0003db20       __aulldiv                  0043eb20 f   MSVCRT:ulldiv.obj
 0001:0003db88       ___raise_securityfailure   0043eb88 f   MSVCRT:gs_report.obj
 0001:0003dbb0       ___report_gsfailure        0043ebb0 f   MSVCRT:gs_report.obj
 0001:0003dca9       ___report_rangecheckfailure 0043eca9 f   MSVCRT:gs_report.obj
 0001:0003dcb5       ___report_securityfailure  0043ecb5 f   MSVCRT:gs_report.obj
 0001:0003dd90       ___vdecl_cos2              0043ed90 f   MSVCRT:svml_dcos2_dispatch.obj
 0001:0003dda0       __alldiv                   0043eda0 f   MSVCRT:lldiv.obj
 0001:0003de50       __allmul                   0043ee50 f   MSVCRT:llmul.obj
 0001:0003de90       __ftoui3                   0043ee90 f   MSVCRT:ftol3.obj
 0001:0003de9f       __ftoul3                   0043ee9f f   MSVCRT:ftol3.obj
 0001:0003deae       __ftol3                    0043eeae f   MSVCRT:ftol3.obj
 0001:0003debb       __ftol3_NaN                0043eebb f   MSVCRT:ftol3.obj
 0001:0003ded3       __ftol3_work               0043eed3 f   MSVCRT:ftol3.obj
 0001:0003df59       __ftol3_common             0043ef59 f   MSVCRT:ftol3.obj
 0001:0003e01b       __ftol3_arg_error          0043f01b f   MSVCRT:ftol3.obj
 0001:0003e02d       __ftol3_except             0043f02d f   MSVCRT:ftol3.obj
 0001:0003e071       __dtoui3                   0043f071 f   MSVCRT:ftol3.obj
 0001:0003e080       __dtoul3                   0043f080 f   MSVCRT:ftol3.obj
 0001:0003e08f       __dtol3                    0043f08f f   MSVCRT:ftol3.obj
 0001:0003e09c       __dtol3_NaN                0043f09c f   MSVCRT:ftol3.obj
 0001:0003e0b9       __dtol3_work               0043f0b9 f   MSVCRT:ftol3.obj
 0001:0003e1a0       __ultod3                   0043f1a0 f   MSVCRT:ftol3.obj
 0001:0003e1e0       __ltod3                    0043f1e0 f   MSVCRT:ftol3.obj
 0001:0003e210       __alloca_probe             0043f210 f   MSVCRT:chkstk.obj
 0001:0003e210       __chkstk                   0043f210 f   MSVCRT:chkstk.obj
 0001:0003e240       __alloca_probe_16          0043f240 f   MSVCRT:alloca16.obj
 0001:0003e256       __alloca_probe_8           0043f256     MSVCRT:alloca16.obj
 0001:0003e26c       ___isa_available_init      0043f26c f   MSVCRT:cpu_disp.obj
 0001:0003e447       ___scrt_acquire_startup_lock 0043f447 f   MSVCRT:utility.obj
 0001:0003e479       ___scrt_initialize_crt     0043f479 f   MSVCRT:utility.obj
 0001:0003e4b2       ___scrt_initialize_onexit_tables 0043f4b2 f   MSVCRT:utility.obj
 0001:0003e557       ___scrt_is_nonwritable_in_current_image 0043f557 f   MSVCRT:utility.obj
 0001:0003e5eb       ___scrt_release_startup_lock 0043f5eb f   MSVCRT:utility.obj
 0001:0003e608       ___scrt_uninitialize_crt   0043f608 f   MSVCRT:utility.obj
 0001:0003e630       __onexit                   0043f630 f   MSVCRT:utility.obj
 0001:0003e66b       _atexit                    0043f66b f   MSVCRT:utility.obj
 0001:0003e6cd       ___security_init_cookie    0043f6cd f   MSVCRT:gs_support.obj
 0001:0003e718       __get_startup_argv_mode    0043f718 f   MSVCRT:argv_mode.obj
 0001:0003e71c       __get_startup_file_mode    0043f71c f   MSVCRT:file_mode.obj
 0001:0003e722       ?__scrt_initialize_type_info@@YAXXZ 0043f722 f   MSVCRT:tncleanup.obj
 0001:0003e72e       ___scrt_stub_for_acrt_initialize 0043f72e f   MSVCRT:ucrt_stubs.obj
 0001:0003e72e       ___acrt_uninitialize       0043f72e f   MSVCRT:ucrt_stubs.obj
 0001:0003e72e       ___vcrt_uninitialize       0043f72e f   MSVCRT:ucrt_stubs.obj
 0001:0003e72e       ___scrt_stub_for_acrt_uninitialize 0043f72e f   MSVCRT:ucrt_stubs.obj
 0001:0003e72e       ___vcrt_initialize         0043f72e f   MSVCRT:ucrt_stubs.obj
 0001:0003e72e       ___acrt_initialize         0043f72e f   MSVCRT:ucrt_stubs.obj
 0001:0003e72e       __should_initialize_environment 0043f72e f   MSVCRT:env_mode.obj
 0001:0003e731       __initialize_default_precision 0043f731 f   MSVCRT:default_precision.obj
 0001:0003e752       ___scrt_initialize_default_local_stdio_options 0043f752 f   MSVCRT:default_local_stdio_options.obj
 0001:0003e76f       ___scrt_is_user_matherr_present 0043f76f f   MSVCRT:matherr_detection.obj
 0001:0003e77b       ___scrt_get_dyn_tls_init_callback 0043f77b f   MSVCRT:dyn_tls_init.obj
 0001:0003e781       ___scrt_get_dyn_tls_dtor_callback 0043f781 f   MSVCRT:dyn_tls_dtor.obj
 0001:0003e787       ___scrt_fastfail           0043f787 f   MSVCRT:utility_desktop.obj
 0001:0003e8a1       ___scrt_initialize_mta     0043f8a1 f   MSVCRT:utility_desktop.obj
 0001:0003e8a6       ___scrt_is_managed_app     0043f8a6 f   MSVCRT:utility_desktop.obj
 0001:0003e8e9       ___scrt_set_unhandled_exception_filter 0043f8e9 f   MSVCRT:utility_desktop.obj
 0001:0003e8f5       ___scrt_unhandled_exception_filter@4 0043f8f5 f   MSVCRT:utility_desktop.obj
 0001:0003e936       __crt_debugger_hook        0043f936 f   MSVCRT:utility_desktop.obj
 0001:0003e93e       __RTC_Initialize           0043f93e f   MSVCRT:initsect.obj
 0001:0003e96a       __RTC_Terminate            0043f96a f   MSVCRT:initsect.obj
 0001:0003e9a0       __SEH_prolog4              0043f9a0 f   MSVCRT:sehprolg4.obj
 0001:0003e9e6       __SEH_epilog4              0043f9e6 f   MSVCRT:sehprolg4.obj
 0001:0003e9fb       __except_handler4          0043f9fb f   MSVCRT:chandler4gs.obj
 0001:0003ea20       ___sse2_cos2               0043fa20 f   MSVCRT:svml_dcos2_sse2.obj
 0001:0003ebc0       ___scrt_is_ucrt_dll_in_use 0043fbc0 f   MSVCRT:ucrt_detection.obj
 0001:0003ebd0       ___common_sin_reduction_LA 0043fbd0 f   MSVCRT:svml_dtrig.obj
 0001:0003ef20       ___common_cos_reduction_LA 0043ff20 f   MSVCRT:svml_dtrig.obj
 0001:0003f210       ___common_pi04_reduction_LA 00440210 f   MSVCRT:svml_dtrig.obj
 0001:0003f7d0       _compute_stereo_width      004407d0 f   opus:opus_encoder.obj
 0001:0003fa00       _downmix_int               00440a00 f   opus:opus_encoder.obj
 0001:0003ff30       _frame_size_select         00440f30 f   opus:opus_encoder.obj
 0001:00040270       _opus_encode               00441270 f   opus:opus_encoder.obj
 0001:00040340       _opus_encode_native        00441340 f   opus:opus_encoder.obj
 0001:00042bb0       _opus_encoder_ctl          00443bb0 f   opus:opus_encoder.obj
 0001:00043520       _opus_encoder_get_size     00444520 f   opus:opus_encoder.obj
 0001:00043570       _opus_encoder_init         00444570 f   opus:opus_encoder.obj
 0001:00043950       _opus_decode               00444950 f   opus:opus_decoder.obj
 0001:00044430       _opus_decode_native        00445430 f   opus:opus_decoder.obj
 0001:000447c0       _opus_decoder_get_size     004457c0 f   opus:opus_decoder.obj
 0001:00044810       _opus_decoder_init         00445810 f   opus:opus_decoder.obj
 0001:00044950       _opus_packet_get_nb_frames 00445950 f   opus:opus_decoder.obj
 0001:000449a0       _opus_packet_get_nb_samples 004459a0 f   opus:opus_decoder.obj
 0001:00044ab0       _opus_packet_pad           00445ab0 f   opus:repacketizer.obj
 0001:00044b60       _opus_repacketizer_cat     00445b60 f   opus:repacketizer.obj
 0001:00044c30       _opus_repacketizer_get_nb_frames 00445c30 f   opus:repacketizer.obj
 0001:00044c40       _opus_repacketizer_get_size 00445c40 f   opus:repacketizer.obj
 0001:00044c50       _opus_repacketizer_init    00445c50 f   opus:repacketizer.obj
 0001:00044c60       _opus_repacketizer_out     00445c60 f   opus:repacketizer.obj
 0001:00044c80       _opus_repacketizer_out_range 00445c80 f   opus:repacketizer.obj
 0001:00044ca0       _opus_repacketizer_out_range_impl 00445ca0 f   opus:repacketizer.obj
 0001:00045360       _celt_encode_with_ec       00446360 f   opus:celt_encoder.obj
 0001:00047120       _celt_encoder_get_size     00448120 f   opus:celt_encoder.obj
 0001:00047160       _celt_encoder_init         00448160 f   opus:celt_encoder.obj
 0001:000472a0       _celt_preemphasis          004482a0 f   opus:celt_encoder.obj
 0001:00048270       _opus_custom_encoder_ctl   00449270 f   opus:celt_encoder.obj
 0001:000493c0       _ec_enc_bit_logp           0044a3c0 f   opus:entenc.obj
 0001:00049400       _ec_enc_bits               0044a400 f   opus:entenc.obj
 0001:00049500       _ec_enc_done               0044a500 f   opus:entenc.obj
 0001:00049660       _ec_enc_icdf               0044a660 f   opus:entenc.obj
 0001:000496d0       _ec_enc_init               0044a6d0 f   opus:entenc.obj
 0001:00049810       _ec_enc_patch_initial_bits 0044a810 f   opus:entenc.obj
 0001:000498a0       _ec_enc_shrink             0044a8a0 f   opus:entenc.obj
 0001:000498d0       _ec_enc_uint               0044a8d0 f   opus:entenc.obj
 0001:000499e0       _ec_encode                 0044a9e0 f   opus:entenc.obj
 0001:00049a40       _ec_encode_bin             0044aa40 f   opus:entenc.obj
 0001:00049aa0       _opus_select_arch          0044aaa0 f   opus:x86cpu.obj
 0001:00049b80       _silk_Encode               0044ab80 f   opus:enc_API.obj
 0001:0004a940       _silk_Get_Encoder_Size     0044b940 f   opus:enc_API.obj
 0001:0004a950       _silk_InitEncoder          0044b950 f   opus:enc_API.obj
 0001:0004ac10       _run_analysis              0044bc10 f   opus:analysis.obj
 0001:0004ceb0       _tonality_analysis_init    0044deb0 f   opus:analysis.obj
 0001:0004cf00       _tonality_analysis_reset   0044df00 f   opus:analysis.obj
 0001:0004cf40       _tonality_get_info         0044df40 f   opus:analysis.obj
 0001:0004d150       _silk_lin2log              0044e150 f   opus:lin2log.obj
 0001:0004d1c0       _silk_log2lin              0044e1c0 f   opus:log2lin.obj
 0001:0004df70       _celt_decode_with_ec       0044ef70 f   opus:celt_decoder.obj
 0001:0004eaf0       _celt_decoder_get_size     0044faf0 f   opus:celt_decoder.obj
 0001:0004eb30       _celt_decoder_init         0044fb30 f   opus:celt_decoder.obj
 0001:0004f430       _opus_custom_decoder_ctl   00450430 f   opus:celt_decoder.obj
 0001:0004f660       _ec_dec_bit_logp           00450660 f   opus:entdec.obj
 0001:0004f6b0       _ec_dec_bits               004506b0 f   opus:entdec.obj
 0001:0004f720       _ec_dec_icdf               00450720 f   opus:entdec.obj
 0001:0004f770       _ec_dec_init               00450770 f   opus:entdec.obj
 0001:0004f860       _ec_dec_uint               00450860 f   opus:entdec.obj
 0001:0004f9b0       _ec_dec_update             004509b0 f   opus:entdec.obj
 0001:0004fa00       _ec_decode                 00450a00 f   opus:entdec.obj
 0001:0004fa40       _ec_decode_bin             00450a40 f   opus:entdec.obj
 0001:0004fa80       _encode_size               00450a80 f   opus:opus.obj
 0001:0004fac0       _opus_packet_get_samples_per_frame 00450ac0 f   opus:opus.obj
 0001:0004fb60       _opus_packet_parse_impl    00450b60 f   opus:opus.obj
 0001:0004fec0       _opus_pcm_soft_clip        00450ec0 f   opus:opus.obj
 0001:000503f0       _silk_Decode               004513f0 f   opus:dec_API.obj
 0001:00050e30       _silk_Get_Decoder_Size     00451e30 f   opus:dec_API.obj
 0001:00050e40       _silk_InitDecoder          00451e40 f   opus:dec_API.obj
 0001:00050e90       _clt_mdct_backward_c       00451e90 f   opus:mdct.obj
 0001:000510a0       _clt_mdct_forward_c        004520a0 f   opus:mdct.obj
 0001:000513b0       _opus_custom_mode_create   004523b0 f   opus:modes.obj
 0001:00051420       _ec_tell_frac              00452420 f   opus:entcode.obj
 0001:00051460       _comb_filter               00452460 f   opus:celt.obj
 0001:000516c0       _comb_filter_const_c       004526c0 f   opus:celt.obj
 0001:00051760       _init_caps                 00452760 f   opus:celt.obj
 0001:000517d0       _resampling_factor         004527d0 f   opus:celt.obj
 0001:00051830       _celt_pitch_xcorr_c        00452830 f   opus:pitch.obj
 0001:00051ad0       _pitch_downsample          00452ad0 f   opus:pitch.obj
 0001:00051cc0       _pitch_search              00452cc0 f   opus:pitch.obj
 0001:00052000       _remove_doubling           00453000 f   opus:pitch.obj
 0001:000523c0       _compute_allocation        004533c0 f   opus:rate.obj
 0001:00052e80       _anti_collapse             00453e80 f   opus:bands.obj
 0001:00053110       _bitexact_cos              00454110 f   opus:bands.obj
 0001:00053170       _bitexact_log2tan          00454170 f   opus:bands.obj
 0001:00053200       _celt_lcg_rand             00454200 f   opus:bands.obj
 0001:00053220       _compute_band_energies     00454220 f   opus:bands.obj
 0001:00053bd0       _denormalise_bands         00454bd0 f   opus:bands.obj
 0001:00053cf0       _haar1                     00454cf0 f   opus:bands.obj
 0001:00053d70       _hysteresis_decision       00454d70 f   opus:bands.obj
 0001:00054180       _normalise_bands           00455180 f   opus:bands.obj
 0001:000542c0       _quant_all_bands           004552c0 f   opus:bands.obj
 0001:00055f40       _spreading_decision        00456f40 f   opus:bands.obj
 0001:00056190       _amp2Log2                  00457190 f   opus:quant_bands.obj
 0001:00056260       _quant_coarse_energy       00457260 f   opus:quant_bands.obj
 0001:000569b0       _quant_energy_finalise     004579b0 f   opus:quant_bands.obj
 0001:00056ac0       _quant_fine_energy         00457ac0 f   opus:quant_bands.obj
 0001:00056be0       _unquant_coarse_energy     00457be0 f   opus:quant_bands.obj
 0001:00056d50       _unquant_energy_finalise   00457d50 f   opus:quant_bands.obj
 0001:00056e10       _unquant_fine_energy       00457e10 f   opus:quant_bands.obj
 0001:00056ea0       _silk_resampler            00457ea0 f   opus:resampler.obj
 0001:00056ff0       _silk_resampler_init       00457ff0 f   opus:resampler.obj
 0001:00057400       _silk_stereo_LR_to_MS      00458400 f   opus:stereo_LR_to_MS.obj
 0001:00057bb0       _silk_stereo_encode_mid_only 00458bb0 f   opus:stereo_encode_pred.obj
 0001:00057bd0       _silk_stereo_encode_pred   00458bd0 f   opus:stereo_encode_pred.obj
 0001:00057c40       _check_control_input       00458c40 f   opus:check_control_input.obj
 0001:00057d90       _silk_control_SNR          00458d90 f   opus:control_SNR.obj
 0001:00057e50       _silk_encode_pulses        00458e50 f   opus:encode_pulses.obj
 0001:00058280       _silk_encode_indices       00459280 f   opus:encode_indices.obj
 0001:000585f0       _silk_HP_variable_cutoff   004595f0 f   opus:HP_variable_cutoff.obj
 0001:00058770       _silk_encode_do_VAD_FLP    00459770 f   opus:encode_frame_FLP.obj
 0001:00058810       _silk_encode_frame_FLP     00459810 f   opus:encode_frame_FLP.obj
 0001:00059400       _silk_init_encoder         0045a400 f   opus:init_encoder.obj
 0001:00059450       _silk_control_encoder      0045a450 f   opus:control_codec.obj
 0001:0005a270       _opus_fft_c                0045b270 f   opus:kiss_fft.obj
 0001:0005a5f0       _opus_fft_impl             0045b5f0 f   opus:kiss_fft.obj
 0001:0005a940       _mlp_process               0045b940 f   opus:mlp.obj
 0001:0005aca0       _celt_inner_prod_sse       0045bca0 f   opus:pitch_sse.obj
 0001:0005ad90       _comb_filter_const_sse     0045bd90 f   opus:pitch_sse.obj
 0001:0005ae30       _dual_inner_prod_sse       0045be30 f   opus:pitch_sse.obj
 0001:0005af20       _xcorr_kernel_sse          0045bf20 f   opus:pitch_sse.obj
 0001:0005b010       _op_pvq_search_sse2        0045c010 f   opus:vq_sse2.obj
 0001:0005b3e0       _alg_quant                 0045c3e0 f   opus:vq.obj
 0001:0005b4b0       _alg_unquant               0045c4b0 f   opus:vq.obj
 0001:0005b540       _exp_rotation              0045c540 f   opus:vq.obj
 0001:0005b780       _op_pvq_search_c           0045c780 f   opus:vq.obj
 0001:0005ba30       _renormalise_vector        0045ca30 f   opus:vq.obj
 0001:0005bab0       _stereo_itheta             0045cab0 f   opus:vq.obj
 0001:0005bc40       __celt_autocorr            0045cc40 f   opus:celt_lpc.obj
 0001:0005be30       __celt_lpc                 0045ce30 f   opus:celt_lpc.obj
 0001:0005bf60       _celt_fir_c                0045cf60 f   opus:celt_lpc.obj
 0001:0005c190       _celt_iir                  0045d190 f   opus:celt_lpc.obj
 0001:0005c530       _silk_stereo_MS_to_LR      0045d530 f   opus:stereo_MS_to_LR.obj
 0001:0005c7b0       _silk_stereo_decode_mid_only 0045d7b0 f   opus:stereo_decode_pred.obj
 0001:0005c7d0       _silk_stereo_decode_pred   0045d7d0 f   opus:stereo_decode_pred.obj
 0001:0005c900       _silk_init_decoder         0045d900 f   opus:init_decoder.obj
 0001:0005c960       _silk_decoder_set_fs       0045d960 f   opus:decoder_set_fs.obj
 0001:0005caf0       _silk_decode_frame         0045daf0 f   opus:decode_frame.obj
 0001:0005cc90       _silk_decode_indices       0045dc90 f   opus:decode_indices.obj
 0001:0005cfa0       _silk_decode_pulses        0045dfa0 f   opus:decode_pulses.obj
 0001:0005d1d0       _isqrt32                   0045e1d0 f   opus:mathops.obj
 0001:0005d200       _ec_laplace_decode         0045e200 f   opus:laplace.obj
 0001:0005d2b0       _ec_laplace_encode         0045e2b0 f   opus:laplace.obj
 0001:0005d370       _silk_resampler_private_IIR_FIR 0045e370 f   opus:resampler_private_IIR_FIR.obj
 0001:0005d560       _silk_resampler_private_down_FIR 0045e560 f   opus:resampler_private_down_FIR.obj
 0001:0005e030       _silk_resampler_private_up2_HQ 0045f030 f   opus:resampler_private_up2_HQ.obj
 0001:0005e1d0       _silk_resampler_private_up2_HQ_wrapper 0045f1d0 f   opus:resampler_private_up2_HQ.obj
 0001:0005e250       _silk_stereo_find_predictor 0045f250 f   opus:stereo_find_predictor.obj
 0001:0005e420       _silk_stereo_quant_pred    0045f420 f   opus:stereo_quant_pred.obj
 0001:0005e520       _silk_decode_signs         0045f520 f   opus:code_signs.obj
 0001:0005e5d0       _silk_encode_signs         0045f5d0 f   opus:code_signs.obj
 0001:0005e670       _silk_shell_decoder        0045f670 f   opus:shell_coder.obj
 0001:0005e9b0       _silk_shell_encoder        0045f9b0 f   opus:shell_coder.obj
 0001:0005ec30       _silk_NLSF_unpack          0045fc30 f   opus:NLSF_unpack.obj
 0001:0005ed00       _silk_gains_ID             0045fd00 f   opus:gain_quant.obj
 0001:0005ed30       _silk_gains_dequant        0045fd30 f   opus:gain_quant.obj
 0001:0005ede0       _silk_gains_quant          0045fde0 f   opus:gain_quant.obj
 0001:0005f170       _silk_LP_variable_cutoff   00460170 f   opus:LP_variable_cutoff.obj
 0001:0005f210       _silk_noise_shape_analysis_FLP 00460210 f   opus:noise_shape_analysis_FLP.obj
 0001:0005fdf0       _silk_find_pitch_lags_FLP  00460df0 f   opus:find_pitch_lags_FLP.obj
 0001:00060090       _silk_find_pred_coefs_FLP  00461090 f   opus:find_pred_coefs_FLP.obj
 0001:00060310       _silk_process_gains_FLP    00461310 f   opus:process_gains_FLP.obj
 0001:00060550       _silk_A2NLSF_FLP           00461550 f   opus:wrappers_FLP.obj
 0001:000605c0       _silk_NLSF2A_FLP           004615c0 f   opus:wrappers_FLP.obj
 0001:00060680       _silk_NSQ_wrapper_FLP      00461680 f   opus:wrappers_FLP.obj
 0001:00060ae0       _silk_process_NLSFs_FLP    00461ae0 f   opus:wrappers_FLP.obj
 0001:00060b80       _silk_quant_LTP_gains_FLP  00461b80 f   opus:wrappers_FLP.obj
 0001:00060d40       _silk_VAD_GetNoiseLevels   00461d40 f   opus:VAD.obj
 0001:00060e40       _silk_VAD_GetSA_Q8_c       00461e40 f   opus:VAD.obj
 0001:00061440       _silk_VAD_Init             00462440 f   opus:VAD.obj
 0001:000614e0       _silk_control_audio_bandwidth 004624e0 f   opus:control_audio_bandwidth.obj
 0001:00061800       _decode_pulses             00462800 f   opus:cwrs.obj
 0001:00061860       _encode_pulses             00462860 f   opus:cwrs.obj
 0001:00061940       _silk_PLC                  00462940 f   opus:PLC.obj
 0001:000619d0       _silk_PLC_Reset            004629d0 f   opus:PLC.obj
 0001:000624a0       _silk_PLC_glue_frames      004634a0 f   opus:PLC.obj
 0001:000628e0       _silk_CNG                  004638e0 f   opus:CNG.obj
 0001:00063090       _silk_CNG_Reset            00464090 f   opus:CNG.obj
 0001:00063100       _silk_decode_parameters    00464100 f   opus:decode_parameters.obj
 0001:00063380       _silk_decode_core          00464380 f   opus:decode_core.obj
 0001:00063e30       _silk_resampler_private_AR2 00464e30 f   opus:resampler_private_AR2.obj
 0001:00063ea0       _silk_sum_sqr_shift        00464ea0 f   opus:sum_sqr_shift.obj
 0001:00063f80       _silk_inner_prod_aligned_scale 00464f80 f   opus:inner_prod_aligned.obj
 0001:00064020       _silk_biquad_alt_stride1   00465020 f   opus:biquad_alt.obj
 0001:00064180       _silk_bwexpander_FLP       00465180 f   opus:bwexpander_FLP.obj
 0001:00064200       _silk_schur_FLP            00465200 f   opus:schur_FLP.obj
 0001:000642f0       _silk_k2a_FLP              004652f0 f   opus:k2a_FLP.obj
 0001:00064360       _silk_autocorrelation_FLP  00465360 f   opus:autocorrelation_FLP.obj
 0001:000643b0       _silk_energy_FLP           004653b0 f   opus:energy_FLP.obj
 0001:00064450       _silk_warped_autocorrelation_FLP 00465450 f   opus:warped_autocorrelation_FLP.obj
 0001:00064660       _silk_apply_sine_window_FLP 00465660 f   opus:apply_sine_window_FLP.obj
 0001:00064b60       _silk_pitch_analysis_core_FLP 00465b60 f   opus:pitch_analysis_core_FLP.obj
 0001:000658b0       _silk_LPC_analysis_filter_FLP 004668b0 f   opus:LPC_analysis_filter_FLP.obj
 0001:00065b80       _silk_scale_copy_vector_FLP 00466b80 f   opus:scale_copy_vector_FLP.obj
 0001:00065c80       _silk_LTP_scale_ctrl_FLP   00466c80 f   opus:LTP_scale_ctrl_FLP.obj
 0001:00065d10       _silk_find_LPC_FLP         00466d10 f   opus:find_LPC_FLP.obj
 0001:00065f20       _silk_find_LTP_FLP         00466f20 f   opus:find_LTP_FLP.obj
 0001:00066000       _silk_LTP_analysis_filter_FLP 00467000 f   opus:LTP_analysis_filter_FLP.obj
 0001:000660f0       _silk_residual_energy_FLP  004670f0 f   opus:residual_energy_FLP.obj
 0001:00066240       _silk_A2NLSF               00467240 f   opus:A2NLSF.obj
 0001:00066ae0       _silk_NLSF2A               00467ae0 f   opus:NLSF2A.obj
 0001:00066d40       _silk_quant_LTP_gains      00467d40 f   opus:quant_LTP_gains.obj
 0001:00066f10       _silk_NSQ_c                00467f10 f   opus:NSQ.obj
 0001:000671c0       _silk_noise_shape_quantizer 004681c0 f   opus:NSQ.obj
 0001:00067e00       _silk_NSQ_del_dec_c        00468e00 f   opus:NSQ_del_dec.obj
 0001:00069660       _silk_process_NLSFs        0046a660 f   opus:process_NLSFs.obj
 0001:00069820       _silk_VAD_GetSA_Q8_sse4_1  0046a820 f   opus:VAD_sse.obj
 0001:00069e00       _silk_ana_filt_bank_1      0046ae00 f   opus:ana_filt_bank_1.obj
 0001:00069f20       _silk_sigm_Q15             0046af20 f   opus:sigm_Q15.obj
 0001:00069f90       _silk_LPC_analysis_filter  0046af90 f   opus:LPC_analysis_filter.obj
 0001:0006a0b0       _silk_bwexpander           0046b0b0 f   opus:bwexpander.obj
 0001:0006a540       _silk_LPC_inverse_pred_gain_c 0046b540 f   opus:LPC_inv_pred_gain.obj
 0001:0006a5f0       _silk_decode_pitch         0046b5f0 f   opus:decode_pitch.obj
 0001:0006a6b0       _silk_NLSF_decode          0046b6b0 f   opus:NLSF_decode.obj
 0001:0006a800       _silk_inner_product_FLP    0046b800 f   opus:inner_product_FLP.obj
 0001:0006a8f0       _silk_resampler_down2      0046b8f0 f   opus:resampler_down2.obj
 0001:0006a9d0       _silk_resampler_down2_3    0046b9d0 f   opus:resampler_down2_3.obj
 0001:0006ac60       _silk_insertion_sort_decreasing_FLP 0046bc60 f   opus:sort_FLP.obj
 0001:0006ad50       _silk_burg_modified_FLP    0046bd50 f   opus:burg_modified_FLP.obj
 0001:0006b2f0       _silk_interpolate          0046c2f0 f   opus:interpolate.obj
 0001:0006b340       _silk_scale_vector_FLP     0046c340 f   opus:scale_vector_FLP.obj
 0001:0006b3f0       _silk_corrMatrix_FLP       0046c3f0 f   opus:corrMatrix_FLP.obj
 0001:0006b570       _silk_corrVector_FLP       0046c570 f   opus:corrMatrix_FLP.obj
 0001:0006b5b0       _silk_bwexpander_32        0046c5b0 f   opus:bwexpander_32.obj
 0001:0006b650       _silk_LPC_fit              0046c650 f   opus:LPC_fit.obj
 0001:0006b810       _silk_VQ_WMat_EC_c         0046c810 f   opus:VQ_WMat_EC.obj
[...]
 0002:0001db04       _sigm_LUT_neg_Q15          0048bb04     opus:sigm_Q15.obj
 0002:0001e050       __sehtable$?__scrt_common_main_seh@@YAHXZ 0048c050     MSVCRT:exe_main.obj
 0002:0001e070       __sehtable$___scrt_is_nonwritable_in_current_image 0048c070     MSVCRT:utility.obj
 0002:0001e428       .idata$6                   0048c428     ole32:ole32.dll
 0002:0001e448       .idata$6                   0048c448     ws2_32:WS2_32.dll
 0002:0001e614       .idata$6                   0048c614     winmm:WINMM.dll
 0002:0001e978       .idata$6                   0048c978     kernel32:KERNEL32.dll
 0002:0001e9d2       .idata$6                   0048c9d2     vcruntime:VCRUNTIME140.dll
 0002:0001ed4c       .idata$6                   0048cd4c     ucrt:api-ms-win-crt-stdio-l1-1-0.dll
 0002:0001ed6c       .idata$6                   0048cd6c     ucrt:api-ms-win-crt-runtime-l1-1-0.dll
 0002:0001ed8e       .idata$6                   0048cd8e     ucrt:api-ms-win-crt-convert-l1-1-0.dll
 0002:0001edb0       .idata$6                   0048cdb0     ucrt:api-ms-win-crt-string-l1-1-0.dll
 0002:0001edd2       .idata$6                   0048cdd2     ucrt:api-ms-win-crt-math-l1-1-0.dll
 0002:0001edf2       .idata$6                   0048cdf2     ucrt:api-ms-win-crt-utility-l1-1-0.dll
 0002:0001ee14       .idata$6                   0048ce14     ucrt:api-ms-win-crt-heap-l1-1-0.dll
 0002:0001ee34       .idata$6                   0048ce34     ucrt:api-ms-win-crt-locale-l1-1-0.dll
 0003:00000000       $SG24965                   0048d000     pcaputil.obj
 0003:00000674       _USAGE                     0048d674     pcaputil.obj
 0003:00000678       $SG24988                   0048d678     pcaputil.obj
 0003:00000694       $SG25003                   0048d694     pcaputil.obj
 0003:000006a4       $SG25004                   0048d6a4     pcaputil.obj
 0003:000006b0       $SG25042                   0048d6b0     pcaputil.obj
 0003:000006e0       $SG25044                   0048d6e0     pcaputil.obj
 0003:000006f8       $SG25046                   0048d6f8     pcaputil.obj
 0003:00000720       $SG25049                   0048d720     pcaputil.obj
 0003:00000754       $SG25051                   0048d754     pcaputil.obj
 0003:0000077c       $SG25053                   0048d77c     pcaputil.obj
 0003:0000079c       $SG25055                   0048d79c     pcaputil.obj
 0003:000007c8       $SG25057                   0048d7c8     pcaputil.obj
 0003:000007dc       $SG25079                   0048d7dc     pcaputil.obj
 0003:000007fc       $SG25080                   0048d7fc     pcaputil.obj
 0003:00000808       $SG25201                   0048d808     pcaputil.obj
 0003:00000810       $SG25203                   0048d810     pcaputil.obj
 0003:00000844       $SG25206                   0048d844     pcaputil.obj
 0003:00000874       $SG25208                   0048d874     pcaputil.obj
 0003:000008b4       $SG25210                   0048d8b4     pcaputil.obj
 0003:000008f0       $SG25214                   0048d8f0     pcaputil.obj
 0003:0000092c       $SG25218                   0048d92c     pcaputil.obj
 0003:00000954       $SG25222                   0048d954     pcaputil.obj
 0003:00000988       $SG25216                   0048d988     pcaputil.obj
 0003:000009cc       $SG25220                   0048d9cc     pcaputil.obj
 0003:00000a04       $SG25224                   0048da04     pcaputil.obj
 0003:00000a2c       $SG25226                   0048da2c     pcaputil.obj
 0003:00000a54       $SG25229                   0048da54     pcaputil.obj
 0003:00000a58       $SG25231                   0048da58     pcaputil.obj
 0003:00000a8c       $SG25235                   0048da8c     pcaputil.obj
 0003:00000ab4       $SG25240                   0048dab4     pcaputil.obj
 0003:00000ac8       $SG25233                   0048dac8     pcaputil.obj
 0003:00000b14       $SG25247                   0048db14     pcaputil.obj
 0003:00000b40       $SG25239                   0048db40     pcaputil.obj
 0003:00000be0       $SG25242                   0048dbe0     pcaputil.obj
 0003:00000c38       $SG25244                   0048dc38     pcaputil.obj
 0003:00000c8c       $SG25250                   0048dc8c     pcaputil.obj
 0003:00000ca4       $SG25257                   0048dca4     pcaputil.obj
 0003:00000cd0       $SG25254                   0048dcd0     pcaputil.obj
 0003:00000d18       $SG25260                   0048dd18     pcaputil.obj
 0003:00000d30       $SG25318                   0048dd30     pcaputil.obj
 0003:00000d3c       $SG25320                   0048dd3c     pcaputil.obj
 0003:00000d48       $SG25322                   0048dd48     pcaputil.obj
 0003:00000d50       $SG25324                   0048dd50     pcaputil.obj
 0003:00000d58       $SG25326                   0048dd58     pcaputil.obj
 0003:00000d64       $SG25328                   0048dd64     pcaputil.obj
 0003:00000d70       $SG25330                   0048dd70     pcaputil.obj
 0003:00000d78       $SG25332                   0048dd78     pcaputil.obj
 0003:00000d84       $SG25333                   0048dd84     pcaputil.obj
 0003:00000d8c       $SG25337                   0048dd8c     pcaputil.obj
 0003:00000da0       $SG25345                   0048dda0     pcaputil.obj
 0003:00000db8       $SG25348                   0048ddb8     pcaputil.obj
 0003:00000dec       $SG25350                   0048ddec     pcaputil.obj
 0003:00000df8       $SG25351                   0048ddf8     pcaputil.obj
 0003:00000e04       $SG25353                   0048de04     pcaputil.obj
 0003:00000e18       $SG25355                   0048de18     pcaputil.obj
 0003:00000e54       $SG25357                   0048de54     pcaputil.obj
 0003:00000e84       $SG25359                   0048de84     pcaputil.obj
 0003:00000eac       _l16_op                    0048deac     pjmedia-codec-i386-win32-vc14-release:l16.obj
 0003:00000ecc       _l16_factory_op            0048decc     pjmedia-codec-i386-win32-vc14-release:l16.obj
 0003:00000ee4       _gsm_op                    0048dee4     pjmedia-codec-i386-win32-vc14-release:gsm.obj
 0003:00000f04       _gsm_factory_op            0048df04     pjmedia-codec-i386-win32-vc14-release:gsm.obj
 0003:00000f1c       _spx_op                    0048df1c     pjmedia-codec-i386-win32-vc14-release:speex_codec.obj
 0003:00000f3c       _spx_factory_op            0048df3c     pjmedia-codec-i386-win32-vc14-release:speex_codec.obj
 0003:00000f54       _STR_MODE                  0048df54     pjmedia-codec-i386-win32-vc14-release:ilbc.obj
 0003:00000f5c       _ilbc_op                   0048df5c     pjmedia-codec-i386-win32-vc14-release:ilbc.obj
 0003:00000f7c       _ilbc_factory_op           0048df7c     pjmedia-codec-i386-win32-vc14-release:ilbc.obj
 0003:00000f94       _g722_op                   0048df94     pjmedia-codec-i386-win32-vc14-release:g722.obj
 0003:00000fb4       _g722_factory_op           0048dfb4     pjmedia-codec-i386-win32-vc14-release:g722.obj
 0003:00000fcc       _opus_op                   0048dfcc     pjmedia-codec-i386-win32-vc14-release:opus.obj
 0003:00000fec       _opus_cfg                  0048dfec     pjmedia-codec-i386-win32-vc14-release:opus.obj
 0003:00001008       _STR_MAX_BIT_RATE          0048e008     pjmedia-codec-i386-win32-vc14-release:opus.obj
 0003:00001010       _STR_INBAND_FEC            0048e010     pjmedia-codec-i386-win32-vc14-release:opus.obj
 0003:00001018       _STR_DTX                   0048e018     pjmedia-codec-i386-win32-vc14-release:opus.obj
 0003:00001020       _STR_CBR                   0048e020     pjmedia-codec-i386-win32-vc14-release:opus.obj
 0003:00001028       _opus_factory_op           0048e028     pjmedia-codec-i386-win32-vc14-release:opus.obj
 0003:00001040       _STR_MAX_PLAYBACK          0048e040     pjmedia-codec-i386-win32-vc14-release:opus.obj
 0003:00001048       _STR_MAX_CAPTURE           0048e048     pjmedia-codec-i386-win32-vc14-release:opus.obj
 0003:00001050       _STR_STEREO                0048e050     pjmedia-codec-i386-win32-vc14-release:opus.obj
 0003:00001058       _STR_SPROP_STEREO          0048e058     pjmedia-codec-i386-win32-vc14-release:opus.obj
 0003:00001060       _stream_op                 0048e060     pjmedia-audiodev-i386-win32-vc14-release:wmme_dev.obj
 0003:00001078       _factory_op                0048e078     pjmedia-audiodev-i386-win32-vc14-release:wmme_dev.obj
 0003:00001098       _cap_infos                 0048e098     pjmedia-i386-win32-vc14-release:audiodev.obj
 0003:00001110       _transport_udp_op          0048e110     pjmedia-i386-win32-vc14-release:transport_loop.obj
 0003:00001148       _crypto_suites             0048e148     pjmedia-i386-win32-vc14-release:transport_srtp.obj
 0003:00001224       _transport_srtp_op         0048e224     pjmedia-i386-win32-vc14-release:transport_srtp.obj
 0003:00001258       ?liberr@?1??get_libsrtp_errstr@@9@9 0048e258     pjmedia-i386-win32-vc14-release:transport_srtp.obj
 0003:000012bc       _sdes_op                   0048e2bc     pjmedia-i386-win32-vc14-release:transport_srtp.obj
 0003:000012f0       _g711_op                   0048e2f0     pjmedia-i386-win32-vc14-release:g711.obj
 0003:00001310       _g711_factory_op           0048e310     pjmedia-i386-win32-vc14-release:g711.obj
 0003:00001328       _plc_wsola                 0048e328     pjmedia-i386-win32-vc14-release:plc_common.obj
 0003:0000133c       _thread_tls_id             0048e33c     pjlib-i386-win32-vc14-release:os_core_win32.obj
 0003:00001340       _pj_log_max_level          0048e340     pjlib-i386-win32-vc14-release:log.obj
 0003:00001344       _thread_suspended_tls_id   0048e344     pjlib-i386-win32-vc14-release:log.obj
 0003:00001348       _thread_indent_tls_id      0048e348     pjlib-i386-win32-vc14-release:log.obj
 0003:0000134c       _log_writer                0048e34c     pjlib-i386-win32-vc14-release:log.obj
 0003:00001350       _log_decor                 0048e350     pjlib-i386-win32-vc14-release:log.obj
 0003:00001354       _PJ_LOG_COLOR_0            0048e354     pjlib-i386-win32-vc14-release:log.obj
 0003:00001358       _PJ_LOG_COLOR_1            0048e358     pjlib-i386-win32-vc14-release:log.obj
 0003:0000135c       _PJ_LOG_COLOR_2            0048e35c     pjlib-i386-win32-vc14-release:log.obj
 0003:00001360       _PJ_LOG_COLOR_3            0048e360     pjlib-i386-win32-vc14-release:log.obj
 0003:00001364       _PJ_LOG_COLOR_4            0048e364     pjlib-i386-win32-vc14-release:log.obj
 0003:00001368       _PJ_LOG_COLOR_5            0048e368     pjlib-i386-win32-vc14-release:log.obj
 0003:0000136c       _PJ_LOG_COLOR_6            0048e36c     pjlib-i386-win32-vc14-release:log.obj
 0003:00001370       _PJ_LOG_COLOR_77           0048e370     pjlib-i386-win32-vc14-release:log.obj
 0003:00001374       ?ltexts@?2??pj_log@@9@9    0048e374     pjlib-i386-win32-vc14-release:log.obj
 0003:00001390       ?wdays@?3??pj_log@@9@9     0048e390     pjlib-i386-win32-vc14-release:log.obj
 0003:000013b0       _pool_sizes                0048e3b0     pjlib-i386-win32-vc14-release:pool_caching.obj
 0003:000013f0       _mutex_lock_template       0048e3f0     pjlib-i386-win32-vc14-release:lock.obj
 0003:00001404       _null_lock_template        0048e404     pjlib-i386-win32-vc14-release:lock.obj
 0003:00001418       _sem_lock_template         0048e418     pjlib-i386-win32-vc14-release:lock.obj
 0003:0000142c       _thread_local_id           0048e42c     pjlib-i386-win32-vc14-release:except.obj
 0003:00001430       ?hex@?1??hex2digit@@9@9    0048e430     pjlib-i386-win32-vc14-release:guid_win32.obj
 0003:00001444       _id                        0048e444     pjlib-i386-win32-vc14-release:config.obj
 0003:00001448       _tls                       0048e448     pjlib-i386-win32-vc14-release:pool_buf.obj
 0003:00003158       ?eps@?1??LSF_check@@9@9    00490158     libilbccodec-i386-win32-vc14-release:helpfun.obj
 0003:0000315c       ?eps2@?1??LSF_check@@9@9   0049015c     libilbccodec-i386-win32-vc14-release:helpfun.obj
 0003:00003160       ?maxlsf@?1??LSF_check@@9@9 00490160     libilbccodec-i386-win32-vc14-release:helpfun.obj
 0003:00003164       ?minlsf@?1??LSF_check@@9@9 00490164     libilbccodec-i386-win32-vc14-release:helpfun.obj
 0003:00003170       _srtp_event_handler        00490170     libsrtp-i386-win32-vc14-release:srtp.obj
 0003:000035f0       ?rate_table@?1??compute_silk_rate_for_hybrid@@9@9 004905f0     opus:opus_encoder.obj
 0003:0000367c       _A_fb1_20                  0049067c     opus:ana_filt_bank_1.obj
 0003:00003680       _A_fb1_21                  00490680     opus:ana_filt_bank_1.obj
 0003:000036a0       _app                       004906a0     pcaputil.obj
 0003:000038bc       _play_frm_copied           004908bc     pcaputil.obj
 0003:000038c0       _play_frm_ready            004908c0     pcaputil.obj
 0003:000038c4       _l16_factory               004908c4     pjmedia-codec-i386-win32-vc14-release:l16.obj
 0003:000038e0       _gsm_codec_factory         004908e0     pjmedia-codec-i386-win32-vc14-release:gsm.obj
 0003:00003910       _spx_factory               00490910     pjmedia-codec-i386-win32-vc14-release:speex_codec.obj
 0003:000039b8       _ilbc_factory              004909b8     pjmedia-codec-i386-win32-vc14-release:ilbc.obj
 0003:000039d4       _g722_codec_factory        004909d4     pjmedia-codec-i386-win32-vc14-release:g722.obj
 0003:00003a08       _opus_codec_factory        00490a08     pjmedia-codec-i386-win32-vc14-release:opus.obj
 0003:00003a20       ?bitrate_str@?1??generate_fmtp@@9@9 00490a20     pjmedia-codec-i386-win32-vc14-release:opus.obj
 0003:00003a2c       ?clockrate_str@?1??generate_fmtp@@9@9 00490a2c     pjmedia-codec-i386-win32-vc14-release:opus.obj
 0003:00003a38       ?name@?1??get_fmt_name@@9@9 00490a38     pjmedia-audiodev-i386-win32-vc14-release:wmme_dev.obj
 0003:00003a40       ?rec_cnt@?1??wmme_dev_thread@@9@9 00490a40     pjmedia-audiodev-i386-win32-vc14-release:wmme_dev.obj
 0003:00003a44       ?play_cnt@?1??wmme_dev_thread@@9@9 00490a44     pjmedia-audiodev-i386-win32-vc14-release:wmme_dev.obj
 0003:00003a48       _aud_subsys                00490a48     pjmedia-i386-win32-vc14-release:audiodev.obj
 0003:00003f18       ?msg@?3??get_libsrtp_errstr@@9@9 00490f18     pjmedia-i386-win32-vc14-release:transport_srtp.obj
 0003:00003f38       _libsrtp_initialized       00490f38     pjmedia-i386-win32-vc14-release:transport_srtp.obj
 0003:00003f3c       _g711_factory              00490f3c     pjmedia-i386-win32-vc14-release:g711.obj
 0003:00003f70       _event_manager_instance    00490f70     pjmedia-i386-win32-vc14-release:event.obj
 0003:00003f78       ?ev_queue@?9??pjmedia_event_publish@@9@9 00490f78     pjmedia-i386-win32-vc14-release:event.obj
 0003:00004388       _is_initialized            00491388     pjmedia-i386-win32-vc14-release:sdp.obj
 0003:00004390       _cis_buf                   00491390     pjmedia-i386-win32-vc14-release:sdp.obj
 0003:00004794       _cs_digit                  00491794     pjmedia-i386-win32-vc14-release:sdp.obj
 0003:0000479c       _cs_token                  0049179c     pjmedia-i386-win32-vc14-release:sdp.obj
 0003:000047a8       ___getopt_initialized      004917a8     pjlib-util-i386-win32-vc14-release:getopt.obj
 0003:000047ac       _nextchar                  004917ac     pjlib-util-i386-win32-vc14-release:getopt.obj
 0003:000047b0       _ordering                  004917b0     pjlib-util-i386-win32-vc14-release:getopt.obj
 0003:000047b4       _posixly_correct           004917b4     pjlib-util-i386-win32-vc14-release:getopt.obj
 0003:000047b8       _first_nonopt              004917b8     pjlib-util-i386-win32-vc14-release:getopt.obj
 0003:000047bc       _last_nonopt               004917bc     pjlib-util-i386-win32-vc14-release:getopt.obj
 0003:000047c0       _initialized               004917c0     pjlib-i386-win32-vc14-release:os_core_win32.obj
 0003:000047c4       _atexit_count              004917c4     pjlib-i386-win32-vc14-release:os_core_win32.obj
 0003:000047c8       _main_thread               004917c8     pjlib-i386-win32-vc14-release:os_core_win32.obj
 0003:000048c8       _critical_section_mutex    004918c8     pjlib-i386-win32-vc14-release:os_core_win32.obj
 0003:00004900       _atexit_func               00491900     pjlib-i386-win32-vc14-release:os_core_win32.obj
 0003:00004980       ?buf@?1??pj_gethostname@@9@9 00491980     pjlib-i386-win32-vc14-release:sock_bsd.obj
 0003:00004a00       ?hostname@?1??pj_gethostname@@9@9 00491a00     pjlib-i386-win32-vc14-release:sock_bsd.obj
 0003:00004a08       _err_msg_hnd_cnt           00491a08     pjlib-i386-win32-vc14-release:errno.obj
 0003:00004a10       _err_msg_hnd               00491a10     pjlib-i386-win32-vc14-release:errno.obj
 0003:00004a88       _g_last_thread             00491a88     pjlib-i386-win32-vc14-release:log.obj
 0003:00004a90       _base_time                 00491a90     pjlib-i386-win32-vc14-release:os_time_win32.obj
 0003:00004a98       _exception_id_names        00491a98     pjlib-i386-win32-vc14-release:except.obj
 0003:00004ad8       ?unknown_name@?1??pj_exception_id_name@@9@9 00491ad8     pjlib-i386-win32-vc14-release:except.obj
 0003:00004af8       _s_hDLL                    00491af8     pjlib-i386-win32-vc14-release:ip_helper_win32.obj
 0003:00004afc       _s_pfnGetIpAddrTable       00491afc     pjlib-i386-win32-vc14-release:ip_helper_win32.obj
 0003:00004b00       _s_pfnGetAdapterAddresses  00491b00     pjlib-i386-win32-vc14-release:ip_helper_win32.obj
 0003:00004b04       _s_pfnGetIpForwardTable    00491b04     pjlib-i386-win32-vc14-release:ip_helper_win32.obj
 0003:00004b08       _s_pfnGetIfEntry           00491b08     pjlib-i386-win32-vc14-release:ip_helper_win32.obj
 0003:00004b0c       _stack_based_factory       00491b0c     pjlib-i386-win32-vc14-release:pool_buf.obj
 0003:00004b30       _is_initialized            00491b30     pjlib-i386-win32-vc14-release:pool_buf.obj
 0003:00004b34       _srtp_log_handler          00491b34     libsrtp-i386-win32-vc14-release:srtp.obj
 0003:00004b38       _srtp_log_handler_data     00491b38     libsrtp-i386-win32-vc14-release:srtp.obj
 0003:00004b50       _srtp_aes_icm_128_test_case_0_nonce 00491b50     libsrtp-i386-win32-vc14-release:aes_icm.obj
 0003:00004b60       _srtp_aes_icm_256_test_case_0_nonce 00491b60     libsrtp-i386-win32-vc14-release:aes_icm.obj
 0003:00004b70       _GS_ExceptionRecord        00491b70     MSVCRT:gs_report.obj
 0003:00004bc0       _GS_ContextRecord          00491bc0     MSVCRT:gs_report.obj
 0003:00004e9c       ?is_initialized_as_dll@@3_NA 00491e9c     MSVCRT:utility.obj
 0003:00004e9d       ?module_local_atexit_table_initialized@@3_NA 00491e9d     MSVCRT:utility.obj
 0003:00004ea0       ?module_local_atexit_table@@3U_onexit_table_t@@A 00491ea0     MSVCRT:utility.obj
 0003:00004eac       ?module_local_at_quick_exit_table@@3U_onexit_table_t@@A 00491eac     MSVCRT:utility.obj
 0004:00000000       _static_const_table        00493000     MSVCRT:svml_dcos2_sse2.obj
 0004:00000200       __e02PI                    00493200     MSVCRT:svml_dtrig.obj
 0004:000003a0       __e04PI                    004933a0     MSVCRT:svml_dtrig.obj
 0004:00000530       _2il0floatpacket_2         00493530     MSVCRT:svml_dtrig.obj
 0004:00000540       _2il0floatpacket_9         00493540     MSVCRT:svml_dtrig.obj
 0004:00000550       _2il0floatpacket_12        00493550     MSVCRT:svml_dtrig.obj
 0004:00000560       __dPI02                    00493560     MSVCRT:svml_dtrig.obj
 0004:00000570       __d02PI                    00493570     MSVCRT:svml_dtrig.obj
 0004:00000580       __DP4                      00493580     MSVCRT:svml_dtrig.obj
 0004:000005a0       __dPI04                    004935a0     MSVCRT:svml_dtrig.obj
 0004:000005b0       __d04PI                    004935b0     MSVCRT:svml_dtrig.obj
 0004:000005c0       __QP4                      004935c0     MSVCRT:svml_dtrig.obj
