 siprtp

 Timestamp is 5dc90845 (Mon Nov 11 14:05:41 2019)

 Preferred load address is 00400000

 Start         Length     Name                   Class
 0001:00000000 00049178H .text$mn                CODE
 0002:00000000 0000029cH .idata$5                DATA
 0002:0000029c 00000004H .00cfg                  DATA
 0002:000002a0 00000004H .CRT$XCA                DATA
 0002:000002a4 00000004H .CRT$XCAA               DATA
 0002:000002a8 00000004H .CRT$XCZ                DATA
 0002:000002ac 00000004H .CRT$XIA                DATA
 0002:000002b0 00000004H .CRT$XIAA               DATA
 0002:000002b4 00000004H .CRT$XIAC               DATA
 0002:000002b8 00000004H .CRT$XIZ                DATA
 0002:000002bc 00000004H .CRT$XPA                DATA
 0002:000002c0 00000004H .CRT$XPZ                DATA
 0002:000002c4 00000004H .CRT$XTA                DATA
 0002:000002c8 00000008H .CRT$XTZ                DATA
 0002:000002cc 00000000H .gfids$y                DATA
 0002:000002d0 000156a0H .rdata                  DATA
 0002:00015970 00000004H .rdata$sxdata           DATA
 0002:00015974 0000023cH .rdata$zzzdbg           DATA
 0002:00015bb0 00000004H .rtc$IAA                DATA
 0002:00015bb4 00000004H .rtc$IZZ                DATA
 0002:00015bb8 00000004H .rtc$TAA                DATA
 0002:00015bbc 00000004H .rtc$TZZ                DATA
 0002:00015bc0 0000003cH .xdata$x                DATA
 0002:00015bfc 00000000H .edata                  DATA
 0002:00015bfc 00000104H .idata$2                DATA
 0002:00015d00 00000014H .idata$3                DATA
 0002:00015d14 0000029cH .idata$4                DATA
 0002:00015fb0 00000a2cH .idata$6                DATA
 0003:00000000 00002720H .data                   DATA
 0003:00002720 001db130H .bss                    DATA
 0004:00000000 000005e0H _RDATA                  DATA

  Address         Publics by Value              Rva+Base       Lib:Object

 0000:00000000       ___guard_longjmp_table     00000000     <absolute>
 0000:00000000       ___guard_fids_count        00000000     <absolute>
 0000:00000000       ___guard_iat_count         00000000     <absolute>
 0000:00000000       ___guard_fids_table        00000000     <absolute>
 0000:00000000       ___guard_iat_table         00000000     <absolute>
 0000:00000000       ___hybrid_code_map_count   00000000     <absolute>
 0000:00000000       ___enclave_config          00000000     <absolute>
 0000:00000000       ___hybrid_auxiliary_iat    00000000     <absolute>
 0000:00000000       ___guard_longjmp_count     00000000     <absolute>
 0000:00000000       ___dynamic_value_reloc_table 00000000     <absolute>
 0000:00000000       ___volatile_metadata       00000000     <absolute>
 0000:00000000       ___hybrid_code_map         00000000     <absolute>
 0000:00000001       ___safe_se_handler_count   00000001     <absolute>
 0000:00000100       ___guard_flags             00000100     <absolute>
 0000:00000000       ___ImageBase               00400000     <linker-defined>
 0001:00003cc0       _app_logging_init          00404cc0 f   siprtp.obj
 0001:00003d20       _app_logging_shutdown      00404d20 f   siprtp.obj
 0001:00003d40       _main                      00404d40 f   siprtp.obj
 0001:00004200       ___local_stdio_printf_options 00405200 f i siprtp.obj
 0001:00004210       _printf                    00405210 f i siprtp.obj
 0001:00004240       _sprintf                   00405240 f i siprtp.obj
 0001:00004330       ___scrt_stub_for_initialize_mta 00405330 f   MSVCRT:utility_desktop.obj
 0001:00004330       ___scrt_exe_initialize_mta 00405330 f   MSVCRT:utility_desktop.obj
 0001:00004330       __get_startup_commit_mode  00405330 f   MSVCRT:commit_mode.obj
 0001:00004330       _srtp_ekt_stream_init_from_policy 00405330 f   libsrtp-i386-win32-vc14-release:ekt.obj
 0001:00004330       __matherr                  00405330 f   MSVCRT:matherr.obj
 0001:00004330       __get_startup_thread_locale_mode 00405330 f   MSVCRT:thread_locale.obj
 0001:00004330       ___scrt_initialize_winrt   00405330 f   MSVCRT:utility_desktop.obj
 0001:00004330       __get_startup_new_mode     00405330 f   MSVCRT:new_mode.obj
 0001:00005a10       __snprintf                 00406a10 f i pjsip-ua-i386-win32-vc14-release:sip_inv.obj
 0001:000073b0       _pjsip_create_sdp_body     004083b0 f   pjsip-ua-i386-win32-vc14-release:sip_inv.obj
 0001:00007430       _pjsip_inv_add_ref         00408430 f   pjsip-ua-i386-win32-vc14-release:sip_inv.obj
 0001:00007460       _pjsip_inv_create_uac      00408460 f   pjsip-ua-i386-win32-vc14-release:sip_inv.obj
 0001:00007600       _pjsip_inv_create_uas      00408600 f   pjsip-ua-i386-win32-vc14-release:sip_inv.obj
 0001:00007850       _pjsip_inv_end_session     00408850 f   pjsip-ua-i386-win32-vc14-release:sip_inv.obj
 0001:00007ae0       _pjsip_inv_initial_answer  00408ae0 f   pjsip-ua-i386-win32-vc14-release:sip_inv.obj
 0001:00007c20       _pjsip_inv_invite          00408c20 f   pjsip-ua-i386-win32-vc14-release:sip_inv.obj
 0001:00007e80       _pjsip_inv_process_redirect 00408e80 f   pjsip-ua-i386-win32-vc14-release:sip_inv.obj
 0001:000081b0       _pjsip_inv_send_msg        004091b0 f   pjsip-ua-i386-win32-vc14-release:sip_inv.obj
 0001:00008410       _pjsip_inv_state_name      00409410 f   pjsip-ua-i386-win32-vc14-release:sip_inv.obj
 0001:00008430       _pjsip_inv_terminate       00409430 f   pjsip-ua-i386-win32-vc14-release:sip_inv.obj
 0001:000084f0       _pjsip_inv_uac_restart     004094f0 f   pjsip-ua-i386-win32-vc14-release:sip_inv.obj
 0001:00008560       _pjsip_inv_update          00409560 f   pjsip-ua-i386-win32-vc14-release:sip_inv.obj
 0001:00008780       _pjsip_inv_usage_init      00409780 f   pjsip-ua-i386-win32-vc14-release:sip_inv.obj
 0001:000087e0       _pjsip_inv_verify_request  004097e0 f   pjsip-ua-i386-win32-vc14-release:sip_inv.obj
 0001:00008810       _pjsip_inv_verify_request3 00409810 f   pjsip-ua-i386-win32-vc14-release:sip_inv.obj
 0001:000092b0       _pjsip_rdata_get_sdp_info  0040a2b0 f   pjsip-ua-i386-win32-vc14-release:sip_inv.obj
 0001:000098a0       _pjsip_100rel_attach       0040a8a0 f   pjsip-ua-i386-win32-vc14-release:sip_100rel.obj
 0001:00009910       _pjsip_100rel_create_prack 0040a910 f   pjsip-ua-i386-win32-vc14-release:sip_100rel.obj
 0001:00009bf0       _pjsip_100rel_end_session  0040abf0 f   pjsip-ua-i386-win32-vc14-release:sip_100rel.obj
 0001:00009c50       _pjsip_100rel_init_module  0040ac50 f   pjsip-ua-i386-win32-vc14-release:sip_100rel.obj
 0001:00009c80       _pjsip_100rel_is_reliable  0040ac80 f   pjsip-ua-i386-win32-vc14-release:sip_100rel.obj
 0001:00009cc0       _pjsip_100rel_on_rx_prack  0040acc0 f   pjsip-ua-i386-win32-vc14-release:sip_100rel.obj
 0001:00009f00       _pjsip_100rel_send_prack   0040af00 f   pjsip-ua-i386-win32-vc14-release:sip_100rel.obj
 0001:00009f40       _pjsip_100rel_tx_response  0040af40 f   pjsip-ua-i386-win32-vc14-release:sip_100rel.obj
 0001:0000a730       _pjsip_sess_expires_hdr_create 0040b730 f   pjsip-ua-i386-win32-vc14-release:sip_timer.obj
 0001:0000a790       _pjsip_timer_end_session   0040b790 f   pjsip-ua-i386-win32-vc14-release:sip_timer.obj
 0001:0000a7c0       _pjsip_timer_handle_refresh_error 0040b7c0 f   pjsip-ua-i386-win32-vc14-release:sip_timer.obj
 0001:0000a940       _pjsip_timer_init_session  0040b940 f   pjsip-ua-i386-win32-vc14-release:sip_timer.obj
 0001:0000a9d0       _pjsip_timer_process_req   0040b9d0 f   pjsip-ua-i386-win32-vc14-release:sip_timer.obj
 0001:0000abd0       _pjsip_timer_process_resp  0040bbd0 f   pjsip-ua-i386-win32-vc14-release:sip_timer.obj
 0001:0000afa0       _pjsip_timer_update_req    0040bfa0 f   pjsip-ua-i386-win32-vc14-release:sip_timer.obj
 0001:0000b030       _pjsip_timer_update_resp   0040c030 f   pjsip-ua-i386-win32-vc14-release:sip_timer.obj
 0001:0000cea0       _pjsip_accept_hdr_create   0040dea0 f   pjsip-core-i386-win32-vc14-release:sip_msg.obj
 0001:0000cef0       _pjsip_allow_hdr_create    0040def0 f   pjsip-core-i386-win32-vc14-release:sip_msg.obj
 0001:0000cf40       _pjsip_cid_hdr_create      0040df40 f   pjsip-core-i386-win32-vc14-release:sip_msg.obj
 0001:0000cfb0       _pjsip_clen_hdr_create     0040dfb0 f   pjsip-core-i386-win32-vc14-release:sip_msg.obj
 0001:0000d010       _pjsip_clone_text_data     0040e010 f   pjsip-core-i386-win32-vc14-release:sip_msg.obj
 0001:0000d050       _pjsip_contact_hdr_create  0040e050 f   pjsip-core-i386-win32-vc14-release:sip_msg.obj
 0001:0000d0d0       _pjsip_cseq_hdr_create     0040e0d0 f   pjsip-core-i386-win32-vc14-release:sip_msg.obj
 0001:0000d130       _pjsip_ctype_hdr_create    0040e130 f   pjsip-core-i386-win32-vc14-release:sip_msg.obj
 0001:0000d1a0       _pjsip_expires_hdr_create  0040e1a0 f   pjsip-core-i386-win32-vc14-release:sip_msg.obj
 0001:0000d1f0       _pjsip_from_hdr_create     0040e1f0 f   pjsip-core-i386-win32-vc14-release:sip_msg.obj
 0001:0000d2c0       _pjsip_fromto_hdr_set_from 0040e2c0 f   pjsip-core-i386-win32-vc14-release:sip_msg.obj
 0001:0000d2f0       _pjsip_fromto_hdr_set_to   0040e2f0 f   pjsip-core-i386-win32-vc14-release:sip_msg.obj
 0001:0000d320       _pjsip_generic_array_hdr_init 0040e320 f   pjsip-core-i386-win32-vc14-release:sip_msg.obj
 0001:0000d390       _pjsip_generic_string_hdr_create 0040e390 f   pjsip-core-i386-win32-vc14-release:sip_msg.obj
 0001:0000d420       _pjsip_get_ack_method      0040e420 f   pjsip-core-i386-win32-vc14-release:sip_msg.obj
 0001:0000d430       _pjsip_get_bye_method      0040e430 f   pjsip-core-i386-win32-vc14-release:sip_msg.obj
 0001:0000d440       _pjsip_get_cancel_method   0040e440 f   pjsip-core-i386-win32-vc14-release:sip_msg.obj
 0001:0000d450       _pjsip_get_invite_method   0040e450 f   pjsip-core-i386-win32-vc14-release:sip_msg.obj
 0001:0000d460       _pjsip_get_status_text     0040e460 f   pjsip-core-i386-win32-vc14-release:sip_msg.obj
 0001:0000d4a0       _pjsip_hdr_clone           0040e4a0 f   pjsip-core-i386-win32-vc14-release:sip_msg.obj
 0001:0000d4c0       _pjsip_hdr_print_on        0040e4c0 f   pjsip-core-i386-win32-vc14-release:sip_msg.obj
 0001:0000d4e0       _pjsip_hdr_shallow_clone   0040e4e0 f   pjsip-core-i386-win32-vc14-release:sip_msg.obj
 0001:0000d500       _pjsip_max_fwd_hdr_create  0040e500 f   pjsip-core-i386-win32-vc14-release:sip_msg.obj
 0001:0000d550       _pjsip_media_type_cmp      0040e550 f   pjsip-core-i386-win32-vc14-release:sip_msg.obj
 0001:0000d5b0       _pjsip_media_type_cp       0040e5b0 f   pjsip-core-i386-win32-vc14-release:sip_msg.obj
 0001:0000d600       _pjsip_media_type_init     0040e600 f   pjsip-core-i386-win32-vc14-release:sip_msg.obj
 0001:0000d650       _pjsip_media_type_init2    0040e650 f   pjsip-core-i386-win32-vc14-release:sip_msg.obj
 0001:0000d6d0       _pjsip_media_type_print    0040e6d0 f   pjsip-core-i386-win32-vc14-release:sip_msg.obj
 0001:0000d6e0       _pjsip_method_cmp          0040e6e0 f   pjsip-core-i386-win32-vc14-release:sip_msg.obj
 0001:0000d720       _pjsip_method_copy         0040e720 f   pjsip-core-i386-win32-vc14-release:sip_msg.obj
 0001:0000d760       _pjsip_method_init_np      0040e760 f   pjsip-core-i386-win32-vc14-release:sip_msg.obj
 0001:0000d7d0       _pjsip_min_expires_hdr_create 0040e7d0 f   pjsip-core-i386-win32-vc14-release:sip_msg.obj
 0001:0000d820       _pjsip_msg_body_clone      0040e820 f   pjsip-core-i386-win32-vc14-release:sip_msg.obj
 0001:0000d8c0       _pjsip_msg_create          0040e8c0 f   pjsip-core-i386-win32-vc14-release:sip_msg.obj
 0001:0000d8f0       _pjsip_msg_find_hdr        0040e8f0 f   pjsip-core-i386-win32-vc14-release:sip_msg.obj
 0001:0000d920       _pjsip_msg_find_hdr_by_name 0040e920 f   pjsip-core-i386-win32-vc14-release:sip_msg.obj
 0001:0000d970       _pjsip_msg_find_hdr_by_names 0040e970 f   pjsip-core-i386-win32-vc14-release:sip_msg.obj
 0001:0000d9d0       _pjsip_msg_print           0040e9d0 f   pjsip-core-i386-win32-vc14-release:sip_msg.obj
 0001:0000dcf0       _pjsip_print_text_body     0040ecf0 f   pjsip-core-i386-win32-vc14-release:sip_msg.obj
 0001:0000dd20       _pjsip_require_hdr_create  0040ed20 f   pjsip-core-i386-win32-vc14-release:sip_msg.obj
 0001:0000dd70       _pjsip_retry_after_hdr_create 0040ed70 f   pjsip-core-i386-win32-vc14-release:sip_msg.obj
 0001:0000ddd0       _pjsip_route_hdr_create    0040edd0 f   pjsip-core-i386-win32-vc14-release:sip_msg.obj
 0001:0000de30       _pjsip_routing_hdr_set_route 0040ee30 f   pjsip-core-i386-win32-vc14-release:sip_msg.obj
 0001:0000de60       _pjsip_rr_hdr_create       0040ee60 f   pjsip-core-i386-win32-vc14-release:sip_msg.obj
 0001:0000dec0       _pjsip_supported_hdr_create 0040eec0 f   pjsip-core-i386-win32-vc14-release:sip_msg.obj
 0001:0000df30       _pjsip_to_hdr_create       0040ef30 f   pjsip-core-i386-win32-vc14-release:sip_msg.obj
 0001:0000e000       _pjsip_unsupported_hdr_create 0040f000 f   pjsip-core-i386-win32-vc14-release:sip_msg.obj
 0001:0000e050       _pjsip_via_hdr_create      0040f050 f   pjsip-core-i386-win32-vc14-release:sip_msg.obj
 0001:0000e0d0       _pjsip_warning_hdr_create  0040f0d0 f   pjsip-core-i386-win32-vc14-release:sip_msg.obj
 0001:0000e190       _pjsip_warning_hdr_create_from_status 0040f190 f   pjsip-core-i386-win32-vc14-release:sip_msg.obj
 0001:0000e530       _pjsip_rx_data_get_info    0040f530 f   pjsip-core-i386-win32-vc14-release:sip_transport.obj
 0001:0000e5c0       _pjsip_tpmgr_acquire_transport2 0040f5c0 f   pjsip-core-i386-win32-vc14-release:sip_transport.obj
 0001:0000e8f0       _pjsip_tpmgr_create        0040f8f0 f   pjsip-core-i386-win32-vc14-release:sip_transport.obj
 0001:0000ea40       _pjsip_tpmgr_destroy       0040fa40 f   pjsip-core-i386-win32-vc14-release:sip_transport.obj
 0001:0000eb60       _pjsip_tpmgr_receive_packet 0040fb60 f   pjsip-core-i386-win32-vc14-release:sip_transport.obj
 0001:0000f0e0       _pjsip_tpselector_add_ref  004100e0 f   pjsip-core-i386-win32-vc14-release:sip_transport.obj
 0001:0000f100       _pjsip_tpselector_dec_ref  00410100 f   pjsip-core-i386-win32-vc14-release:sip_transport.obj
 0001:0000f120       _pjsip_transport_add_ref   00410120 f   pjsip-core-i386-win32-vc14-release:sip_transport.obj
 0001:0000f200       _pjsip_transport_add_state_listener 00410200 f   pjsip-core-i386-win32-vc14-release:sip_transport.obj
 0001:0000f2d0       _pjsip_transport_dec_ref   004102d0 f   pjsip-core-i386-win32-vc14-release:sip_transport.obj
 0001:0000f3f0       _pjsip_transport_destroy   004103f0 f   pjsip-core-i386-win32-vc14-release:sip_transport.obj
 0001:0000f460       _pjsip_transport_get_default_port_for_type 00410460 f   pjsip-core-i386-win32-vc14-release:sip_transport.obj
 0001:0000f4a0       _pjsip_transport_get_flag_from_type 004104a0 f   pjsip-core-i386-win32-vc14-release:sip_transport.obj
 0001:0000f4e0       _pjsip_transport_get_type_desc 004104e0 f   pjsip-core-i386-win32-vc14-release:sip_transport.obj
 0001:0000f520       _pjsip_transport_get_type_from_flag 00410520 f   pjsip-core-i386-win32-vc14-release:sip_transport.obj
 0001:0000f560       _pjsip_transport_get_type_from_name 00410560 f   pjsip-core-i386-win32-vc14-release:sip_transport.obj
 0001:0000f5b0       _pjsip_transport_get_type_name 004105b0 f   pjsip-core-i386-win32-vc14-release:sip_transport.obj
 0001:0000f5f0       _pjsip_transport_register  004105f0 f   pjsip-core-i386-win32-vc14-release:sip_transport.obj
 0001:0000f720       _pjsip_transport_remove_state_listener 00410720 f   pjsip-core-i386-win32-vc14-release:sip_transport.obj
 0001:0000f7c0       _pjsip_transport_send      004107c0 f   pjsip-core-i386-win32-vc14-release:sip_transport.obj
 0001:0000f920       _pjsip_tx_data_add_ref     00410920 f   pjsip-core-i386-win32-vc14-release:sip_transport.obj
 0001:0000f940       _pjsip_tx_data_clone       00410940 f   pjsip-core-i386-win32-vc14-release:sip_transport.obj
 0001:0000fb50       _pjsip_tx_data_create      00410b50 f   pjsip-core-i386-win32-vc14-release:sip_transport.obj
 0001:0000fc60       _pjsip_tx_data_dec_ref     00410c60 f   pjsip-core-i386-win32-vc14-release:sip_transport.obj
 0001:0000fca0       _pjsip_tx_data_encode      00410ca0 f   pjsip-core-i386-win32-vc14-release:sip_transport.obj
 0001:0000fd90       _pjsip_tx_data_get_info    00410d90 f   pjsip-core-i386-win32-vc14-release:sip_transport.obj
 0001:0000fdf0       _pjsip_tx_data_invalidate_msg 00410df0 f   pjsip-core-i386-win32-vc14-release:sip_transport.obj
 0001:0000fe10       _pjsip_tx_data_set_transport 00410e10 f   pjsip-core-i386-win32-vc14-release:sip_transport.obj
 0001:00010330       _pjsip_endpt_acquire_transport2 00411330 f   pjsip-core-i386-win32-vc14-release:sip_endpoint.obj
 0001:00010360       _pjsip_endpt_add_capability 00411360 f   pjsip-core-i386-win32-vc14-release:sip_endpoint.obj
 0001:00010450       _pjsip_endpt_atexit        00411450 f   pjsip-core-i386-win32-vc14-release:sip_endpoint.obj
 0001:000104b0       _pjsip_endpt_cancel_timer  004114b0 f   pjsip-core-i386-win32-vc14-release:sip_endpoint.obj
 0001:000104d0       _pjsip_endpt_create        004114d0 f   pjsip-core-i386-win32-vc14-release:sip_endpoint.obj
 0001:00010780       _pjsip_endpt_create_pool   00411780 f   pjsip-core-i386-win32-vc14-release:sip_endpoint.obj
 0001:000107d0       _pjsip_endpt_create_tdata  004117d0 f   pjsip-core-i386-win32-vc14-release:sip_endpoint.obj
 0001:000107f0       _pjsip_endpt_destroy       004117f0 f   pjsip-core-i386-win32-vc14-release:sip_endpoint.obj
 0001:00010930       _pjsip_endpt_get_capability 00411930 f   pjsip-core-i386-win32-vc14-release:sip_endpoint.obj
 0001:00010960       _pjsip_endpt_get_ioqueue   00411960 f   pjsip-core-i386-win32-vc14-release:sip_endpoint.obj
 0001:00010970       _pjsip_endpt_get_request_headers 00411970 f   pjsip-core-i386-win32-vc14-release:sip_endpoint.obj
 0001:00010980       _pjsip_endpt_get_timer_heap 00411980 f   pjsip-core-i386-win32-vc14-release:sip_endpoint.obj
 0001:00010990       _pjsip_endpt_get_tpmgr     00411990 f   pjsip-core-i386-win32-vc14-release:sip_endpoint.obj
 0001:000109a0       _pjsip_endpt_handle_events 004119a0 f   pjsip-core-i386-win32-vc14-release:sip_endpoint.obj
 0001:00010a70       _pjsip_endpt_has_capability 00411a70 f   pjsip-core-i386-win32-vc14-release:sip_endpoint.obj
 0001:00010ae0       _pjsip_endpt_log_error     00411ae0 f   pjsip-core-i386-win32-vc14-release:sip_endpoint.obj
 0001:00010bc0       _pjsip_endpt_name          00411bc0 f   pjsip-core-i386-win32-vc14-release:sip_endpoint.obj
 0001:00010bd0       _pjsip_endpt_process_rx_data 00411bd0 f   pjsip-core-i386-win32-vc14-release:sip_endpoint.obj
 0001:00010d60       _pjsip_endpt_register_module 00411d60 f   pjsip-core-i386-win32-vc14-release:sip_endpoint.obj
 0001:00010e80       _pjsip_endpt_release_pool  00411e80 f   pjsip-core-i386-win32-vc14-release:sip_endpoint.obj
 0001:00010ea0       _pjsip_endpt_resolve       00411ea0 f   pjsip-core-i386-win32-vc14-release:sip_endpoint.obj
 0001:00010ec0       _pjsip_endpt_schedule_timer 00411ec0 f   pjsip-core-i386-win32-vc14-release:sip_endpoint.obj
 0001:00010ee0       _pjsip_endpt_schedule_timer_w_grp_lock 00411ee0 f   pjsip-core-i386-win32-vc14-release:sip_endpoint.obj
 0001:00010f10       _pjsip_endpt_unregister_module 00411f10 f   pjsip-core-i386-win32-vc14-release:sip_endpoint.obj
 0001:00011230       _pjsip_endpt_create_ack    00412230 f   pjsip-core-i386-win32-vc14-release:sip_util.obj
 0001:000113e0       _pjsip_endpt_create_cancel 004123e0 f   pjsip-core-i386-win32-vc14-release:sip_util.obj
 0001:000115f0       _pjsip_endpt_create_request_from_hdr 004125f0 f   pjsip-core-i386-win32-vc14-release:sip_util.obj
 0001:00011810       _pjsip_endpt_create_response 00412810 f   pjsip-core-i386-win32-vc14-release:sip_util.obj
 0001:00011a70       _pjsip_endpt_respond_stateless 00412a70 f   pjsip-core-i386-win32-vc14-release:sip_util.obj
 0001:00011bf0       _pjsip_endpt_send_request_stateless 00412bf0 f   pjsip-core-i386-win32-vc14-release:sip_util.obj
 0001:00011cd0       _pjsip_endpt_send_response 00412cd0 f   pjsip-core-i386-win32-vc14-release:sip_util.obj
 0001:00011dc0       _pjsip_event_str           00412dc0 f   pjsip-core-i386-win32-vc14-release:sip_util.obj
 0001:00011dd0       _pjsip_get_dest_info       00412dd0 f   pjsip-core-i386-win32-vc14-release:sip_util.obj
 0001:00011f70       _pjsip_get_request_dest    00412f70 f   pjsip-core-i386-win32-vc14-release:sip_util.obj
 0001:00011fe0       _pjsip_get_response_addr   00412fe0 f   pjsip-core-i386-win32-vc14-release:sip_util.obj
 0001:00012110       _pjsip_process_route_set   00413110 f   pjsip-core-i386-win32-vc14-release:sip_util.obj
 0001:00012350       _pjsip_restore_strict_route_set 00413350 f   pjsip-core-i386-win32-vc14-release:sip_util.obj
 0001:000123f0       _pjsip_target_assign_status 004133f0 f   pjsip-core-i386-win32-vc14-release:sip_util.obj
 0001:00012430       _pjsip_target_set_add_from_msg 00413430 f   pjsip-core-i386-win32-vc14-release:sip_util.obj
 0001:00012570       _pjsip_target_set_add_uri  00413570 f   pjsip-core-i386-win32-vc14-release:sip_util.obj
 0001:00012640       _pjsip_target_set_get_next 00413640 f   pjsip-core-i386-win32-vc14-release:sip_util.obj
 0001:00012690       _pjsip_target_set_set_current 00413690 f   pjsip-core-i386-win32-vc14-release:sip_util.obj
 0001:00012f00       _pjsip_udp_transport_restart2 00413f00 f   pjsip-core-i386-win32-vc14-release:sip_transport_udp.obj
 0001:00013110       _pjsip_udp_transport_start 00414110 f   pjsip-core-i386-win32-vc14-release:sip_transport_udp.obj
 0001:000131d0       _pjsip_udp_transport_start2 004141d0 f   pjsip-core-i386-win32-vc14-release:sip_transport_udp.obj
 0001:00015960       _pjsip_rdata_get_tsx       00416960 f   pjsip-core-i386-win32-vc14-release:sip_transaction.obj
 0001:00015980       _pjsip_tsx_create_key      00416980 f   pjsip-core-i386-win32-vc14-release:sip_transaction.obj
 0001:000159f0       _pjsip_tsx_create_uac      004169f0 f   pjsip-core-i386-win32-vc14-release:sip_transaction.obj
 0001:00015a10       _pjsip_tsx_create_uac2     00416a10 f   pjsip-core-i386-win32-vc14-release:sip_transaction.obj
 0001:00015c60       _pjsip_tsx_create_uas      00416c60 f   pjsip-core-i386-win32-vc14-release:sip_transaction.obj
 0001:00015c80       _pjsip_tsx_create_uas2     00416c80 f   pjsip-core-i386-win32-vc14-release:sip_transaction.obj
 0001:00015eb0       _pjsip_tsx_layer_find_tsx2 00416eb0 f   pjsip-core-i386-win32-vc14-release:sip_transaction.obj
 0001:00015f20       _pjsip_tsx_layer_init_module 00416f20 f   pjsip-core-i386-win32-vc14-release:sip_transaction.obj
 0001:000160a0       _pjsip_tsx_recv_msg        004170a0 f   pjsip-core-i386-win32-vc14-release:sip_transaction.obj
 0001:00016120       _pjsip_tsx_retransmit_no_state 00417120 f   pjsip-core-i386-win32-vc14-release:sip_transaction.obj
 0001:00016180       _pjsip_tsx_send_msg        00417180 f   pjsip-core-i386-win32-vc14-release:sip_transaction.obj
 0001:00016230       _pjsip_tsx_set_timeout     00417230 f   pjsip-core-i386-win32-vc14-release:sip_transaction.obj
 0001:00016300       _pjsip_tsx_set_transport   00417300 f   pjsip-core-i386-win32-vc14-release:sip_transaction.obj
 0001:00016360       _pjsip_tsx_state_str       00417360 f   pjsip-core-i386-win32-vc14-release:sip_transaction.obj
 0001:00016370       _pjsip_tsx_terminate       00417370 f   pjsip-core-i386-win32-vc14-release:sip_transaction.obj
 0001:00017b70       _pjsip_rdata_get_dlg       00418b70 f   pjsip-core-i386-win32-vc14-release:sip_ua_layer.obj
 0001:00017b90       _pjsip_tsx_get_dlg         00418b90 f   pjsip-core-i386-win32-vc14-release:sip_ua_layer.obj
 0001:00017bb0       _pjsip_ua_get_endpt        00418bb0 f   pjsip-core-i386-win32-vc14-release:sip_ua_layer.obj
 0001:00017bc0       _pjsip_ua_init_module      00418bc0 f   pjsip-core-i386-win32-vc14-release:sip_ua_layer.obj
 0001:00017bf0       _pjsip_ua_instance         00418bf0 f   pjsip-core-i386-win32-vc14-release:sip_ua_layer.obj
 0001:00017c00       _pjsip_ua_register_dlg     00418c00 f   pjsip-core-i386-win32-vc14-release:sip_ua_layer.obj
 0001:00017cf0       _pjsip_ua_unregister_dlg   00418cf0 f   pjsip-core-i386-win32-vc14-release:sip_ua_layer.obj
 0001:00017ef0       _create_uas_dialog         00418ef0 f   pjsip-core-i386-win32-vc14-release:sip_dialog.obj
 0001:00018720       _pjsip_dlg_add_usage       00419720 f   pjsip-core-i386-win32-vc14-release:sip_dialog.obj
 0001:00018850       _pjsip_dlg_create_request  00419850 f   pjsip-core-i386-win32-vc14-release:sip_dialog.obj
 0001:00018a20       _pjsip_dlg_create_response 00419a20 f   pjsip-core-i386-win32-vc14-release:sip_dialog.obj
 0001:00018ae0       _pjsip_dlg_create_uac      00419ae0 f   pjsip-core-i386-win32-vc14-release:sip_dialog.obj
 0001:00018eb0       _pjsip_dlg_create_uas_and_inc_lock 00419eb0 f   pjsip-core-i386-win32-vc14-release:sip_dialog.obj
 0001:00018ed0       _pjsip_dlg_dec_lock        00419ed0 f   pjsip-core-i386-win32-vc14-release:sip_dialog.obj
 0001:00018f30       _pjsip_dlg_dec_session     00419f30 f   pjsip-core-i386-win32-vc14-release:sip_dialog.obj
 0001:00018fb0       _pjsip_dlg_get_remote_cap_hdr 00419fb0 f   pjsip-core-i386-win32-vc14-release:sip_dialog.obj
 0001:00019060       _pjsip_dlg_inc_lock        0041a060 f   pjsip-core-i386-win32-vc14-release:sip_dialog.obj
 0001:00019090       _pjsip_dlg_inc_session     0041a090 f   pjsip-core-i386-win32-vc14-release:sip_dialog.obj
 0001:00019110       _pjsip_dlg_modify_response 0041a110 f   pjsip-core-i386-win32-vc14-release:sip_dialog.obj
 0001:00019200       _pjsip_dlg_on_rx_request   0041a200 f   pjsip-core-i386-win32-vc14-release:sip_dialog.obj
 0001:000194f0       _pjsip_dlg_on_rx_response  0041a4f0 f   pjsip-core-i386-win32-vc14-release:sip_dialog.obj
 0001:00019890       _pjsip_dlg_on_tsx_state    0041a890 f   pjsip-core-i386-win32-vc14-release:sip_dialog.obj
 0001:000199a0       _pjsip_dlg_remote_has_cap  0041a9a0 f   pjsip-core-i386-win32-vc14-release:sip_dialog.obj
 0001:00019a90       _pjsip_dlg_send_request    0041aa90 f   pjsip-core-i386-win32-vc14-release:sip_dialog.obj
 0001:00019c80       _pjsip_dlg_send_response   0041ac80 f   pjsip-core-i386-win32-vc14-release:sip_dialog.obj
 0001:00019d90       _pjsip_dlg_terminate       0041ad90 f   pjsip-core-i386-win32-vc14-release:sip_dialog.obj
 0001:00019dc0       _pjsip_dlg_try_inc_lock    0041adc0 f   pjsip-core-i386-win32-vc14-release:sip_dialog.obj
 0001:00019e00       _pjsip_dlg_update_remote_cap 0041ae00 f   pjsip-core-i386-win32-vc14-release:sip_dialog.obj
 0001:0001a160       _pjsip_method_creates_dialog 0041b160 f   pjsip-core-i386-win32-vc14-release:sip_dialog.obj
 0001:0001a5d0       _pjsip_auth_clt_deinit     0041b5d0 f   pjsip-core-i386-win32-vc14-release:sip_auth_client.obj
 0001:0001a620       _pjsip_auth_clt_init       0041b620 f   pjsip-core-i386-win32-vc14-release:sip_auth_client.obj
 0001:0001a670       _pjsip_auth_clt_init_req   0041b670 f   pjsip-core-i386-win32-vc14-release:sip_auth_client.obj
 0001:0001a890       _pjsip_auth_clt_reinit_req 0041b890 f   pjsip-core-i386-win32-vc14-release:sip_auth_client.obj
 0001:0001ab60       _pjsip_auth_create_digest  0041bb60 f   pjsip-core-i386-win32-vc14-release:sip_auth_client.obj
 0001:0001b2d0       _deinit_sip_parser         0041c2d0 f   pjsip-core-i386-win32-vc14-release:sip_parser.obj
 0001:0001bbb0       _init_sip_parser           0041cbb0 f   pjsip-core-i386-win32-vc14-release:sip_parser.obj
 0001:0001e290       _pjsip_find_msg            0041f290 f   pjsip-core-i386-win32-vc14-release:sip_parser.obj
 0001:0001e5b0       _pjsip_parse_end_hdr_imp   0041f5b0 f   pjsip-core-i386-win32-vc14-release:sip_parser.obj
 0001:0001e5e0       _pjsip_parse_hdr           0041f5e0 f   pjsip-core-i386-win32-vc14-release:sip_parser.obj
 0001:0001e6d0       _pjsip_parse_headers       0041f6d0 f   pjsip-core-i386-win32-vc14-release:sip_parser.obj
 0001:0001e9b0       _pjsip_parse_param_imp     0041f9b0 f   pjsip-core-i386-win32-vc14-release:sip_parser.obj
 0001:0001e9e0       _pjsip_parse_rdata         0041f9e0 f   pjsip-core-i386-win32-vc14-release:sip_parser.obj
 0001:0001ea40       _pjsip_parse_uri           0041fa40 f   pjsip-core-i386-win32-vc14-release:sip_parser.obj
 0001:0001eb00       _pjsip_parser_const        0041fb00 f   pjsip-core-i386-win32-vc14-release:sip_parser.obj
 0001:0001eb10       _pjsip_register_hdr_parser 0041fb10 f   pjsip-core-i386-win32-vc14-release:sip_parser.obj
 0001:0001ec00       _pjsip_register_uri_parser 0041fc00 f   pjsip-core-i386-win32-vc14-release:sip_parser.obj
 0001:0001f180       _pjsip_multipart_find_part 00420180 f   pjsip-core-i386-win32-vc14-release:sip_multipart.obj
 0001:0001f1e0       _pjsip_multipart_parse     004201e0 f   pjsip-core-i386-win32-vc14-release:sip_multipart.obj
 0001:00020070       _pjsip_name_addr_assign    00421070 f   pjsip-core-i386-win32-vc14-release:sip_uri.obj
 0001:000200b0       _pjsip_name_addr_create    004210b0 f   pjsip-core-i386-win32-vc14-release:sip_uri.obj
 0001:000200e0       _pjsip_name_addr_init      004210e0 f   pjsip-core-i386-win32-vc14-release:sip_uri.obj
 0001:00020110       _pjsip_other_uri_create    00421110 f   pjsip-core-i386-win32-vc14-release:sip_uri.obj
 0001:00020130       _pjsip_param_clone         00421130 f   pjsip-core-i386-win32-vc14-release:sip_uri.obj
 0001:000201a0       _pjsip_param_cmp           004211a0 f   pjsip-core-i386-win32-vc14-release:sip_uri.obj
 0001:00020240       _pjsip_param_find          00421240 f   pjsip-core-i386-win32-vc14-release:sip_uri.obj
 0001:00020280       _pjsip_param_print_on      00421280 f   pjsip-core-i386-win32-vc14-release:sip_uri.obj
 0001:00020380       _pjsip_param_shallow_clone 00421380 f   pjsip-core-i386-win32-vc14-release:sip_uri.obj
 0001:000203e0       _pjsip_sip_uri_create      004213e0 f   pjsip-core-i386-win32-vc14-release:sip_uri.obj
 0001:000206e0       _pjsip_resolve             004216e0 f   pjsip-core-i386-win32-vc14-release:sip_resolve.obj
 0001:00020d90       _pjsip_resolver_create     00421d90 f   pjsip-core-i386-win32-vc14-release:sip_resolve.obj
 0001:00020dc0       _pjsip_resolver_destroy    00421dc0 f   pjsip-core-i386-win32-vc14-release:sip_resolve.obj
 0001:00020fc0       _pjsip_strerror            00421fc0 f   pjsip-core-i386-win32-vc14-release:sip_errno.obj
 0001:00021430       _pjsip_tel_nb_cmp          00422430 f   pjsip-core-i386-win32-vc14-release:sip_tel_uri.obj
 0001:00021550       _pjsip_tel_uri_subsys_init 00422550 f   pjsip-core-i386-win32-vc14-release:sip_tel_uri.obj
 0001:00021ef0       _pjsip_authorization_hdr_create 00422ef0 f   pjsip-core-i386-win32-vc14-release:sip_auth_msg.obj
 0001:00021f60       _pjsip_proxy_authenticate_hdr_create 00422f60 f   pjsip-core-i386-win32-vc14-release:sip_auth_msg.obj
 0001:00021fd0       _pjsip_proxy_authorization_hdr_create 00422fd0 f   pjsip-core-i386-win32-vc14-release:sip_auth_msg.obj
 0001:00022040       _pjsip_www_authenticate_hdr_create 00423040 f   pjsip-core-i386-win32-vc14-release:sip_auth_msg.obj
 0001:00023050       _pjsip_auth_init_parser    00424050 f   pjsip-core-i386-win32-vc14-release:sip_auth_parser.obj
 0001:000230b0       _pjmedia_aud_subsys_init   004240b0 f   pjmedia-audiodev-i386-win32-vc14-release:audiodev.obj
 0001:00023150       _pjmedia_aud_subsys_shutdown 00424150 f   pjmedia-audiodev-i386-win32-vc14-release:audiodev.obj
 0001:00023190       _pjmedia_audiodev_strerror 00424190 f   pjmedia-audiodev-i386-win32-vc14-release:errno.obj
 0001:000244e0       _pjmedia_wmme_factory      004254e0 f   pjmedia-audiodev-i386-win32-vc14-release:wmme_dev.obj
 0001:00024c70       _pjmedia_sdp_attr_add      00425c70 f   pjmedia-i386-win32-vc14-release:sdp.obj
 0001:00024cb0       _pjmedia_sdp_attr_create   00425cb0 f   pjmedia-i386-win32-vc14-release:sdp.obj
 0001:00024d10       _pjmedia_sdp_attr_create_rtcp 00425d10 f   pjmedia-i386-win32-vc14-release:sdp.obj
 0001:00024de0       _pjmedia_sdp_attr_find     00425de0 f   pjmedia-i386-win32-vc14-release:sdp.obj
 0001:00024e60       _pjmedia_sdp_attr_find2    00425e60 f   pjmedia-i386-win32-vc14-release:sdp.obj
 0001:00024ea0       _pjmedia_sdp_attr_get_fmtp 00425ea0 f   pjmedia-i386-win32-vc14-release:sdp.obj
 0001:00024f40       _pjmedia_sdp_attr_get_rtcp 00425f40 f   pjmedia-i386-win32-vc14-release:sdp.obj
 0001:00025080       _pjmedia_sdp_attr_get_rtpmap 00426080 f   pjmedia-i386-win32-vc14-release:sdp.obj
 0001:00025240       _pjmedia_sdp_attr_get_ssrc 00426240 f   pjmedia-i386-win32-vc14-release:sdp.obj
 0001:000253a0       _pjmedia_sdp_attr_remove   004263a0 f   pjmedia-i386-win32-vc14-release:sdp.obj
 0001:00025430       _pjmedia_sdp_attr_remove_all 00426430 f   pjmedia-i386-win32-vc14-release:sdp.obj
 0001:000254c0       _pjmedia_sdp_attr_to_rtpmap 004264c0 f   pjmedia-i386-win32-vc14-release:sdp.obj
 0001:00025510       _pjmedia_sdp_conn_clone    00426510 f   pjmedia-i386-win32-vc14-release:sdp.obj
 0001:00025580       _pjmedia_sdp_media_add_attr 00426580 f   pjmedia-i386-win32-vc14-release:sdp.obj
 0001:000255c0       _pjmedia_sdp_media_clone   004265c0 f   pjmedia-i386-win32-vc14-release:sdp.obj
 0001:000257b0       _pjmedia_sdp_media_clone_deactivate 004267b0 f   pjmedia-i386-win32-vc14-release:sdp.obj
 0001:00025910       _pjmedia_sdp_media_deactivate 00426910 f   pjmedia-i386-win32-vc14-release:sdp.obj
 0001:00025940       _pjmedia_sdp_media_find_attr 00426940 f   pjmedia-i386-win32-vc14-release:sdp.obj
 0001:00025970       _pjmedia_sdp_media_find_attr2 00426970 f   pjmedia-i386-win32-vc14-release:sdp.obj
 0001:000259d0       _pjmedia_sdp_media_remove_all_attr 004269d0 f   pjmedia-i386-win32-vc14-release:sdp.obj
 0001:00025a70       _pjmedia_sdp_media_remove_attr 00426a70 f   pjmedia-i386-win32-vc14-release:sdp.obj
 0001:00025ab0       _pjmedia_sdp_parse         00426ab0 f   pjmedia-i386-win32-vc14-release:sdp.obj
 0001:000264c0       _pjmedia_sdp_print         004274c0 f   pjmedia-i386-win32-vc14-release:sdp.obj
 0001:000264d0       _pjmedia_sdp_rtpmap_to_attr 004274d0 f   pjmedia-i386-win32-vc14-release:sdp.obj
 0001:00026620       _pjmedia_sdp_session_clone 00427620 f   pjmedia-i386-win32-vc14-release:sdp.obj
 0001:00026820       _pjmedia_sdp_transport_cmp 00427820 f   pjmedia-i386-win32-vc14-release:sdp.obj
 0001:00026870       _pjmedia_sdp_transport_get_proto 00427870 f   pjmedia-i386-win32-vc14-release:sdp.obj
 0001:000269b0       _pjmedia_sdp_validate      004279b0 f   pjmedia-i386-win32-vc14-release:sdp.obj
 0001:000269d0       _pjmedia_sdp_validate2     004279d0 f   pjmedia-i386-win32-vc14-release:sdp.obj
 0001:000271a0       _pjmedia_endpt_create2     004281a0 f   pjmedia-i386-win32-vc14-release:endpoint.obj
 0001:00027360       _pjmedia_endpt_create_pool 00428360 f   pjmedia-i386-win32-vc14-release:endpoint.obj
 0001:00027380       _pjmedia_endpt_destroy2    00428380 f   pjmedia-i386-win32-vc14-release:endpoint.obj
 0001:00027440       _pj_pool_getobjname        00428440 f   pjlib-i386-win32-vc14-release:pool.obj
 0001:00027440       _pjmedia_endpt_get_codec_mgr 00428440 f   pjmedia-i386-win32-vc14-release:endpoint.obj
 0001:00027450       _pjmedia_endpt_get_ioqueue 00428450 f   pjmedia-i386-win32-vc14-release:endpoint.obj
 0001:000274c0       _pjmedia_codec_g711_deinit 004284c0 f   pjmedia-i386-win32-vc14-release:g711.obj
 0001:00027ba0       _pjmedia_codec_g711_init   00428ba0 f   pjmedia-i386-win32-vc14-release:g711.obj
 0001:00027ca0       _pjmedia_rtp_decode_rtp    00428ca0 f   pjmedia-i386-win32-vc14-release:rtp.obj
 0001:00027d30       _pjmedia_rtp_encode_rtp    00428d30 f   pjmedia-i386-win32-vc14-release:rtp.obj
 0001:00027dc0       _pjmedia_rtp_seq_init      00428dc0 f   pjmedia-i386-win32-vc14-release:rtp.obj
 0001:00027df0       _pjmedia_rtp_seq_update    00428df0 f   pjmedia-i386-win32-vc14-release:rtp.obj
 0001:00027ef0       _pjmedia_rtp_session_init  00428ef0 f   pjmedia-i386-win32-vc14-release:rtp.obj
 0001:00027f90       _pjmedia_rtp_session_update 00428f90 f   pjmedia-i386-win32-vc14-release:rtp.obj
 0001:00027fb0       _pjmedia_rtp_session_update2 00428fb0 f   pjmedia-i386-win32-vc14-release:rtp.obj
 0001:00028520       _pjmedia_rtcp_build_rtcp   00429520 f   pjmedia-i386-win32-vc14-release:rtcp.obj
 0001:00028760       _pjmedia_rtcp_get_ntp_time 00429760 f   pjmedia-i386-win32-vc14-release:rtcp.obj
 0001:000288e0       _pjmedia_rtcp_init         004298e0 f   pjmedia-i386-win32-vc14-release:rtcp.obj
 0001:000289e0       _pjmedia_rtcp_rx_rtcp      004299e0 f   pjmedia-i386-win32-vc14-release:rtcp.obj
 0001:00028cb0       _pjmedia_rtcp_rx_rtp       00429cb0 f   pjmedia-i386-win32-vc14-release:rtcp.obj
 0001:00028cd0       _pjmedia_rtcp_rx_rtp2      00429cd0 f   pjmedia-i386-win32-vc14-release:rtcp.obj
 0001:00028ea0       _pjmedia_rtcp_tx_rtp       00429ea0 f   pjmedia-i386-win32-vc14-release:rtcp.obj
 0001:00029810       _pjmedia_sdp_neg_cancel_offer 0042a810 f   pjmedia-i386-win32-vc14-release:sdp_neg.obj
 0001:00029880       _pjmedia_sdp_neg_create_w_local_offer 0042a880 f   pjmedia-i386-win32-vc14-release:sdp_neg.obj
 0001:00029910       _pjmedia_sdp_neg_create_w_remote_offer 0042a910 f   pjmedia-i386-win32-vc14-release:sdp_neg.obj
 0001:000299e0       _pjmedia_sdp_neg_fmt_match 0042a9e0 f   pjmedia-i386-win32-vc14-release:sdp_neg.obj
 0001:00029b10       _pjmedia_sdp_neg_get_active_local 0042ab10 f   pjmedia-i386-win32-vc14-release:sdp_neg.obj
 0001:00029b40       _pjmedia_sdp_neg_get_active_remote 0042ab40 f   pjmedia-i386-win32-vc14-release:sdp_neg.obj
 0001:00029b70       _pjmedia_sdp_neg_get_neg_local 0042ab70 f   pjmedia-i386-win32-vc14-release:sdp_neg.obj
 0001:00029ba0       _pjmedia_sdp_neg_get_state 0042aba0 f   pjmedia-i386-win32-vc14-release:sdp_neg.obj
 0001:00029bb0       _pjmedia_sdp_neg_has_local_answer 0042abb0 f   pjmedia-i386-win32-vc14-release:sdp_neg.obj
 0001:00029bc0       _pjmedia_sdp_neg_modify_local_offer2 0042abc0 f   pjmedia-i386-win32-vc14-release:sdp_neg.obj
 0001:00029de0       _pjmedia_sdp_neg_negotiate 0042ade0 f   pjmedia-i386-win32-vc14-release:sdp_neg.obj
 0001:0002a190       _pjmedia_sdp_neg_send_local_offer 0042b190 f   pjmedia-i386-win32-vc14-release:sdp_neg.obj
 0001:0002a220       _pjmedia_sdp_neg_set_local_answer 0042b220 f   pjmedia-i386-win32-vc14-release:sdp_neg.obj
 0001:0002a2b0       _pjmedia_sdp_neg_set_remote_answer 0042b2b0 f   pjmedia-i386-win32-vc14-release:sdp_neg.obj
 0001:0002a300       _pjmedia_sdp_neg_set_remote_offer 0042b300 f   pjmedia-i386-win32-vc14-release:sdp_neg.obj
 0001:0002a350       _pjmedia_sdp_neg_state_str 0042b350 f   pjmedia-i386-win32-vc14-release:sdp_neg.obj
 0001:0002b1c0       _pjmedia_stream_info_from_sdp 0042c1c0 f   pjmedia-i386-win32-vc14-release:stream_info.obj
 0001:0002c4d0       _pjmedia_transport_udp_attach 0042d4d0 f   pjmedia-i386-win32-vc14-release:transport_udp.obj
 0001:0002c820       _pjmedia_transport_udp_create2 0042d820 f   pjmedia-i386-win32-vc14-release:transport_udp.obj
 0001:0002ce70       _pjmedia_aud_driver_deinit 0042de70 f   pjmedia-i386-win32-vc14-release:audiodev.obj
 0001:0002cf40       _pjmedia_aud_driver_init   0042df40 f   pjmedia-i386-win32-vc14-release:audiodev.obj
 0001:0002d1c0       _pjmedia_aud_stream_get_param 0042e1c0 f   pjmedia-i386-win32-vc14-release:audiodev.obj
 0001:0002d220       _pjmedia_get_aud_subsys    0042e220 f   pjmedia-i386-win32-vc14-release:audiodev.obj
 0001:0002d3e0       _pjmedia_event_init        0042e3e0 f   pjmedia-i386-win32-vc14-release:event.obj
 0001:0002d420       _pjmedia_event_publish     0042e420 f   pjmedia-i386-win32-vc14-release:event.obj
 0001:0002d550       _pjmedia_codec_info_to_id  0042e550 f   pjmedia-i386-win32-vc14-release:codec.obj
 0001:0002d5a0       _pjmedia_codec_mgr_destroy 0042e5a0 f   pjmedia-i386-win32-vc14-release:codec.obj
 0001:0002d630       _pjmedia_codec_mgr_find_codecs_by_id 0042e630 f   pjmedia-i386-win32-vc14-release:codec.obj
 0001:0002d710       _pjmedia_codec_mgr_get_codec_info 0042e710 f   pjmedia-i386-win32-vc14-release:codec.obj
 0001:0002d790       _pjmedia_codec_mgr_get_default_param 0042e790 f   pjmedia-i386-win32-vc14-release:codec.obj
 0001:0002d900       _pjmedia_codec_mgr_init    0042e900 f   pjmedia-i386-win32-vc14-release:codec.obj
 0001:0002d970       _pjmedia_codec_mgr_register_factory 0042e970 f   pjmedia-i386-win32-vc14-release:codec.obj
 0001:0002db30       _pjmedia_codec_mgr_unregister_factory 0042eb30 f   pjmedia-i386-win32-vc14-release:codec.obj
 0001:0002dcc0       _pjmedia_strerror          0042ecc0 f   pjmedia-i386-win32-vc14-release:errno.obj
 0001:0002de60       _pjmedia_plc_create        0042ee60 f   pjmedia-i386-win32-vc14-release:plc_common.obj
 0001:0002dec0       _pjmedia_plc_generate      0042eec0 f   pjmedia-i386-win32-vc14-release:plc_common.obj
 0001:0002def0       _pjmedia_plc_save          0042eef0 f   pjmedia-i386-win32-vc14-release:plc_common.obj
 0001:0002df20       _pjmedia_silence_det_apply 0042ef20 f   pjmedia-i386-win32-vc14-release:silencedet.obj
 0001:0002e100       _pjmedia_silence_det_create 0042f100 f   pjmedia-i386-win32-vc14-release:silencedet.obj
 0001:0002e180       _pjmedia_silence_det_detect 0042f180 f   pjmedia-i386-win32-vc14-release:silencedet.obj
 0001:0002e300       _pjmedia_rtcp_fb_decode_sdp 0042f300 f   pjmedia-i386-win32-vc14-release:rtcp_fb.obj
 0001:0002e630       _pjmedia_rtcp_fb_parse_nack 0042f630 f   pjmedia-i386-win32-vc14-release:rtcp_fb.obj
 0001:0002e700       _pjmedia_stream_info_parse_fmtp 0042f700 f   pjmedia-i386-win32-vc14-release:stream_common.obj
 0001:00030670       _get_libsrtp_errstr        00431670 f   pjmedia-i386-win32-vc14-release:transport_srtp.obj
 0001:00030920       _pjmedia_transport_srtp_start 00431920 f   pjmedia-i386-win32-vc14-release:transport_srtp.obj
 0001:00030fc0       _pjmedia_transport_srtp_stop 00431fc0 f   pjmedia-i386-win32-vc14-release:transport_srtp.obj
 0001:00031cf0       _pjmedia_wsola_create      00432cf0 f   pjmedia-i386-win32-vc14-release:wsola.obj
 0001:00032040       _pjmedia_wsola_generate    00433040 f   pjmedia-i386-win32-vc14-release:wsola.obj
 0001:00032110       _pjmedia_wsola_save        00433110 f   pjmedia-i386-win32-vc14-release:wsola.obj
 0001:000325a0       _pjlib_util_init           004335a0 f   pjlib-util-i386-win32-vc14-release:errno.obj
 0001:000325c0       _pjlib_util_strerror       004335c0 f   pjlib-util-i386-win32-vc14-release:errno.obj
 0001:00032f40       _pj_getopt_long            00433f40 f   pjlib-util-i386-win32-vc14-release:getopt.obj
 0001:00032f60       _pj_cis_add_alpha          00433f60 f   pjlib-util-i386-win32-vc14-release:scanner.obj
 0001:00032fb0       _pj_cis_add_cis            00433fb0 f   pjlib-util-i386-win32-vc14-release:scanner.obj
 0001:00032ff0       _pj_cis_add_num            00433ff0 f   pjlib-util-i386-win32-vc14-release:scanner.obj
 0001:00033020       _pj_cis_add_str            00434020 f   pjlib-util-i386-win32-vc14-release:scanner.obj
 0001:00033050       _pj_cis_buf_init           00434050 f   pjlib-util-i386-win32-vc14-release:scanner.obj
 0001:00033080       _pj_cis_del_str            00434080 f   pjlib-util-i386-win32-vc14-release:scanner.obj
 0001:000330b0       _pj_cis_dup                004340b0 f   pjlib-util-i386-win32-vc14-release:scanner.obj
 0001:00033140       _pj_cis_init               00434140 f   pjlib-util-i386-win32-vc14-release:scanner.obj
 0001:00033190       _pj_cis_invert             00434190 f   pjlib-util-i386-win32-vc14-release:scanner.obj
 0001:000331d0       _pj_scan_advance_n         004341d0 f   pjlib-util-i386-win32-vc14-release:scanner.obj
 0001:00033210       _pj_scan_fini              00434210 f   pjlib-util-i386-win32-vc14-release:scanner.obj
 0001:00033230       _pj_scan_get               00434230 f   pjlib-util-i386-win32-vc14-release:scanner.obj
 0001:000332a0       _pj_scan_get_char          004342a0 f   pjlib-util-i386-win32-vc14-release:scanner.obj
 0001:000332e0       _pj_scan_get_n             004342e0 f   pjlib-util-i386-win32-vc14-release:scanner.obj
 0001:00033330       _pj_scan_get_newline       00434330 f   pjlib-util-i386-win32-vc14-release:scanner.obj
 0001:00033370       _pj_scan_get_quote         00434370 f   pjlib-util-i386-win32-vc14-release:scanner.obj
 0001:00033440       _pj_scan_get_until_ch      00434440 f   pjlib-util-i386-win32-vc14-release:scanner.obj
 0001:000334a0       _pj_scan_get_until_chr     004344a0 f   pjlib-util-i386-win32-vc14-release:scanner.obj
 0001:00033530       _pj_scan_init              00434530 f   pjlib-util-i386-win32-vc14-release:scanner.obj
 0001:00033580       _pj_scan_peek              00434580 f   pjlib-util-i386-win32-vc14-release:scanner.obj
 0001:000335e0       _pj_scan_skip_line         004345e0 f   pjlib-util-i386-win32-vc14-release:scanner.obj
 0001:00033610       _pj_scan_skip_whitespace   00434610 f   pjlib-util-i386-win32-vc14-release:scanner.obj
 0001:00033700       _pj_str_unescape           00434700 f   pjlib-util-i386-win32-vc14-release:string.obj
 0001:000337e0       _pj_strncpy2_escape        004347e0 f   pjlib-util-i386-win32-vc14-release:string.obj
 0001:00033b00       _pj_dns_parse_addr_response 00434b00 f   pjlib-util-i386-win32-vc14-release:resolver.obj
 0001:00033dd0       _pj_dns_resolver_cancel_query 00434dd0 f   pjlib-util-i386-win32-vc14-release:resolver.obj
 0001:00033e50       _pj_dns_resolver_destroy   00434e50 f   pjlib-util-i386-win32-vc14-release:resolver.obj
 0001:00033ff0       _pj_dns_resolver_start_query 00434ff0 f   pjlib-util-i386-win32-vc14-release:resolver.obj
 0001:00034ed0       _pj_md5_final              00435ed0 f   pjlib-util-i386-win32-vc14-release:md5.obj
 0001:00034f60       _pj_md5_init               00435f60 f   pjlib-util-i386-win32-vc14-release:md5.obj
 0001:00034fa0       _pj_md5_update             00435fa0 f   pjlib-util-i386-win32-vc14-release:md5.obj
 0001:00035070       _pj_dns_get_type_name      00436070 f   pjlib-util-i386-win32-vc14-release:dns.obj
 0001:00035120       _pj_dns_make_query         00436120 f   pjlib-util-i386-win32-vc14-release:dns.obj
 0001:000360b0       _pj_dns_srv_resolve        004370b0 f   pjlib-util-i386-win32-vc14-release:srv_resolver.obj
 0001:00036230       _pj_base64_decode          00437230 f   pjlib-util-i386-win32-vc14-release:base64.obj
 0001:00036420       _pj_base64_encode          00437420 f   pjlib-util-i386-win32-vc14-release:base64.obj
 0001:00036620       _pj_atexit                 00437620 f   pjlib-i386-win32-vc14-release:os_core_win32.obj
 0001:00036650       _pj_atomic_create          00437650 f   pjlib-i386-win32-vc14-release:os_core_win32.obj
 0001:00036680       _pj_atomic_dec_and_get     00437680 f   pjlib-i386-win32-vc14-release:os_core_win32.obj
 0001:000366d0       _pj_atomic_destroy         004376d0 f   pjlib-i386-win32-vc14-release:os_core_win32.obj
 0001:000366f0       _pj_atomic_get             004376f0 f   pjlib-i386-win32-vc14-release:os_core_win32.obj
 0001:00036740       _pj_atomic_inc             00437740 f   pjlib-i386-win32-vc14-release:os_core_win32.obj
 0001:00036790       _pj_atomic_inc_and_get     00437790 f   pjlib-i386-win32-vc14-release:os_core_win32.obj
 0001:000367e0       _pj_atomic_set             004377e0 f   pjlib-i386-win32-vc14-release:os_core_win32.obj
 0001:00036830       _pj_enter_critical_section 00437830 f   pjlib-i386-win32-vc14-release:os_core_win32.obj
 0001:00036890       _pj_init                   00437890 f   pjlib-i386-win32-vc14-release:os_core_win32.obj
 0001:00036aa0       _pj_leave_critical_section 00437aa0 f   pjlib-i386-win32-vc14-release:os_core_win32.obj
 0001:00036b00       _pj_mutex_create           00437b00 f   pjlib-i386-win32-vc14-release:os_core_win32.obj
 0001:00036b50       _pj_mutex_create_recursive 00437b50 f   pjlib-i386-win32-vc14-release:os_core_win32.obj
 0001:00036b50       _pj_mutex_create_simple    00437b50 f   pjlib-i386-win32-vc14-release:os_core_win32.obj
 0001:00036ba0       _pj_mutex_destroy          00437ba0 f   pjlib-i386-win32-vc14-release:os_core_win32.obj
 0001:00036c10       _pj_mutex_lock             00437c10 f   pjlib-i386-win32-vc14-release:os_core_win32.obj
 0001:00036c80       _pj_mutex_trylock          00437c80 f   pjlib-i386-win32-vc14-release:os_core_win32.obj
 0001:00036d00       _pj_mutex_unlock           00437d00 f   pjlib-i386-win32-vc14-release:os_core_win32.obj
 0001:00036d70       _pj_rwmutex_create         00437d70 f   pjlib-i386-win32-vc14-release:os_core_win32.obj
 0001:00036f10       _pj_rwmutex_destroy        00437f10 f   pjlib-i386-win32-vc14-release:os_core_win32.obj
 0001:00036fa0       _pj_rwmutex_lock_read      00437fa0 f   pjlib-i386-win32-vc14-release:os_core_win32.obj
 0001:00036ff0       _pj_rwmutex_lock_write     00437ff0 f   pjlib-i386-win32-vc14-release:os_core_win32.obj
 0001:00037010       _pj_rwmutex_unlock_read    00438010 f   pjlib-i386-win32-vc14-release:os_core_win32.obj
 0001:00037050       _pj_rwmutex_unlock_write   00438050 f   pjlib-i386-win32-vc14-release:os_core_win32.obj
 0001:00037070       _pj_sem_destroy            00438070 f   pjlib-i386-win32-vc14-release:os_core_win32.obj
 0001:00037100       _pj_sem_post               00438100 f   pjlib-i386-win32-vc14-release:os_core_win32.obj
 0001:000371a0       _pj_sem_trywait            004381a0 f   pjlib-i386-win32-vc14-release:os_core_win32.obj
 0001:00037200       _pj_sem_wait               00438200 f   pjlib-i386-win32-vc14-release:os_core_win32.obj
 0001:00037310       _pj_shutdown               00438310 f   pjlib-i386-win32-vc14-release:os_core_win32.obj
 0001:00037450       _pj_term_set_color         00438450 f   pjlib-i386-win32-vc14-release:os_core_win32.obj
 0001:00037520       _pj_thread_check_stack     00438520 f   pjlib-i386-win32-vc14-release:os_core_win32.obj
 0001:00037570       _pj_thread_create          00438570 f   pjlib-i386-win32-vc14-release:os_core_win32.obj
 0001:000376c0       _pj_thread_destroy         004386c0 f   pjlib-i386-win32-vc14-release:os_core_win32.obj
 0001:00037750       _pj_thread_get_name        00438750 f   pjlib-i386-win32-vc14-release:os_core_win32.obj
 0001:000377a0       _pj_thread_join            004387a0 f   pjlib-i386-win32-vc14-release:os_core_win32.obj
 0001:00037860       _pj_thread_local_alloc     00438860 f   pjlib-i386-win32-vc14-release:os_core_win32.obj
 0001:000378b0       _pj_thread_local_free      004388b0 f   pjlib-i386-win32-vc14-release:os_core_win32.obj
 0001:00037900       _pj_thread_local_get       00438900 f   pjlib-i386-win32-vc14-release:os_core_win32.obj
 0001:00037910       _pj_thread_local_set       00438910 f   pjlib-i386-win32-vc14-release:os_core_win32.obj
 0001:00037950       _pj_thread_sleep           00438950 f   pjlib-i386-win32-vc14-release:os_core_win32.obj
 0001:000379a0       _pj_thread_this            004389a0 f   pjlib-i386-win32-vc14-release:os_core_win32.obj
 0001:00037a30       _pj_time_val_normalize     00438a30 f   pjlib-i386-win32-vc14-release:types.obj
 0001:00037ae0       _pj_errno_clear_handlers   00438ae0 f   pjlib-i386-win32-vc14-release:errno.obj
 0001:00037b00       _pj_perror                 00438b00 f   pjlib-i386-win32-vc14-release:errno.obj
 0001:00037b20       _pj_perror_1               00438b20 f   pjlib-i386-win32-vc14-release:errno.obj
 0001:00037b40       _pj_perror_2               00438b40 f   pjlib-i386-win32-vc14-release:errno.obj
 0001:00037b60       _pj_perror_3               00438b60 f   pjlib-i386-win32-vc14-release:errno.obj
 0001:00037b80       _pj_perror_4               00438b80 f   pjlib-i386-win32-vc14-release:errno.obj
 0001:00037d70       _pj_register_strerror      00438d70 f   pjlib-i386-win32-vc14-release:errno.obj
 0001:00037e40       _pj_strerror               00438e40 f   pjlib-i386-win32-vc14-release:errno.obj
 0001:00037f80       _pj_gethostname            00438f80 f   pjlib-i386-win32-vc14-release:sock_bsd.obj
 0001:00038000       _pj_htonl                  00439000 f   pjlib-i386-win32-vc14-release:sock_bsd.obj
 0001:00038010       _pj_htons                  00439010 f   pjlib-i386-win32-vc14-release:sock_bsd.obj
 0001:00038020       _pj_inet_aton              00439020 f   pjlib-i386-win32-vc14-release:sock_bsd.obj
 0001:000380b0       _pj_inet_ntop              004390b0 f   pjlib-i386-win32-vc14-release:sock_bsd.obj
 0001:000381d0       _pj_inet_pton              004391d0 f   pjlib-i386-win32-vc14-release:sock_bsd.obj
 0001:00038330       _pj_ntohl                  00439330 f   pjlib-i386-win32-vc14-release:sock_bsd.obj
 0001:00038340       _pj_ntohs                  00439340 f   pjlib-i386-win32-vc14-release:sock_bsd.obj
 0001:00038350       _pj_sock_accept            00439350 f   pjlib-i386-win32-vc14-release:sock_bsd.obj
 0001:000383c0       _pj_sock_bind              004393c0 f   pjlib-i386-win32-vc14-release:sock_bsd.obj
 0001:00038430       _pj_sock_close             00439430 f   pjlib-i386-win32-vc14-release:sock_bsd.obj
 0001:00038480       _pj_sock_connect           00439480 f   pjlib-i386-win32-vc14-release:sock_bsd.obj
 0001:000384e0       _pj_sock_getsockname       004394e0 f   pjlib-i386-win32-vc14-release:sock_bsd.obj
 0001:00038540       _pj_sock_getsockopt        00439540 f   pjlib-i386-win32-vc14-release:sock_bsd.obj
 0001:000385b0       _pj_sock_recv              004395b0 f   pjlib-i386-win32-vc14-release:sock_bsd.obj
 0001:00038620       _pj_sock_recvfrom          00439620 f   pjlib-i386-win32-vc14-release:sock_bsd.obj
 0001:00038690       _pj_sock_send              00439690 f   pjlib-i386-win32-vc14-release:sock_bsd.obj
 0001:00038700       _pj_sock_sendto            00439700 f   pjlib-i386-win32-vc14-release:sock_bsd.obj
 0001:00038770       _pj_sock_setsockopt        00439770 f   pjlib-i386-win32-vc14-release:sock_bsd.obj
 0001:000387f0       _pj_sock_setsockopt_params 004397f0 f   pjlib-i386-win32-vc14-release:sock_bsd.obj
 0001:00038900       _pj_sock_socket            00439900 f   pjlib-i386-win32-vc14-release:sock_bsd.obj
 0001:000389b0       _pj_addr_str_print         004399b0 f   pjlib-i386-win32-vc14-release:sock_common.obj
 0001:00038a80       _pj_gethostip              00439a80 f   pjlib-i386-win32-vc14-release:sock_common.obj
 0001:00039440       _pj_getipinterface         0043a440 f   pjlib-i386-win32-vc14-release:sock_common.obj
 0001:00039650       _pj_sockaddr_cmp           0043a650 f   pjlib-i386-win32-vc14-release:sock_common.obj
 0001:000397d0       _pj_sockaddr_cp            0043a7d0 f   pjlib-i386-win32-vc14-release:sock_common.obj
 0001:00039830       _pj_sockaddr_get_addr      0043a830 f   pjlib-i386-win32-vc14-release:sock_common.obj
 0001:00039870       _pj_sockaddr_get_addr_len  0043a870 f   pjlib-i386-win32-vc14-release:sock_common.obj
 0001:000398b0       _pj_sockaddr_get_len       0043a8b0 f   pjlib-i386-win32-vc14-release:sock_common.obj
 0001:000398f0       _pj_sockaddr_get_port      0043a8f0 f   pjlib-i386-win32-vc14-release:sock_common.obj
 0001:00039920       _pj_sockaddr_has_addr      0043a920 f   pjlib-i386-win32-vc14-release:sock_common.obj
 0001:000399d0       _pj_sockaddr_in_init       0043a9d0 f   pjlib-i386-win32-vc14-release:sock_common.obj
 0001:00039a20       _pj_sockaddr_in_set_str_addr 0043aa20 f   pjlib-i386-win32-vc14-release:sock_common.obj
 0001:00039b10       _pj_sockaddr_init          0043ab10 f   pjlib-i386-win32-vc14-release:sock_common.obj
 0001:00039cb0       _pj_sockaddr_print         0043acb0 f   pjlib-i386-win32-vc14-release:sock_common.obj
 0001:00039dc0       _pj_sockaddr_set_port      0043adc0 f   pjlib-i386-win32-vc14-release:sock_common.obj
 0001:00039e00       _pj_sockaddr_synthesize    0043ae00 f   pjlib-i386-win32-vc14-release:sock_common.obj
 0001:00039f60       _pj_NO_MEMORY_EXCEPTION    0043af60 f   pjlib-i386-win32-vc14-release:pool.obj
 0001:00039f70       _pj_pool_alloc             0043af70 f   pjlib-i386-win32-vc14-release:pool.obj
 0001:0003a0e0       _pj_pool_calloc            0043b0e0 f   pjlib-i386-win32-vc14-release:pool.obj
 0001:0003a110       _pj_pool_create            0043b110 f   pjlib-i386-win32-vc14-release:pool.obj
 0001:0003a120       _pj_pool_create_int        0043b120 f   pjlib-i386-win32-vc14-release:pool.obj
 0001:0003a230       _pj_pool_destroy_int       0043b230 f   pjlib-i386-win32-vc14-release:pool.obj
 0001:0003a270       _pj_pool_get_capacity      0043b270 f   pjlib-i386-win32-vc14-release:pool.obj
 0001:0003a280       _pj_pool_get_used_size     0043b280 f   pjlib-i386-win32-vc14-release:pool.obj
 0001:0003a2b0       _pj_pool_init_int          0043b2b0 f   pjlib-i386-win32-vc14-release:pool.obj
 0001:0003a320       _pj_pool_release           0043b320 f   pjlib-i386-win32-vc14-release:pool.obj
 0001:0003a340       _pj_pool_reset             0043b340 f   pjlib-i386-win32-vc14-release:pool.obj
 0001:0003a750       _pj_caching_pool_destroy   0043b750 f   pjlib-i386-win32-vc14-release:pool_caching.obj
 0001:0003a830       _pj_caching_pool_init      0043b830 f   pjlib-i386-win32-vc14-release:pool_caching.obj
 0001:0003a8f0       _pj_str                    0043b8f0 f   pjlib-i386-win32-vc14-release:string.obj
 0001:0003a910       _pj_strassign              0043b910 f   pjlib-i386-win32-vc14-release:string.obj
 0001:0003a930       _pj_strcat                 0043b930 f   pjlib-i386-win32-vc14-release:string.obj
 0001:0003a960       _pj_strcat2                0043b960 f   pjlib-i386-win32-vc14-release:string.obj
 0001:0003a9a0       _pj_strcmp                 0043b9a0 f   pjlib-i386-win32-vc14-release:string.obj
 0001:0003aa50       _pj_strcmp2                0043ba50 f   pjlib-i386-win32-vc14-release:string.obj
 0001:0003aab0       _pj_strcpy                 0043bab0 f   pjlib-i386-win32-vc14-release:string.obj
 0001:0003aae0       _pj_strcpy2                0043bae0 f   pjlib-i386-win32-vc14-release:string.obj
 0001:0003ab20       _pj_strdup                 0043bb20 f   pjlib-i386-win32-vc14-release:string.obj
 0001:0003ab60       _pj_strdup2                0043bb60 f   pjlib-i386-win32-vc14-release:string.obj
 0001:0003abc0       _pj_strdup2_with_null      0043bbc0 f   pjlib-i386-win32-vc14-release:string.obj
 0001:0003ac20       _pj_strdup_with_null       0043bc20 f   pjlib-i386-win32-vc14-release:string.obj
 0001:0003ac70       _pj_stricmp                0043bc70 f   pjlib-i386-win32-vc14-release:string.obj
 0001:0003acd0       _pj_stricmp2               0043bcd0 f   pjlib-i386-win32-vc14-release:string.obj
 0001:0003ad40       _pj_strltrim               0043bd40 f   pjlib-i386-win32-vc14-release:string.obj
 0001:0003ad80       _pj_strncpy                0043bd80 f   pjlib-i386-win32-vc14-release:string.obj
 0001:0003adc0       _pj_strncpy_with_null      0043bdc0 f   pjlib-i386-win32-vc14-release:string.obj
 0001:0003ae00       _pj_strnicmp               0043be00 f   pjlib-i386-win32-vc14-release:string.obj
 0001:0003ae40       _pj_strnicmp2              0043be40 f   pjlib-i386-win32-vc14-release:string.obj
 0001:0003aeb0       _pj_strstr                 0043beb0 f   pjlib-i386-win32-vc14-release:string.obj
 0001:0003af00       _pj_strtok                 0043bf00 f   pjlib-i386-win32-vc14-release:string.obj
 0001:0003aff0       _pj_strtok2                0043bff0 f   pjlib-i386-win32-vc14-release:string.obj
 0001:0003b0d0       _pj_strtol2                0043c0d0 f   pjlib-i386-win32-vc14-release:string.obj
 0001:0003b250       _pj_strtoul                0043c250 f   pjlib-i386-win32-vc14-release:string.obj
 0001:0003b2b0       _pj_strtoul2               0043c2b0 f   pjlib-i386-win32-vc14-release:string.obj
 0001:0003b360       _pj_strtoul3               0043c360 f   pjlib-i386-win32-vc14-release:string.obj
 0001:0003b4e0       _pj_strtrim                0043c4e0 f   pjlib-i386-win32-vc14-release:string.obj
 0001:0003b560       _pj_utoa                   0043c560 f   pjlib-i386-win32-vc14-release:string.obj
 0001:0003b5e0       _pj_utoa_pad               0043c5e0 f   pjlib-i386-win32-vc14-release:string.obj
 0001:0003b680       _pj_gettimeofday           0043c680 f   pjlib-i386-win32-vc14-release:os_time_win32.obj
 0001:0003b730       _pj_time_decode            0043c730 f   pjlib-i386-win32-vc14-release:os_time_win32.obj
 0001:0003b7e0       _pj_get_timestamp          0043c7e0 f   pjlib-i386-win32-vc14-release:os_timestamp_win32.obj
 0001:0003b840       _pj_get_timestamp_freq     0043c840 f   pjlib-i386-win32-vc14-release:os_timestamp_win32.obj
 0001:0003b8a0       _pj_log_write              0043c8a0 f   pjlib-i386-win32-vc14-release:log_writer_stdout.obj
 0001:0003b940       _pj_log                    0043c940 f   pjlib-i386-win32-vc14-release:log.obj
 0001:0003be40       _pj_log_1                  0043ce40 f   pjlib-i386-win32-vc14-release:log.obj
 0001:0003be60       _pj_log_2                  0043ce60 f   pjlib-i386-win32-vc14-release:log.obj
 0001:0003be80       _pj_log_3                  0043ce80 f   pjlib-i386-win32-vc14-release:log.obj
 0001:0003bea0       _pj_log_4                  0043cea0 f   pjlib-i386-win32-vc14-release:log.obj
 0001:0003bec0       _pj_log_5                  0043cec0 f   pjlib-i386-win32-vc14-release:log.obj
 0001:0003bee0       _pj_log_get_color          0043cee0 f   pjlib-i386-win32-vc14-release:log.obj
 0001:0003bf50       _pj_log_get_decor          0043cf50 f   pjlib-i386-win32-vc14-release:log.obj
 0001:0003bf60       _pj_log_get_level          0043cf60 f   pjlib-i386-win32-vc14-release:log.obj
 0001:0003bf70       _pj_log_init               0043cf70 f   pjlib-i386-win32-vc14-release:log.obj
 0001:0003bfe0       _pj_log_pop_indent         0043cfe0 f   pjlib-i386-win32-vc14-release:log.obj
 0001:0003c010       _pj_log_push_indent        0043d010 f   pjlib-i386-win32-vc14-release:log.obj
 0001:0003c040       _pj_log_set_decor          0043d040 f   pjlib-i386-win32-vc14-release:log.obj
 0001:0003c050       _pj_log_set_log_func       0043d050 f   pjlib-i386-win32-vc14-release:log.obj
 0001:0003c060       _pj_rand                   0043d060 f   pjlib-i386-win32-vc14-release:rand.obj
 0001:0003c150       _pj_list_erase             0043d150 f   pjlib-i386-win32-vc14-release:list.obj
 0001:0003c170       _pj_list_find_node         0043d170 f   pjlib-i386-win32-vc14-release:list.obj
 0001:0003c1a0       _pj_list_insert_after      0043d1a0 f   pjlib-i386-win32-vc14-release:list.obj
 0001:0003c1c0       _pj_list_insert_before     0043d1c0 f   pjlib-i386-win32-vc14-release:list.obj
 0001:0003c1e0       _pj_list_insert_nodes_before 0043d1e0 f   pjlib-i386-win32-vc14-release:list.obj
 0001:0003c200       _pj_list_search            0043d200 f   pjlib-i386-win32-vc14-release:list.obj
 0001:0003c240       _pj_list_size              0043d240 f   pjlib-i386-win32-vc14-release:list.obj
 0001:0003c510       _pj_grp_lock_acquire       0043d510 f   pjlib-i386-win32-vc14-release:lock.obj
 0001:0003c520       _pj_grp_lock_add_handler   0043d520 f   pjlib-i386-win32-vc14-release:lock.obj
 0001:0003c570       _pj_grp_lock_add_ref       0043d570 f   pjlib-i386-win32-vc14-release:lock.obj
 0001:0003c590       _pj_grp_lock_create        0043d590 f   pjlib-i386-win32-vc14-release:lock.obj
 0001:0003c680       _pj_grp_lock_create_w_handler 0043d680 f   pjlib-i386-win32-vc14-release:lock.obj
 0001:0003c7a0       _pj_grp_lock_dec_ref       0043d7a0 f   pjlib-i386-win32-vc14-release:lock.obj
 0001:0003c7d0       _pj_grp_lock_release       0043d7d0 f   pjlib-i386-win32-vc14-release:lock.obj
 0001:0003c7e0       _pj_grp_lock_tryacquire    0043d7e0 f   pjlib-i386-win32-vc14-release:lock.obj
 0001:0003c7f0       _pj_lock_acquire           0043d7f0 f   pjlib-i386-win32-vc14-release:lock.obj
 0001:0003c810       _pj_lock_create_null_mutex 0043d810 f   pjlib-i386-win32-vc14-release:lock.obj
 0001:0003c830       _pj_lock_create_recursive_mutex 0043d830 f   pjlib-i386-win32-vc14-release:lock.obj
 0001:0003c850       _pj_lock_create_simple_mutex 0043d850 f   pjlib-i386-win32-vc14-release:lock.obj
 0001:0003c870       _pj_lock_destroy           0043d870 f   pjlib-i386-win32-vc14-release:lock.obj
 0001:0003c890       _pj_lock_release           0043d890 f   pjlib-i386-win32-vc14-release:lock.obj
 0001:0003c8b0       _pj_lock_tryacquire        0043d8b0 f   pjlib-i386-win32-vc14-release:lock.obj
 0001:0003c8d0       _pj_array_erase            0043d8d0 f   pjlib-i386-win32-vc14-release:array.obj
 0001:0003c910       _pj_array_insert           0043d910 f   pjlib-i386-win32-vc14-release:array.obj
 0001:0003ca20       _pj_timer_entry_init       0043da20 f   pjlib-i386-win32-vc14-release:timer.obj
 0001:0003ca50       _pj_timer_entry_running    0043da50 f   pjlib-i386-win32-vc14-release:timer.obj
 0001:0003ca70       _pj_timer_heap_cancel      0043da70 f   pjlib-i386-win32-vc14-release:timer.obj
 0001:0003ca90       _pj_timer_heap_cancel_if_active 0043da90 f   pjlib-i386-win32-vc14-release:timer.obj
 0001:0003cab0       _pj_timer_heap_create      0043dab0 f   pjlib-i386-win32-vc14-release:timer.obj
 0001:0003cc60       _pj_timer_heap_destroy     0043dc60 f   pjlib-i386-win32-vc14-release:timer.obj
 0001:0003cc90       _pj_timer_heap_poll        0043dc90 f   pjlib-i386-win32-vc14-release:timer.obj
 0001:0003ce10       _pj_timer_heap_schedule    0043de10 f   pjlib-i386-win32-vc14-release:timer.obj
 0001:0003ce30       _pj_timer_heap_schedule_w_grp_lock 0043de30 f   pjlib-i386-win32-vc14-release:timer.obj
 0001:0003ce50       _pj_timer_heap_set_lock    0043de50 f   pjlib-i386-win32-vc14-release:timer.obj
 0001:0003ce80       _pj_timer_heap_set_max_timed_out_per_poll 0043de80 f   pjlib-i386-win32-vc14-release:timer.obj
 0001:0003d340       _ioqueue_dispatch_read_event 0043e340 f   pjlib-i386-win32-vc14-release:ioqueue_select.obj
 0001:0003d550       _ioqueue_dispatch_write_event 0043e550 f   pjlib-i386-win32-vc14-release:ioqueue_select.obj
 0001:0003d7e0       _pj_ioqueue_create         0043e7e0 f   pjlib-i386-win32-vc14-release:ioqueue_select.obj
 0001:0003d9b0       _pj_ioqueue_destroy        0043e9b0 f   pjlib-i386-win32-vc14-release:ioqueue_select.obj
 0001:0003da70       _pj_ioqueue_get_user_data  0043ea70 f   pjlib-i386-win32-vc14-release:ioqueue_select.obj
 0001:0003da90       _pj_ioqueue_is_pending     0043ea90 f   pjlib-i386-win32-vc14-release:ioqueue_select.obj
 0001:0003daa0       _pj_ioqueue_lock_key       0043eaa0 f   pjlib-i386-win32-vc14-release:ioqueue_select.obj
 0001:0003dad0       _pj_ioqueue_op_key_init    0043ead0 f   pjlib-i386-win32-vc14-release:ioqueue_select.obj
 0001:0003daf0       _pj_ioqueue_poll           0043eaf0 f   pjlib-i386-win32-vc14-release:ioqueue_select.obj
 0001:0003dfd0       _pj_ioqueue_post_completion 0043efd0 f   pjlib-i386-win32-vc14-release:ioqueue_select.obj
 0001:0003e130       _pj_ioqueue_recvfrom       0043f130 f   pjlib-i386-win32-vc14-release:ioqueue_select.obj
 0001:0003e270       _pj_ioqueue_register_sock  0043f270 f   pjlib-i386-win32-vc14-release:ioqueue_select.obj
 0001:0003e2a0       _pj_ioqueue_register_sock2 0043f2a0 f   pjlib-i386-win32-vc14-release:ioqueue_select.obj
 0001:0003e430       _pj_ioqueue_sendto         0043f430 f   pjlib-i386-win32-vc14-release:ioqueue_select.obj
 0001:0003e5d0       _pj_ioqueue_set_concurrency 0043f5d0 f   pjlib-i386-win32-vc14-release:ioqueue_select.obj
 0001:0003e5f0       _pj_ioqueue_unlock_key     0043f5f0 f   pjlib-i386-win32-vc14-release:ioqueue_select.obj
 0001:0003e620       _pj_ioqueue_unregister     0043f620 f   pjlib-i386-win32-vc14-release:ioqueue_select.obj
 0001:0003e820       _pj_exception_id_alloc     0043f820 f   pjlib-i386-win32-vc14-release:except.obj
 0001:0003e870       _pj_exception_id_free      0043f870 f   pjlib-i386-win32-vc14-release:except.obj
 0001:0003e8b0       _pj_exception_id_name      0043f8b0 f   pjlib-i386-win32-vc14-release:except.obj
 0001:0003e8f0       _pj_pop_exception_handler_ 0043f8f0 f   pjlib-i386-win32-vc14-release:except.obj
 0001:0003e920       _pj_push_exception_handler_ 0043f920 f   pjlib-i386-win32-vc14-release:except.obj
 0001:0003e970       _pj_throw_exception_       0043f970 f   pjlib-i386-win32-vc14-release:except.obj
 0001:0003ec00       _pj_hash_calc              0043fc00 f   pjlib-i386-win32-vc14-release:hash.obj
 0001:0003ec90       _pj_hash_calc_tolower      0043fc90 f   pjlib-i386-win32-vc14-release:hash.obj
 0001:0003ece0       _pj_hash_count             0043fce0 f   pjlib-i386-win32-vc14-release:hash.obj
 0001:0003ecf0       _pj_hash_create            0043fcf0 f   pjlib-i386-win32-vc14-release:hash.obj
 0001:0003ed40       _pj_hash_first             0043fd40 f   pjlib-i386-win32-vc14-release:hash.obj
 0001:0003ed80       _pj_hash_get               0043fd80 f   pjlib-i386-win32-vc14-release:hash.obj
 0001:0003edb0       _pj_hash_get_lower         0043fdb0 f   pjlib-i386-win32-vc14-release:hash.obj
 0001:0003ede0       _pj_hash_next              0043fde0 f   pjlib-i386-win32-vc14-release:hash.obj
 0001:0003ee30       _pj_hash_set               0043fe30 f   pjlib-i386-win32-vc14-release:hash.obj
 0001:0003ee90       _pj_hash_set_lower         0043fe90 f   pjlib-i386-win32-vc14-release:hash.obj
 0001:0003eef0       _pj_hash_set_np            0043fef0 f   pjlib-i386-win32-vc14-release:hash.obj
 0001:0003ef50       _pj_hash_set_np_lower      0043ff50 f   pjlib-i386-win32-vc14-release:hash.obj
 0001:0003efb0       _pj_hash_this              0043ffb0 f   pjlib-i386-win32-vc14-release:hash.obj
 0001:0003efd0       _pj_get_netos_error        0043ffd0 f   pjlib-i386-win32-vc14-release:os_error_win32.obj
 0001:0003f000       _pj_get_os_error           00440000 f   pjlib-i386-win32-vc14-release:os_error_win32.obj
 0001:0003f020       _platform_strerror         00440020 f   pjlib-i386-win32-vc14-release:os_error_win32.obj
 0001:0003f100       _pj_GUID_STRING_LENGTH     00440100 f   pjlib-i386-win32-vc14-release:guid_win32.obj
 0001:0003f110       _pj_generate_unique_string 00440110 f   pjlib-i386-win32-vc14-release:guid_win32.obj
 0001:0003f1c0       _pj_create_unique_string   004401c0 f   pjlib-i386-win32-vc14-release:guid.obj
 0001:0003f1f0       _pj_qos_get_params         004401f0 f   pjlib-i386-win32-vc14-release:sock_qos_common.obj
 0001:0003f220       _pj_sock_apply_qos2        00440220 f   pjlib-i386-win32-vc14-release:sock_qos_common.obj
 0001:0003f2f0       _pj_getaddrinfo            004402f0 f   pjlib-i386-win32-vc14-release:addr_resolv_sock.obj
 0001:0003f4b0       _pj_pool_create_on_buf     004404b0 f   pjlib-i386-win32-vc14-release:pool_buf.obj
 0001:0003f900       _pj_enum_ip_interface      00440900 f   pjlib-i386-win32-vc14-release:ip_helper_win32.obj
 0001:0003fb90       _pj_gettickcount           00440b90 f   pjlib-i386-win32-vc14-release:os_timestamp_common.obj
 0001:0003fc60       _PJ_FD_CLR                 00440c60 f   pjlib-i386-win32-vc14-release:sock_select.obj
 0001:0003fce0       _srtp_rdb_get_value        00440ce0 f   libsrtp-i386-win32-vc14-release:rdb.obj
 0001:0003fce0       _PJ_FD_COUNT               00440ce0 f   pjlib-i386-win32-vc14-release:sock_select.obj
 0001:0003fcf0       _PJ_FD_ISSET               00440cf0 f   pjlib-i386-win32-vc14-release:sock_select.obj
 0001:0003fd20       _PJ_FD_SET                 00440d20 f   pjlib-i386-win32-vc14-release:sock_select.obj
 0001:0003fd90       _PJ_FD_ZERO                00440d90 f   pjlib-i386-win32-vc14-release:sock_select.obj
 0001:0003fdc0       _pj_sock_select            00440dc0 f   pjlib-i386-win32-vc14-release:sock_select.obj
 0001:0003fe30       _pj_sock_set_qos_params    00440e30 f   pjlib-i386-win32-vc14-release:sock_qos_bsd.obj
 0001:0003ff50       _pj_sock_set_qos_type      00440f50 f   pjlib-i386-win32-vc14-release:sock_qos_bsd.obj
 0001:00040090       _srtp_event_reporter       00441090 f   libsrtp-i386-win32-vc14-release:srtp.obj
 0001:00040130       ___local_stdio_scanf_options 00441130 f i libsrtp-i386-win32-vc14-release:srtp.obj
 0001:000401c0       _srtp_add_stream           004411c0 f   libsrtp-i386-win32-vc14-release:srtp.obj
 0001:00040470       _srtp_create               00441470 f   libsrtp-i386-win32-vc14-release:srtp.obj
 0001:000404f0       _srtp_crypto_policy_set_aes_cm_256_hmac_sha1_32 004414f0 f   libsrtp-i386-win32-vc14-release:srtp.obj
 0001:00040530       _srtp_crypto_policy_set_aes_cm_256_hmac_sha1_80 00441530 f   libsrtp-i386-win32-vc14-release:srtp.obj
 0001:00040570       _srtp_dealloc              00441570 f   libsrtp-i386-win32-vc14-release:srtp.obj
 0001:00040850       _srtp_get_session_keys     00441850 f   libsrtp-i386-win32-vc14-release:srtp.obj
 0001:00040960       _srtp_inject_mki           00441960 f   libsrtp-i386-win32-vc14-release:srtp.obj
 0001:00040cb0       _srtp_protect              00441cb0 f   libsrtp-i386-win32-vc14-release:srtp.obj
 0001:00040fe0       _srtp_protect_mki          00441fe0 f   libsrtp-i386-win32-vc14-release:srtp.obj
 0001:00041590       _srtp_protect_rtcp         00442590 f   libsrtp-i386-win32-vc14-release:srtp.obj
 0001:000417c0       _srtp_protect_rtcp_mki     004427c0 f   libsrtp-i386-win32-vc14-release:srtp.obj
 0001:00041b70       _srtp_stream_alloc         00442b70 f   libsrtp-i386-win32-vc14-release:srtp.obj
 0001:00041e00       _srtp_stream_clone         00442e00 f   libsrtp-i386-win32-vc14-release:srtp.obj
 0001:00042020       _srtp_stream_dealloc       00443020 f   libsrtp-i386-win32-vc14-release:srtp.obj
 0001:000422a0       _srtp_stream_init          004432a0 f   libsrtp-i386-win32-vc14-release:srtp.obj
 0001:00042420       _srtp_stream_init_keys     00443420 f   libsrtp-i386-win32-vc14-release:srtp.obj
 0001:00042c40       _srtp_unprotect            00443c40 f   libsrtp-i386-win32-vc14-release:srtp.obj
 0001:00042f60       _srtp_unprotect_mki        00443f60 f   libsrtp-i386-win32-vc14-release:srtp.obj
 0001:000435b0       _srtp_unprotect_rtcp       004445b0 f   libsrtp-i386-win32-vc14-release:srtp.obj
 0001:00043830       _srtp_unprotect_rtcp_mki   00444830 f   libsrtp-i386-win32-vc14-release:srtp.obj
 0001:00043d20       _srtp_validate_policy_master_keys 00444d20 f   libsrtp-i386-win32-vc14-release:srtp.obj
 0001:00043dd0       _srtp_crypto_alloc         00444dd0 f   libsrtp-i386-win32-vc14-release:alloc.obj
 0001:00043e30       _srtp_crypto_free          00444e30 f   libsrtp-i386-win32-vc14-release:alloc.obj
 0001:00043e60       _bitvector_alloc           00444e60 f   libsrtp-i386-win32-vc14-release:datatypes.obj
 0001:00043ec0       _bitvector_dealloc         00444ec0 f   libsrtp-i386-win32-vc14-release:datatypes.obj
 0001:00043ef0       _bitvector_left_shift      00444ef0 f   libsrtp-i386-win32-vc14-release:datatypes.obj
 0001:00044050       _bitvector_set_to_zero     00445050 f   libsrtp-i386-win32-vc14-release:datatypes.obj
 0001:00044070       _octet_string_is_eq        00445070 f   libsrtp-i386-win32-vc14-release:datatypes.obj
 0001:00044140       _octet_string_set_to_zero  00445140 f   libsrtp-i386-win32-vc14-release:datatypes.obj
 0001:00044160       _srtp_octet_string_hex_string 00445160 f   libsrtp-i386-win32-vc14-release:datatypes.obj
 0001:00044200       _v128_copy_octet_string    00445200 f   libsrtp-i386-win32-vc14-release:datatypes.obj
 0001:00044280       _v128_hex_string           00445280 f   libsrtp-i386-win32-vc14-release:datatypes.obj
 0001:00044310       _v128_left_shift           00445310 f   libsrtp-i386-win32-vc14-release:datatypes.obj
 0001:000443f0       _srtp_err_report           004453f0 f   libsrtp-i386-win32-vc14-release:srtp_err.obj
 0001:00044420       _srtp_rdbx_add_index       00445420 f   libsrtp-i386-win32-vc14-release:rdbx.obj
 0001:00044470       _srtp_rdbx_check           00445470 f   libsrtp-i386-win32-vc14-release:rdbx.obj
 0001:000444b0       _srtp_rdbx_dealloc         004454b0 f   libsrtp-i386-win32-vc14-release:rdbx.obj
 0001:000444d0       _srtp_rdbx_estimate_index  004454d0 f   libsrtp-i386-win32-vc14-release:rdbx.obj
 0001:00044580       _srtp_rdbx_get_packet_index 00445580 f   libsrtp-i386-win32-vc14-release:rdbx.obj
 0001:00044590       _srtp_auth_get_tag_length  00445590 f   libsrtp-i386-win32-vc14-release:auth.obj
 0001:00044590       _srtp_cipher_get_key_length 00445590 f   libsrtp-i386-win32-vc14-release:cipher.obj
 0001:00044590       _srtp_rdbx_get_window_size 00445590 f   libsrtp-i386-win32-vc14-release:rdbx.obj
 0001:000445a0       _srtp_rdbx_init            004455a0 f   libsrtp-i386-win32-vc14-release:rdbx.obj
 0001:000445e0       _srtp_rdbx_set_roc         004455e0 f   libsrtp-i386-win32-vc14-release:rdbx.obj
 0001:00044640       _srtp_rdbx_set_roc_seq     00445640 f   libsrtp-i386-win32-vc14-release:rdbx.obj
 0001:000446a0       _srtp_rdb_add_index        004456a0 f   libsrtp-i386-win32-vc14-release:rdb.obj
 0001:000446f0       _srtp_rdb_check            004456f0 f   libsrtp-i386-win32-vc14-release:rdb.obj
 0001:00044740       _srtp_rdb_increment        00445740 f   libsrtp-i386-win32-vc14-release:rdb.obj
 0001:00044760       _srtp_rdb_init             00445760 f   libsrtp-i386-win32-vc14-release:rdb.obj
 0001:00044790       _srtp_cipher_dealloc       00445790 f   libsrtp-i386-win32-vc14-release:cipher.obj
 0001:000447b0       _srtp_cipher_decrypt       004457b0 f   libsrtp-i386-win32-vc14-release:cipher.obj
 0001:000447e0       _srtp_cipher_encrypt       004457e0 f   libsrtp-i386-win32-vc14-release:cipher.obj
 0001:00044810       _srtp_cipher_get_tag       00445810 f   libsrtp-i386-win32-vc14-release:cipher.obj
 0001:00044850       _srtp_cipher_init          00445850 f   libsrtp-i386-win32-vc14-release:cipher.obj
 0001:00044880       _srtp_cipher_output        00445880 f   libsrtp-i386-win32-vc14-release:cipher.obj
 0001:000448b0       _srtp_cipher_set_aad       004458b0 f   libsrtp-i386-win32-vc14-release:cipher.obj
 0001:000448f0       _srtp_cipher_set_iv        004458f0 f   libsrtp-i386-win32-vc14-release:cipher.obj
 0001:00044920       _srtp_auth_get_key_length  00445920 f   libsrtp-i386-win32-vc14-release:auth.obj
 0001:00044930       _srtp_auth_get_prefix_length 00445930 f   libsrtp-i386-win32-vc14-release:auth.obj
 0001:00044940       _srtp_key_limit_clone      00445940 f   libsrtp-i386-win32-vc14-release:key.obj
 0001:00044960       _srtp_key_limit_set        00445960 f   libsrtp-i386-win32-vc14-release:key.obj
 0001:000449a0       _srtp_key_limit_update     004459a0 f   libsrtp-i386-win32-vc14-release:key.obj
 0001:00044a00       _srtp_crypto_kernel_alloc_auth 00445a00 f   libsrtp-i386-win32-vc14-release:crypto_kernel.obj
 0001:00044a50       _srtp_crypto_kernel_alloc_cipher 00445a50 f   libsrtp-i386-win32-vc14-release:crypto_kernel.obj
 0001:00044aa0       _srtp_ekt_alloc            00445aa0 f   libsrtp-i386-win32-vc14-release:ekt.obj
 0001:00044ab0       _srtp_ekt_octets_after_base_tag 00445ab0 f   libsrtp-i386-win32-vc14-release:ekt.obj
 0001:00044ad0       _srtp_ekt_write_data       00445ad0 f   libsrtp-i386-win32-vc14-release:ekt.obj
 0001:00044c20       _srtp_stream_init_from_ekt 00445c20 f   libsrtp-i386-win32-vc14-release:ekt.obj
 0001:000460e0       _srtp_aes_decrypt          004470e0 f   libsrtp-i386-win32-vc14-release:aes.obj
 0001:00046210       _srtp_aes_encrypt          00447210 f   libsrtp-i386-win32-vc14-release:aes.obj
 0001:00046340       _srtp_aes_expand_decryption_key 00447340 f   libsrtp-i386-win32-vc14-release:aes.obj
 0001:00046640       _srtp_aes_expand_encryption_key 00447640 f   libsrtp-i386-win32-vc14-release:aes.obj
 0001:00046780       _srtp_sha1_core            00447780 f   libsrtp-i386-win32-vc14-release:sha1.obj
 0001:00046cd0       _srtp_sha1_final           00447cd0 f   libsrtp-i386-win32-vc14-release:sha1.obj
 0001:00047310       _srtp_sha1_init            00448310 f   libsrtp-i386-win32-vc14-release:sha1.obj
 0001:00047350       _srtp_sha1_update          00448350 f   libsrtp-i386-win32-vc14-release:sha1.obj
 0001:00047425       ___WSAFDIsSet@8            00448425 f   ws2_32:WS2_32.dll
 0001:0004742b       ___raise_securityfailure   0044842b f   MSVCRT:gs_report.obj
 0001:00047453       ___report_gsfailure        00448453 f   MSVCRT:gs_report.obj
 0001:0004754c       ___report_rangecheckfailure 0044854c f   MSVCRT:gs_report.obj
[...]
 0003:00001460       $SG56007                   00463460     siprtp.obj
 0003:0000146c       _msg_logger                0046346c     siprtp.obj
 0003:000014a8       $SG56038                   004634a8     siprtp.obj
 0003:000014ac       $SG56041                   004634ac     siprtp.obj
 0003:000014c8       $SG56042                   004634c8     siprtp.obj
 0003:000014d4       $SG56078                   004634d4     siprtp.obj
 0003:000014f0       $SG56075                   004634f0     siprtp.obj
 0003:00001534       $SG56079                   00463534     siprtp.obj
 0003:00001540       $SG56081                   00463540     siprtp.obj
 0003:0000155c       $SG56082                   0046355c     siprtp.obj
 0003:00001568       $SG56083                   00463568     siprtp.obj
 0003:0000156c       $SG56087                   0046356c     siprtp.obj
 0003:00001584       $SG56088                   00463584     siprtp.obj
 0003:00001590       $SG56090                   00463590     siprtp.obj
 0003:000015a4       $SG56091                   004635a4     siprtp.obj
 0003:000015b0       $SG56095                   004635b0     siprtp.obj
 0003:000015d4       $SG56096                   004635d4     siprtp.obj
 0003:000015e0       _inv_state_handler         004635e0     pjsip-ua-i386-win32-vc14-release:sip_inv.obj
 0003:00001600       _mod_inv                   00463600     pjsip-ua-i386-win32-vc14-release:sip_inv.obj
 0003:00001668       _inv_state_names           00463668     pjsip-ua-i386-win32-vc14-release:sip_inv.obj
 0003:00001688       _mod_100rel                00463688     pjsip-ua-i386-win32-vc14-release:sip_100rel.obj
 0003:000016c8       _se_hdr_vptr               004636c8     pjsip-ua-i386-win32-vc14-release:sip_timer.obj
 0003:000016d4       _min_se_hdr_vptr           004636d4     pjsip-ua-i386-win32-vc14-release:sip_timer.obj
 0003:000016e0       _method_names              004636e0     pjsip-core-i386-win32-vc14-release:sip_msg.obj
 0003:000016f8       _generic_hdr_vptr          004636f8     pjsip-core-i386-win32-vc14-release:sip_msg.obj
 0003:00001704       _generic_int_hdr_vptr      00463704     pjsip-core-i386-win32-vc14-release:sip_msg.obj
 0003:00001710       _generic_array_hdr_vptr    00463710     pjsip-core-i386-win32-vc14-release:sip_msg.obj
 0003:0000171c       _clen_hdr_vptr             0046371c     pjsip-core-i386-win32-vc14-release:sip_msg.obj
 0003:00001728       _cseq_hdr_vptr             00463728     pjsip-core-i386-win32-vc14-release:sip_msg.obj
 0003:00001734       _contact_hdr_vptr          00463734     pjsip-core-i386-win32-vc14-release:sip_msg.obj
 0003:00001740       _ctype_hdr_vptr            00463740     pjsip-core-i386-win32-vc14-release:sip_msg.obj
 0003:0000174c       _fromto_hdr_vptr           0046374c     pjsip-core-i386-win32-vc14-release:sip_msg.obj
 0003:00001758       _routing_hdr_vptr          00463758     pjsip-core-i386-win32-vc14-release:sip_msg.obj
 0003:00001764       _retry_after_hdr_vptr      00463764     pjsip-core-i386-win32-vc14-release:sip_msg.obj
 0003:00001770       _via_hdr_vptr              00463770     pjsip-core-i386-win32-vc14-release:sip_msg.obj
 0003:00001780       _mod_msg_print             00463780     pjsip-core-i386-win32-vc14-release:sip_transport.obj
 0003:000017c0       _transport_names           004637c0     pjsip-core-i386-win32-vc14-release:sip_transport.obj
 0003:00001a40       _event_str                 00463a40     pjsip-core-i386-win32-vc14-release:sip_util.obj
 0003:00001a5c       _str_TEXT                  00463a5c     pjsip-core-i386-win32-vc14-release:sip_util.obj
 0003:00001a64       _str_PLAIN                 00463a64     pjsip-core-i386-win32-vc14-release:sip_util.obj
 0003:00001a70       _mod_tsx_layer             00463a70     pjsip-core-i386-win32-vc14-release:sip_transaction.obj
 0003:00001abc       _t1_timer_val              00463abc     pjsip-core-i386-win32-vc14-release:sip_transaction.obj
 0003:00001ac4       _t2_timer_val              00463ac4     pjsip-core-i386-win32-vc14-release:sip_transaction.obj
 0003:00001acc       _t4_timer_val              00463acc     pjsip-core-i386-win32-vc14-release:sip_transaction.obj
 0003:00001ad4       _td_timer_val              00463ad4     pjsip-core-i386-win32-vc14-release:sip_transaction.obj
 0003:00001adc       _timeout_timer_val         00463adc     pjsip-core-i386-win32-vc14-release:sip_transaction.obj
 0003:00001ae4       _state_str                 00463ae4     pjsip-core-i386-win32-vc14-release:sip_transaction.obj
 0003:00001b04       _role_name                 00463b04     pjsip-core-i386-win32-vc14-release:sip_transaction.obj
 0003:00001b0c       _tsx_state_handler_uac     00463b0c     pjsip-core-i386-win32-vc14-release:sip_transaction.obj
 0003:00001b2c       _tsx_state_handler_uas     00463b2c     pjsip-core-i386-win32-vc14-release:sip_transaction.obj
 0003:00001b50       _mod_ua                    00463b50     pjsip-core-i386-win32-vc14-release:sip_ua_layer.obj
 0003:00001bd0       _pconst                    00463bd0     pjsip-core-i386-win32-vc14-release:sip_parser.obj
 0003:00001d5c       _sip_str                   00463d5c     pjsip-core-i386-win32-vc14-release:sip_uri.obj
 0003:00001d64       _sips_str                  00463d64     pjsip-core-i386-win32-vc14-release:sip_uri.obj
 0003:00001d6c       _sips_url_vptr             00463d6c     pjsip-core-i386-win32-vc14-release:sip_uri.obj
 0003:00001d80       _sip_url_vptr              00463d80     pjsip-core-i386-win32-vc14-release:sip_uri.obj
 0003:00001d94       _name_addr_vptr            00463d94     pjsip-core-i386-win32-vc14-release:sip_uri.obj
 0003:00001da8       _other_uri_vptr            00463da8     pjsip-core-i386-win32-vc14-release:sip_uri.obj
 0003:00001dbc       _pjsip_ISUB_STR            00463dbc     pjsip-core-i386-win32-vc14-release:sip_tel_uri.obj
 0003:00001dc4       _pjsip_EXT_STR             00463dc4     pjsip-core-i386-win32-vc14-release:sip_tel_uri.obj
 0003:00001dcc       _pjsip_PH_CTX_STR          00463dcc     pjsip-core-i386-win32-vc14-release:sip_tel_uri.obj
 0003:00001dd4       _tel_uri_vptr              00463dd4     pjsip-core-i386-win32-vc14-release:sip_tel_uri.obj
 0003:00001e24       _authorization_hdr_vptr    00463e24     pjsip-core-i386-win32-vc14-release:sip_auth_msg.obj
 0003:00001e30       _www_authenticate_hdr_vptr 00463e30     pjsip-core-i386-win32-vc14-release:sip_auth_msg.obj
 0003:00001e3c       _stream_op                 00463e3c     pjmedia-audiodev-i386-win32-vc14-release:wmme_dev.obj
 0003:00001e54       _factory_op                00463e54     pjmedia-audiodev-i386-win32-vc14-release:wmme_dev.obj
 0003:00001e78       _g711_op                   00463e78     pjmedia-i386-win32-vc14-release:g711.obj
 0003:00001e98       _g711_factory_op           00463e98     pjmedia-i386-win32-vc14-release:g711.obj
 0003:00001eb0       _state_str                 00463eb0     pjmedia-i386-win32-vc14-release:sdp_neg.obj
 0003:00001ec4       _transport_udp_op          00463ec4     pjmedia-i386-win32-vc14-release:transport_udp.obj
 0003:00001ef8       _cap_infos                 00463ef8     pjmedia-i386-win32-vc14-release:audiodev.obj
 0003:00001f68       _plc_wsola                 00463f68     pjmedia-i386-win32-vc14-release:plc_common.obj
 0003:00001f90       _crypto_suites             00463f90     pjmedia-i386-win32-vc14-release:transport_srtp.obj
 0003:0000206c       _transport_srtp_op         0046406c     pjmedia-i386-win32-vc14-release:transport_srtp.obj
 0003:000020a0       ?liberr@?1??get_libsrtp_errstr@@9@9 004640a0     pjmedia-i386-win32-vc14-release:transport_srtp.obj
 0003:00002104       _sdes_op                   00464104     pjmedia-i386-win32-vc14-release:transport_srtp.obj
 0003:00002140       _state_names               00464140     pjlib-util-i386-win32-vc14-release:resolver.obj
 0003:0000214c       _thread_tls_id             0046414c     pjlib-i386-win32-vc14-release:os_core_win32.obj
 0003:00002150       _pool_sizes                00464150     pjlib-i386-win32-vc14-release:pool_caching.obj
 0003:00002190       _pj_log_max_level          00464190     pjlib-i386-win32-vc14-release:log.obj
 0003:00002194       _thread_suspended_tls_id   00464194     pjlib-i386-win32-vc14-release:log.obj
 0003:00002198       _thread_indent_tls_id      00464198     pjlib-i386-win32-vc14-release:log.obj
 0003:0000219c       _log_writer                0046419c     pjlib-i386-win32-vc14-release:log.obj
 0003:000021a0       _log_decor                 004641a0     pjlib-i386-win32-vc14-release:log.obj
 0003:000021a4       _PJ_LOG_COLOR_0            004641a4     pjlib-i386-win32-vc14-release:log.obj
 0003:000021a8       _PJ_LOG_COLOR_1            004641a8     pjlib-i386-win32-vc14-release:log.obj
 0003:000021ac       _PJ_LOG_COLOR_2            004641ac     pjlib-i386-win32-vc14-release:log.obj
 0003:000021b0       _PJ_LOG_COLOR_3            004641b0     pjlib-i386-win32-vc14-release:log.obj
 0003:000021b4       _PJ_LOG_COLOR_4            004641b4     pjlib-i386-win32-vc14-release:log.obj
 0003:000021b8       _PJ_LOG_COLOR_5            004641b8     pjlib-i386-win32-vc14-release:log.obj
 0003:000021bc       _PJ_LOG_COLOR_6            004641bc     pjlib-i386-win32-vc14-release:log.obj
 0003:000021c0       _PJ_LOG_COLOR_77           004641c0     pjlib-i386-win32-vc14-release:log.obj
 0003:000021c4       ?ltexts@?2??pj_log@@9@9    004641c4     pjlib-i386-win32-vc14-release:log.obj
 0003:000021e0       ?wdays@?3??pj_log@@9@9     004641e0     pjlib-i386-win32-vc14-release:log.obj
 0003:0000220c       _mutex_lock_template       0046420c     pjlib-i386-win32-vc14-release:lock.obj
 0003:00002220       _null_lock_template        00464220     pjlib-i386-win32-vc14-release:lock.obj
 0003:00002234       _sem_lock_template         00464234     pjlib-i386-win32-vc14-release:lock.obj
 0003:00002248       _thread_local_id           00464248     pjlib-i386-win32-vc14-release:except.obj
 0003:0000224c       ?hex@?1??hex2digit@@9@9    0046424c     pjlib-i386-win32-vc14-release:guid_win32.obj
 0003:0000225c       _tls                       0046425c     pjlib-i386-win32-vc14-release:pool_buf.obj
 0003:00002264       _id                        00464264     pjlib-i386-win32-vc14-release:config.obj
 0003:00002270       _srtp_event_handler        00464270     libsrtp-i386-win32-vc14-release:srtp.obj
 0003:00002720       _app                       00464720     siprtp.obj
 0003:001d8968       ?ip_addr@?1??init_options@@9@9 0063a968     siprtp.obj
 0003:001d8978       ?local_uri@?1??init_options@@9@9 0063a978     siprtp.obj
 0003:001d89b8       $SG55889                   0063a9b8     siprtp.obj
 0003:001d89b9       $SG55890                   0063a9b9     siprtp.obj
 0003:001d89ba       $SG55891                   0063a9ba     siprtp.obj
 0003:001d89bb       $SG55892                   0063a9bb     siprtp.obj
 0003:001d89bc       $SG55900                   0063a9bc     siprtp.obj
 0003:001d89bd       $SG55901                   0063a9bd     siprtp.obj
 0003:001d89be       $SG55902                   0063a9be     siprtp.obj
 0003:001d89bf       $SG55903                   0063a9bf     siprtp.obj
 0003:001d89c0       $SG55907                   0063a9c0     siprtp.obj
 0003:001d89c4       _log_file                  0063a9c4     siprtp.obj
 0003:001d89c8       _is_initialized            0063a9c8     pjsip-ua-i386-win32-vc14-release:sip_timer.obj
 0003:001d89d0       _status_phrase             0063a9d0     pjsip-core-i386-win32-vc14-release:sip_msg.obj
 0003:001da000       ?is_initialized@?1??pjsip_get_status_text@@9@9 0063c000     pjsip-core-i386-win32-vc14-release:sip_msg.obj
 0003:001da008       _handler                   0063c008     pjsip-core-i386-win32-vc14-release:sip_parser.obj
 0003:001db688       _handler_count             0063d688     pjsip-core-i386-win32-vc14-release:sip_parser.obj
 0003:001db68c       _parser_is_initialized     0063d68c     pjsip-core-i386-win32-vc14-release:sip_parser.obj
 0003:001db690       _uri_handler               0063d690     pjsip-core-i386-win32-vc14-release:sip_parser.obj
 0003:001db6c0       _uri_handler_count         0063d6c0     pjsip-core-i386-win32-vc14-release:sip_parser.obj
 0003:001db6c8       _cis_buf                   0063d6c8     pjsip-core-i386-win32-vc14-release:sip_parser.obj
 0003:001dbad0       _pjsip_TEL_NUMBER_SPEC     0063dad0     pjsip-core-i386-win32-vc14-release:sip_tel_uri.obj
 0003:001dbad8       _pjsip_TEL_EXT_VALUE_SPEC  0063dad8     pjsip-core-i386-win32-vc14-release:sip_tel_uri.obj
 0003:001dbae0       _pjsip_TEL_PHONE_CONTEXT_SPEC 0063dae0     pjsip-core-i386-win32-vc14-release:sip_tel_uri.obj
 0003:001dbae8       _pjsip_TEL_URIC_SPEC       0063dae8     pjsip-core-i386-win32-vc14-release:sip_tel_uri.obj
 0003:001dbaf0       _pjsip_TEL_PNAME_SPEC      0063daf0     pjsip-core-i386-win32-vc14-release:sip_tel_uri.obj
 0003:001dbaf8       _pjsip_TEL_PVALUE_SPEC     0063daf8     pjsip-core-i386-win32-vc14-release:sip_tel_uri.obj
 0003:001dbb00       _cis_buf                   0063db00     pjsip-core-i386-win32-vc14-release:sip_tel_uri.obj
 0003:001dbf04       _pjsip_TEL_VISUAL_SEP_SPEC 0063df04     pjsip-core-i386-win32-vc14-release:sip_tel_uri.obj
 0003:001dbf0c       _pjsip_TEL_PVALUE_SPEC_ESC 0063df0c     pjsip-core-i386-win32-vc14-release:sip_tel_uri.obj
 0003:001dbf14       _pjsip_TEL_PARSING_PVALUE_SPEC 0063df14     pjsip-core-i386-win32-vc14-release:sip_tel_uri.obj
 0003:001dbf1c       _pjsip_TEL_PARSING_PVALUE_SPEC_ESC 0063df1c     pjsip-core-i386-win32-vc14-release:sip_tel_uri.obj
 0003:001dbf24       ?name@?1??get_fmt_name@@9@9 0063df24     pjmedia-audiodev-i386-win32-vc14-release:wmme_dev.obj
 0003:001dbf2c       ?rec_cnt@?1??wmme_dev_thread@@9@9 0063df2c     pjmedia-audiodev-i386-win32-vc14-release:wmme_dev.obj
 0003:001dbf30       ?play_cnt@?1??wmme_dev_thread@@9@9 0063df30     pjmedia-audiodev-i386-win32-vc14-release:wmme_dev.obj
 0003:001dbf38       _is_initialized            0063df38     pjmedia-i386-win32-vc14-release:sdp.obj
 0003:001dbf40       _cis_buf                   0063df40     pjmedia-i386-win32-vc14-release:sdp.obj
 0003:001dc344       _cs_digit                  0063e344     pjmedia-i386-win32-vc14-release:sdp.obj
 0003:001dc34c       _cs_token                  0063e34c     pjmedia-i386-win32-vc14-release:sdp.obj
 0003:001dc354       _g711_factory              0063e354     pjmedia-i386-win32-vc14-release:g711.obj
 0003:001dc388       _fmt_match_cb_cnt          0063e388     pjmedia-i386-win32-vc14-release:sdp_neg.obj
 0003:001dc390       _fmt_match_cb              0063e390     pjmedia-i386-win32-vc14-release:sdp_neg.obj
 0003:001dc3f0       _aud_subsys                0063e3f0     pjmedia-i386-win32-vc14-release:audiodev.obj
 0003:001dc8c0       _event_manager_instance    0063e8c0     pjmedia-i386-win32-vc14-release:event.obj
 0003:001dc8c8       ?ev_queue@?9??pjmedia_event_publish@@9@9 0063e8c8     pjmedia-i386-win32-vc14-release:event.obj
 0003:001dccd8       ?msg@?3??get_libsrtp_errstr@@9@9 0063ecd8     pjmedia-i386-win32-vc14-release:transport_srtp.obj
 0003:001dccf8       _libsrtp_initialized       0063ecf8     pjmedia-i386-win32-vc14-release:transport_srtp.obj
 0003:001dcd00       ___getopt_initialized      0063ed00     pjlib-util-i386-win32-vc14-release:getopt.obj
 0003:001dcd04       _nextchar                  0063ed04     pjlib-util-i386-win32-vc14-release:getopt.obj
 0003:001dcd08       _ordering                  0063ed08     pjlib-util-i386-win32-vc14-release:getopt.obj
 0003:001dcd0c       _posixly_correct           0063ed0c     pjlib-util-i386-win32-vc14-release:getopt.obj
 0003:001dcd10       _first_nonopt              0063ed10     pjlib-util-i386-win32-vc14-release:getopt.obj
 0003:001dcd14       _last_nonopt               0063ed14     pjlib-util-i386-win32-vc14-release:getopt.obj
 0003:001dcd18       _initialized               0063ed18     pjlib-i386-win32-vc14-release:os_core_win32.obj
 0003:001dcd1c       _atexit_count              0063ed1c     pjlib-i386-win32-vc14-release:os_core_win32.obj
 0003:001dcd20       _main_thread               0063ed20     pjlib-i386-win32-vc14-release:os_core_win32.obj
 0003:001dce20       _critical_section_mutex    0063ee20     pjlib-i386-win32-vc14-release:os_core_win32.obj
 0003:001dce58       _atexit_func               0063ee58     pjlib-i386-win32-vc14-release:os_core_win32.obj
 0003:001dced8       _err_msg_hnd_cnt           0063eed8     pjlib-i386-win32-vc14-release:errno.obj
 0003:001dcee0       _err_msg_hnd               0063eee0     pjlib-i386-win32-vc14-release:errno.obj
 0003:001dcf58       ?buf@?1??pj_gethostname@@9@9 0063ef58     pjlib-i386-win32-vc14-release:sock_bsd.obj
 0003:001dcfd8       ?hostname@?1??pj_gethostname@@9@9 0063efd8     pjlib-i386-win32-vc14-release:sock_bsd.obj
 0003:001dcfe0       _base_time                 0063efe0     pjlib-i386-win32-vc14-release:os_time_win32.obj
 0003:001dcfe8       _g_last_thread             0063efe8     pjlib-i386-win32-vc14-release:log.obj
 0003:001dcff0       _exception_id_names        0063eff0     pjlib-i386-win32-vc14-release:except.obj
 0003:001dd030       ?unknown_name@?1??pj_exception_id_name@@9@9 0063f030     pjlib-i386-win32-vc14-release:except.obj
 0003:001dd050       _stack_based_factory       0063f050     pjlib-i386-win32-vc14-release:pool_buf.obj
 0003:001dd074       _is_initialized            0063f074     pjlib-i386-win32-vc14-release:pool_buf.obj
 0003:001dd078       _s_hDLL                    0063f078     pjlib-i386-win32-vc14-release:ip_helper_win32.obj
 0003:001dd07c       _s_pfnGetIpAddrTable       0063f07c     pjlib-i386-win32-vc14-release:ip_helper_win32.obj
 0003:001dd080       _s_pfnGetAdapterAddresses  0063f080     pjlib-i386-win32-vc14-release:ip_helper_win32.obj
 0003:001dd084       _s_pfnGetIpForwardTable    0063f084     pjlib-i386-win32-vc14-release:ip_helper_win32.obj
 0003:001dd088       _s_pfnGetIfEntry           0063f088     pjlib-i386-win32-vc14-release:ip_helper_win32.obj
 0003:001dd08c       _srtp_log_handler          0063f08c     libsrtp-i386-win32-vc14-release:srtp.obj
 0003:001dd090       _srtp_log_handler_data     0063f090     libsrtp-i386-win32-vc14-release:srtp.obj
 0003:001dd0a8       _srtp_aes_icm_128_test_case_0_nonce 0063f0a8     libsrtp-i386-win32-vc14-release:aes_icm.obj
 0003:001dd0b8       _srtp_aes_icm_256_test_case_0_nonce 0063f0b8     libsrtp-i386-win32-vc14-release:aes_icm.obj
 0003:001dd0c8       _GS_ExceptionRecord        0063f0c8     MSVCRT:gs_report.obj
 0003:001dd118       _GS_ContextRecord          0063f118     MSVCRT:gs_report.obj
 0003:001dd3f4       ?is_initialized_as_dll@@3_NA 0063f3f4     MSVCRT:utility.obj
 0003:001dd3f5       ?module_local_atexit_table_initialized@@3_NA 0063f3f5     MSVCRT:utility.obj
 0003:001dd3f8       ?module_local_atexit_table@@3U_onexit_table_t@@A 0063f3f8     MSVCRT:utility.obj
 0003:001dd404       ?module_local_at_quick_exit_table@@3U_onexit_table_t@@A 0063f404     MSVCRT:utility.obj
 0004:00000000       _static_const_table        00640000     MSVCRT:svml_dcos2_sse2.obj
 0004:00000200       __e02PI                    00640200     MSVCRT:svml_dtrig.obj
 0004:000003a0       __e04PI                    006403a0     MSVCRT:svml_dtrig.obj
 0004:00000530       _2il0floatpacket_2         00640530     MSVCRT:svml_dtrig.obj
 0004:00000540       _2il0floatpacket_9         00640540     MSVCRT:svml_dtrig.obj
 0004:00000550       _2il0floatpacket_12        00640550     MSVCRT:svml_dtrig.obj
 0004:00000560       __dPI02                    00640560     MSVCRT:svml_dtrig.obj
 0004:00000570       __d02PI                    00640570     MSVCRT:svml_dtrig.obj
 0004:00000580       __DP4                      00640580     MSVCRT:svml_dtrig.obj
 0004:000005a0       __dPI04                    006405a0     MSVCRT:svml_dtrig.obj
 0004:000005b0       __d04PI                    006405b0     MSVCRT:svml_dtrig.obj
 0004:000005c0       __QP4                      006405c0     MSVCRT:svml_dtrig.obj
