 stateless_proxy

 Timestamp is 5dc90846 (Mon Nov 11 14:05:42 2019)

 Preferred load address is 00400000

 Start         Length     Name                   Class
 0001:00000000 00021adcH .text$mn                CODE
 0002:00000000 0000020cH .idata$5                DATA
 0002:0000020c 00000004H .00cfg                  DATA
 0002:00000210 00000004H .CRT$XCA                DATA
 0002:00000214 00000004H .CRT$XCAA               DATA
 0002:00000218 00000004H .CRT$XCZ                DATA
 0002:0000021c 00000004H .CRT$XIA                DATA
 0002:00000220 00000004H .CRT$XIAA               DATA
 0002:00000224 00000004H .CRT$XIAC               DATA
 0002:00000228 00000004H .CRT$XIZ                DATA
 0002:0000022c 00000004H .CRT$XPA                DATA
 0002:00000230 00000004H .CRT$XPZ                DATA
 0002:00000234 00000004H .CRT$XTA                DATA
 0002:00000238 00000008H .CRT$XTZ                DATA
 0002:0000023c 00000000H .gfids$y                DATA
 0002:00000240 000060f0H .rdata                  DATA
 0002:00006330 00000004H .rdata$sxdata           DATA
 0002:00006334 0000022cH .rdata$zzzdbg           DATA
 0002:00006560 00000004H .rtc$IAA                DATA
 0002:00006564 00000004H .rtc$IZZ                DATA
 0002:00006568 00000004H .rtc$TAA                DATA
 0002:0000656c 00000004H .rtc$TZZ                DATA
 0002:00006570 0000003cH .xdata$x                DATA
 0002:000065ac 00000000H .edata                  DATA
 0002:000065ac 000000f0H .idata$2                DATA
 0002:0000669c 00000014H .idata$3                DATA
 0002:000066b0 0000020cH .idata$4                DATA
 0002:000068bc 000007b8H .idata$6                DATA
 0003:00000000 00000d48H .data                   DATA
 0003:00000d48 00003ef4H .bss                    DATA

  Address         Publics by Value              Rva+Base       Lib:Object

 0000:00000000       ___guard_fids_table        00000000     <absolute>
 0000:00000000       ___hybrid_code_map_count   00000000     <absolute>
 0000:00000000       ___guard_iat_table         00000000     <absolute>
 0000:00000000       ___guard_longjmp_table     00000000     <absolute>
 0000:00000000       ___guard_fids_count        00000000     <absolute>
 0000:00000000       ___volatile_metadata       00000000     <absolute>
 0000:00000000       ___hybrid_auxiliary_iat    00000000     <absolute>
 0000:00000000       ___enclave_config          00000000     <absolute>
 0000:00000000       ___guard_longjmp_count     00000000     <absolute>
 0000:00000000       ___dynamic_value_reloc_table 00000000     <absolute>
 0000:00000000       ___guard_iat_count         00000000     <absolute>
 0000:00000000       ___hybrid_code_map         00000000     <absolute>
 0000:00000001       ___safe_se_handler_count   00000001     <absolute>
 0000:00000100       ___guard_flags             00000100     <absolute>
 0000:00000000       ___ImageBase               00400000     <linker-defined>
 0001:00000fe0       _main                      00401fe0 f   stateless_proxy.obj
 0001:00001400       ___local_stdio_printf_options 00402400 f i stateless_proxy.obj
 0001:00001410       __snprintf                 00402410 f i stateless_proxy.obj
 0001:00001450       _printf                    00402450 f i stateless_proxy.obj
 0001:00002d00       _pjsip_accept_hdr_create   00403d00 f   pjsip-core-i386-win32-vc14-release:sip_msg.obj
 0001:00002d50       _pjsip_allow_hdr_create    00403d50 f   pjsip-core-i386-win32-vc14-release:sip_msg.obj
 0001:00002da0       _pjsip_cid_hdr_create      00403da0 f   pjsip-core-i386-win32-vc14-release:sip_msg.obj
 0001:00002e10       _pjsip_clen_hdr_create     00403e10 f   pjsip-core-i386-win32-vc14-release:sip_msg.obj
 0001:00002e70       _pjsip_clone_text_data     00403e70 f   pjsip-core-i386-win32-vc14-release:sip_msg.obj
 0001:00002eb0       _pjsip_contact_hdr_create  00403eb0 f   pjsip-core-i386-win32-vc14-release:sip_msg.obj
 0001:00002f30       _pjsip_cseq_hdr_create     00403f30 f   pjsip-core-i386-win32-vc14-release:sip_msg.obj
 0001:00002f90       _pjsip_ctype_hdr_create    00403f90 f   pjsip-core-i386-win32-vc14-release:sip_msg.obj
 0001:00003000       _pjsip_expires_hdr_create  00404000 f   pjsip-core-i386-win32-vc14-release:sip_msg.obj
 0001:00003050       _pjsip_from_hdr_create     00404050 f   pjsip-core-i386-win32-vc14-release:sip_msg.obj
 0001:00003120       _pjsip_fromto_hdr_set_from 00404120 f   pjsip-core-i386-win32-vc14-release:sip_msg.obj
 0001:00003150       _pjsip_fromto_hdr_set_to   00404150 f   pjsip-core-i386-win32-vc14-release:sip_msg.obj
 0001:00003180       _pjsip_generic_string_hdr_create 00404180 f   pjsip-core-i386-win32-vc14-release:sip_msg.obj
 0001:00003210       _pjsip_get_ack_method      00404210 f   pjsip-core-i386-win32-vc14-release:sip_msg.obj
 0001:00003220       _pjsip_get_status_text     00404220 f   pjsip-core-i386-win32-vc14-release:sip_msg.obj
 0001:00003260       _pjsip_hdr_clone           00404260 f   pjsip-core-i386-win32-vc14-release:sip_msg.obj
 0001:00003280       _pjsip_hdr_print_on        00404280 f   pjsip-core-i386-win32-vc14-release:sip_msg.obj
 0001:000032a0       _pjsip_hdr_shallow_clone   004042a0 f   pjsip-core-i386-win32-vc14-release:sip_msg.obj
 0001:000032c0       _pjsip_max_fwd_hdr_create  004042c0 f   pjsip-core-i386-win32-vc14-release:sip_msg.obj
 0001:00003310       _pjsip_media_type_cp       00404310 f   pjsip-core-i386-win32-vc14-release:sip_msg.obj
 0001:00003360       _pjsip_media_type_init     00404360 f   pjsip-core-i386-win32-vc14-release:sip_msg.obj
 0001:000033b0       _pjsip_media_type_print    004043b0 f   pjsip-core-i386-win32-vc14-release:sip_msg.obj
 0001:000033c0       _pjsip_method_copy         004043c0 f   pjsip-core-i386-win32-vc14-release:sip_msg.obj
 0001:00003400       _pjsip_method_init_np      00404400 f   pjsip-core-i386-win32-vc14-release:sip_msg.obj
 0001:00003470       _pjsip_min_expires_hdr_create 00404470 f   pjsip-core-i386-win32-vc14-release:sip_msg.obj
 0001:000034c0       _pjsip_msg_body_clone      004044c0 f   pjsip-core-i386-win32-vc14-release:sip_msg.obj
 0001:00003560       _pjsip_msg_create          00404560 f   pjsip-core-i386-win32-vc14-release:sip_msg.obj
 0001:00003590       _pjsip_msg_find_hdr        00404590 f   pjsip-core-i386-win32-vc14-release:sip_msg.obj
 0001:000035c0       _pjsip_msg_find_hdr_by_name 004045c0 f   pjsip-core-i386-win32-vc14-release:sip_msg.obj
 0001:00003610       _pjsip_msg_print           00404610 f   pjsip-core-i386-win32-vc14-release:sip_msg.obj
 0001:00003930       _pjsip_print_text_body     00404930 f   pjsip-core-i386-win32-vc14-release:sip_msg.obj
 0001:00003960       _pjsip_require_hdr_create  00404960 f   pjsip-core-i386-win32-vc14-release:sip_msg.obj
 0001:000039b0       _pjsip_retry_after_hdr_create 004049b0 f   pjsip-core-i386-win32-vc14-release:sip_msg.obj
 0001:00003a10       _pjsip_route_hdr_create    00404a10 f   pjsip-core-i386-win32-vc14-release:sip_msg.obj
 0001:00003a70       _pjsip_rr_hdr_create       00404a70 f   pjsip-core-i386-win32-vc14-release:sip_msg.obj
 0001:00003ad0       _pjsip_supported_hdr_create 00404ad0 f   pjsip-core-i386-win32-vc14-release:sip_msg.obj
 0001:00003b40       _pjsip_to_hdr_create       00404b40 f   pjsip-core-i386-win32-vc14-release:sip_msg.obj
 0001:00003c10       _pjsip_unsupported_hdr_create 00404c10 f   pjsip-core-i386-win32-vc14-release:sip_msg.obj
 0001:00003c60       _pjsip_via_hdr_create      00404c60 f   pjsip-core-i386-win32-vc14-release:sip_msg.obj
 0001:00003fa0       _pjsip_rx_data_get_info    00404fa0 f   pjsip-core-i386-win32-vc14-release:sip_transport.obj
 0001:00004030       _pjsip_tpmgr_acquire_transport2 00405030 f   pjsip-core-i386-win32-vc14-release:sip_transport.obj
 0001:00004360       _pjsip_tpmgr_create        00405360 f   pjsip-core-i386-win32-vc14-release:sip_transport.obj
 0001:000044b0       _pjsip_tpmgr_destroy       004054b0 f   pjsip-core-i386-win32-vc14-release:sip_transport.obj
 0001:000045d0       _pjsip_tpmgr_dump_transports 004055d0 f   pjsip-core-i386-win32-vc14-release:sip_transport.obj
 0001:00004760       _pjsip_tpmgr_receive_packet 00405760 f   pjsip-core-i386-win32-vc14-release:sip_transport.obj
 0001:00004ce0       _pjsip_tpselector_dec_ref  00405ce0 f   pjsip-core-i386-win32-vc14-release:sip_transport.obj
 0001:00004d00       _pjsip_transport_add_ref   00405d00 f   pjsip-core-i386-win32-vc14-release:sip_transport.obj
 0001:00004de0       _pjsip_transport_add_state_listener 00405de0 f   pjsip-core-i386-win32-vc14-release:sip_transport.obj
 0001:00004eb0       _pjsip_transport_dec_ref   00405eb0 f   pjsip-core-i386-win32-vc14-release:sip_transport.obj
 0001:00004fd0       _pjsip_transport_destroy   00405fd0 f   pjsip-core-i386-win32-vc14-release:sip_transport.obj
 0001:00005040       _pjsip_transport_get_default_port_for_type 00406040 f   pjsip-core-i386-win32-vc14-release:sip_transport.obj
 0001:00005080       _pjsip_transport_get_flag_from_type 00406080 f   pjsip-core-i386-win32-vc14-release:sip_transport.obj
 0001:000050c0       _pjsip_transport_get_type_desc 004060c0 f   pjsip-core-i386-win32-vc14-release:sip_transport.obj
 0001:00005100       _pjsip_transport_get_type_from_flag 00406100 f   pjsip-core-i386-win32-vc14-release:sip_transport.obj
 0001:00005140       _pjsip_transport_get_type_from_name 00406140 f   pjsip-core-i386-win32-vc14-release:sip_transport.obj
 0001:00005190       _pjsip_transport_get_type_name 00406190 f   pjsip-core-i386-win32-vc14-release:sip_transport.obj
 0001:000051d0       _pjsip_transport_register  004061d0 f   pjsip-core-i386-win32-vc14-release:sip_transport.obj
 0001:00005300       _pjsip_transport_remove_state_listener 00406300 f   pjsip-core-i386-win32-vc14-release:sip_transport.obj
 0001:000053a0       _pjsip_transport_send      004063a0 f   pjsip-core-i386-win32-vc14-release:sip_transport.obj
 0001:00005500       _pjsip_tx_data_add_ref     00406500 f   pjsip-core-i386-win32-vc14-release:sip_transport.obj
 0001:00005520       _pjsip_tx_data_create      00406520 f   pjsip-core-i386-win32-vc14-release:sip_transport.obj
 0001:00005630       _pjsip_tx_data_dec_ref     00406630 f   pjsip-core-i386-win32-vc14-release:sip_transport.obj
 0001:00005670       _pjsip_tx_data_encode      00406670 f   pjsip-core-i386-win32-vc14-release:sip_transport.obj
 0001:00005760       _pjsip_tx_data_get_info    00406760 f   pjsip-core-i386-win32-vc14-release:sip_transport.obj
 0001:000057c0       _pjsip_tx_data_invalidate_msg 004067c0 f   pjsip-core-i386-win32-vc14-release:sip_transport.obj
 0001:00005c70       _pjsip_endpt_acquire_transport2 00406c70 f   pjsip-core-i386-win32-vc14-release:sip_endpoint.obj
 0001:00005ca0       _pjsip_endpt_atexit        00406ca0 f   pjsip-core-i386-win32-vc14-release:sip_endpoint.obj
 0001:00005d00       _pjsip_endpt_cancel_timer  00406d00 f   pjsip-core-i386-win32-vc14-release:sip_endpoint.obj
 0001:00005d20       _pjsip_endpt_create        00406d20 f   pjsip-core-i386-win32-vc14-release:sip_endpoint.obj
 0001:00005fd0       _pjsip_endpt_create_pool   00406fd0 f   pjsip-core-i386-win32-vc14-release:sip_endpoint.obj
 0001:00006020       _pjsip_endpt_create_tdata  00407020 f   pjsip-core-i386-win32-vc14-release:sip_endpoint.obj
 0001:00006040       _pjsip_endpt_destroy       00407040 f   pjsip-core-i386-win32-vc14-release:sip_endpoint.obj
 0001:00006180       _pjsip_endpt_dump          00407180 f   pjsip-core-i386-win32-vc14-release:sip_endpoint.obj
 0001:00006270       _pjsip_endpt_get_ioqueue   00407270 f   pjsip-core-i386-win32-vc14-release:sip_endpoint.obj
 0001:00006280       _pjsip_endpt_get_request_headers 00407280 f   pjsip-core-i386-win32-vc14-release:sip_endpoint.obj
 0001:00006290       _pjsip_endpt_get_timer_heap 00407290 f   pjsip-core-i386-win32-vc14-release:sip_endpoint.obj
 0001:000062a0       _pjsip_endpt_get_tpmgr     004072a0 f   pjsip-core-i386-win32-vc14-release:sip_endpoint.obj
 0001:000062b0       _pjsip_endpt_handle_events 004072b0 f   pjsip-core-i386-win32-vc14-release:sip_endpoint.obj
 0001:00006380       _pjsip_endpt_log_error     00407380 f   pjsip-core-i386-win32-vc14-release:sip_endpoint.obj
 0001:00006460       _pjsip_endpt_process_rx_data 00407460 f   pjsip-core-i386-win32-vc14-release:sip_endpoint.obj
 0001:000065f0       _pjsip_endpt_register_module 004075f0 f   pjsip-core-i386-win32-vc14-release:sip_endpoint.obj
 0001:00006710       _pjsip_endpt_release_pool  00407710 f   pjsip-core-i386-win32-vc14-release:sip_endpoint.obj
 0001:00006730       _pjsip_endpt_resolve       00407730 f   pjsip-core-i386-win32-vc14-release:sip_endpoint.obj
 0001:00006750       _pjsip_endpt_schedule_timer_w_grp_lock 00407750 f   pjsip-core-i386-win32-vc14-release:sip_endpoint.obj
 0001:00006780       _pjsip_endpt_unregister_module 00407780 f   pjsip-core-i386-win32-vc14-release:sip_endpoint.obj
 0001:00006aa0       _pjsip_endpt_create_ack    00407aa0 f   pjsip-core-i386-win32-vc14-release:sip_util.obj
 0001:00006c50       _pjsip_endpt_create_request_from_hdr 00407c50 f   pjsip-core-i386-win32-vc14-release:sip_util.obj
 0001:00006e70       _pjsip_endpt_create_response 00407e70 f   pjsip-core-i386-win32-vc14-release:sip_util.obj
 0001:000070d0       _pjsip_endpt_respond_stateless 004080d0 f   pjsip-core-i386-win32-vc14-release:sip_util.obj
 0001:00007250       _pjsip_endpt_send_request_stateless 00408250 f   pjsip-core-i386-win32-vc14-release:sip_util.obj
 0001:00007330       _pjsip_endpt_send_response 00408330 f   pjsip-core-i386-win32-vc14-release:sip_util.obj
 0001:00007420       _pjsip_event_str           00408420 f   pjsip-core-i386-win32-vc14-release:sip_util.obj
 0001:00007430       _pjsip_get_dest_info       00408430 f   pjsip-core-i386-win32-vc14-release:sip_util.obj
 0001:000075d0       _pjsip_get_response_addr   004085d0 f   pjsip-core-i386-win32-vc14-release:sip_util.obj
 0001:00007700       _pjsip_process_route_set   00408700 f   pjsip-core-i386-win32-vc14-release:sip_util.obj
 0001:00007ef0       _pjsip_endpt_create_request_fwd 00408ef0 f   pjsip-core-i386-win32-vc14-release:sip_util_proxy.obj
 0001:000083b0       _pjsip_endpt_create_response_fwd 004093b0 f   pjsip-core-i386-win32-vc14-release:sip_util_proxy.obj
 0001:00008780       _pjsip_udp_transport_restart2 00409780 f   pjsip-core-i386-win32-vc14-release:sip_transport_udp.obj
 0001:00008990       _pjsip_udp_transport_start 00409990 f   pjsip-core-i386-win32-vc14-release:sip_transport_udp.obj
 0001:00008a50       _pjsip_udp_transport_start2 00409a50 f   pjsip-core-i386-win32-vc14-release:sip_transport_udp.obj
 0001:0000a400       _pjsip_name_addr_assign    0040b400 f   pjsip-core-i386-win32-vc14-release:sip_uri.obj
 0001:0000a440       _pjsip_name_addr_create    0040b440 f   pjsip-core-i386-win32-vc14-release:sip_uri.obj
 0001:0000a470       _pjsip_name_addr_init      0040b470 f   pjsip-core-i386-win32-vc14-release:sip_uri.obj
 0001:0000a4a0       _pjsip_other_uri_create    0040b4a0 f   pjsip-core-i386-win32-vc14-release:sip_uri.obj
 0001:0000a4c0       _pjsip_param_clone         0040b4c0 f   pjsip-core-i386-win32-vc14-release:sip_uri.obj
 0001:0000a530       _pjsip_param_find          0040b530 f   pjsip-core-i386-win32-vc14-release:sip_uri.obj
 0001:0000a570       _pjsip_param_print_on      0040b570 f   pjsip-core-i386-win32-vc14-release:sip_uri.obj
 0001:0000a670       _pjsip_param_shallow_clone 0040b670 f   pjsip-core-i386-win32-vc14-release:sip_uri.obj
 0001:0000a6d0       _pjsip_sip_uri_create      0040b6d0 f   pjsip-core-i386-win32-vc14-release:sip_uri.obj
 0001:0000a720       _deinit_sip_parser         0040b720 f   pjsip-core-i386-win32-vc14-release:sip_parser.obj
 0001:0000b000       _init_sip_parser           0040c000 f   pjsip-core-i386-win32-vc14-release:sip_parser.obj
 0001:0000d6e0       _pjsip_find_msg            0040e6e0 f   pjsip-core-i386-win32-vc14-release:sip_parser.obj
 0001:0000da00       _pjsip_parse_end_hdr_imp   0040ea00 f   pjsip-core-i386-win32-vc14-release:sip_parser.obj
 0001:0000da30       _pjsip_parse_headers       0040ea30 f   pjsip-core-i386-win32-vc14-release:sip_parser.obj
 0001:0000dd10       _pjsip_parse_param_imp     0040ed10 f   pjsip-core-i386-win32-vc14-release:sip_parser.obj
 0001:0000dd40       _pjsip_parse_rdata         0040ed40 f   pjsip-core-i386-win32-vc14-release:sip_parser.obj
 0001:0000dda0       _pjsip_parser_const        0040eda0 f   pjsip-core-i386-win32-vc14-release:sip_parser.obj
 0001:0000ddb0       _pjsip_register_hdr_parser 0040edb0 f   pjsip-core-i386-win32-vc14-release:sip_parser.obj
 0001:0000dea0       _pjsip_register_uri_parser 0040eea0 f   pjsip-core-i386-win32-vc14-release:sip_parser.obj
 0001:0000e1a0       _pjsip_resolve             0040f1a0 f   pjsip-core-i386-win32-vc14-release:sip_resolve.obj
 0001:0000e850       _pjsip_resolver_create     0040f850 f   pjsip-core-i386-win32-vc14-release:sip_resolve.obj
 0001:0000e880       _pjsip_resolver_destroy    0040f880 f   pjsip-core-i386-win32-vc14-release:sip_resolve.obj
 0001:0000e8b0       _pjsip_resolver_get_resolver 0040f8b0 f   pjsip-core-i386-win32-vc14-release:sip_resolve.obj
 0001:0000e8b0       _PJ_FD_COUNT               0040f8b0 f   pjlib-i386-win32-vc14-release:sock_select.obj
 0001:0000ea90       _pjsip_strerror            0040fa90 f   pjsip-core-i386-win32-vc14-release:sip_errno.obj
 0001:0000ef00       _pjsip_tel_nb_cmp          0040ff00 f   pjsip-core-i386-win32-vc14-release:sip_tel_uri.obj
 0001:0000f020       _pjsip_tel_uri_subsys_init 00410020 f   pjsip-core-i386-win32-vc14-release:sip_tel_uri.obj
 0001:0000f410       __get_startup_new_mode     00410410 f   MSVCRT:new_mode.obj
 0001:0000f410       ___scrt_stub_for_initialize_mta 00410410 f   MSVCRT:utility_desktop.obj
 0001:0000f410       __get_startup_thread_locale_mode 00410410 f   MSVCRT:thread_locale.obj
 0001:0000f410       ___scrt_exe_initialize_mta 00410410 f   MSVCRT:utility_desktop.obj
 0001:0000f410       __get_startup_commit_mode  00410410 f   MSVCRT:commit_mode.obj
 0001:0000f410       ___scrt_initialize_winrt   00410410 f   MSVCRT:utility_desktop.obj
 0001:0000f410       __matherr                  00410410 f   MSVCRT:matherr.obj
 0001:00010c80       _pjsip_rdata_get_tsx       00411c80 f   pjsip-core-i386-win32-vc14-release:sip_transaction.obj
 0001:00010ca0       _pjsip_tsx_create_key      00411ca0 f   pjsip-core-i386-win32-vc14-release:sip_transaction.obj
 0001:00010d10       _pjsip_tsx_recv_msg        00411d10 f   pjsip-core-i386-win32-vc14-release:sip_transaction.obj
 0001:000120d0       _pjsip_multipart_parse     004130d0 f   pjsip-core-i386-win32-vc14-release:sip_multipart.obj
 0001:000129b0       _pjsip_auth_init_parser    004139b0 f   pjsip-core-i386-win32-vc14-release:sip_auth_parser.obj
 0001:00012fc0       _pjsip_authorization_hdr_create 00413fc0 f   pjsip-core-i386-win32-vc14-release:sip_auth_msg.obj
 0001:00013030       _pjsip_proxy_authenticate_hdr_create 00414030 f   pjsip-core-i386-win32-vc14-release:sip_auth_msg.obj
 0001:000130a0       _pjsip_proxy_authorization_hdr_create 004140a0 f   pjsip-core-i386-win32-vc14-release:sip_auth_msg.obj
 0001:00013110       _pjsip_www_authenticate_hdr_create 00414110 f   pjsip-core-i386-win32-vc14-release:sip_auth_msg.obj
 0001:00013bc0       _pjlib_util_init           00414bc0 f   pjlib-util-i386-win32-vc14-release:errno.obj
 0001:00013be0       _pjlib_util_strerror       00414be0 f   pjlib-util-i386-win32-vc14-release:errno.obj
 0001:00014560       _pj_getopt_long            00415560 f   pjlib-util-i386-win32-vc14-release:getopt.obj
 0001:00014580       _pj_str_unescape           00415580 f   pjlib-util-i386-win32-vc14-release:string.obj
 0001:00014660       _pj_strncpy2_escape        00415660 f   pjlib-util-i386-win32-vc14-release:string.obj
 0001:00014980       _pj_dns_parse_addr_response 00415980 f   pjlib-util-i386-win32-vc14-release:resolver.obj
 0001:00014c50       _pj_dns_resolver_cancel_query 00415c50 f   pjlib-util-i386-win32-vc14-release:resolver.obj
 0001:00014cd0       _pj_dns_resolver_destroy   00415cd0 f   pjlib-util-i386-win32-vc14-release:resolver.obj
 0001:00014e70       _pj_dns_resolver_dump      00415e70 f   pjlib-util-i386-win32-vc14-release:resolver.obj
 0001:00015130       _pj_dns_resolver_start_query 00416130 f   pjlib-util-i386-win32-vc14-release:resolver.obj
 0001:00016010       _pj_md5_final              00417010 f   pjlib-util-i386-win32-vc14-release:md5.obj
 0001:000160a0       _pj_md5_init               004170a0 f   pjlib-util-i386-win32-vc14-release:md5.obj
 0001:000160e0       _pj_md5_update             004170e0 f   pjlib-util-i386-win32-vc14-release:md5.obj
 0001:000161b0       _pj_cis_add_alpha          004171b0 f   pjlib-util-i386-win32-vc14-release:scanner.obj
 0001:00016200       _pj_cis_add_cis            00417200 f   pjlib-util-i386-win32-vc14-release:scanner.obj
 0001:00016240       _pj_cis_add_num            00417240 f   pjlib-util-i386-win32-vc14-release:scanner.obj
 0001:00016270       _pj_cis_add_str            00417270 f   pjlib-util-i386-win32-vc14-release:scanner.obj
 0001:000162a0       _pj_cis_buf_init           004172a0 f   pjlib-util-i386-win32-vc14-release:scanner.obj
 0001:000162d0       _pj_cis_del_str            004172d0 f   pjlib-util-i386-win32-vc14-release:scanner.obj
 0001:00016300       _pj_cis_dup                00417300 f   pjlib-util-i386-win32-vc14-release:scanner.obj
 0001:00016390       _pj_cis_init               00417390 f   pjlib-util-i386-win32-vc14-release:scanner.obj
 0001:000163e0       _pj_cis_invert             004173e0 f   pjlib-util-i386-win32-vc14-release:scanner.obj
 0001:00016420       _pj_scan_advance_n         00417420 f   pjlib-util-i386-win32-vc14-release:scanner.obj
 0001:00016460       _pj_scan_fini              00417460 f   pjlib-util-i386-win32-vc14-release:scanner.obj
 0001:00016480       _pj_scan_get               00417480 f   pjlib-util-i386-win32-vc14-release:scanner.obj
 0001:000164f0       _pj_scan_get_char          004174f0 f   pjlib-util-i386-win32-vc14-release:scanner.obj
 0001:00016530       _pj_scan_get_n             00417530 f   pjlib-util-i386-win32-vc14-release:scanner.obj
 0001:00016580       _pj_scan_get_newline       00417580 f   pjlib-util-i386-win32-vc14-release:scanner.obj
 0001:000165c0       _pj_scan_get_quote         004175c0 f   pjlib-util-i386-win32-vc14-release:scanner.obj
 0001:00016690       _pj_scan_get_until_ch      00417690 f   pjlib-util-i386-win32-vc14-release:scanner.obj
 0001:000166f0       _pj_scan_init              004176f0 f   pjlib-util-i386-win32-vc14-release:scanner.obj
 0001:00016740       _pj_scan_peek              00417740 f   pjlib-util-i386-win32-vc14-release:scanner.obj
 0001:000167a0       _pj_scan_skip_line         004177a0 f   pjlib-util-i386-win32-vc14-release:scanner.obj
 0001:000167d0       _pj_scan_skip_whitespace   004177d0 f   pjlib-util-i386-win32-vc14-release:scanner.obj
 0001:000168c0       _pj_dns_get_type_name      004178c0 f   pjlib-util-i386-win32-vc14-release:dns.obj
 0001:00016970       _pj_dns_make_query         00417970 f   pjlib-util-i386-win32-vc14-release:dns.obj
 0001:00017900       _pj_dns_srv_resolve        00418900 f   pjlib-util-i386-win32-vc14-release:srv_resolver.obj
 0001:00017b20       _pj_atexit                 00418b20 f   pjlib-i386-win32-vc14-release:os_core_win32.obj
 0001:00017b50       _pj_atomic_create          00418b50 f   pjlib-i386-win32-vc14-release:os_core_win32.obj
 0001:00017b80       _pj_atomic_dec_and_get     00418b80 f   pjlib-i386-win32-vc14-release:os_core_win32.obj
 0001:00017bd0       _pj_atomic_destroy         00418bd0 f   pjlib-i386-win32-vc14-release:os_core_win32.obj
 0001:00017bf0       _pj_atomic_get             00418bf0 f   pjlib-i386-win32-vc14-release:os_core_win32.obj
 0001:00017c40       _pj_atomic_inc             00418c40 f   pjlib-i386-win32-vc14-release:os_core_win32.obj
 0001:00017c90       _pj_atomic_inc_and_get     00418c90 f   pjlib-i386-win32-vc14-release:os_core_win32.obj
 0001:00017ce0       _pj_atomic_set             00418ce0 f   pjlib-i386-win32-vc14-release:os_core_win32.obj
 0001:00017d30       _pj_enter_critical_section 00418d30 f   pjlib-i386-win32-vc14-release:os_core_win32.obj
 0001:00017d90       _pj_init                   00418d90 f   pjlib-i386-win32-vc14-release:os_core_win32.obj
 0001:00017fa0       _pj_leave_critical_section 00418fa0 f   pjlib-i386-win32-vc14-release:os_core_win32.obj
 0001:00018000       _pj_mutex_create           00419000 f   pjlib-i386-win32-vc14-release:os_core_win32.obj
 0001:00018050       _pj_mutex_create_recursive 00419050 f   pjlib-i386-win32-vc14-release:os_core_win32.obj
 0001:00018050       _pj_mutex_create_simple    00419050 f   pjlib-i386-win32-vc14-release:os_core_win32.obj
 0001:000180a0       _pj_mutex_destroy          004190a0 f   pjlib-i386-win32-vc14-release:os_core_win32.obj
 0001:00018110       _pj_mutex_lock             00419110 f   pjlib-i386-win32-vc14-release:os_core_win32.obj
 0001:00018180       _pj_mutex_trylock          00419180 f   pjlib-i386-win32-vc14-release:os_core_win32.obj
 0001:00018200       _pj_mutex_unlock           00419200 f   pjlib-i386-win32-vc14-release:os_core_win32.obj
 0001:00018270       _pj_rwmutex_create         00419270 f   pjlib-i386-win32-vc14-release:os_core_win32.obj
 0001:00018410       _pj_rwmutex_destroy        00419410 f   pjlib-i386-win32-vc14-release:os_core_win32.obj
 0001:000184a0       _pj_rwmutex_lock_read      004194a0 f   pjlib-i386-win32-vc14-release:os_core_win32.obj
 0001:000184f0       _pj_rwmutex_lock_write     004194f0 f   pjlib-i386-win32-vc14-release:os_core_win32.obj
 0001:00018510       _pj_rwmutex_unlock_read    00419510 f   pjlib-i386-win32-vc14-release:os_core_win32.obj
 0001:00018550       _pj_rwmutex_unlock_write   00419550 f   pjlib-i386-win32-vc14-release:os_core_win32.obj
 0001:00018570       _pj_sem_destroy            00419570 f   pjlib-i386-win32-vc14-release:os_core_win32.obj
 0001:00018600       _pj_sem_post               00419600 f   pjlib-i386-win32-vc14-release:os_core_win32.obj
 0001:000186a0       _pj_sem_trywait            004196a0 f   pjlib-i386-win32-vc14-release:os_core_win32.obj
 0001:00018700       _pj_sem_wait               00419700 f   pjlib-i386-win32-vc14-release:os_core_win32.obj
 0001:00018810       _pj_shutdown               00419810 f   pjlib-i386-win32-vc14-release:os_core_win32.obj
 0001:00018950       _pj_term_set_color         00419950 f   pjlib-i386-win32-vc14-release:os_core_win32.obj
 0001:00018a20       _pj_thread_check_stack     00419a20 f   pjlib-i386-win32-vc14-release:os_core_win32.obj
 0001:00018a70       _pj_thread_create          00419a70 f   pjlib-i386-win32-vc14-release:os_core_win32.obj
 0001:00018bc0       _pj_thread_get_name        00419bc0 f   pjlib-i386-win32-vc14-release:os_core_win32.obj
 0001:00018c10       _pj_thread_join            00419c10 f   pjlib-i386-win32-vc14-release:os_core_win32.obj
 0001:00018cd0       _pj_thread_local_alloc     00419cd0 f   pjlib-i386-win32-vc14-release:os_core_win32.obj
 0001:00018d20       _pj_thread_local_free      00419d20 f   pjlib-i386-win32-vc14-release:os_core_win32.obj
 0001:00018d70       _pj_thread_local_get       00419d70 f   pjlib-i386-win32-vc14-release:os_core_win32.obj
 0001:00018d80       _pj_thread_local_set       00419d80 f   pjlib-i386-win32-vc14-release:os_core_win32.obj
 0001:00018dc0       _pj_thread_sleep           00419dc0 f   pjlib-i386-win32-vc14-release:os_core_win32.obj
 0001:00018e10       _pj_thread_this            00419e10 f   pjlib-i386-win32-vc14-release:os_core_win32.obj
 0001:00018ec0       _pj_errno_clear_handlers   00419ec0 f   pjlib-i386-win32-vc14-release:errno.obj
 0001:00018ee0       _pj_perror                 00419ee0 f   pjlib-i386-win32-vc14-release:errno.obj
 0001:00018f00       _pj_perror_1               00419f00 f   pjlib-i386-win32-vc14-release:errno.obj
 0001:00018f20       _pj_perror_2               00419f20 f   pjlib-i386-win32-vc14-release:errno.obj
 0001:00018f40       _pj_perror_3               00419f40 f   pjlib-i386-win32-vc14-release:errno.obj
 0001:00018f60       _pj_perror_4               00419f60 f   pjlib-i386-win32-vc14-release:errno.obj
 0001:00019150       _pj_register_strerror      0041a150 f   pjlib-i386-win32-vc14-release:errno.obj
 0001:00019220       _pj_strerror               0041a220 f   pjlib-i386-win32-vc14-release:errno.obj
 0001:00019360       _pj_list_erase             0041a360 f   pjlib-i386-win32-vc14-release:list.obj
 0001:00019380       _pj_list_find_node         0041a380 f   pjlib-i386-win32-vc14-release:list.obj
 0001:000193b0       _pj_list_insert_after      0041a3b0 f   pjlib-i386-win32-vc14-release:list.obj
 0001:000193d0       _pj_list_insert_before     0041a3d0 f   pjlib-i386-win32-vc14-release:list.obj
 0001:000193f0       _pj_list_insert_nodes_before 0041a3f0 f   pjlib-i386-win32-vc14-release:list.obj
 0001:00019410       _pj_list_search            0041a410 f   pjlib-i386-win32-vc14-release:list.obj
 0001:00019450       _pj_list_size              0041a450 f   pjlib-i386-win32-vc14-release:list.obj
 0001:00019470       _pj_gethostname            0041a470 f   pjlib-i386-win32-vc14-release:sock_bsd.obj
 0001:000194f0       _pj_htonl                  0041a4f0 f   pjlib-i386-win32-vc14-release:sock_bsd.obj
 0001:00019500       _pj_htons                  0041a500 f   pjlib-i386-win32-vc14-release:sock_bsd.obj
 0001:00019510       _pj_inet_aton              0041a510 f   pjlib-i386-win32-vc14-release:sock_bsd.obj
 0001:000195a0       _pj_inet_ntop              0041a5a0 f   pjlib-i386-win32-vc14-release:sock_bsd.obj
 0001:000196c0       _pj_inet_pton              0041a6c0 f   pjlib-i386-win32-vc14-release:sock_bsd.obj
 0001:00019820       _pj_ntohl                  0041a820 f   pjlib-i386-win32-vc14-release:sock_bsd.obj
 0001:00019830       _pj_ntohs                  0041a830 f   pjlib-i386-win32-vc14-release:sock_bsd.obj
 0001:00019840       _pj_sock_accept            0041a840 f   pjlib-i386-win32-vc14-release:sock_bsd.obj
 0001:000198b0       _pj_sock_bind              0041a8b0 f   pjlib-i386-win32-vc14-release:sock_bsd.obj
 0001:00019920       _pj_sock_close             0041a920 f   pjlib-i386-win32-vc14-release:sock_bsd.obj
 0001:00019970       _pj_sock_connect           0041a970 f   pjlib-i386-win32-vc14-release:sock_bsd.obj
 0001:000199d0       _pj_sock_getsockname       0041a9d0 f   pjlib-i386-win32-vc14-release:sock_bsd.obj
 0001:00019a30       _pj_sock_getsockopt        0041aa30 f   pjlib-i386-win32-vc14-release:sock_bsd.obj
 0001:00019aa0       _pj_sock_recv              0041aaa0 f   pjlib-i386-win32-vc14-release:sock_bsd.obj
 0001:00019b10       _pj_sock_recvfrom          0041ab10 f   pjlib-i386-win32-vc14-release:sock_bsd.obj
 0001:00019b80       _pj_sock_send              0041ab80 f   pjlib-i386-win32-vc14-release:sock_bsd.obj
 0001:00019bf0       _pj_sock_sendto            0041abf0 f   pjlib-i386-win32-vc14-release:sock_bsd.obj
 0001:00019c60       _pj_sock_setsockopt        0041ac60 f   pjlib-i386-win32-vc14-release:sock_bsd.obj
 0001:00019ce0       _pj_sock_setsockopt_params 0041ace0 f   pjlib-i386-win32-vc14-release:sock_bsd.obj
 0001:00019df0       _pj_sock_socket            0041adf0 f   pjlib-i386-win32-vc14-release:sock_bsd.obj
 0001:00019ea0       _pj_NO_MEMORY_EXCEPTION    0041aea0 f   pjlib-i386-win32-vc14-release:pool.obj
 0001:00019eb0       _pj_pool_alloc             0041aeb0 f   pjlib-i386-win32-vc14-release:pool.obj
 0001:0001a020       _pj_pool_calloc            0041b020 f   pjlib-i386-win32-vc14-release:pool.obj
 0001:0001a050       _pj_pool_create            0041b050 f   pjlib-i386-win32-vc14-release:pool.obj
 0001:0001a060       _pj_pool_create_int        0041b060 f   pjlib-i386-win32-vc14-release:pool.obj
 0001:0001a170       _pj_pool_destroy_int       0041b170 f   pjlib-i386-win32-vc14-release:pool.obj
 0001:0001a1b0       _pj_pool_get_capacity      0041b1b0 f   pjlib-i386-win32-vc14-release:pool.obj
 0001:0001a1c0       _pj_pool_get_used_size     0041b1c0 f   pjlib-i386-win32-vc14-release:pool.obj
 0001:0001a1f0       _pj_pool_getobjname        0041b1f0 f   pjlib-i386-win32-vc14-release:pool.obj
 0001:0001a200       _pj_pool_init_int          0041b200 f   pjlib-i386-win32-vc14-release:pool.obj
 0001:0001a270       _pj_pool_release           0041b270 f   pjlib-i386-win32-vc14-release:pool.obj
 0001:0001a290       _pj_pool_reset             0041b290 f   pjlib-i386-win32-vc14-release:pool.obj
 0001:0001a6a0       _pj_caching_pool_destroy   0041b6a0 f   pjlib-i386-win32-vc14-release:pool_caching.obj
 0001:0001a780       _pj_caching_pool_init      0041b780 f   pjlib-i386-win32-vc14-release:pool_caching.obj
 0001:0001a840       _pj_str                    0041b840 f   pjlib-i386-win32-vc14-release:string.obj
 0001:0001a860       _pj_strcat                 0041b860 f   pjlib-i386-win32-vc14-release:string.obj
 0001:0001a890       _pj_strcat2                0041b890 f   pjlib-i386-win32-vc14-release:string.obj
 0001:0001a8d0       _pj_strcmp                 0041b8d0 f   pjlib-i386-win32-vc14-release:string.obj
 0001:0001a980       _pj_strcpy                 0041b980 f   pjlib-i386-win32-vc14-release:string.obj
 0001:0001a9b0       _pj_strcpy2                0041b9b0 f   pjlib-i386-win32-vc14-release:string.obj
 0001:0001a9f0       _pj_strdup                 0041b9f0 f   pjlib-i386-win32-vc14-release:string.obj
 0001:0001aa30       _pj_strdup2                0041ba30 f   pjlib-i386-win32-vc14-release:string.obj
 0001:0001aa90       _pj_strdup_with_null       0041ba90 f   pjlib-i386-win32-vc14-release:string.obj
 0001:0001aae0       _pj_stricmp                0041bae0 f   pjlib-i386-win32-vc14-release:string.obj
 0001:0001ab40       _pj_stricmp2               0041bb40 f   pjlib-i386-win32-vc14-release:string.obj
 0001:0001abb0       _pj_strltrim               0041bbb0 f   pjlib-i386-win32-vc14-release:string.obj
 0001:0001abf0       _pj_strncpy                0041bbf0 f   pjlib-i386-win32-vc14-release:string.obj
 0001:0001ac30       _pj_strncpy_with_null      0041bc30 f   pjlib-i386-win32-vc14-release:string.obj
 0001:0001ac70       _pj_strnicmp               0041bc70 f   pjlib-i386-win32-vc14-release:string.obj
 0001:0001acb0       _pj_strstr                 0041bcb0 f   pjlib-i386-win32-vc14-release:string.obj
 0001:0001ad00       _pj_strtol2                0041bd00 f   pjlib-i386-win32-vc14-release:string.obj
 0001:0001ae80       _pj_strtoul                0041be80 f   pjlib-i386-win32-vc14-release:string.obj
 0001:0001aee0       _pj_strtrim                0041bee0 f   pjlib-i386-win32-vc14-release:string.obj
 0001:0001af60       _pj_utoa                   0041bf60 f   pjlib-i386-win32-vc14-release:string.obj
 0001:0001afe0       _pj_utoa_pad               0041bfe0 f   pjlib-i386-win32-vc14-release:string.obj
 0001:0001b080       _pj_addr_str_print         0041c080 f   pjlib-i386-win32-vc14-release:sock_common.obj
 0001:0001b150       _pj_gethostip              0041c150 f   pjlib-i386-win32-vc14-release:sock_common.obj
 0001:0001bb10       _pj_getipinterface         0041cb10 f   pjlib-i386-win32-vc14-release:sock_common.obj
 0001:0001bd20       _pj_sockaddr_cmp           0041cd20 f   pjlib-i386-win32-vc14-release:sock_common.obj
 0001:0001bea0       _pj_sockaddr_cp            0041cea0 f   pjlib-i386-win32-vc14-release:sock_common.obj
 0001:0001bf00       _pj_sockaddr_get_addr      0041cf00 f   pjlib-i386-win32-vc14-release:sock_common.obj
 0001:0001bf40       _pj_sockaddr_get_addr_len  0041cf40 f   pjlib-i386-win32-vc14-release:sock_common.obj
 0001:0001bf80       _pj_sockaddr_get_len       0041cf80 f   pjlib-i386-win32-vc14-release:sock_common.obj
 0001:0001bfc0       _pj_sockaddr_get_port      0041cfc0 f   pjlib-i386-win32-vc14-release:sock_common.obj
 0001:0001bff0       _pj_sockaddr_in_init       0041cff0 f   pjlib-i386-win32-vc14-release:sock_common.obj
 0001:0001c040       _pj_sockaddr_in_set_str_addr 0041d040 f   pjlib-i386-win32-vc14-release:sock_common.obj
 0001:0001c130       _pj_sockaddr_init          0041d130 f   pjlib-i386-win32-vc14-release:sock_common.obj
 0001:0001c2d0       _pj_sockaddr_print         0041d2d0 f   pjlib-i386-win32-vc14-release:sock_common.obj
 0001:0001c3e0       _pj_sockaddr_set_port      0041d3e0 f   pjlib-i386-win32-vc14-release:sock_common.obj
 0001:0001c460       _pj_log                    0041d460 f   pjlib-i386-win32-vc14-release:log.obj
 0001:0001c960       _pj_log_1                  0041d960 f   pjlib-i386-win32-vc14-release:log.obj
 0001:0001c980       _pj_log_2                  0041d980 f   pjlib-i386-win32-vc14-release:log.obj
 0001:0001c9a0       _pj_log_3                  0041d9a0 f   pjlib-i386-win32-vc14-release:log.obj
 0001:0001c9c0       _pj_log_4                  0041d9c0 f   pjlib-i386-win32-vc14-release:log.obj
 0001:0001c9e0       _pj_log_5                  0041d9e0 f   pjlib-i386-win32-vc14-release:log.obj
 0001:0001ca00       _pj_log_get_color          0041da00 f   pjlib-i386-win32-vc14-release:log.obj
 0001:0001ca70       _pj_log_get_decor          0041da70 f   pjlib-i386-win32-vc14-release:log.obj
 0001:0001ca80       _pj_log_get_level          0041da80 f   pjlib-i386-win32-vc14-release:log.obj
 0001:0001ca90       _pj_log_init               0041da90 f   pjlib-i386-win32-vc14-release:log.obj
 0001:0001cb00       _pj_log_pop_indent         0041db00 f   pjlib-i386-win32-vc14-release:log.obj
 0001:0001cb30       _pj_log_push_indent        0041db30 f   pjlib-i386-win32-vc14-release:log.obj
 0001:0001cb60       _pj_log_set_level          0041db60 f   pjlib-i386-win32-vc14-release:log.obj
 0001:0001ceb0       _pj_enum_ip_interface      0041deb0 f   pjlib-i386-win32-vc14-release:ip_helper_win32.obj
 0001:0001d2c0       _ioqueue_dispatch_read_event 0041e2c0 f   pjlib-i386-win32-vc14-release:ioqueue_select.obj
 0001:0001d4d0       _ioqueue_dispatch_write_event 0041e4d0 f   pjlib-i386-win32-vc14-release:ioqueue_select.obj
 0001:0001d760       _pj_ioqueue_create         0041e760 f   pjlib-i386-win32-vc14-release:ioqueue_select.obj
 0001:0001d930       _pj_ioqueue_destroy        0041e930 f   pjlib-i386-win32-vc14-release:ioqueue_select.obj
 0001:0001d9f0       _pj_ioqueue_get_user_data  0041e9f0 f   pjlib-i386-win32-vc14-release:ioqueue_select.obj
 0001:0001da10       _pj_ioqueue_is_pending     0041ea10 f   pjlib-i386-win32-vc14-release:ioqueue_select.obj
 0001:0001da20       _pj_ioqueue_lock_key       0041ea20 f   pjlib-i386-win32-vc14-release:ioqueue_select.obj
 0001:0001da50       _pj_ioqueue_op_key_init    0041ea50 f   pjlib-i386-win32-vc14-release:ioqueue_select.obj
 0001:0001da70       _pj_ioqueue_poll           0041ea70 f   pjlib-i386-win32-vc14-release:ioqueue_select.obj
 0001:0001df50       _pj_ioqueue_recvfrom       0041ef50 f   pjlib-i386-win32-vc14-release:ioqueue_select.obj
 0001:0001e090       _pj_ioqueue_register_sock2 0041f090 f   pjlib-i386-win32-vc14-release:ioqueue_select.obj
 0001:0001e220       _pj_ioqueue_sendto         0041f220 f   pjlib-i386-win32-vc14-release:ioqueue_select.obj
 0001:0001e3c0       _pj_ioqueue_unlock_key     0041f3c0 f   pjlib-i386-win32-vc14-release:ioqueue_select.obj
 0001:0001e3f0       _pj_ioqueue_unregister     0041f3f0 f   pjlib-i386-win32-vc14-release:ioqueue_select.obj
 0001:0001e860       _pj_grp_lock_acquire       0041f860 f   pjlib-i386-win32-vc14-release:lock.obj
 0001:0001e870       _pj_grp_lock_add_handler   0041f870 f   pjlib-i386-win32-vc14-release:lock.obj
 0001:0001e8c0       _pj_grp_lock_add_ref       0041f8c0 f   pjlib-i386-win32-vc14-release:lock.obj
 0001:0001e8e0       _pj_grp_lock_create        0041f8e0 f   pjlib-i386-win32-vc14-release:lock.obj
 0001:0001e9d0       _pj_grp_lock_dec_ref       0041f9d0 f   pjlib-i386-win32-vc14-release:lock.obj
 0001:0001ea00       _pj_grp_lock_release       0041fa00 f   pjlib-i386-win32-vc14-release:lock.obj
 0001:0001ea10       _pj_grp_lock_tryacquire    0041fa10 f   pjlib-i386-win32-vc14-release:lock.obj
 0001:0001ea20       _pj_lock_acquire           0041fa20 f   pjlib-i386-win32-vc14-release:lock.obj
 0001:0001ea40       _pj_lock_create_null_mutex 0041fa40 f   pjlib-i386-win32-vc14-release:lock.obj
 0001:0001ea60       _pj_lock_create_recursive_mutex 0041fa60 f   pjlib-i386-win32-vc14-release:lock.obj
 0001:0001ea80       _pj_lock_create_simple_mutex 0041fa80 f   pjlib-i386-win32-vc14-release:lock.obj
 0001:0001eaa0       _pj_lock_destroy           0041faa0 f   pjlib-i386-win32-vc14-release:lock.obj
 0001:0001eac0       _pj_lock_release           0041fac0 f   pjlib-i386-win32-vc14-release:lock.obj
 0001:0001eae0       _pj_lock_tryacquire        0041fae0 f   pjlib-i386-win32-vc14-release:lock.obj
 0001:0001ebc0       _pj_timer_entry_running    0041fbc0 f   pjlib-i386-win32-vc14-release:timer.obj
 0001:0001ebe0       _pj_timer_heap_cancel      0041fbe0 f   pjlib-i386-win32-vc14-release:timer.obj
 0001:0001ec00       _pj_timer_heap_cancel_if_active 0041fc00 f   pjlib-i386-win32-vc14-release:timer.obj
 0001:0001ec20       _pj_timer_heap_count       0041fc20 f   pjlib-i386-win32-vc14-release:timer.obj
 0001:0001ec40       _pj_timer_heap_create      0041fc40 f   pjlib-i386-win32-vc14-release:timer.obj
 0001:0001edf0       _pj_timer_heap_destroy     0041fdf0 f   pjlib-i386-win32-vc14-release:timer.obj
 0001:0001ee20       _pj_timer_heap_poll        0041fe20 f   pjlib-i386-win32-vc14-release:timer.obj
 0001:0001efa0       _pj_timer_heap_schedule_w_grp_lock 0041ffa0 f   pjlib-i386-win32-vc14-release:timer.obj
 0001:0001efc0       _pj_timer_heap_set_lock    0041ffc0 f   pjlib-i386-win32-vc14-release:timer.obj
 0001:0001eff0       _pj_timer_heap_set_max_timed_out_per_poll 0041fff0 f   pjlib-i386-win32-vc14-release:timer.obj
 0001:0001f430       _pj_exception_id_alloc     00420430 f   pjlib-i386-win32-vc14-release:except.obj
 0001:0001f480       _pj_exception_id_free      00420480 f   pjlib-i386-win32-vc14-release:except.obj
 0001:0001f4c0       _pj_exception_id_name      004204c0 f   pjlib-i386-win32-vc14-release:except.obj
 0001:0001f500       _pj_pop_exception_handler_ 00420500 f   pjlib-i386-win32-vc14-release:except.obj
 0001:0001f530       _pj_push_exception_handler_ 00420530 f   pjlib-i386-win32-vc14-release:except.obj
 0001:0001f580       _pj_throw_exception_       00420580 f   pjlib-i386-win32-vc14-release:except.obj
 0001:0001f600       _pj_get_timestamp          00420600 f   pjlib-i386-win32-vc14-release:os_timestamp_win32.obj
 0001:0001f660       _pj_get_timestamp_freq     00420660 f   pjlib-i386-win32-vc14-release:os_timestamp_win32.obj
 0001:0001f8d0       _pj_hash_calc              004208d0 f   pjlib-i386-win32-vc14-release:hash.obj
 0001:0001f960       _pj_hash_calc_tolower      00420960 f   pjlib-i386-win32-vc14-release:hash.obj
 0001:0001f9b0       _pj_hash_count             004209b0 f   pjlib-i386-win32-vc14-release:hash.obj
 0001:0001f9c0       _pj_hash_create            004209c0 f   pjlib-i386-win32-vc14-release:hash.obj
 0001:0001fa10       _pj_hash_first             00420a10 f   pjlib-i386-win32-vc14-release:hash.obj
 0001:0001fa50       _pj_hash_get               00420a50 f   pjlib-i386-win32-vc14-release:hash.obj
 0001:0001fa80       _pj_hash_get_lower         00420a80 f   pjlib-i386-win32-vc14-release:hash.obj
 0001:0001fab0       _pj_hash_next              00420ab0 f   pjlib-i386-win32-vc14-release:hash.obj
 0001:0001fb00       _pj_hash_set               00420b00 f   pjlib-i386-win32-vc14-release:hash.obj
 0001:0001fb60       _pj_hash_set_lower         00420b60 f   pjlib-i386-win32-vc14-release:hash.obj
 0001:0001fbc0       _pj_hash_set_np            00420bc0 f   pjlib-i386-win32-vc14-release:hash.obj
 0001:0001fc20       _pj_hash_this              00420c20 f   pjlib-i386-win32-vc14-release:hash.obj
 0001:0001fc40       _pj_get_netos_error        00420c40 f   pjlib-i386-win32-vc14-release:os_error_win32.obj
 0001:0001fc60       _platform_strerror         00420c60 f   pjlib-i386-win32-vc14-release:os_error_win32.obj
 0001:0001fd40       _pj_GUID_STRING_LENGTH     00420d40 f   pjlib-i386-win32-vc14-release:guid_win32.obj
 0001:0001fd50       _pj_generate_unique_string 00420d50 f   pjlib-i386-win32-vc14-release:guid_win32.obj
 0001:0001fe00       _pj_create_unique_string   00420e00 f   pjlib-i386-win32-vc14-release:guid.obj
 0001:0001fe30       _pj_rand                   00420e30 f   pjlib-i386-win32-vc14-release:rand.obj
 0001:0001fe60       _pj_qos_get_params         00420e60 f   pjlib-i386-win32-vc14-release:sock_qos_common.obj
 0001:0001fe90       _pj_sock_apply_qos2        00420e90 f   pjlib-i386-win32-vc14-release:sock_qos_common.obj
 0001:0001ff60       _pj_gettimeofday           00420f60 f   pjlib-i386-win32-vc14-release:os_time_win32.obj
 0001:00020010       _pj_time_decode            00421010 f   pjlib-i386-win32-vc14-release:os_time_win32.obj
 0001:000200c0       _pj_getaddrinfo            004210c0 f   pjlib-i386-win32-vc14-release:addr_resolv_sock.obj
 0001:00020280       _pj_time_val_normalize     00421280 f   pjlib-i386-win32-vc14-release:types.obj
 0001:00020310       _pj_pool_create_on_buf     00421310 f   pjlib-i386-win32-vc14-release:pool_buf.obj
 0001:00020420       _pj_log_write              00421420 f   pjlib-i386-win32-vc14-release:log_writer_stdout.obj
 0001:00020480       _pj_gettickcount           00421480 f   pjlib-i386-win32-vc14-release:os_timestamp_common.obj
 0001:00020550       _PJ_FD_CLR                 00421550 f   pjlib-i386-win32-vc14-release:sock_select.obj
 0001:000205d0       _PJ_FD_ISSET               004215d0 f   pjlib-i386-win32-vc14-release:sock_select.obj
 0001:00020600       _PJ_FD_SET                 00421600 f   pjlib-i386-win32-vc14-release:sock_select.obj
 0001:00020670       _PJ_FD_ZERO                00421670 f   pjlib-i386-win32-vc14-release:sock_select.obj
 0001:000206a0       _pj_sock_select            004216a0 f   pjlib-i386-win32-vc14-release:sock_select.obj
 0001:00020710       _pj_sock_set_qos_params    00421710 f   pjlib-i386-win32-vc14-release:sock_qos_bsd.obj
 0001:00020830       _pj_sock_set_qos_type      00421830 f   pjlib-i386-win32-vc14-release:sock_qos_bsd.obj
 0001:0002096c       ___WSAFDIsSet@8            0042196c f   ws2_32:WS2_32.dll
 0001:00020972       @__security_check_cookie@4 00421972 f   MSVCRT:secchk.obj
 0001:00020bca       _mainCRTStartup            00421bca f   MSVCRT:exe_main.obj
 0001:00020bd4       ___raise_securityfailure   00421bd4 f   MSVCRT:gs_report.obj
 0001:00020bfc       ___report_gsfailure        00421bfc f   MSVCRT:gs_report.obj
 0001:00020cf5       ___report_rangecheckfailure 00421cf5 f   MSVCRT:gs_report.obj
 0001:00020d01       ___report_securityfailure  00421d01 f   MSVCRT:gs_report.obj
 0001:00020dcf       ___isa_available_init      00421dcf f   MSVCRT:cpu_disp.obj
 0001:00020f70       __alldiv                   00421f70 f   MSVCRT:lldiv.obj
 0001:00021020       __allmul                   00422020 f   MSVCRT:llmul.obj
 0001:00021060       __ftoui3                   00422060 f   MSVCRT:ftol3.obj
 0001:0002106f       __ftoul3                   0042206f f   MSVCRT:ftol3.obj
 0001:0002107e       __ftol3                    0042207e f   MSVCRT:ftol3.obj
 0001:0002108b       __ftol3_NaN                0042208b f   MSVCRT:ftol3.obj
 0001:000210a3       __ftol3_work               004220a3 f   MSVCRT:ftol3.obj
 0001:00021129       __ftol3_common             00422129 f   MSVCRT:ftol3.obj
 0001:000211eb       __ftol3_arg_error          004221eb f   MSVCRT:ftol3.obj
 0001:000211fd       __ftol3_except             004221fd f   MSVCRT:ftol3.obj
 0001:00021241       __dtoui3                   00422241 f   MSVCRT:ftol3.obj
 0001:00021250       __dtoul3                   00422250 f   MSVCRT:ftol3.obj
 0001:0002125f       __dtol3                    0042225f f   MSVCRT:ftol3.obj
 0001:0002126c       __dtol3_NaN                0042226c f   MSVCRT:ftol3.obj
 0001:00021289       __dtol3_work               00422289 f   MSVCRT:ftol3.obj
 0001:00021370       __ultod3                   00422370 f   MSVCRT:ftol3.obj
 0001:000213b0       __ltod3                    004223b0 f   MSVCRT:ftol3.obj
 0001:0002141b       ___scrt_acquire_startup_lock 0042241b f   MSVCRT:utility.obj
 0001:0002144d       ___scrt_initialize_crt     0042244d f   MSVCRT:utility.obj
 0001:00021486       ___scrt_initialize_onexit_tables 00422486 f   MSVCRT:utility.obj
 0001:0002152b       ___scrt_is_nonwritable_in_current_image 0042252b f   MSVCRT:utility.obj
 0001:000215bf       ___scrt_release_startup_lock 004225bf f   MSVCRT:utility.obj
 0001:000215dc       ___scrt_uninitialize_crt   004225dc f   MSVCRT:utility.obj
 0001:00021604       __onexit                   00422604 f   MSVCRT:utility.obj
 0001:0002163f       _atexit                    0042263f f   MSVCRT:utility.obj
 0001:000216a1       ___security_init_cookie    004226a1 f   MSVCRT:gs_support.obj
 0001:000216ec       __get_startup_argv_mode    004226ec f   MSVCRT:argv_mode.obj
 0001:000216f0       __get_startup_file_mode    004226f0 f   MSVCRT:file_mode.obj
 0001:000216f6       ?__scrt_initialize_type_info@@YAXXZ 004226f6 f   MSVCRT:tncleanup.obj
 0001:00021702       ___scrt_stub_for_acrt_initialize 00422702 f   MSVCRT:ucrt_stubs.obj
 0001:00021702       ___acrt_initialize         00422702 f   MSVCRT:ucrt_stubs.obj
 0001:00021702       __should_initialize_environment 00422702 f   MSVCRT:env_mode.obj
 0001:00021702       ___vcrt_uninitialize       00422702 f   MSVCRT:ucrt_stubs.obj
 0001:00021702       ___vcrt_initialize         00422702 f   MSVCRT:ucrt_stubs.obj
 0001:00021702       ___scrt_stub_for_acrt_uninitialize 00422702 f   MSVCRT:ucrt_stubs.obj
 0001:00021702       ___acrt_uninitialize       00422702 f   MSVCRT:ucrt_stubs.obj
 0001:00021705       __initialize_default_precision 00422705 f   MSVCRT:default_precision.obj
 0001:00021726       __initialize_denormal_control 00422726 f   MSVCRT:denormal_control.obj
 0001:00021726       @_guard_check_icall_nop@4  00422726 f   MSVCRT:guard_support.obj
 0001:00021726       __initialize_invalid_parameter_handler 00422726 f   MSVCRT:invalid_parameter_handler.obj
 0001:00021727       ___local_stdio_scanf_options 00422727 f i MSVCRT:default_local_stdio_options.obj
 0001:0002172d       ___scrt_initialize_default_local_stdio_options 0042272d f   MSVCRT:default_local_stdio_options.obj
 0001:0002174a       ___scrt_is_user_matherr_present 0042274a f   MSVCRT:matherr_detection.obj
 0001:00021756       ___scrt_get_dyn_tls_init_callback 00422756 f   MSVCRT:dyn_tls_init.obj
 0001:0002175c       ___scrt_get_dyn_tls_dtor_callback 0042275c f   MSVCRT:dyn_tls_dtor.obj
 0001:00021762       ___scrt_fastfail           00422762 f   MSVCRT:utility_desktop.obj
 0001:0002187c       ___scrt_initialize_mta     0042287c f   MSVCRT:utility_desktop.obj
 0001:00021881       ___scrt_is_managed_app     00422881 f   MSVCRT:utility_desktop.obj
 0001:000218c4       ___scrt_set_unhandled_exception_filter 004228c4 f   MSVCRT:utility_desktop.obj
 0001:000218d0       ___scrt_unhandled_exception_filter@4 004228d0 f   MSVCRT:utility_desktop.obj
 0001:00021911       __crt_debugger_hook        00422911 f   MSVCRT:utility_desktop.obj
 0001:00021919       __RTC_Initialize           00422919 f   MSVCRT:initsect.obj
 0001:00021945       __RTC_Terminate            00422945 f   MSVCRT:initsect.obj
 0001:00021980       __SEH_prolog4              00422980 f   MSVCRT:sehprolg4.obj
 0001:000219c6       __SEH_epilog4              004229c6 f   MSVCRT:sehprolg4.obj
 0001:000219db       __except_handler4          004229db f   MSVCRT:chandler4gs.obj
 0001:000219fe       ___scrt_is_ucrt_dll_in_use 004229fe f   MSVCRT:ucrt_detection.obj
 0001:00021a0a       _IsProcessorFeaturePresent@4 00422a0a f   kernel32:KERNEL32.dll
 0001:00021a10       _memset                    00422a10 f   vcruntime:VCRUNTIME140.dll
 0001:00021a16       _memchr                    00422a16 f   vcruntime:VCRUNTIME140.dll
 0001:00021a1c       _memcpy                    00422a1c f   vcruntime:VCRUNTIME140.dll
 0001:00021a22       __setjmp3                  00422a22 f   vcruntime:VCRUNTIME140.dll
 0001:00021a28       _memmove                   00422a28 f   vcruntime:VCRUNTIME140.dll
 0001:00021a2e       _strchr                    00422a2e f   vcruntime:VCRUNTIME140.dll
 0001:00021a34       _longjmp                   00422a34 f   vcruntime:VCRUNTIME140.dll
 0001:00021a3a       __except_handler4_common   00422a3a f   vcruntime:VCRUNTIME140.dll
 0001:00021a40       __CIfmod                   00422a40 f   ucrt:api-ms-win-crt-math-l1-1-0.dll
 0001:00021a46       __seh_filter_exe           00422a46 f   ucrt:api-ms-win-crt-runtime-l1-1-0.dll
 0001:00021a4c       __set_app_type             00422a4c f   ucrt:api-ms-win-crt-runtime-l1-1-0.dll
 0001:00021a52       ___setusermatherr          00422a52 f   ucrt:api-ms-win-crt-math-l1-1-0.dll
 0001:00021a58       __configure_narrow_argv    00422a58 f   ucrt:api-ms-win-crt-runtime-l1-1-0.dll
 0001:00021a5e       __initialize_narrow_environment 00422a5e f   ucrt:api-ms-win-crt-runtime-l1-1-0.dll
 0001:00021a64       __get_initial_narrow_environment 00422a64 f   ucrt:api-ms-win-crt-runtime-l1-1-0.dll
 0001:00021a6a       __initterm                 00422a6a f   ucrt:api-ms-win-crt-runtime-l1-1-0.dll
 0001:00021a70       __initterm_e               00422a70 f   ucrt:api-ms-win-crt-runtime-l1-1-0.dll
 0001:00021a76       _exit                      00422a76 f   ucrt:api-ms-win-crt-runtime-l1-1-0.dll
 0001:00021a7c       __exit                     00422a7c f   ucrt:api-ms-win-crt-runtime-l1-1-0.dll
 0001:00021a82       __set_fmode                00422a82 f   ucrt:api-ms-win-crt-stdio-l1-1-0.dll
 0001:00021a88       ___p___argc                00422a88 f   ucrt:api-ms-win-crt-runtime-l1-1-0.dll
 0001:00021a8e       ___p___argv                00422a8e f   ucrt:api-ms-win-crt-runtime-l1-1-0.dll
 0001:00021a94       __cexit                    00422a94 f   ucrt:api-ms-win-crt-runtime-l1-1-0.dll
 0001:00021a9a       __c_exit                   00422a9a f   ucrt:api-ms-win-crt-runtime-l1-1-0.dll
 0001:00021aa0       __register_thread_local_exe_atexit_callback 00422aa0 f   ucrt:api-ms-win-crt-runtime-l1-1-0.dll
 0001:00021aa6       __configthreadlocale       00422aa6 f   ucrt:api-ms-win-crt-locale-l1-1-0.dll
 0001:00021aac       __set_new_mode             00422aac f   ucrt:api-ms-win-crt-heap-l1-1-0.dll
 0001:00021ab2       ___p__commode              00422ab2 f   ucrt:api-ms-win-crt-stdio-l1-1-0.dll
 0001:00021ab8       __except1                  00422ab8 f   ucrt:api-ms-win-crt-math-l1-1-0.dll
 0001:00021abe       __initialize_onexit_table  00422abe f   ucrt:api-ms-win-crt-runtime-l1-1-0.dll
 0001:00021ac4       __register_onexit_function 00422ac4 f   ucrt:api-ms-win-crt-runtime-l1-1-0.dll
 0001:00021aca       __crt_atexit               00422aca f   ucrt:api-ms-win-crt-runtime-l1-1-0.dll
 0001:00021ad0       __controlfp_s              00422ad0 f   ucrt:api-ms-win-crt-runtime-l1-1-0.dll
 0001:00021ad6       _terminate                 00422ad6 f   ucrt:api-ms-win-crt-runtime-l1-1-0.dll
 0002:00000000       __imp__UnhandledExceptionFilter@4 00423000     kernel32:KERNEL32.dll
 0002:00000004       __imp__GetModuleHandleW@4  00423004     kernel32:KERNEL32.dll
 0002:00000008       __imp__IsDebuggerPresent@0 00423008     kernel32:KERNEL32.dll
 0002:0000000c       __imp__InitializeSListHead@4 0042300c     kernel32:KERNEL32.dll
 0002:00000010       __imp__GetSystemTimeAsFileTime@4 00423010     kernel32:KERNEL32.dll
 0002:00000014       __imp__IsProcessorFeaturePresent@4 00423014     kernel32:KERNEL32.dll
 0002:00000018       __imp__TerminateProcess@8  00423018     kernel32:KERNEL32.dll
 0002:0000001c       __imp__GetCurrentProcess@0 0042301c     kernel32:KERNEL32.dll
 0002:00000020       __imp__SetUnhandledExceptionFilter@4 00423020     kernel32:KERNEL32.dll
 0002:00000024       __imp__SystemTimeToFileTime@8 00423024     kernel32:KERNEL32.dll
 0002:00000028       __imp__FileTimeToSystemTime@8 00423028     kernel32:KERNEL32.dll
 0002:0000002c       __imp__GetLocalTime@4      0042302c     kernel32:KERNEL32.dll
 0002:00000030       __imp__FormatMessageA@28   00423030     kernel32:KERNEL32.dll
 0002:00000034       __imp__QueryPerformanceFrequency@4 00423034     kernel32:KERNEL32.dll
 0002:00000038       __imp__QueryPerformanceCounter@4 00423038     kernel32:KERNEL32.dll
 0002:0000003c       __imp__LoadLibraryA@4      0042303c     kernel32:KERNEL32.dll
 0002:00000040       __imp__GetProcAddress@8    00423040     kernel32:KERNEL32.dll
 0002:00000044       __imp__FreeLibrary@4       00423044     kernel32:KERNEL32.dll
 0002:00000048       __imp__SetConsoleTextAttribute@8 00423048     kernel32:KERNEL32.dll
 0002:0000004c       __imp__CreateSemaphoreA@16 0042304c     kernel32:KERNEL32.dll
 0002:00000050       __imp__TlsFree@4           00423050     kernel32:KERNEL32.dll
 0002:00000054       __imp__TlsSetValue@8       00423054     kernel32:KERNEL32.dll
 0002:00000058       __imp__TlsGetValue@4       00423058     kernel32:KERNEL32.dll
 0002:0000005c       __imp__TlsAlloc@0          0042305c     kernel32:KERNEL32.dll
 0002:00000060       __imp__GetCurrentThreadId@0 00423060     kernel32:KERNEL32.dll
 0002:00000064       __imp__GetCurrentThread@0  00423064     kernel32:KERNEL32.dll
 0002:00000068       __imp__CreateThread@24     00423068     kernel32:KERNEL32.dll
 0002:0000006c       __imp__GetCurrentProcessId@0 0042306c     kernel32:KERNEL32.dll
 0002:00000070       __imp__Sleep@4             00423070     kernel32:KERNEL32.dll
 0002:00000074       __imp__GetStdHandle@4      00423074     kernel32:KERNEL32.dll
 0002:00000078       __imp__CloseHandle@4       00423078     kernel32:KERNEL32.dll
 0002:0000007c       __imp__GetLastError@0      0042307c     kernel32:KERNEL32.dll
 0002:00000080       __imp__InitializeCriticalSection@4 00423080     kernel32:KERNEL32.dll
 0002:00000084       __imp__EnterCriticalSection@4 00423084     kernel32:KERNEL32.dll
 0002:00000088       __imp__LeaveCriticalSection@4 00423088     kernel32:KERNEL32.dll
 0002:0000008c       __imp__TryEnterCriticalSection@4 0042308c     kernel32:KERNEL32.dll
 0002:00000090       __imp__DeleteCriticalSection@4 00423090     kernel32:KERNEL32.dll
 0002:00000094       __imp__ReleaseSemaphore@12 00423094     kernel32:KERNEL32.dll
 0002:00000098       __imp__WaitForSingleObject@8 00423098     kernel32:KERNEL32.dll
 0002:0000009c       \177KERNEL32_NULL_THUNK_DATA 0042309c     kernel32:KERNEL32.dll
 0002:000000a0       __imp__memmove             004230a0     vcruntime:VCRUNTIME140.dll
 0002:000000a4       __imp___setjmp3            004230a4     vcruntime:VCRUNTIME140.dll
 0002:000000a8       __imp__memcpy              004230a8     vcruntime:VCRUNTIME140.dll
 0002:000000ac       __imp__memchr              004230ac     vcruntime:VCRUNTIME140.dll
 0002:000000b0       __imp__memset              004230b0     vcruntime:VCRUNTIME140.dll
 0002:000000b4       __imp__strchr              004230b4     vcruntime:VCRUNTIME140.dll
 0002:000000b8       __imp___except_handler4_common 004230b8     vcruntime:VCRUNTIME140.dll
 0002:000000bc       __imp__longjmp             004230bc     vcruntime:VCRUNTIME140.dll
 0002:000000c0       \177VCRUNTIME140_NULL_THUNK_DATA 004230c0     vcruntime:VCRUNTIME140.dll
 0002:000000c4       __imp__setsockopt@20       004230c4     ws2_32:WS2_32.dll
 0002:000000c8       __imp__sendto@24           004230c8     ws2_32:WS2_32.dll
 0002:000000cc       __imp__send@16             004230cc     ws2_32:WS2_32.dll
 0002:000000d0       __imp__recvfrom@24         004230d0     ws2_32:WS2_32.dll
 0002:000000d4       __imp__recv@16             004230d4     ws2_32:WS2_32.dll
 0002:000000d8       __imp__ntohs@4             004230d8     ws2_32:WS2_32.dll
 0002:000000dc       __imp__ntohl@4             004230dc     ws2_32:WS2_32.dll
 0002:000000e0       __imp__inet_addr@4         004230e0     ws2_32:WS2_32.dll
 0002:000000e4       __imp__WSAIoctl@36         004230e4     ws2_32:WS2_32.dll
 0002:000000e8       __imp__htonl@4             004230e8     ws2_32:WS2_32.dll
 0002:000000ec       __imp__getsockopt@20       004230ec     ws2_32:WS2_32.dll
 0002:000000f0       __imp__getsockname@12      004230f0     ws2_32:WS2_32.dll
 0002:000000f4       __imp__WSASocketA@24       004230f4     ws2_32:WS2_32.dll
 0002:000000f8       __imp__connect@12          004230f8     ws2_32:WS2_32.dll
 0002:000000fc       __imp__closesocket@4       004230fc     ws2_32:WS2_32.dll
 0002:00000100       __imp__bind@12             00423100     ws2_32:WS2_32.dll
 0002:00000104       __imp__accept@12           00423104     ws2_32:WS2_32.dll
 0002:00000108       __imp__WSAGetLastError@0   00423108     ws2_32:WS2_32.dll
 0002:0000010c       __imp__WSACleanup@0        0042310c     ws2_32:WS2_32.dll
 0002:00000110       __imp__WSAStartup@8        00423110     ws2_32:WS2_32.dll
 0002:00000114       __imp__gethostname@8       00423114     ws2_32:WS2_32.dll
 0002:00000118       __imp__WSAAddressToStringA@20 00423118     ws2_32:WS2_32.dll
 0002:0000011c       __imp__WSAStringToAddressA@20 0042311c     ws2_32:WS2_32.dll
 0002:00000120       __imp__ioctlsocket@12      00423120     ws2_32:WS2_32.dll
 0002:00000124       __imp__gethostbyname@4     00423124     ws2_32:WS2_32.dll
 0002:00000128       __imp____WSAFDIsSet@8      00423128     ws2_32:WS2_32.dll
 0002:0000012c       __imp__select@20           0042312c     ws2_32:WS2_32.dll
 0002:00000130       __imp__htons@4             00423130     ws2_32:WS2_32.dll
 0002:00000134       \177WS2_32_NULL_THUNK_DATA 00423134     ws2_32:WS2_32.dll
 0002:00000138       __imp__atoi                00423138     ucrt:api-ms-win-crt-convert-l1-1-0.dll
 0002:0000013c       \177api-ms-win-crt-convert-l1-1-0_NULL_THUNK_DATA 0042313c     ucrt:api-ms-win-crt-convert-l1-1-0.dll
 0002:00000140       __imp___set_new_mode       00423140     ucrt:api-ms-win-crt-heap-l1-1-0.dll
 0002:00000144       __imp__free                00423144     ucrt:api-ms-win-crt-heap-l1-1-0.dll
 0002:00000148       __imp__malloc              00423148     ucrt:api-ms-win-crt-heap-l1-1-0.dll
 0002:0000014c       \177api-ms-win-crt-heap-l1-1-0_NULL_THUNK_DATA 0042314c     ucrt:api-ms-win-crt-heap-l1-1-0.dll
 0002:00000150       __imp___configthreadlocale 00423150     ucrt:api-ms-win-crt-locale-l1-1-0.dll
 0002:00000154       \177api-ms-win-crt-locale-l1-1-0_NULL_THUNK_DATA 00423154     ucrt:api-ms-win-crt-locale-l1-1-0.dll
 0002:00000158       __imp____setusermatherr    00423158     ucrt:api-ms-win-crt-math-l1-1-0.dll
 0002:0000015c       __imp___except1            0042315c     ucrt:api-ms-win-crt-math-l1-1-0.dll
 0002:00000160       __imp___CIfmod             00423160     ucrt:api-ms-win-crt-math-l1-1-0.dll
 0002:00000164       \177api-ms-win-crt-math-l1-1-0_NULL_THUNK_DATA 00423164     ucrt:api-ms-win-crt-math-l1-1-0.dll
 0002:00000168       __imp___crt_atexit         00423168     ucrt:api-ms-win-crt-runtime-l1-1-0.dll
 0002:0000016c       __imp___controlfp_s        0042316c     ucrt:api-ms-win-crt-runtime-l1-1-0.dll
 0002:00000170       __imp___initialize_onexit_table 00423170     ucrt:api-ms-win-crt-runtime-l1-1-0.dll
 0002:00000174       __imp__terminate           00423174     ucrt:api-ms-win-crt-runtime-l1-1-0.dll
 0002:00000178       __imp___register_thread_local_exe_atexit_callback 00423178     ucrt:api-ms-win-crt-runtime-l1-1-0.dll
 0002:0000017c       __imp___register_onexit_function 0042317c     ucrt:api-ms-win-crt-runtime-l1-1-0.dll
 0002:00000180       __imp___seh_filter_exe     00423180     ucrt:api-ms-win-crt-runtime-l1-1-0.dll
 0002:00000184       __imp___set_app_type       00423184     ucrt:api-ms-win-crt-runtime-l1-1-0.dll
 0002:00000188       __imp____p___argc          00423188     ucrt:api-ms-win-crt-runtime-l1-1-0.dll
 0002:0000018c       __imp___configure_narrow_argv 0042318c     ucrt:api-ms-win-crt-runtime-l1-1-0.dll
 0002:00000190       __imp___initialize_narrow_environment 00423190     ucrt:api-ms-win-crt-runtime-l1-1-0.dll
 0002:00000194       __imp___get_initial_narrow_environment 00423194     ucrt:api-ms-win-crt-runtime-l1-1-0.dll
 0002:00000198       __imp___initterm           00423198     ucrt:api-ms-win-crt-runtime-l1-1-0.dll
 0002:0000019c       __imp___initterm_e         0042319c     ucrt:api-ms-win-crt-runtime-l1-1-0.dll
 0002:000001a0       __imp__exit                004231a0     ucrt:api-ms-win-crt-runtime-l1-1-0.dll
 0002:000001a4       __imp___exit               004231a4     ucrt:api-ms-win-crt-runtime-l1-1-0.dll
 0002:000001a8       __imp___c_exit             004231a8     ucrt:api-ms-win-crt-runtime-l1-1-0.dll
 0002:000001ac       __imp___cexit              004231ac     ucrt:api-ms-win-crt-runtime-l1-1-0.dll
 0002:000001b0       __imp____p___argv          004231b0     ucrt:api-ms-win-crt-runtime-l1-1-0.dll
 0002:000001b4       \177api-ms-win-crt-runtime-l1-1-0_NULL_THUNK_DATA 004231b4     ucrt:api-ms-win-crt-runtime-l1-1-0.dll
 0002:000001b8       __imp___set_fmode          004231b8     ucrt:api-ms-win-crt-stdio-l1-1-0.dll
 0002:000001bc       __imp__puts                004231bc     ucrt:api-ms-win-crt-stdio-l1-1-0.dll
 0002:000001c0       __imp__fgets               004231c0     ucrt:api-ms-win-crt-stdio-l1-1-0.dll
 0002:000001c4       __imp____p__commode        004231c4     ucrt:api-ms-win-crt-stdio-l1-1-0.dll
 0002:000001c8       __imp____stdio_common_vfprintf 004231c8     ucrt:api-ms-win-crt-stdio-l1-1-0.dll
 0002:000001cc       __imp____stdio_common_vsprintf 004231cc     ucrt:api-ms-win-crt-stdio-l1-1-0.dll
 0002:000001d0       __imp____acrt_iob_func     004231d0     ucrt:api-ms-win-crt-stdio-l1-1-0.dll
 0002:000001d4       \177api-ms-win-crt-stdio-l1-1-0_NULL_THUNK_DATA 004231d4     ucrt:api-ms-win-crt-stdio-l1-1-0.dll
 0002:000001d8       __imp__isxdigit            004231d8     ucrt:api-ms-win-crt-string-l1-1-0.dll
 0002:000001dc       __imp__strncmp             004231dc     ucrt:api-ms-win-crt-string-l1-1-0.dll
 0002:000001e0       __imp__isspace             004231e0     ucrt:api-ms-win-crt-string-l1-1-0.dll
 0002:000001e4       __imp__tolower             004231e4     ucrt:api-ms-win-crt-string-l1-1-0.dll
 0002:000001e8       __imp___strnicmp           004231e8     ucrt:api-ms-win-crt-string-l1-1-0.dll
 0002:000001ec       __imp__isdigit             004231ec     ucrt:api-ms-win-crt-string-l1-1-0.dll
 0002:000001f0       __imp__strncpy             004231f0     ucrt:api-ms-win-crt-string-l1-1-0.dll
 0002:000001f4       __imp__toupper             004231f4     ucrt:api-ms-win-crt-string-l1-1-0.dll
 0002:000001f8       \177api-ms-win-crt-string-l1-1-0_NULL_THUNK_DATA 004231f8     ucrt:api-ms-win-crt-string-l1-1-0.dll
 0002:000001fc       __imp__rand                004231fc     ucrt:api-ms-win-crt-utility-l1-1-0.dll
 0002:00000200       \177api-ms-win-crt-utility-l1-1-0_NULL_THUNK_DATA 00423200     ucrt:api-ms-win-crt-utility-l1-1-0.dll
 0002:00000204       __imp__CoCreateGuid@4      00423204     ole32:ole32.dll
 0002:00000208       \177ole32_NULL_THUNK_DATA  00423208     ole32:ole32.dll
 0002:0000020c       ___guard_check_icall_fptr  0042320c     MSVCRT:guard_support.obj
 0002:00000210       ___xc_a                    00423210     MSVCRT:initializers.obj
 0002:00000218       ___xc_z                    00423218     MSVCRT:initializers.obj
 0002:0000021c       ___xi_a                    0042321c     MSVCRT:initializers.obj
 0002:00000228       ___xi_z                    00423228     MSVCRT:initializers.obj
 0002:0000022c       ___xp_a                    0042322c     MSVCRT:initializers.obj
 0002:00000230       ___xp_z                    00423230     MSVCRT:initializers.obj
 0002:00000234       ___xt_a                    00423234     MSVCRT:initializers.obj
 0002:00000238       ___xt_z                    00423238     MSVCRT:initializers.obj
 0002:00000240       __xmm@00000000000000680000000000000000 00423240     stateless_proxy.obj
 0002:00000250       ??_C@_08BMKPPPGG@SIP?12?40?1@ 00423250     pjsip-core-i386-win32-vc14-release:sip_msg.obj
 0002:00000259       ??_C@_00CNPNBAHC@@         00423259     pjsip-core-i386-win32-vc14-release:sip_msg.obj
 0002:0000025c       ??_C@_05ODKKKCAM@?$DLttl?$DN@ 0042325c     pjsip-core-i386-win32-vc14-release:sip_msg.obj
 0002:00000264       ??_C@_06IKMHKLF@?$DLrport@ 00423264     pjsip-core-i386-win32-vc14-release:sip_msg.obj
 0002:0000026c       ??_C@_07IONINLDO@?$DLmaddr?$DN@ 0042326c     pjsip-core-i386-win32-vc14-release:sip_msg.obj
 0002:00000274       ??_C@_0L@IMDGLAJB@?$DLreceived?$DN@ 00423274     pjsip-core-i386-win32-vc14-release:sip_msg.obj
 0002:00000280       ??_C@_08LMLOEMIC@?$DLbranch?$DN@ 00423280     pjsip-core-i386-win32-vc14-release:sip_msg.obj
 0002:00000290       _pjsip_invite_method       00423290     pjsip-core-i386-win32-vc14-release:sip_msg.obj
 0002:0000029c       _pjsip_cancel_method       0042329c     pjsip-core-i386-win32-vc14-release:sip_msg.obj
 0002:000002a8       _pjsip_ack_method          004232a8     pjsip-core-i386-win32-vc14-release:sip_msg.obj
 0002:000002b4       _pjsip_bye_method          004232b4     pjsip-core-i386-win32-vc14-release:sip_msg.obj
 0002:000002c0       _pjsip_register_method     004232c0     pjsip-core-i386-win32-vc14-release:sip_msg.obj
 0002:000002cc       _pjsip_options_method      004232cc     pjsip-core-i386-win32-vc14-release:sip_msg.obj
 0002:000002d8       _pjsip_hdr_names           004232d8     pjsip-core-i386-win32-vc14-release:sip_msg.obj
 0002:000004f4       ??_C@_06DBKGGLMH@INVITE@   004234f4     pjsip-core-i386-win32-vc14-release:sip_msg.obj
 0002:000004fc       ??_C@_06JHILMIHF@CANCEL@   004234fc     pjsip-core-i386-win32-vc14-release:sip_msg.obj
 0002:00000504       ??_C@_03JMECLKOM@ACK@      00423504     pjsip-core-i386-win32-vc14-release:sip_msg.obj
 0002:00000508       ??_C@_03BMFBOCK@BYE@       00423508     pjsip-core-i386-win32-vc14-release:sip_msg.obj
 0002:0000050c       ??_C@_08EINEADGI@REGISTER@ 0042350c     pjsip-core-i386-win32-vc14-release:sip_msg.obj
 0002:00000518       ??_C@_07KDKMIPIP@OPTIONS@  00423518     pjsip-core-i386-win32-vc14-release:sip_msg.obj
 0002:00000520       ??_C@_06MDEHPNLG@Accept@   00423520     pjsip-core-i386-win32-vc14-release:sip_msg.obj
 0002:00000528       ??_C@_0BA@KDJCHKHJ@Accept?9Encoding@ 00423528     pjsip-core-i386-win32-vc14-release:sip_msg.obj
 0002:00000538       ??_C@_0BA@POEGPCPD@Accept?9Language@ 00423538     pjsip-core-i386-win32-vc14-release:sip_msg.obj
 0002:00000548       ??_C@_0L@DDNEKGOG@Alert?9Info@ 00423548     pjsip-core-i386-win32-vc14-release:sip_msg.obj
 0002:00000554       ??_C@_05IEPODGEO@Allow@    00423554     pjsip-core-i386-win32-vc14-release:sip_msg.obj
 0002:0000055c       ??_C@_0BE@KPJFGFDH@Authentication?9Info@ 0042355c     pjsip-core-i386-win32-vc14-release:sip_msg.obj
 0002:00000570       ??_C@_0O@NAFGPKMI@Authorization@ 00423570     pjsip-core-i386-win32-vc14-release:sip_msg.obj
 0002:00000580       ??_C@_07IKPMLMAJ@Call?9ID@ 00423580     pjsip-core-i386-win32-vc14-release:sip_msg.obj
 0002:00000588       ??_C@_01KBJDNOO@i@         00423588     pjsip-core-i386-win32-vc14-release:sip_msg.obj
 0002:0000058c       ??_C@_09HCKFEBLC@Call?9Info@ 0042358c     pjsip-core-i386-win32-vc14-release:sip_msg.obj
 0002:00000598       ??_C@_07PMMFKIFM@Contact@  00423598     pjsip-core-i386-win32-vc14-release:sip_msg.obj
 0002:000005a0       ??_C@_01GOHFPIOK@m@        004235a0     pjsip-core-i386-win32-vc14-release:sip_msg.obj
 0002:000005a4       ??_C@_0BE@LMOOGHBG@Content?9Disposition@ 004235a4     pjsip-core-i386-win32-vc14-release:sip_msg.obj
 0002:000005b8       ??_C@_0BB@KFPPKJHF@Content?9Encoding@ 004235b8     pjsip-core-i386-win32-vc14-release:sip_msg.obj
 0002:000005cc       ??_C@_01KGKMHCOC@e@        004235cc     pjsip-core-i386-win32-vc14-release:sip_msg.obj
 0002:000005d0       ??_C@_0BB@PICLCBPP@Content?9Language@ 004235d0     pjsip-core-i386-win32-vc14-release:sip_msg.obj
 0002:000005e4       ??_C@_0P@HOJGPHBA@Content?9Length@ 004235e4     pjsip-core-i386-win32-vc14-release:sip_msg.obj
 0002:000005f4       ??_C@_01HHGOMJKL@l@        004235f4     pjsip-core-i386-win32-vc14-release:sip_msg.obj
 0002:000005f8       ??_C@_0N@LAFFMKKA@Content?9Type@ 004235f8     pjsip-core-i386-win32-vc14-release:sip_msg.obj
 0002:00000608       ??_C@_01PAPGNFGE@c@        00423608     pjsip-core-i386-win32-vc14-release:sip_msg.obj
 0002:0000060c       ??_C@_04IHAOMLEL@CSeq@     0042360c     pjsip-core-i386-win32-vc14-release:sip_msg.obj
 0002:00000614       ??_C@_04FMEGDJGD@Date@     00423614     pjsip-core-i386-win32-vc14-release:sip_msg.obj
 0002:0000061c       ??_C@_0L@PGKFFKEH@Error?9Info@ 0042361c     pjsip-core-i386-win32-vc14-release:sip_msg.obj
 0002:00000628       ??_C@_07DABPCBEH@Expires@  00423628     pjsip-core-i386-win32-vc14-release:sip_msg.obj
 0002:00000630       ??_C@_04LMIAFEOL@From@     00423630     pjsip-core-i386-win32-vc14-release:sip_msg.obj
 0002:00000638       ??_C@_01INIBCBCB@f@        00423638     pjsip-core-i386-win32-vc14-release:sip_msg.obj
 0002:0000063c       ??_C@_0M@OJFKFNND@In?9Reply?9To@ 0042363c     pjsip-core-i386-win32-vc14-release:sip_msg.obj
 0002:00000648       ??_C@_0N@KAKEBINL@Max?9Forwards@ 00423648     pjsip-core-i386-win32-vc14-release:sip_msg.obj
 0002:00000658       ??_C@_0N@PNJFOFFK@MIME?9Version@ 00423658     pjsip-core-i386-win32-vc14-release:sip_msg.obj
 0002:00000668       ??_C@_0M@BHCNHHNF@Min?9Expires@ 00423668     pjsip-core-i386-win32-vc14-release:sip_msg.obj
 0002:00000674       ??_C@_0N@MHPBIIPD@Organization@ 00423674     pjsip-core-i386-win32-vc14-release:sip_msg.obj
 0002:00000684       ??_C@_08KGEIBGG@Priority@  00423684     pjsip-core-i386-win32-vc14-release:sip_msg.obj
 0002:00000690       ??_C@_0BD@GKJFGNG@Proxy?9Authenticate@ 00423690     pjsip-core-i386-win32-vc14-release:sip_msg.obj
 0002:000006a4       ??_C@_0BE@DCLKKIPG@Proxy?9Authorization@ 004236a4     pjsip-core-i386-win32-vc14-release:sip_msg.obj
 0002:000006b8       ??_C@_0O@ICDCLCHE@Proxy?9Require@ 004236b8     pjsip-core-i386-win32-vc14-release:sip_msg.obj
 0002:000006c8       ??_C@_0N@KJFPNEHF@Record?9Route@ 004236c8     pjsip-core-i386-win32-vc14-release:sip_msg.obj
 0002:000006d8       ??_C@_08GBENDHCN@Reply?9To@ 004236d8     pjsip-core-i386-win32-vc14-release:sip_msg.obj
 0002:000006e4       ??_C@_07KMMNJNOB@Require@  004236e4     pjsip-core-i386-win32-vc14-release:sip_msg.obj
 0002:000006ec       ??_C@_0M@CMFFKFHP@Retry?9After@ 004236ec     pjsip-core-i386-win32-vc14-release:sip_msg.obj
 0002:000006f8       ??_C@_05DIKBIPM@Route@     004236f8     pjsip-core-i386-win32-vc14-release:sip_msg.obj
 0002:00000700       ??_C@_06LGMEBDBC@Server@   00423700     pjsip-core-i386-win32-vc14-release:sip_msg.obj
 0002:00000708       ??_C@_07GEKACEDI@Subject@  00423708     pjsip-core-i386-win32-vc14-release:sip_msg.obj
 0002:00000710       ??_C@_01LKDEMHDF@s@        00423710     pjsip-core-i386-win32-vc14-release:sip_msg.obj
 0002:00000714       ??_C@_09GFDKPDGA@Supported@ 00423714     pjsip-core-i386-win32-vc14-release:sip_msg.obj
 0002:00000720       ??_C@_01DICPFPGM@k@        00423720     pjsip-core-i386-win32-vc14-release:sip_msg.obj
 0002:00000724       ??_C@_09KDGENIOP@Timestamp@ 00423724     pjsip-core-i386-win32-vc14-release:sip_msg.obj
 0002:00000730       ??_C@_02IJGONHOJ@To@       00423730     pjsip-core-i386-win32-vc14-release:sip_msg.obj
 0002:00000734       ??_C@_01PFHFFBPC@t@        00423734     pjsip-core-i386-win32-vc14-release:sip_msg.obj
 0002:00000738       ??_C@_0M@BEECMOIL@Unsupported@ 00423738     pjsip-core-i386-win32-vc14-release:sip_msg.obj
 0002:00000744       ??_C@_0L@DMPACEMJ@User?9Agent@ 00423744     pjsip-core-i386-win32-vc14-release:sip_msg.obj
 0002:00000750       ??_C@_03LDNNKNE@Via@       00423750     pjsip-core-i386-win32-vc14-release:sip_msg.obj
 0002:00000754       ??_C@_01MHEDDDHA@v@        00423754     pjsip-core-i386-win32-vc14-release:sip_msg.obj
 0002:00000758       ??_C@_07KGMMFLDN@Warning@  00423758     pjsip-core-i386-win32-vc14-release:sip_msg.obj
 0002:00000760       ??_C@_0BB@KEDJJIFI@WWW?9Authenticate@ 00423760     pjsip-core-i386-win32-vc14-release:sip_msg.obj
 0002:00000774       ??_C@_0BA@MKEDBJEA@_Unknown?9Header@ 00423774     pjsip-core-i386-win32-vc14-release:sip_msg.obj
 0002:00000784       ??_C@_02KEGNLNML@?0?5@     00423784     pjsip-core-i386-win32-vc14-release:sip_msg.obj
 0002:00000788       ??_C@_03MGEKBFJK@?$DLq?$DN@ 00423788     pjsip-core-i386-win32-vc14-release:sip_msg.obj
 0002:0000078c       ??_C@_09JFABAEBI@?$DLexpires?$DN@ 0042378c     pjsip-core-i386-win32-vc14-release:sip_msg.obj
 0002:00000798       ??_C@_05IIDIOKEA@?$DLtag?$DN@ 00423798     pjsip-core-i386-win32-vc14-release:sip_msg.obj
 0002:000007a0       ??_C@_04JBGCGIBB@sips@     004237a0     pjsip-core-i386-win32-vc14-release:sip_msg.obj
 0002:000007a8       ??_C@_03MPAIKGMI@sip@      004237a8     pjsip-core-i386-win32-vc14-release:sip_msg.obj
 0002:000007ac       ??_C@_04IBOFHAPJ@hide@     004237ac     pjsip-core-i386-win32-vc14-release:sip_msg.obj
 0002:000007b4       ??_C@_0BH@JEAOBKFE@Default?5status?5message@ 004237b4     pjsip-core-i386-win32-vc14-release:sip_msg.obj
 0002:000007cc       ??_C@_06CJPKGAJC@Trying@   004237cc     pjsip-core-i386-win32-vc14-release:sip_msg.obj
 0002:000007d4       ??_C@_07KEMHLLKP@Ringing@  004237d4     pjsip-core-i386-win32-vc14-release:sip_msg.obj
 0002:000007dc       ??_C@_0BI@HBFDMPGA@Call?5Is?5Being?5Forwarded@ 004237dc     pjsip-core-i386-win32-vc14-release:sip_msg.obj
 0002:000007f4       ??_C@_06POGAFBAL@Queued@   004237f4     pjsip-core-i386-win32-vc14-release:sip_msg.obj
 0002:000007fc       ??_C@_0BB@FKJCNOGD@Session?5Progress@ 004237fc     pjsip-core-i386-win32-vc14-release:sip_msg.obj
 0002:00000810       ??_C@_02GIPFHKNO@OK@       00423810     pjsip-core-i386-win32-vc14-release:sip_msg.obj
 0002:00000814       ??_C@_08DOBOODLA@Accepted@ 00423814     pjsip-core-i386-win32-vc14-release:sip_msg.obj
 0002:00000820       ??_C@_0BB@HLFEHKPE@Multiple?5Choices@ 00423820     pjsip-core-i386-win32-vc14-release:sip_msg.obj
 0002:00000834       ??_C@_0BC@BPBCNFPI@Moved?5Permanently@ 00423834     pjsip-core-i386-win32-vc14-release:sip_msg.obj
 0002:00000848       ??_C@_0BC@LODIMCJL@Moved?5Temporarily@ 00423848     pjsip-core-i386-win32-vc14-release:sip_msg.obj
 0002:0000085c       ??_C@_09JFBGBFIM@Use?5Proxy@ 0042385c     pjsip-core-i386-win32-vc14-release:sip_msg.obj
 0002:00000868       ??_C@_0BE@MCFGMBHK@Alternative?5Service@ 00423868     pjsip-core-i386-win32-vc14-release:sip_msg.obj
 0002:0000087c       ??_C@_0M@LNAIDEEG@Bad?5Request@ 0042387c     pjsip-core-i386-win32-vc14-release:sip_msg.obj
 0002:00000888       ??_C@_0N@OOAPMOJA@Unauthorized@ 00423888     pjsip-core-i386-win32-vc14-release:sip_msg.obj
 0002:00000898       ??_C@_0BB@LMPIHCBH@Payment?5Required@ 00423898     pjsip-core-i386-win32-vc14-release:sip_msg.obj
 0002:000008ac       ??_C@_09LMDIMFJD@Forbidden@ 004238ac     pjsip-core-i386-win32-vc14-release:sip_msg.obj
 0002:000008b8       ??_C@_09CFCBFJND@Not?5Found@ 004238b8     pjsip-core-i386-win32-vc14-release:sip_msg.obj
 0002:000008c4       ??_C@_0BD@CCIPIALO@Method?5Not?5Allowed@ 004238c4     pjsip-core-i386-win32-vc14-release:sip_msg.obj
 0002:000008d8       ??_C@_0P@HHIDFAOI@Not?5Acceptable@ 004238d8     pjsip-core-i386-win32-vc14-release:sip_msg.obj
 0002:000008e8       ??_C@_0BO@ONPAAOGI@Proxy?5Authentication?5Required@ 004238e8     pjsip-core-i386-win32-vc14-release:sip_msg.obj
 0002:00000908       ??_C@_0BA@HALFGGF@Request?5Timeout@ 00423908     pjsip-core-i386-win32-vc14-release:sip_msg.obj
 0002:00000918       ??_C@_04OKIIBCCG@Gone@     00423918     pjsip-core-i386-win32-vc14-release:sip_msg.obj
 0002:00000920       ??_C@_0BJ@MMEIEOIG@Request?5Entity?5Too?5Large@ 00423920     pjsip-core-i386-win32-vc14-release:sip_msg.obj
 0002:0000093c       ??_C@_0BF@LPICFNOC@Request?5URI?5Too?5Long@ 0042393c     pjsip-core-i386-win32-vc14-release:sip_msg.obj
 0002:00000954       ??_C@_0BH@HLJJIAEN@Unsupported?5Media?5Type@ 00423954     pjsip-core-i386-win32-vc14-release:sip_msg.obj
[...]
 0002:00000214       ?pre_cpp_initializer@@3P6AXXZA 00423214     MSVCRT:exe_main.obj
 0002:00000220       ?pre_c_initializer@@3P6AHXZA 00423220     MSVCRT:exe_main.obj
 0002:00000224       ?post_pgo_initializer@@3P6AHXZA 00423224     MSVCRT:exe_main.obj
 0002:000019d8       _err_str                   004249d8     pjsip-core-i386-win32-vc14-release:sip_errno.obj
 0002:00003328       _err_str                   00426328     pjlib-util-i386-win32-vc14-release:errno.obj
 0002:00004948       _err_str                   00427948     pjlib-i386-win32-vc14-release:errno.obj
 0002:00005578       _gaErrorList               00428578     pjlib-i386-win32-vc14-release:os_error_win32.obj
 0002:00005fcc       _qos_map                   00428fcc     pjlib-i386-win32-vc14-release:sock_qos_common.obj
 0002:000061d0       _GS_ExceptionPointers      004291d0     MSVCRT:gs_report.obj
 0002:000061e0       _Int32ToUInt32             004291e0     MSVCRT:ftol3.obj
 0002:000061e8       _DP2to32                   004291e8     MSVCRT:ftol3.obj
 0002:000061f0       _MantissaMask              004291f0     MSVCRT:ftol3.obj
 0002:000061f8       _IntegerBit                004291f8     MSVCRT:ftol3.obj
 0002:00006200       _SignBit64                 00429200     MSVCRT:ftol3.obj
 0002:00006208       _MinFP64                   00429208     MSVCRT:ftol3.obj
 0002:00006210       _MinInt64                  00429210     MSVCRT:ftol3.obj
 0002:00006218       _MaxInt64                  00429218     MSVCRT:ftol3.obj
 0002:00006220       _MaxUInt64                 00429220     MSVCRT:ftol3.obj
 0002:00006228       _MaxFP32                   00429228     MSVCRT:ftol3.obj
 0002:00006230       _MinFP32                   00429230     MSVCRT:ftol3.obj
 0002:00006238       _MinSubInexact             00429238     MSVCRT:ftol3.obj
 0002:00006240       _FpExcptTable              00429240     MSVCRT:ftol3.obj
 0002:00006250       _i1075                     00429250     MSVCRT:ftol3.obj
 0002:00006254       _i1087                     00429254     MSVCRT:ftol3.obj
 0002:00006258       _x0800                     00429258     MSVCRT:ftol3.obj
 0002:0000625c       _x17FF                     0042925c     MSVCRT:ftol3.obj
 0002:00006260       _CWMask                    00429260     MSVCRT:ftol3.obj
 0002:00006570       __sehtable$?__scrt_common_main_seh@@YAHXZ 00429570     MSVCRT:exe_main.obj
 0002:00006590       __sehtable$___scrt_is_nonwritable_in_current_image 00429590     MSVCRT:utility.obj
 0002:000068cc       .idata$6                   004298cc     ole32:ole32.dll
 0002:0000691c       .idata$6                   0042991c     ws2_32:WS2_32.dll
 0002:00006c44       .idata$6                   00429c44     kernel32:KERNEL32.dll
 0002:00006cb4       .idata$6                   00429cb4     vcruntime:VCRUNTIME140.dll
 0002:00006f6a       .idata$6                   00429f6a     ucrt:api-ms-win-crt-stdio-l1-1-0.dll
 0002:00006f8a       .idata$6                   00429f8a     ucrt:api-ms-win-crt-convert-l1-1-0.dll
 0002:00006fac       .idata$6                   00429fac     ucrt:api-ms-win-crt-string-l1-1-0.dll
 0002:00006fce       .idata$6                   00429fce     ucrt:api-ms-win-crt-heap-l1-1-0.dll
 0002:00006fee       .idata$6                   00429fee     ucrt:api-ms-win-crt-utility-l1-1-0.dll
 0002:00007010       .idata$6                   0042a010     ucrt:api-ms-win-crt-math-l1-1-0.dll
 0002:00007030       .idata$6                   0042a030     ucrt:api-ms-win-crt-runtime-l1-1-0.dll
 0002:00007052       .idata$6                   0042a052     ucrt:api-ms-win-crt-locale-l1-1-0.dll
 0003:00000000       $SG20346                   0042b000     stateless_proxy.obj
 0003:00000010       $SG20545                   0042b010     stateless_proxy.obj
 0003:00000024       $SG20279                   0042b024     stateless_proxy.obj
 0003:0000002c       $SG20280                   0042b02c     stateless_proxy.obj
 0003:00000040       $SG20284                   0042b040     stateless_proxy.obj
 0003:00000108       $SG20300                   0042b108     stateless_proxy.obj
 0003:00000110       $SG20302                   0042b110     stateless_proxy.obj
 0003:00000114       $SG20304                   0042b114     stateless_proxy.obj
 0003:00000120       $SG20306                   0042b120     stateless_proxy.obj
 0003:00000128       $SG20307                   0042b128     stateless_proxy.obj
 0003:00000130       $SG20309                   0042b130     stateless_proxy.obj
 0003:00000144       $SG20311                   0042b144     stateless_proxy.obj
 0003:00000160       $SG20315                   0042b160     stateless_proxy.obj
 0003:0000018c       $SG20325                   0042b18c     stateless_proxy.obj
 0003:000001bc       $SG20326                   0042b1bc     stateless_proxy.obj
 0003:000001d0       $SG20336                   0042b1d0     stateless_proxy.obj
 0003:00000200       $SG20337                   0042b200     stateless_proxy.obj
 0003:00000214       _mod_msg_logger            0042b214     stateless_proxy.obj
 0003:00000250       $SG20373                   0042b250     stateless_proxy.obj
 0003:0000025c       $SG20405                   0042b25c     stateless_proxy.obj
 0003:00000268       $SG20406                   0042b268     stateless_proxy.obj
 0003:00000274       $SG20408                   0042b274     stateless_proxy.obj
 0003:00000298       $SG20409                   0042b298     stateless_proxy.obj
 0003:000002ac       $SG20411                   0042b2ac     stateless_proxy.obj
 0003:000002c0       $SG20412                   0042b2c0     stateless_proxy.obj
 0003:000002d4       $SG20414                   0042b2d4     stateless_proxy.obj
 0003:000002e0       $SG20415                   0042b2e0     stateless_proxy.obj
 0003:000002f4       $SG20418                   0042b2f4     stateless_proxy.obj
 0003:0000030c       $SG20419                   0042b30c     stateless_proxy.obj
 0003:00000320       $SG20455                   0042b320     stateless_proxy.obj
 0003:00000330       $SG20457                   0042b330     stateless_proxy.obj
 0003:00000334       $SG20458                   0042b334     stateless_proxy.obj
 0003:0000033c       $SG20501                   0042b33c     stateless_proxy.obj
 0003:0000034c       $SG20502                   0042b34c     stateless_proxy.obj
 0003:00000360       ?mod_stateless_proxy@?1??init_stateless_proxy@@9@9 0042b360     stateless_proxy.obj
 0003:0000039c       $SG20560                   0042b39c     stateless_proxy.obj
 0003:000003b0       $SG20565                   0042b3b0     stateless_proxy.obj
 0003:000003cc       $SG20567                   0042b3cc     stateless_proxy.obj
 0003:000003e8       $SG20581                   0042b3e8     stateless_proxy.obj
 0003:00000400       $SG20587                   0042b400     stateless_proxy.obj
 0003:0000041c       $SG20603                   0042b41c     stateless_proxy.obj
 0003:00000438       $SG20605                   0042b438     stateless_proxy.obj
 0003:00000454       $SG20607                   0042b454     stateless_proxy.obj
 0003:00000478       $SG20608                   0042b478     stateless_proxy.obj
 0003:00000480       $SG20610                   0042b480     stateless_proxy.obj
 0003:00000498       $SG20611                   0042b498     stateless_proxy.obj
 0003:000004dc       $SG20613                   0042b4dc     stateless_proxy.obj
 0003:00000508       _method_names              0042b508     pjsip-core-i386-win32-vc14-release:sip_msg.obj
 0003:00000520       _generic_hdr_vptr          0042b520     pjsip-core-i386-win32-vc14-release:sip_msg.obj
 0003:0000052c       _generic_int_hdr_vptr      0042b52c     pjsip-core-i386-win32-vc14-release:sip_msg.obj
 0003:00000538       _generic_array_hdr_vptr    0042b538     pjsip-core-i386-win32-vc14-release:sip_msg.obj
 0003:00000544       _clen_hdr_vptr             0042b544     pjsip-core-i386-win32-vc14-release:sip_msg.obj
 0003:00000550       _cseq_hdr_vptr             0042b550     pjsip-core-i386-win32-vc14-release:sip_msg.obj
 0003:0000055c       _contact_hdr_vptr          0042b55c     pjsip-core-i386-win32-vc14-release:sip_msg.obj
 0003:00000568       _ctype_hdr_vptr            0042b568     pjsip-core-i386-win32-vc14-release:sip_msg.obj
 0003:00000574       _fromto_hdr_vptr           0042b574     pjsip-core-i386-win32-vc14-release:sip_msg.obj
 0003:00000580       _routing_hdr_vptr          0042b580     pjsip-core-i386-win32-vc14-release:sip_msg.obj
 0003:0000058c       _retry_after_hdr_vptr      0042b58c     pjsip-core-i386-win32-vc14-release:sip_msg.obj
 0003:00000598       _via_hdr_vptr              0042b598     pjsip-core-i386-win32-vc14-release:sip_msg.obj
 0003:000005a8       _mod_msg_print             0042b5a8     pjsip-core-i386-win32-vc14-release:sip_transport.obj
 0003:000005e8       _transport_names           0042b5e8     pjsip-core-i386-win32-vc14-release:sip_transport.obj
 0003:00000868       _event_str                 0042b868     pjsip-core-i386-win32-vc14-release:sip_util.obj
 0003:00000884       _str_TEXT                  0042b884     pjsip-core-i386-win32-vc14-release:sip_util.obj
 0003:0000088c       _str_PLAIN                 0042b88c     pjsip-core-i386-win32-vc14-release:sip_util.obj
 0003:00000894       _sip_str                   0042b894     pjsip-core-i386-win32-vc14-release:sip_uri.obj
 0003:0000089c       _sips_str                  0042b89c     pjsip-core-i386-win32-vc14-release:sip_uri.obj
 0003:000008a4       _sips_url_vptr             0042b8a4     pjsip-core-i386-win32-vc14-release:sip_uri.obj
 0003:000008b8       _sip_url_vptr              0042b8b8     pjsip-core-i386-win32-vc14-release:sip_uri.obj
 0003:000008cc       _name_addr_vptr            0042b8cc     pjsip-core-i386-win32-vc14-release:sip_uri.obj
 0003:000008e0       _other_uri_vptr            0042b8e0     pjsip-core-i386-win32-vc14-release:sip_uri.obj
 0003:00000900       _pconst                    0042b900     pjsip-core-i386-win32-vc14-release:sip_parser.obj
 0003:00000a8c       _pjsip_ISUB_STR            0042ba8c     pjsip-core-i386-win32-vc14-release:sip_tel_uri.obj
 0003:00000a94       _pjsip_EXT_STR             0042ba94     pjsip-core-i386-win32-vc14-release:sip_tel_uri.obj
 0003:00000a9c       _pjsip_PH_CTX_STR          0042ba9c     pjsip-core-i386-win32-vc14-release:sip_tel_uri.obj
 0003:00000aa4       _tel_uri_vptr              0042baa4     pjsip-core-i386-win32-vc14-release:sip_tel_uri.obj
 0003:00000ab8       _mod_tsx_layer             0042bab8     pjsip-core-i386-win32-vc14-release:sip_transaction.obj
 0003:00000b04       _t1_timer_val              0042bb04     pjsip-core-i386-win32-vc14-release:sip_transaction.obj
 0003:00000b0c       _t2_timer_val              0042bb0c     pjsip-core-i386-win32-vc14-release:sip_transaction.obj
 0003:00000b14       _t4_timer_val              0042bb14     pjsip-core-i386-win32-vc14-release:sip_transaction.obj
 0003:00000b1c       _td_timer_val              0042bb1c     pjsip-core-i386-win32-vc14-release:sip_transaction.obj
 0003:00000b24       _timeout_timer_val         0042bb24     pjsip-core-i386-win32-vc14-release:sip_transaction.obj
 0003:00000b2c       _state_str                 0042bb2c     pjsip-core-i386-win32-vc14-release:sip_transaction.obj
 0003:00000b4c       _role_name                 0042bb4c     pjsip-core-i386-win32-vc14-release:sip_transaction.obj
 0003:00000b54       _tsx_state_handler_uac     0042bb54     pjsip-core-i386-win32-vc14-release:sip_transaction.obj
 0003:00000b74       _tsx_state_handler_uas     0042bb74     pjsip-core-i386-win32-vc14-release:sip_transaction.obj
 0003:00000bd0       _authorization_hdr_vptr    0042bbd0     pjsip-core-i386-win32-vc14-release:sip_auth_msg.obj
 0003:00000bdc       _www_authenticate_hdr_vptr 0042bbdc     pjsip-core-i386-win32-vc14-release:sip_auth_msg.obj
 0003:00000bf0       _state_names               0042bbf0     pjlib-util-i386-win32-vc14-release:resolver.obj
 0003:00000bfc       _thread_tls_id             0042bbfc     pjlib-i386-win32-vc14-release:os_core_win32.obj
 0003:00000c00       _pool_sizes                0042bc00     pjlib-i386-win32-vc14-release:pool_caching.obj
 0003:00000c40       _pj_log_max_level          0042bc40     pjlib-i386-win32-vc14-release:log.obj
 0003:00000c44       _thread_suspended_tls_id   0042bc44     pjlib-i386-win32-vc14-release:log.obj
 0003:00000c48       _thread_indent_tls_id      0042bc48     pjlib-i386-win32-vc14-release:log.obj
 0003:00000c4c       _log_writer                0042bc4c     pjlib-i386-win32-vc14-release:log.obj
 0003:00000c50       _log_decor                 0042bc50     pjlib-i386-win32-vc14-release:log.obj
 0003:00000c54       _PJ_LOG_COLOR_0            0042bc54     pjlib-i386-win32-vc14-release:log.obj
 0003:00000c58       _PJ_LOG_COLOR_1            0042bc58     pjlib-i386-win32-vc14-release:log.obj
 0003:00000c5c       _PJ_LOG_COLOR_2            0042bc5c     pjlib-i386-win32-vc14-release:log.obj
 0003:00000c60       _PJ_LOG_COLOR_3            0042bc60     pjlib-i386-win32-vc14-release:log.obj
 0003:00000c64       _PJ_LOG_COLOR_4            0042bc64     pjlib-i386-win32-vc14-release:log.obj
 0003:00000c68       _PJ_LOG_COLOR_5            0042bc68     pjlib-i386-win32-vc14-release:log.obj
 0003:00000c6c       _PJ_LOG_COLOR_6            0042bc6c     pjlib-i386-win32-vc14-release:log.obj
 0003:00000c70       _PJ_LOG_COLOR_77           0042bc70     pjlib-i386-win32-vc14-release:log.obj
 0003:00000c74       ?ltexts@?2??pj_log@@9@9    0042bc74     pjlib-i386-win32-vc14-release:log.obj
 0003:00000c90       ?wdays@?3??pj_log@@9@9     0042bc90     pjlib-i386-win32-vc14-release:log.obj
 0003:00000cbc       _mutex_lock_template       0042bcbc     pjlib-i386-win32-vc14-release:lock.obj
 0003:00000cd0       _null_lock_template        0042bcd0     pjlib-i386-win32-vc14-release:lock.obj
 0003:00000ce4       _sem_lock_template         0042bce4     pjlib-i386-win32-vc14-release:lock.obj
 0003:00000cf8       _thread_local_id           0042bcf8     pjlib-i386-win32-vc14-release:except.obj
 0003:00000cfc       ?hex@?1??hex2digit@@9@9    0042bcfc     pjlib-i386-win32-vc14-release:guid_win32.obj
 0003:00000d0c       _tls                       0042bd0c     pjlib-i386-win32-vc14-release:pool_buf.obj
 0003:00000d14       _id                        0042bd14     pjlib-i386-win32-vc14-release:config.obj
 0003:00000d48       _global                    0042bd48     stateless_proxy.obj
 0003:00000fe8       _status_phrase             0042bfe8     pjsip-core-i386-win32-vc14-release:sip_msg.obj
 0003:00002618       ?is_initialized@?1??pjsip_get_status_text@@9@9 0042d618     pjsip-core-i386-win32-vc14-release:sip_msg.obj
 0003:00002620       _handler                   0042d620     pjsip-core-i386-win32-vc14-release:sip_parser.obj
 0003:00003ca0       _handler_count             0042eca0     pjsip-core-i386-win32-vc14-release:sip_parser.obj
 0003:00003ca4       _parser_is_initialized     0042eca4     pjsip-core-i386-win32-vc14-release:sip_parser.obj
 0003:00003ca8       _uri_handler               0042eca8     pjsip-core-i386-win32-vc14-release:sip_parser.obj
 0003:00003cd8       _uri_handler_count         0042ecd8     pjsip-core-i386-win32-vc14-release:sip_parser.obj
 0003:00003ce0       _cis_buf                   0042ece0     pjsip-core-i386-win32-vc14-release:sip_parser.obj
 0003:000040e8       _pjsip_TEL_NUMBER_SPEC     0042f0e8     pjsip-core-i386-win32-vc14-release:sip_tel_uri.obj
 0003:000040f0       _pjsip_TEL_EXT_VALUE_SPEC  0042f0f0     pjsip-core-i386-win32-vc14-release:sip_tel_uri.obj
 0003:000040f8       _pjsip_TEL_PHONE_CONTEXT_SPEC 0042f0f8     pjsip-core-i386-win32-vc14-release:sip_tel_uri.obj
 0003:00004100       _pjsip_TEL_URIC_SPEC       0042f100     pjsip-core-i386-win32-vc14-release:sip_tel_uri.obj
 0003:00004108       _pjsip_TEL_PNAME_SPEC      0042f108     pjsip-core-i386-win32-vc14-release:sip_tel_uri.obj
 0003:00004110       _pjsip_TEL_PVALUE_SPEC     0042f110     pjsip-core-i386-win32-vc14-release:sip_tel_uri.obj
 0003:00004118       _cis_buf                   0042f118     pjsip-core-i386-win32-vc14-release:sip_tel_uri.obj
 0003:0000451c       _pjsip_TEL_VISUAL_SEP_SPEC 0042f51c     pjsip-core-i386-win32-vc14-release:sip_tel_uri.obj
 0003:00004524       _pjsip_TEL_PVALUE_SPEC_ESC 0042f524     pjsip-core-i386-win32-vc14-release:sip_tel_uri.obj
 0003:0000452c       _pjsip_TEL_PARSING_PVALUE_SPEC 0042f52c     pjsip-core-i386-win32-vc14-release:sip_tel_uri.obj
 0003:00004534       _pjsip_TEL_PARSING_PVALUE_SPEC_ESC 0042f534     pjsip-core-i386-win32-vc14-release:sip_tel_uri.obj
 0003:00004540       ___getopt_initialized      0042f540     pjlib-util-i386-win32-vc14-release:getopt.obj
 0003:00004544       _nextchar                  0042f544     pjlib-util-i386-win32-vc14-release:getopt.obj
 0003:00004548       _ordering                  0042f548     pjlib-util-i386-win32-vc14-release:getopt.obj
 0003:0000454c       _posixly_correct           0042f54c     pjlib-util-i386-win32-vc14-release:getopt.obj
 0003:00004550       _first_nonopt              0042f550     pjlib-util-i386-win32-vc14-release:getopt.obj
 0003:00004554       _last_nonopt               0042f554     pjlib-util-i386-win32-vc14-release:getopt.obj
 0003:00004558       _initialized               0042f558     pjlib-i386-win32-vc14-release:os_core_win32.obj
 0003:0000455c       _atexit_count              0042f55c     pjlib-i386-win32-vc14-release:os_core_win32.obj
 0003:00004560       _main_thread               0042f560     pjlib-i386-win32-vc14-release:os_core_win32.obj
 0003:00004660       _critical_section_mutex    0042f660     pjlib-i386-win32-vc14-release:os_core_win32.obj
 0003:00004698       _atexit_func               0042f698     pjlib-i386-win32-vc14-release:os_core_win32.obj
 0003:00004718       _err_msg_hnd_cnt           0042f718     pjlib-i386-win32-vc14-release:errno.obj
 0003:00004720       _err_msg_hnd               0042f720     pjlib-i386-win32-vc14-release:errno.obj
 0003:00004798       ?buf@?1??pj_gethostname@@9@9 0042f798     pjlib-i386-win32-vc14-release:sock_bsd.obj
 0003:00004818       ?hostname@?1??pj_gethostname@@9@9 0042f818     pjlib-i386-win32-vc14-release:sock_bsd.obj
 0003:00004820       _g_last_thread             0042f820     pjlib-i386-win32-vc14-release:log.obj
 0003:00004824       _s_hDLL                    0042f824     pjlib-i386-win32-vc14-release:ip_helper_win32.obj
 0003:00004828       _s_pfnGetIpAddrTable       0042f828     pjlib-i386-win32-vc14-release:ip_helper_win32.obj
 0003:0000482c       _s_pfnGetAdapterAddresses  0042f82c     pjlib-i386-win32-vc14-release:ip_helper_win32.obj
 0003:00004830       _s_pfnGetIpForwardTable    0042f830     pjlib-i386-win32-vc14-release:ip_helper_win32.obj
 0003:00004834       _s_pfnGetIfEntry           0042f834     pjlib-i386-win32-vc14-release:ip_helper_win32.obj
 0003:00004838       _exception_id_names        0042f838     pjlib-i386-win32-vc14-release:except.obj
 0003:00004878       ?unknown_name@?1??pj_exception_id_name@@9@9 0042f878     pjlib-i386-win32-vc14-release:except.obj
 0003:00004898       _base_time                 0042f898     pjlib-i386-win32-vc14-release:os_time_win32.obj
 0003:000048a0       _stack_based_factory       0042f8a0     pjlib-i386-win32-vc14-release:pool_buf.obj
 0003:000048c4       _is_initialized            0042f8c4     pjlib-i386-win32-vc14-release:pool_buf.obj
 0003:000048c8       _GS_ExceptionRecord        0042f8c8     MSVCRT:gs_report.obj
 0003:00004918       _GS_ContextRecord          0042f918     MSVCRT:gs_report.obj
 0003:00004bf4       ?is_initialized_as_dll@@3_NA 0042fbf4     MSVCRT:utility.obj
 0003:00004bf5       ?module_local_atexit_table_initialized@@3_NA 0042fbf5     MSVCRT:utility.obj
 0003:00004bf8       ?module_local_atexit_table@@3U_onexit_table_t@@A 0042fbf8     MSVCRT:utility.obj
 0003:00004c04       ?module_local_at_quick_exit_table@@3U_onexit_table_t@@A 0042fc04     MSVCRT:utility.obj
