 stereotest

 Timestamp is 5dc90847 (Mon Nov 11 14:05:43 2019)

 Preferred load address is 00400000

 Start         Length     Name                   Class
 0001:00000000 00023f26H .text$mn                CODE
 0002:00000000 00000268H .idata$5                DATA
 0002:00000268 00000004H .00cfg                  DATA
 0002:0000026c 00000004H .CRT$XCA                DATA
 0002:00000270 00000004H .CRT$XCAA               DATA
 0002:00000274 00000004H .CRT$XCZ                DATA
 0002:00000278 00000004H .CRT$XIA                DATA
 0002:0000027c 00000004H .CRT$XIAA               DATA
 0002:00000280 00000004H .CRT$XIAC               DATA
 0002:00000284 00000004H .CRT$XIZ                DATA
 0002:00000288 00000004H .CRT$XPA                DATA
 0002:0000028c 00000004H .CRT$XPZ                DATA
 0002:00000290 00000004H .CRT$XTA                DATA
 0002:00000294 0000000cH .CRT$XTZ                DATA
 0002:00000298 00000000H .gfids$y                DATA
 0002:000002a0 00010160H .rdata                  DATA
 0002:00010400 00000004H .rdata$sxdata           DATA
 0002:00010404 0000023cH .rdata$zzzdbg           DATA
 0002:00010640 00000004H .rtc$IAA                DATA
 0002:00010644 00000004H .rtc$IZZ                DATA
 0002:00010648 00000004H .rtc$TAA                DATA
 0002:0001064c 00000004H .rtc$TZZ                DATA
 0002:00010650 0000003cH .xdata$x                DATA
 0002:0001068c 00000000H .edata                  DATA
 0002:0001068c 00000104H .idata$2                DATA
 0002:00010790 00000014H .idata$3                DATA
 0002:000107a4 00000268H .idata$4                DATA
 0002:00010a0c 00000a26H .idata$6                DATA
 0003:00000000 00000f60H .data                   DATA
 0003:00000f60 00001890H .bss                    DATA
 0004:00000000 000005e0H _RDATA                  DATA

  Address         Publics by Value              Rva+Base       Lib:Object

 0000:00000000       ___hybrid_auxiliary_iat    00000000     <absolute>
 0000:00000000       ___guard_fids_table        00000000     <absolute>
 0000:00000000       ___guard_longjmp_table     00000000     <absolute>
 0000:00000000       ___guard_fids_count        00000000     <absolute>
 0000:00000000       ___volatile_metadata       00000000     <absolute>
 0000:00000000       ___guard_iat_table         00000000     <absolute>
 0000:00000000       ___hybrid_code_map_count   00000000     <absolute>
 0000:00000000       ___enclave_config          00000000     <absolute>
 0000:00000000       ___guard_iat_count         00000000     <absolute>
 0000:00000000       ___dynamic_value_reloc_table 00000000     <absolute>
 0000:00000000       ___guard_longjmp_count     00000000     <absolute>
 0000:00000000       ___hybrid_code_map         00000000     <absolute>
 0000:00000001       ___safe_se_handler_count   00000001     <absolute>
 0000:00000100       ___guard_flags             00000100     <absolute>
 0000:00000000       ___ImageBase               00400000     <linker-defined>
 0001:00000100       _get_snd_options           00401100 f   stereotest.obj
 0001:000004f0       _dump_pool_usage           004014f0 f   stereotest.obj
 0001:00000560       _main                      00401560 f   stereotest.obj
 0001:00000b90       ___local_stdio_printf_options 00401b90 f i stereotest.obj
 0001:00000ba0       _printf                    00401ba0 f i stereotest.obj
 0001:00000bd0       _pjmedia_aud_subsys_init   00401bd0 f   pjmedia-audiodev-i386-win32-vc14-release:audiodev.obj
 0001:00000c70       _pjmedia_aud_subsys_shutdown 00401c70 f   pjmedia-audiodev-i386-win32-vc14-release:audiodev.obj
 0001:00000cb0       __snprintf                 00401cb0 f i pjmedia-audiodev-i386-win32-vc14-release:errno.obj
 0001:00000cf0       _pjmedia_audiodev_strerror 00401cf0 f   pjmedia-audiodev-i386-win32-vc14-release:errno.obj
 0001:00002050       _pjmedia_wmme_factory      00403050 f   pjmedia-audiodev-i386-win32-vc14-release:wmme_dev.obj
 0001:000026f0       _pjmedia_port_destroy      004036f0 f   pjmedia-i386-win32-vc14-release:port.obj
 0001:00002720       _pjmedia_port_get_frame    00403720 f   pjmedia-i386-win32-vc14-release:port.obj
 0001:00002760       _pjmedia_port_info_init    00403760 f   pjmedia-i386-win32-vc14-release:port.obj
 0001:00002850       _pjmedia_port_put_frame    00403850 f   pjmedia-i386-win32-vc14-release:port.obj
 0001:00002880       _pjmedia_endpt_create2     00403880 f   pjmedia-i386-win32-vc14-release:endpoint.obj
 0001:00002a40       _pjmedia_endpt_destroy2    00403a40 f   pjmedia-i386-win32-vc14-release:endpoint.obj
 0001:00002b00       _sprintf                   00403b00 f i pjmedia-i386-win32-vc14-release:endpoint.obj
 0001:00002b90       _pjmedia_snd_port_connect  00403b90 f   pjmedia-i386-win32-vc14-release:sound_port.obj
 0001:00002c60       _pjmedia_snd_port_create2  00403c60 f   pjmedia-i386-win32-vc14-release:sound_port.obj
 0001:00002dd0       _pjmedia_snd_port_create_player 00403dd0 f   pjmedia-i386-win32-vc14-release:sound_port.obj
 0001:00002e80       _pjmedia_snd_port_create_rec 00403e80 f   pjmedia-i386-win32-vc14-release:sound_port.obj
 0001:00002f30       _pjmedia_snd_port_destroy  00403f30 f   pjmedia-i386-win32-vc14-release:sound_port.obj
 0001:00002f90       _pjmedia_snd_port_get_port 00403f90 f   pjmedia-i386-win32-vc14-release:sound_port.obj
 0001:00002fb0       _pjmedia_snd_port_set_ec   00403fb0 f   pjmedia-i386-win32-vc14-release:sound_port.obj
 0001:00003810       _pjmedia_stereo_port_create 00404810 f   pjmedia-i386-win32-vc14-release:stereo_port.obj
 0001:00004000       _pjmedia_wav_player_port_create 00405000 f   pjmedia-i386-win32-vc14-release:wav_player.obj
 0001:000047c0       _pjmedia_wav_writer_port_create 004057c0 f   pjmedia-i386-win32-vc14-release:wav_writer.obj
 0001:00004c00       _pjmedia_aud_dev_default_param 00405c00 f   pjmedia-i386-win32-vc14-release:audiodev.obj
 0001:00004c80       _pjmedia_aud_dev_get_info  00405c80 f   pjmedia-i386-win32-vc14-release:audiodev.obj
 0001:00004ce0       _pjmedia_aud_driver_deinit 00405ce0 f   pjmedia-i386-win32-vc14-release:audiodev.obj
 0001:00004db0       _pjmedia_aud_driver_init   00405db0 f   pjmedia-i386-win32-vc14-release:audiodev.obj
 0001:00005030       _pjmedia_aud_stream_create 00406030 f   pjmedia-i386-win32-vc14-release:audiodev.obj
 0001:000051e0       _pjmedia_aud_stream_destroy 004061e0 f   pjmedia-i386-win32-vc14-release:audiodev.obj
 0001:00005200       _pjmedia_aud_stream_get_cap 00406200 f   pjmedia-i386-win32-vc14-release:audiodev.obj
 0001:00005220       _pjmedia_aud_stream_get_param 00406220 f   pjmedia-i386-win32-vc14-release:audiodev.obj
 0001:00005280       _pjmedia_aud_stream_set_cap 00406280 f   pjmedia-i386-win32-vc14-release:audiodev.obj
 0001:000052a0       _pjmedia_aud_stream_start  004062a0 f   pjmedia-i386-win32-vc14-release:audiodev.obj
 0001:000052c0       _pjmedia_aud_stream_stop   004062c0 f   pjmedia-i386-win32-vc14-release:audiodev.obj
 0001:000052e0       _pjmedia_get_aud_subsys    004062e0 f   pjmedia-i386-win32-vc14-release:audiodev.obj
 0001:000054a0       _pjmedia_event_init        004064a0 f   pjmedia-i386-win32-vc14-release:event.obj
 0001:000054e0       _pjmedia_event_publish     004064e0 f   pjmedia-i386-win32-vc14-release:event.obj
 0001:00005610       _pjmedia_format_get_audio_format_detail 00406610 f   pjmedia-i386-win32-vc14-release:format.obj
 0001:00005630       _pjmedia_codec_mgr_destroy 00406630 f   pjmedia-i386-win32-vc14-release:codec.obj
 0001:000056c0       _pjmedia_codec_mgr_init    004066c0 f   pjmedia-i386-win32-vc14-release:codec.obj
 0001:00005730       _pjmedia_sdp_attr_create   00406730 f   pjmedia-i386-win32-vc14-release:sdp.obj
 0001:00005790       _pjmedia_sdp_attr_find     00406790 f   pjmedia-i386-win32-vc14-release:sdp.obj
 0001:00005810       _pjmedia_sdp_media_deactivate 00406810 f   pjmedia-i386-win32-vc14-release:sdp.obj
 0001:00005840       _pjmedia_sdp_media_find_attr 00406840 f   pjmedia-i386-win32-vc14-release:sdp.obj
 0001:00005870       _pjmedia_sdp_transport_get_proto 00406870 f   pjmedia-i386-win32-vc14-release:sdp.obj
 0001:000059b0       _pjmedia_strerror          004069b0 f   pjmedia-i386-win32-vc14-release:errno.obj
 0001:00005ac0       _pjmedia_clock_src_init    00406ac0 f   pjmedia-i386-win32-vc14-release:clock_thread.obj
 0001:00005b00       _pjmedia_clock_src_update  00406b00 f   pjmedia-i386-win32-vc14-release:clock_thread.obj
 0001:00005b40       _pjmedia_echo_capture      00406b40 f   pjmedia-i386-win32-vc14-release:echo_common.obj
 0001:00005bf0       _pjmedia_echo_create2      00406bf0 f   pjmedia-i386-win32-vc14-release:echo_common.obj
 0001:00005db0       _pjmedia_echo_destroy      00406db0 f   pjmedia-i386-win32-vc14-release:echo_common.obj
 0001:00005df0       _pjmedia_echo_playback     00406df0 f   pjmedia-i386-win32-vc14-release:echo_common.obj
 0001:00005ea0       __initialize_invalid_parameter_handler 00406ea0 f   MSVCRT:invalid_parameter_handler.obj
 0001:00005ea0       _pjmedia_wave_hdr_host_to_file 00406ea0 f   pjmedia-i386-win32-vc14-release:wave.obj
 0001:00005ea0       _pjmedia_wave_hdr_file_to_host 00406ea0 f   pjmedia-i386-win32-vc14-release:wave.obj
 0001:00005ea0       @_guard_check_icall_nop@4  00406ea0 f   MSVCRT:guard_support.obj
 0001:00005ea0       __initialize_denormal_control 00406ea0 f   MSVCRT:denormal_control.obj
 0001:00007650       _srtp_ekt_stream_init_from_policy 00408650 f   libsrtp-i386-win32-vc14-release:ekt.obj
 0001:00007650       ___scrt_initialize_winrt   00408650 f   MSVCRT:utility_desktop.obj
 0001:00007650       _echo_supp_destroy         00408650 f   pjmedia-i386-win32-vc14-release:echo_suppress.obj
 0001:00007650       ___scrt_exe_initialize_mta 00408650 f   MSVCRT:utility_desktop.obj
 0001:00007650       _pjmedia_wsola_destroy     00408650 f   pjmedia-i386-win32-vc14-release:wsola.obj
 0001:00007650       __get_startup_commit_mode  00408650 f   MSVCRT:commit_mode.obj
 0001:00007650       __get_startup_new_mode     00408650 f   MSVCRT:new_mode.obj
 0001:00007650       __matherr                  00408650 f   MSVCRT:matherr.obj
 0001:00007650       __get_startup_thread_locale_mode 00408650 f   MSVCRT:thread_locale.obj
 0001:00007650       ___scrt_stub_for_initialize_mta 00408650 f   MSVCRT:utility_desktop.obj
 0001:00007c90       _get_libsrtp_errstr        00408c90 f   pjmedia-i386-win32-vc14-release:transport_srtp.obj
 0001:00007f40       _pjmedia_transport_srtp_start 00408f40 f   pjmedia-i386-win32-vc14-release:transport_srtp.obj
 0001:000085e0       _pjmedia_transport_srtp_stop 004095e0 f   pjmedia-i386-win32-vc14-release:transport_srtp.obj
 0001:00008b50       _echo_supp_cancel_echo     00409b50 f   pjmedia-i386-win32-vc14-release:echo_suppress.obj
 0001:00008ed0       _echo_supp_create          00409ed0 f   pjmedia-i386-win32-vc14-release:echo_suppress.obj
 0001:000090a0       _echo_supp_reset           0040a0a0 f   pjmedia-i386-win32-vc14-release:echo_suppress.obj
 0001:000097e0       _speex_aec_cancel_echo     0040a7e0 f   pjmedia-i386-win32-vc14-release:echo_speex.obj
 0001:00009840       _speex_aec_capture         0040a840 f   pjmedia-i386-win32-vc14-release:echo_speex.obj
 0001:00009890       _speex_aec_create          0040a890 f   pjmedia-i386-win32-vc14-release:echo_speex.obj
 0001:000099b0       _speex_aec_destroy         0040a9b0 f   pjmedia-i386-win32-vc14-release:echo_speex.obj
 0001:00009a00       _speex_aec_playback        0040aa00 f   pjmedia-i386-win32-vc14-release:echo_speex.obj
 0001:00009a30       _speex_aec_reset           0040aa30 f   pjmedia-i386-win32-vc14-release:echo_speex.obj
 0001:00009c40       _pjmedia_delay_buf_create  0040ac40 f   pjmedia-i386-win32-vc14-release:delaybuf.obj
 0001:00009da0       _pjmedia_delay_buf_destroy 0040ada0 f   pjmedia-i386-win32-vc14-release:delaybuf.obj
 0001:00009e00       _pjmedia_delay_buf_get     0040ae00 f   pjmedia-i386-win32-vc14-release:delaybuf.obj
 0001:00009f40       _pjmedia_delay_buf_put     0040af40 f   pjmedia-i386-win32-vc14-release:delaybuf.obj
 0001:0000a1d0       _pjmedia_calc_avg_signal   0040b1d0 f   pjmedia-i386-win32-vc14-release:silencedet.obj
 0001:0000aaa0       _pjmedia_wsola_create      0040baa0 f   pjmedia-i386-win32-vc14-release:wsola.obj
 0001:0000adf0       _pjmedia_wsola_discard     0040bdf0 f   pjmedia-i386-win32-vc14-release:wsola.obj
 0001:0000b040       _pjmedia_wsola_generate    0040c040 f   pjmedia-i386-win32-vc14-release:wsola.obj
 0001:0000b110       _pjmedia_wsola_save        0040c110 f   pjmedia-i386-win32-vc14-release:wsola.obj
 0001:0000be50       _pj_getopt_long            0040ce50 f   pjlib-util-i386-win32-vc14-release:getopt.obj
 0001:0000be70       _pj_base64_decode          0040ce70 f   pjlib-util-i386-win32-vc14-release:base64.obj
 0001:0000c060       _pj_base64_encode          0040d060 f   pjlib-util-i386-win32-vc14-release:base64.obj
 0001:0000c260       _pj_atexit                 0040d260 f   pjlib-i386-win32-vc14-release:os_core_win32.obj
 0001:0000c290       _pj_atomic_dec_and_get     0040d290 f   pjlib-i386-win32-vc14-release:os_core_win32.obj
 0001:0000c2e0       _pj_atomic_destroy         0040d2e0 f   pjlib-i386-win32-vc14-release:os_core_win32.obj
 0001:0000c300       _pj_atomic_inc             0040d300 f   pjlib-i386-win32-vc14-release:os_core_win32.obj
 0001:0000c350       _pj_enter_critical_section 0040d350 f   pjlib-i386-win32-vc14-release:os_core_win32.obj
 0001:0000c3b0       _pj_init                   0040d3b0 f   pjlib-i386-win32-vc14-release:os_core_win32.obj
 0001:0000c5c0       _pj_leave_critical_section 0040d5c0 f   pjlib-i386-win32-vc14-release:os_core_win32.obj
 0001:0000c620       _pj_mutex_create           0040d620 f   pjlib-i386-win32-vc14-release:os_core_win32.obj
 0001:0000c670       _pj_mutex_create_simple    0040d670 f   pjlib-i386-win32-vc14-release:os_core_win32.obj
 0001:0000c670       _pj_mutex_create_recursive 0040d670 f   pjlib-i386-win32-vc14-release:os_core_win32.obj
 0001:0000c6c0       _pj_mutex_destroy          0040d6c0 f   pjlib-i386-win32-vc14-release:os_core_win32.obj
 0001:0000c730       _pj_mutex_lock             0040d730 f   pjlib-i386-win32-vc14-release:os_core_win32.obj
 0001:0000c7a0       _pj_mutex_trylock          0040d7a0 f   pjlib-i386-win32-vc14-release:os_core_win32.obj
 0001:0000c820       _pj_mutex_unlock           0040d820 f   pjlib-i386-win32-vc14-release:os_core_win32.obj
 0001:0000c890       _pj_sem_destroy            0040d890 f   pjlib-i386-win32-vc14-release:os_core_win32.obj
 0001:0000c920       _pj_sem_post               0040d920 f   pjlib-i386-win32-vc14-release:os_core_win32.obj
 0001:0000c9c0       _pj_sem_trywait            0040d9c0 f   pjlib-i386-win32-vc14-release:os_core_win32.obj
 0001:0000ca20       _pj_sem_wait               0040da20 f   pjlib-i386-win32-vc14-release:os_core_win32.obj
 0001:0000cb30       _pj_shutdown               0040db30 f   pjlib-i386-win32-vc14-release:os_core_win32.obj
 0001:0000cc70       _pj_term_set_color         0040dc70 f   pjlib-i386-win32-vc14-release:os_core_win32.obj
 0001:0000cd40       _pj_thread_check_stack     0040dd40 f   pjlib-i386-win32-vc14-release:os_core_win32.obj
 0001:0000cd90       _pj_thread_create          0040dd90 f   pjlib-i386-win32-vc14-release:os_core_win32.obj
 0001:0000cee0       _pj_thread_destroy         0040dee0 f   pjlib-i386-win32-vc14-release:os_core_win32.obj
 0001:0000cf70       _pj_thread_get_name        0040df70 f   pjlib-i386-win32-vc14-release:os_core_win32.obj
 0001:0000cfc0       _pj_thread_join            0040dfc0 f   pjlib-i386-win32-vc14-release:os_core_win32.obj
 0001:0000d080       _pj_thread_local_alloc     0040e080 f   pjlib-i386-win32-vc14-release:os_core_win32.obj
 0001:0000d0d0       _pj_thread_local_free      0040e0d0 f   pjlib-i386-win32-vc14-release:os_core_win32.obj
 0001:0000d120       _pj_thread_local_get       0040e120 f   pjlib-i386-win32-vc14-release:os_core_win32.obj
 0001:0000d130       _pj_thread_local_set       0040e130 f   pjlib-i386-win32-vc14-release:os_core_win32.obj
 0001:0000d170       _pj_thread_sleep           0040e170 f   pjlib-i386-win32-vc14-release:os_core_win32.obj
 0001:0000d1c0       _pj_thread_this            0040e1c0 f   pjlib-i386-win32-vc14-release:os_core_win32.obj
 0001:0000d250       _pj_pool_alloc             0040e250 f   pjlib-i386-win32-vc14-release:pool.obj
 0001:0000d3c0       _pj_pool_calloc            0040e3c0 f   pjlib-i386-win32-vc14-release:pool.obj
 0001:0000d3f0       _pj_pool_create            0040e3f0 f   pjlib-i386-win32-vc14-release:pool.obj
 0001:0000d400       _pj_pool_create_int        0040e400 f   pjlib-i386-win32-vc14-release:pool.obj
 0001:0000d510       _pj_pool_destroy_int       0040e510 f   pjlib-i386-win32-vc14-release:pool.obj
 0001:0000d550       _pj_pool_get_capacity      0040e550 f   pjlib-i386-win32-vc14-release:pool.obj
 0001:0000d560       _pj_pool_get_used_size     0040e560 f   pjlib-i386-win32-vc14-release:pool.obj
 0001:0000d590       _pj_pool_getobjname        0040e590 f   pjlib-i386-win32-vc14-release:pool.obj
 0001:0000d5a0       _pj_pool_init_int          0040e5a0 f   pjlib-i386-win32-vc14-release:pool.obj
 0001:0000d610       _pj_pool_release           0040e610 f   pjlib-i386-win32-vc14-release:pool.obj
 0001:0000d630       _pj_pool_reset             0040e630 f   pjlib-i386-win32-vc14-release:pool.obj
 0001:0000da40       _pj_caching_pool_destroy   0040ea40 f   pjlib-i386-win32-vc14-release:pool_caching.obj
 0001:0000db20       _pj_caching_pool_init      0040eb20 f   pjlib-i386-win32-vc14-release:pool_caching.obj
 0001:0000dc00       _pj_errno_clear_handlers   0040ec00 f   pjlib-i386-win32-vc14-release:errno.obj
 0001:0000dc20       _pj_perror_3               0040ec20 f   pjlib-i386-win32-vc14-release:errno.obj
 0001:0000dc40       _pj_perror_4               0040ec40 f   pjlib-i386-win32-vc14-release:errno.obj
 0001:0000dc60       _pj_perror_5               0040ec60 f   pjlib-i386-win32-vc14-release:errno.obj
 0001:0000de50       _pj_register_strerror      0040ee50 f   pjlib-i386-win32-vc14-release:errno.obj
 0001:0000df30       _pj_strerror               0040ef30 f   pjlib-i386-win32-vc14-release:errno.obj
 0001:0000e0b0       _pj_log                    0040f0b0 f   pjlib-i386-win32-vc14-release:log.obj
 0001:0000e5b0       _pj_log_1                  0040f5b0 f   pjlib-i386-win32-vc14-release:log.obj
 0001:0000e5d0       _pj_log_2                  0040f5d0 f   pjlib-i386-win32-vc14-release:log.obj
 0001:0000e5f0       _pj_log_3                  0040f5f0 f   pjlib-i386-win32-vc14-release:log.obj
 0001:0000e610       _pj_log_4                  0040f610 f   pjlib-i386-win32-vc14-release:log.obj
 0001:0000e630       _pj_log_5                  0040f630 f   pjlib-i386-win32-vc14-release:log.obj
 0001:0000e650       _pj_log_get_color          0040f650 f   pjlib-i386-win32-vc14-release:log.obj
 0001:0000e6c0       _pj_log_get_decor          0040f6c0 f   pjlib-i386-win32-vc14-release:log.obj
 0001:0000e6d0       _pj_log_get_level          0040f6d0 f   pjlib-i386-win32-vc14-release:log.obj
 0001:0000e6e0       _pj_log_init               0040f6e0 f   pjlib-i386-win32-vc14-release:log.obj
 0001:0000e810       _pj_str                    0040f810 f   pjlib-i386-win32-vc14-release:string.obj
 0001:0000e830       _pj_strcmp                 0040f830 f   pjlib-i386-win32-vc14-release:string.obj
 0001:0000e8e0       _pj_strdup                 0040f8e0 f   pjlib-i386-win32-vc14-release:string.obj
 0001:0000e920       _pj_strdup2                0040f920 f   pjlib-i386-win32-vc14-release:string.obj
 0001:0000e980       _pj_strdup_with_null       0040f980 f   pjlib-i386-win32-vc14-release:string.obj
 0001:0000e9d0       _pj_stricmp                0040f9d0 f   pjlib-i386-win32-vc14-release:string.obj
 0001:0000ea30       _pj_stricmp2               0040fa30 f   pjlib-i386-win32-vc14-release:string.obj
 0001:0000eaa0       _pj_strncpy_with_null      0040faa0 f   pjlib-i386-win32-vc14-release:string.obj
 0001:0000eae0       _pj_strtok                 0040fae0 f   pjlib-i386-win32-vc14-release:string.obj
 0001:0000ebd0       _pj_strtok2                0040fbd0 f   pjlib-i386-win32-vc14-release:string.obj
 0001:0000ecb0       _pj_strtoul                0040fcb0 f   pjlib-i386-win32-vc14-release:string.obj
 0001:0000ed10       _pj_strtoul2               0040fd10 f   pjlib-i386-win32-vc14-release:string.obj
 0001:0000edc0       _pj_utoa                   0040fdc0 f   pjlib-i386-win32-vc14-release:string.obj
 0001:0000ee40       _pj_utoa_pad               0040fe40 f   pjlib-i386-win32-vc14-release:string.obj
 0001:0000eee0       _pj_get_netos_error        0040fee0 f   pjlib-i386-win32-vc14-release:os_error_win32.obj
 0001:0000ef00       _pj_get_os_error           0040ff00 f   pjlib-i386-win32-vc14-release:os_error_win32.obj
 0001:0000ef20       _platform_strerror         0040ff20 f   pjlib-i386-win32-vc14-release:os_error_win32.obj
 0001:0000f000       _pj_sockaddr_cmp           00410000 f   pjlib-i386-win32-vc14-release:sock_common.obj
 0001:0000f180       _pj_sockaddr_has_addr      00410180 f   pjlib-i386-win32-vc14-release:sock_common.obj
 0001:0000f230       _pj_list_erase             00410230 f   pjlib-i386-win32-vc14-release:list.obj
 0001:0000f250       _pj_list_insert_after      00410250 f   pjlib-i386-win32-vc14-release:list.obj
 0001:0000f270       _pj_list_insert_before     00410270 f   pjlib-i386-win32-vc14-release:list.obj
 0001:0000f290       _pj_gettimeofday           00410290 f   pjlib-i386-win32-vc14-release:os_time_win32.obj
 0001:0000f340       _pj_time_decode            00410340 f   pjlib-i386-win32-vc14-release:os_time_win32.obj
 0001:0000f4b0       _ioqueue_dispatch_read_event 004104b0 f   pjlib-i386-win32-vc14-release:ioqueue_select.obj
 0001:0000f6c0       _ioqueue_dispatch_write_event 004106c0 f   pjlib-i386-win32-vc14-release:ioqueue_select.obj
 0001:0000f950       _pj_ioqueue_create         00410950 f   pjlib-i386-win32-vc14-release:ioqueue_select.obj
 0001:0000fb20       _pj_ioqueue_destroy        00410b20 f   pjlib-i386-win32-vc14-release:ioqueue_select.obj
 0001:0000fbe0       _pj_ioqueue_poll           00410be0 f   pjlib-i386-win32-vc14-release:ioqueue_select.obj
 0001:000100c0       _pj_ioqueue_unlock_key     004110c0 f   pjlib-i386-win32-vc14-release:ioqueue_select.obj
 0001:00010170       _pj_ntohl                  00411170 f   pjlib-i386-win32-vc14-release:sock_bsd.obj
 0001:00010180       _pj_ntohs                  00411180 f   pjlib-i386-win32-vc14-release:sock_bsd.obj
 0001:00010190       _pj_sock_accept            00411190 f   pjlib-i386-win32-vc14-release:sock_bsd.obj
 0001:00010200       _pj_sock_getsockname       00411200 f   pjlib-i386-win32-vc14-release:sock_bsd.obj
 0001:00010260       _pj_sock_getsockopt        00411260 f   pjlib-i386-win32-vc14-release:sock_bsd.obj
 0001:000102d0       _pj_sock_recv              004112d0 f   pjlib-i386-win32-vc14-release:sock_bsd.obj
 0001:00010340       _pj_sock_recvfrom          00411340 f   pjlib-i386-win32-vc14-release:sock_bsd.obj
 0001:000103b0       _pj_sock_send              004113b0 f   pjlib-i386-win32-vc14-release:sock_bsd.obj
 0001:00010420       _pj_sock_sendto            00411420 f   pjlib-i386-win32-vc14-release:sock_bsd.obj
 0001:000104e0       _pj_file_exists            004114e0 f   pjlib-i386-win32-vc14-release:file_access_win32.obj
 0001:00010520       _pj_file_size              00411520 f   pjlib-i386-win32-vc14-release:file_access_win32.obj
 0001:00010580       _pj_file_close             00411580 f   pjlib-i386-win32-vc14-release:file_io_win32.obj
 0001:000105c0       _pj_file_getpos            004115c0 f   pjlib-i386-win32-vc14-release:file_io_win32.obj
 0001:00010640       _pj_file_open              00411640 f   pjlib-i386-win32-vc14-release:file_io_win32.obj
 0001:00010780       _pj_file_read              00411780 f   pjlib-i386-win32-vc14-release:file_io_win32.obj
 0001:000107e0       _pj_file_setpos            004117e0 f   pjlib-i386-win32-vc14-release:file_io_win32.obj
 0001:00010870       _pj_file_write             00411870 f   pjlib-i386-win32-vc14-release:file_io_win32.obj
 0001:000108d0       _pj_array_erase            004118d0 f   pjlib-i386-win32-vc14-release:array.obj
 0001:00010910       _pj_exception_id_alloc     00411910 f   pjlib-i386-win32-vc14-release:except.obj
 0001:00010960       _pj_exception_id_free      00411960 f   pjlib-i386-win32-vc14-release:except.obj
 0001:000109a0       _pj_pop_exception_handler_ 004119a0 f   pjlib-i386-win32-vc14-release:except.obj
 0001:000109d0       _pj_throw_exception_       004119d0 f   pjlib-i386-win32-vc14-release:except.obj
 0001:00010c90       _pj_grp_lock_add_ref       00411c90 f   pjlib-i386-win32-vc14-release:lock.obj
 0001:00010cb0       _pj_grp_lock_dec_ref       00411cb0 f   pjlib-i386-win32-vc14-release:lock.obj
 0001:00010ce0       _pj_grp_lock_release       00411ce0 f   pjlib-i386-win32-vc14-release:lock.obj
 0001:00010cf0       _pj_grp_lock_tryacquire    00411cf0 f   pjlib-i386-win32-vc14-release:lock.obj
 0001:00010d00       _pj_lock_acquire           00411d00 f   pjlib-i386-win32-vc14-release:lock.obj
 0001:00010d20       _pj_lock_create_null_mutex 00411d20 f   pjlib-i386-win32-vc14-release:lock.obj
 0001:00010d40       _pj_lock_create_recursive_mutex 00411d40 f   pjlib-i386-win32-vc14-release:lock.obj
 0001:00010d60       _pj_lock_create_simple_mutex 00411d60 f   pjlib-i386-win32-vc14-release:lock.obj
 0001:00010d80       _pj_lock_destroy           00411d80 f   pjlib-i386-win32-vc14-release:lock.obj
 0001:00010da0       _pj_lock_release           00411da0 f   pjlib-i386-win32-vc14-release:lock.obj
 0001:00010dc0       _pj_lock_tryacquire        00411dc0 f   pjlib-i386-win32-vc14-release:lock.obj
 0001:00010de0       _pj_get_timestamp          00411de0 f   pjlib-i386-win32-vc14-release:os_timestamp_win32.obj
 0001:00010e40       _pj_get_timestamp_freq     00411e40 f   pjlib-i386-win32-vc14-release:os_timestamp_win32.obj
 0001:00010ea0       _pj_gettickcount           00411ea0 f   pjlib-i386-win32-vc14-release:os_timestamp_common.obj
 0001:00010f70       _pj_rand                   00411f70 f   pjlib-i386-win32-vc14-release:rand.obj
 0001:00010fa0       _pj_generate_unique_string 00411fa0 f   pjlib-i386-win32-vc14-release:guid_win32.obj
 0001:00011050       _pj_pool_create_on_buf     00412050 f   pjlib-i386-win32-vc14-release:pool_buf.obj
 0001:00011160       _pj_log_write              00412160 f   pjlib-i386-win32-vc14-release:log_writer_stdout.obj
 0001:000111c0       _pj_time_val_normalize     004121c0 f   pjlib-i386-win32-vc14-release:types.obj
 0001:00011250       _PJ_FD_CLR                 00412250 f   pjlib-i386-win32-vc14-release:sock_select.obj
 0001:000112d0       _srtp_rdb_get_value        004122d0 f   libsrtp-i386-win32-vc14-release:rdb.obj
 0001:000112d0       _PJ_FD_COUNT               004122d0 f   pjlib-i386-win32-vc14-release:sock_select.obj
 0001:000112e0       _PJ_FD_ISSET               004122e0 f   pjlib-i386-win32-vc14-release:sock_select.obj
 0001:00011310       _PJ_FD_ZERO                00412310 f   pjlib-i386-win32-vc14-release:sock_select.obj
 0001:00011340       _pj_sock_select            00412340 f   pjlib-i386-win32-vc14-release:sock_select.obj
 0001:00011780       _speex_echo_cancellation   00412780 f   libspeex-i386-win32-vc14-release:mdf.obj
 0001:00012c00       _speex_echo_capture        00413c00 f   libspeex-i386-win32-vc14-release:mdf.obj
 0001:00012cf0       _speex_echo_ctl            00413cf0 f   libspeex-i386-win32-vc14-release:mdf.obj
 0001:00012dd0       _speex_echo_get_residual   00413dd0 f   libspeex-i386-win32-vc14-release:mdf.obj
 0001:00013060       _speex_echo_playback       00414060 f   libspeex-i386-win32-vc14-release:mdf.obj
 0001:00013160       _speex_echo_state_destroy  00414160 f   libspeex-i386-win32-vc14-release:mdf.obj
 0001:00013210       _speex_echo_state_init     00414210 f   libspeex-i386-win32-vc14-release:mdf.obj
 0001:00013750       _speex_echo_state_reset    00414750 f   libspeex-i386-win32-vc14-release:mdf.obj
 0001:00014670       _speex_preprocess_ctl      00415670 f   libspeex-i386-win32-vc14-release:preprocess.obj
 0001:00014d00       _speex_preprocess_run      00415d00 f   libspeex-i386-win32-vc14-release:preprocess.obj
 0001:00016630       _speex_preprocess_state_destroy 00417630 f   libspeex-i386-win32-vc14-release:preprocess.obj
 0001:000166f0       _speex_preprocess_state_init 004176f0 f   libspeex-i386-win32-vc14-release:preprocess.obj
 0001:000174c0       _spx_fft                   004184c0 f   libspeex-i386-win32-vc14-release:fftwrap.obj
 0001:00017580       _spx_fft_destroy           00418580 f   libspeex-i386-win32-vc14-release:fftwrap.obj
 0001:000175a0       _spx_fft_init              004185a0 f   libspeex-i386-win32-vc14-release:fftwrap.obj
 0001:000175d0       _spx_ifft                  004185d0 f   libspeex-i386-win32-vc14-release:fftwrap.obj
 0001:00017640       _filterbank_compute_bank32 00418640 f   libspeex-i386-win32-vc14-release:filterbank.obj
 0001:000176c0       _filterbank_compute_psd16  004186c0 f   libspeex-i386-win32-vc14-release:filterbank.obj
 0001:00017710       _filterbank_destroy        00418710 f   libspeex-i386-win32-vc14-release:filterbank.obj
 0001:00017740       _filterbank_new            00418740 f   libspeex-i386-win32-vc14-release:filterbank.obj
 0001:0001acd0       _spx_drft_backward         0041bcd0 f   libspeex-i386-win32-vc14-release:smallft.obj
 0001:0001ad00       _spx_drft_clear            0041bd00 f   libspeex-i386-win32-vc14-release:smallft.obj
 0001:0001ad40       _spx_drft_forward          0041bd40 f   libspeex-i386-win32-vc14-release:smallft.obj
 0001:0001ad70       _spx_drft_init             0041bd70 f   libspeex-i386-win32-vc14-release:smallft.obj
 0001:0001adc0       _srtp_event_reporter       0041bdc0 f   libsrtp-i386-win32-vc14-release:srtp.obj
 0001:0001ae60       ___local_stdio_scanf_options 0041be60 f i libsrtp-i386-win32-vc14-release:srtp.obj
 0001:0001aef0       _srtp_add_stream           0041bef0 f   libsrtp-i386-win32-vc14-release:srtp.obj
 0001:0001b1a0       _srtp_create               0041c1a0 f   libsrtp-i386-win32-vc14-release:srtp.obj
 0001:0001b220       _srtp_crypto_policy_set_aes_cm_256_hmac_sha1_32 0041c220 f   libsrtp-i386-win32-vc14-release:srtp.obj
 0001:0001b260       _srtp_crypto_policy_set_aes_cm_256_hmac_sha1_80 0041c260 f   libsrtp-i386-win32-vc14-release:srtp.obj
 0001:0001b2a0       _srtp_dealloc              0041c2a0 f   libsrtp-i386-win32-vc14-release:srtp.obj
 0001:0001b580       _srtp_get_session_keys     0041c580 f   libsrtp-i386-win32-vc14-release:srtp.obj
 0001:0001b690       _srtp_inject_mki           0041c690 f   libsrtp-i386-win32-vc14-release:srtp.obj
 0001:0001b9e0       _srtp_protect              0041c9e0 f   libsrtp-i386-win32-vc14-release:srtp.obj
 0001:0001bd10       _srtp_protect_mki          0041cd10 f   libsrtp-i386-win32-vc14-release:srtp.obj
 0001:0001c2c0       _srtp_protect_rtcp         0041d2c0 f   libsrtp-i386-win32-vc14-release:srtp.obj
 0001:0001c4f0       _srtp_protect_rtcp_mki     0041d4f0 f   libsrtp-i386-win32-vc14-release:srtp.obj
 0001:0001c8a0       _srtp_stream_alloc         0041d8a0 f   libsrtp-i386-win32-vc14-release:srtp.obj
 0001:0001cb30       _srtp_stream_clone         0041db30 f   libsrtp-i386-win32-vc14-release:srtp.obj
 0001:0001cd50       _srtp_stream_dealloc       0041dd50 f   libsrtp-i386-win32-vc14-release:srtp.obj
 0001:0001cfd0       _srtp_stream_init          0041dfd0 f   libsrtp-i386-win32-vc14-release:srtp.obj
 0001:0001d150       _srtp_stream_init_keys     0041e150 f   libsrtp-i386-win32-vc14-release:srtp.obj
 0001:0001d970       _srtp_unprotect            0041e970 f   libsrtp-i386-win32-vc14-release:srtp.obj
 0001:0001dc90       _srtp_unprotect_mki        0041ec90 f   libsrtp-i386-win32-vc14-release:srtp.obj
 0001:0001e2e0       _srtp_unprotect_rtcp       0041f2e0 f   libsrtp-i386-win32-vc14-release:srtp.obj
 0001:0001e560       _srtp_unprotect_rtcp_mki   0041f560 f   libsrtp-i386-win32-vc14-release:srtp.obj
 0001:0001ea50       _srtp_validate_policy_master_keys 0041fa50 f   libsrtp-i386-win32-vc14-release:srtp.obj
 0001:0001eb00       _srtp_crypto_alloc         0041fb00 f   libsrtp-i386-win32-vc14-release:alloc.obj
 0001:0001eb60       _srtp_crypto_free          0041fb60 f   libsrtp-i386-win32-vc14-release:alloc.obj
 0001:0001eb90       _bitvector_alloc           0041fb90 f   libsrtp-i386-win32-vc14-release:datatypes.obj
 0001:0001ebf0       _bitvector_dealloc         0041fbf0 f   libsrtp-i386-win32-vc14-release:datatypes.obj
 0001:0001ec20       _bitvector_left_shift      0041fc20 f   libsrtp-i386-win32-vc14-release:datatypes.obj
 0001:0001ed80       _bitvector_set_to_zero     0041fd80 f   libsrtp-i386-win32-vc14-release:datatypes.obj
 0001:0001eda0       _octet_string_is_eq        0041fda0 f   libsrtp-i386-win32-vc14-release:datatypes.obj
 0001:0001ee70       _octet_string_set_to_zero  0041fe70 f   libsrtp-i386-win32-vc14-release:datatypes.obj
 0001:0001ee90       _srtp_octet_string_hex_string 0041fe90 f   libsrtp-i386-win32-vc14-release:datatypes.obj
 0001:0001ef30       _v128_copy_octet_string    0041ff30 f   libsrtp-i386-win32-vc14-release:datatypes.obj
 0001:0001efb0       _v128_hex_string           0041ffb0 f   libsrtp-i386-win32-vc14-release:datatypes.obj
 0001:0001f040       _v128_left_shift           00420040 f   libsrtp-i386-win32-vc14-release:datatypes.obj
 0001:0001f120       _srtp_err_report           00420120 f   libsrtp-i386-win32-vc14-release:srtp_err.obj
 0001:0001f150       _srtp_rdbx_add_index       00420150 f   libsrtp-i386-win32-vc14-release:rdbx.obj
 0001:0001f1a0       _srtp_rdbx_check           004201a0 f   libsrtp-i386-win32-vc14-release:rdbx.obj
 0001:0001f1e0       _srtp_rdbx_dealloc         004201e0 f   libsrtp-i386-win32-vc14-release:rdbx.obj
 0001:0001f200       _srtp_rdbx_estimate_index  00420200 f   libsrtp-i386-win32-vc14-release:rdbx.obj
 0001:0001f2b0       _srtp_rdbx_get_packet_index 004202b0 f   libsrtp-i386-win32-vc14-release:rdbx.obj
 0001:0001f2c0       _srtp_auth_get_tag_length  004202c0 f   libsrtp-i386-win32-vc14-release:auth.obj
 0001:0001f2c0       _srtp_cipher_get_key_length 004202c0 f   libsrtp-i386-win32-vc14-release:cipher.obj
 0001:0001f2c0       _srtp_rdbx_get_window_size 004202c0 f   libsrtp-i386-win32-vc14-release:rdbx.obj
 0001:0001f2d0       _srtp_rdbx_init            004202d0 f   libsrtp-i386-win32-vc14-release:rdbx.obj
 0001:0001f310       _srtp_rdbx_set_roc         00420310 f   libsrtp-i386-win32-vc14-release:rdbx.obj
 0001:0001f370       _srtp_rdbx_set_roc_seq     00420370 f   libsrtp-i386-win32-vc14-release:rdbx.obj
 0001:0001f3d0       _srtp_rdb_add_index        004203d0 f   libsrtp-i386-win32-vc14-release:rdb.obj
 0001:0001f420       _srtp_rdb_check            00420420 f   libsrtp-i386-win32-vc14-release:rdb.obj
 0001:0001f470       _srtp_rdb_increment        00420470 f   libsrtp-i386-win32-vc14-release:rdb.obj
 0001:0001f490       _srtp_rdb_init             00420490 f   libsrtp-i386-win32-vc14-release:rdb.obj
 0001:0001f4c0       _srtp_cipher_dealloc       004204c0 f   libsrtp-i386-win32-vc14-release:cipher.obj
 0001:0001f4e0       _srtp_cipher_decrypt       004204e0 f   libsrtp-i386-win32-vc14-release:cipher.obj
 0001:0001f510       _srtp_cipher_encrypt       00420510 f   libsrtp-i386-win32-vc14-release:cipher.obj
 0001:0001f540       _srtp_cipher_get_tag       00420540 f   libsrtp-i386-win32-vc14-release:cipher.obj
 0001:0001f580       _srtp_cipher_init          00420580 f   libsrtp-i386-win32-vc14-release:cipher.obj
 0001:0001f5b0       _srtp_cipher_output        004205b0 f   libsrtp-i386-win32-vc14-release:cipher.obj
 0001:0001f5e0       _srtp_cipher_set_aad       004205e0 f   libsrtp-i386-win32-vc14-release:cipher.obj
 0001:0001f620       _srtp_cipher_set_iv        00420620 f   libsrtp-i386-win32-vc14-release:cipher.obj
 0001:0001f650       _srtp_auth_get_key_length  00420650 f   libsrtp-i386-win32-vc14-release:auth.obj
 0001:0001f660       _srtp_auth_get_prefix_length 00420660 f   libsrtp-i386-win32-vc14-release:auth.obj
 0001:0001f670       _srtp_key_limit_clone      00420670 f   libsrtp-i386-win32-vc14-release:key.obj
 0001:0001f690       _srtp_key_limit_set        00420690 f   libsrtp-i386-win32-vc14-release:key.obj
 0001:0001f6d0       _srtp_key_limit_update     004206d0 f   libsrtp-i386-win32-vc14-release:key.obj
 0001:0001f730       _srtp_crypto_kernel_alloc_auth 00420730 f   libsrtp-i386-win32-vc14-release:crypto_kernel.obj
 0001:0001f780       _srtp_crypto_kernel_alloc_cipher 00420780 f   libsrtp-i386-win32-vc14-release:crypto_kernel.obj
 0001:0001f7d0       _srtp_ekt_alloc            004207d0 f   libsrtp-i386-win32-vc14-release:ekt.obj
 0001:0001f7e0       _srtp_ekt_octets_after_base_tag 004207e0 f   libsrtp-i386-win32-vc14-release:ekt.obj
 0001:0001f800       _srtp_ekt_write_data       00420800 f   libsrtp-i386-win32-vc14-release:ekt.obj
 0001:0001f950       _srtp_stream_init_from_ekt 00420950 f   libsrtp-i386-win32-vc14-release:ekt.obj
 0001:00020e20       _srtp_aes_decrypt          00421e20 f   libsrtp-i386-win32-vc14-release:aes.obj
 0001:00020f50       _srtp_aes_encrypt          00421f50 f   libsrtp-i386-win32-vc14-release:aes.obj
 0001:00021080       _srtp_aes_expand_decryption_key 00422080 f   libsrtp-i386-win32-vc14-release:aes.obj
 0001:00021380       _srtp_aes_expand_encryption_key 00422380 f   libsrtp-i386-win32-vc14-release:aes.obj
 0001:000214c0       _srtp_sha1_core            004224c0 f   libsrtp-i386-win32-vc14-release:sha1.obj
 0001:00021a10       _srtp_sha1_final           00422a10 f   libsrtp-i386-win32-vc14-release:sha1.obj
 0001:00022050       _srtp_sha1_init            00423050 f   libsrtp-i386-win32-vc14-release:sha1.obj
 0001:00022090       _srtp_sha1_update          00423090 f   libsrtp-i386-win32-vc14-release:sha1.obj
 0001:00022165       ___WSAFDIsSet@8            00423165 f   ws2_32:WS2_32.dll
 0001:0002216b       @__security_check_cookie@4 0042316b f   MSVCRT:secchk.obj
 0001:000223c3       _mainCRTStartup            004233c3 f   MSVCRT:exe_main.obj
 0001:000223d0       __aulldiv                  004233d0 f   MSVCRT:ulldiv.obj
 0001:00022440       __alldiv                   00423440 f   MSVCRT:lldiv.obj
 0001:000224ea       ___raise_securityfailure   004234ea f   MSVCRT:gs_report.obj
 0001:00022512       ___report_gsfailure        00423512 f   MSVCRT:gs_report.obj
 0001:0002260b       ___report_rangecheckfailure 0042360b f   MSVCRT:gs_report.obj
 0001:00022617       ___report_securityfailure  00423617 f   MSVCRT:gs_report.obj
 0001:000226f0       ___vdecl_cos2              004236f0 f   MSVCRT:svml_dcos2_dispatch.obj
 0001:00022700       __allmul                   00423700 f   MSVCRT:llmul.obj
 0001:00022740       __ftoui3                   00423740 f   MSVCRT:ftol3.obj
 0001:0002274f       __ftoul3                   0042374f f   MSVCRT:ftol3.obj
 0001:0002275e       __ftol3                    0042375e f   MSVCRT:ftol3.obj
 0001:0002276b       __ftol3_NaN                0042376b f   MSVCRT:ftol3.obj
 0001:00022783       __ftol3_work               00423783 f   MSVCRT:ftol3.obj
 0001:00022809       __ftol3_common             00423809 f   MSVCRT:ftol3.obj
 0001:000228cb       __ftol3_arg_error          004238cb f   MSVCRT:ftol3.obj
 0001:000228dd       __ftol3_except             004238dd f   MSVCRT:ftol3.obj
 0001:00022921       __dtoui3                   00423921 f   MSVCRT:ftol3.obj
 0001:00022930       __dtoul3                   00423930 f   MSVCRT:ftol3.obj
 0001:0002293f       __dtol3                    0042393f f   MSVCRT:ftol3.obj
 0001:0002294c       __dtol3_NaN                0042394c f   MSVCRT:ftol3.obj
 0001:00022969       __dtol3_work               00423969 f   MSVCRT:ftol3.obj
 0001:00022a50       __ultod3                   00423a50 f   MSVCRT:ftol3.obj
 0001:00022a90       __ltod3                    00423a90 f   MSVCRT:ftol3.obj
 0001:00022ac0       __ftol2_sse                00423ac0 f   MSVCRT:ftol2.obj
 0001:00022ac9       __ftol2_pentium4           00423ac9 f   MSVCRT:ftol2.obj
 0001:00022adc       __ftol2_sse_excpt          00423adc f   MSVCRT:ftol2.obj
 0001:00022b00       __ftol2                    00423b00 f   MSVCRT:ftol2.obj
 0001:00022bb9       ___scrt_acquire_startup_lock 00423bb9 f   MSVCRT:utility.obj
 0001:00022beb       ___scrt_initialize_crt     00423beb f   MSVCRT:utility.obj
 0001:00022c24       ___scrt_initialize_onexit_tables 00423c24 f   MSVCRT:utility.obj
 0001:00022cc9       ___scrt_is_nonwritable_in_current_image 00423cc9 f   MSVCRT:utility.obj
 0001:00022d5d       ___scrt_release_startup_lock 00423d5d f   MSVCRT:utility.obj
 0001:00022d7a       ___scrt_uninitialize_crt   00423d7a f   MSVCRT:utility.obj
 0001:00022da2       __onexit                   00423da2 f   MSVCRT:utility.obj
 0001:00022ddd       _atexit                    00423ddd f   MSVCRT:utility.obj
 0001:00022e3f       ___security_init_cookie    00423e3f f   MSVCRT:gs_support.obj
 0001:00022e8a       __get_startup_argv_mode    00423e8a f   MSVCRT:argv_mode.obj
 0001:00022e8e       __get_startup_file_mode    00423e8e f   MSVCRT:file_mode.obj
 0001:00022e94       ?__scrt_initialize_type_info@@YAXXZ 00423e94 f   MSVCRT:tncleanup.obj
 0001:00022ea0       ___vcrt_initialize         00423ea0 f   MSVCRT:ucrt_stubs.obj
 0001:00022ea0       ___vcrt_uninitialize       00423ea0 f   MSVCRT:ucrt_stubs.obj
 0001:00022ea0       ___acrt_initialize         00423ea0 f   MSVCRT:ucrt_stubs.obj
 0001:00022ea0       __should_initialize_environment 00423ea0 f   MSVCRT:env_mode.obj
 0001:00022ea0       ___acrt_uninitialize       00423ea0 f   MSVCRT:ucrt_stubs.obj
 0001:00022ea0       ___scrt_stub_for_acrt_uninitialize 00423ea0 f   MSVCRT:ucrt_stubs.obj
 0001:00022ea0       ___scrt_stub_for_acrt_initialize 00423ea0 f   MSVCRT:ucrt_stubs.obj
 0001:00022ea3       __initialize_default_precision 00423ea3 f   MSVCRT:default_precision.obj
 0001:00022ec4       ___scrt_initialize_default_local_stdio_options 00423ec4 f   MSVCRT:default_local_stdio_options.obj
 0001:00022ee1       ___scrt_is_user_matherr_present 00423ee1 f   MSVCRT:matherr_detection.obj
 0001:00022eed       ___scrt_get_dyn_tls_init_callback 00423eed f   MSVCRT:dyn_tls_init.obj
 0001:00022ef3       ___scrt_get_dyn_tls_dtor_callback 00423ef3 f   MSVCRT:dyn_tls_dtor.obj
 0001:00022ef9       ___scrt_fastfail           00423ef9 f   MSVCRT:utility_desktop.obj
 0001:00023013       ___scrt_initialize_mta     00424013 f   MSVCRT:utility_desktop.obj
 0001:00023018       ___scrt_is_managed_app     00424018 f   MSVCRT:utility_desktop.obj
 0001:0002305b       ___scrt_set_unhandled_exception_filter 0042405b f   MSVCRT:utility_desktop.obj
 0001:00023067       ___scrt_unhandled_exception_filter@4 00424067 f   MSVCRT:utility_desktop.obj
 0001:000230a8       __crt_debugger_hook        004240a8 f   MSVCRT:utility_desktop.obj
 0001:000230b0       __RTC_Initialize           004240b0 f   MSVCRT:initsect.obj
 0001:000230dc       __RTC_Terminate            004240dc f   MSVCRT:initsect.obj
 0001:00023110       __SEH_prolog4              00424110 f   MSVCRT:sehprolg4.obj
 0001:00023156       __SEH_epilog4              00424156 f   MSVCRT:sehprolg4.obj
 0001:0002316b       __except_handler4          0042416b f   MSVCRT:chandler4gs.obj
 0001:00023190       ___sse2_cos2               00424190 f   MSVCRT:svml_dcos2_sse2.obj
 0001:00023330       ___isa_available_init      00424330 f   MSVCRT:cpu_disp.obj
 0001:000234c7       ___scrt_is_ucrt_dll_in_use 004244c7 f   MSVCRT:ucrt_detection.obj
 0001:000234e0       ___common_sin_reduction_LA 004244e0 f   MSVCRT:svml_dtrig.obj
 0001:00023830       ___common_cos_reduction_LA 00424830 f   MSVCRT:svml_dtrig.obj
 0001:00023b20       ___common_pi04_reduction_LA 00424b20 f   MSVCRT:svml_dtrig.obj
 0001:00023e30       _IsProcessorFeaturePresent@4 00424e30 f   kernel32:KERNEL32.dll
 0001:00023e36       _memcpy                    00424e36 f   vcruntime:VCRUNTIME140.dll
 0001:00023e3c       _memset                    00424e3c f   vcruntime:VCRUNTIME140.dll
 0001:00023e42       _memmove                   00424e42 f   vcruntime:VCRUNTIME140.dll
 0001:00023e48       _strchr                    00424e48 f   vcruntime:VCRUNTIME140.dll
 0001:00023e4e       _longjmp                   00424e4e f   vcruntime:VCRUNTIME140.dll
 0001:00023e54       __except_handler4_common   00424e54 f   vcruntime:VCRUNTIME140.dll
 0001:00023e5a       __libm_sse2_cos_precise    00424e5a f   ucrt:api-ms-win-crt-math-l1-1-0.dll
 0001:00023e60       __CIfmod                   00424e60 f   ucrt:api-ms-win-crt-math-l1-1-0.dll
 0001:00023e66       __libm_sse2_exp_precise    00424e66 f   ucrt:api-ms-win-crt-math-l1-1-0.dll
 0001:00023e6c       __libm_sse2_sqrt_precise   00424e6c f   ucrt:api-ms-win-crt-math-l1-1-0.dll
 0001:00023e72       __libm_sse2_log_precise    00424e72 f   ucrt:api-ms-win-crt-math-l1-1-0.dll
 0001:00023e78       __libm_sse2_pow_precise    00424e78 f   ucrt:api-ms-win-crt-math-l1-1-0.dll
 0001:00023e7e       _floor                     00424e7e f   ucrt:api-ms-win-crt-math-l1-1-0.dll
 0001:00023e84       __libm_sse2_atan_precise   00424e84 f   ucrt:api-ms-win-crt-math-l1-1-0.dll
 0001:00023e8a       __libm_sse2_sin_precise    00424e8a f   ucrt:api-ms-win-crt-math-l1-1-0.dll
 0001:00023e90       _exit                      00424e90 f   ucrt:api-ms-win-crt-runtime-l1-1-0.dll
 0001:00023e96       __seh_filter_exe           00424e96 f   ucrt:api-ms-win-crt-runtime-l1-1-0.dll
 0001:00023e9c       __set_app_type             00424e9c f   ucrt:api-ms-win-crt-runtime-l1-1-0.dll
 0001:00023ea2       ___setusermatherr          00424ea2 f   ucrt:api-ms-win-crt-math-l1-1-0.dll
 0001:00023ea8       __configure_narrow_argv    00424ea8 f   ucrt:api-ms-win-crt-runtime-l1-1-0.dll
 0001:00023eae       __initialize_narrow_environment 00424eae f   ucrt:api-ms-win-crt-runtime-l1-1-0.dll
 0001:00023eb4       __get_initial_narrow_environment 00424eb4 f   ucrt:api-ms-win-crt-runtime-l1-1-0.dll
 0001:00023eba       __initterm                 00424eba f   ucrt:api-ms-win-crt-runtime-l1-1-0.dll
 0001:00023ec0       __initterm_e               00424ec0 f   ucrt:api-ms-win-crt-runtime-l1-1-0.dll
 0001:00023ec6       __exit                     00424ec6 f   ucrt:api-ms-win-crt-runtime-l1-1-0.dll
 0001:00023ecc       __set_fmode                00424ecc f   ucrt:api-ms-win-crt-stdio-l1-1-0.dll
 0001:00023ed2       ___p___argc                00424ed2 f   ucrt:api-ms-win-crt-runtime-l1-1-0.dll
 0001:00023ed8       ___p___argv                00424ed8 f   ucrt:api-ms-win-crt-runtime-l1-1-0.dll
 0001:00023ede       __cexit                    00424ede f   ucrt:api-ms-win-crt-runtime-l1-1-0.dll
 0001:00023ee4       __c_exit                   00424ee4 f   ucrt:api-ms-win-crt-runtime-l1-1-0.dll
 0001:00023eea       __register_thread_local_exe_atexit_callback 00424eea f   ucrt:api-ms-win-crt-runtime-l1-1-0.dll
 0001:00023ef0       __configthreadlocale       00424ef0 f   ucrt:api-ms-win-crt-locale-l1-1-0.dll
 0001:00023ef6       __set_new_mode             00424ef6 f   ucrt:api-ms-win-crt-heap-l1-1-0.dll
 0001:00023efc       ___p__commode              00424efc f   ucrt:api-ms-win-crt-stdio-l1-1-0.dll
 0001:00023f02       __except1                  00424f02 f   ucrt:api-ms-win-crt-math-l1-1-0.dll
 0001:00023f08       __initialize_onexit_table  00424f08 f   ucrt:api-ms-win-crt-runtime-l1-1-0.dll
 0001:00023f0e       __register_onexit_function 00424f0e f   ucrt:api-ms-win-crt-runtime-l1-1-0.dll
 0001:00023f14       __crt_atexit               00424f14 f   ucrt:api-ms-win-crt-runtime-l1-1-0.dll
 0001:00023f1a       __controlfp_s              00424f1a f   ucrt:api-ms-win-crt-runtime-l1-1-0.dll
 0001:00023f20       _terminate                 00424f20 f   ucrt:api-ms-win-crt-runtime-l1-1-0.dll
 0002:00000000       __imp__GetFileSize@8       00425000     kernel32:KERNEL32.dll
 0002:00000004       __imp__GetModuleHandleW@4  00425004     kernel32:KERNEL32.dll
 0002:00000008       __imp__IsDebuggerPresent@0 00425008     kernel32:KERNEL32.dll
 0002:0000000c       __imp__InitializeSListHead@4 0042500c     kernel32:KERNEL32.dll
 0002:00000010       __imp__GetSystemTimeAsFileTime@4 00425010     kernel32:KERNEL32.dll
 0002:00000014       __imp__IsProcessorFeaturePresent@4 00425014     kernel32:KERNEL32.dll
 0002:00000018       __imp__TerminateProcess@8  00425018     kernel32:KERNEL32.dll
 0002:0000001c       __imp__GetCurrentProcess@0 0042501c     kernel32:KERNEL32.dll
 0002:00000020       __imp__SetUnhandledExceptionFilter@4 00425020     kernel32:KERNEL32.dll
 0002:00000024       __imp__UnhandledExceptionFilter@4 00425024     kernel32:KERNEL32.dll
 0002:00000028       __imp__QueryPerformanceFrequency@4 00425028     kernel32:KERNEL32.dll
 0002:0000002c       __imp__QueryPerformanceCounter@4 0042502c     kernel32:KERNEL32.dll
 0002:00000030       __imp__WriteFile@20        00425030     kernel32:KERNEL32.dll
 0002:00000034       __imp__SetFilePointer@16   00425034     kernel32:KERNEL32.dll
 0002:00000038       __imp__ReadFile@20         00425038     kernel32:KERNEL32.dll
 0002:0000003c       __imp__CreateFileA@28      0042503c     kernel32:KERNEL32.dll
 0002:00000040       __imp__SystemTimeToFileTime@8 00425040     kernel32:KERNEL32.dll
 0002:00000044       __imp__FileTimeToSystemTime@8 00425044     kernel32:KERNEL32.dll
 0002:00000048       __imp__GetLocalTime@4      00425048     kernel32:KERNEL32.dll
 0002:0000004c       __imp__FormatMessageA@28   0042504c     kernel32:KERNEL32.dll
 0002:00000050       __imp__SetConsoleTextAttribute@8 00425050     kernel32:KERNEL32.dll
 0002:00000054       __imp__TlsFree@4           00425054     kernel32:KERNEL32.dll
 0002:00000058       __imp__TlsSetValue@8       00425058     kernel32:KERNEL32.dll
 0002:0000005c       __imp__TlsGetValue@4       0042505c     kernel32:KERNEL32.dll
 0002:00000060       __imp__TlsAlloc@0          00425060     kernel32:KERNEL32.dll
 0002:00000064       __imp__GetCurrentThreadId@0 00425064     kernel32:KERNEL32.dll
 0002:00000068       __imp__CreateThread@24     00425068     kernel32:KERNEL32.dll
 0002:0000006c       __imp__GetCurrentProcessId@0 0042506c     kernel32:KERNEL32.dll
 0002:00000070       __imp__Sleep@4             00425070     kernel32:KERNEL32.dll
 0002:00000074       __imp__WaitForSingleObject@8 00425074     kernel32:KERNEL32.dll
 0002:00000078       __imp__ReleaseSemaphore@12 00425078     kernel32:KERNEL32.dll
 0002:0000007c       __imp__DeleteCriticalSection@4 0042507c     kernel32:KERNEL32.dll
 0002:00000080       __imp__TryEnterCriticalSection@4 00425080     kernel32:KERNEL32.dll
 0002:00000084       __imp__LeaveCriticalSection@4 00425084     kernel32:KERNEL32.dll
 0002:00000088       __imp__EnterCriticalSection@4 00425088     kernel32:KERNEL32.dll
 0002:0000008c       __imp__InitializeCriticalSection@4 0042508c     kernel32:KERNEL32.dll
 0002:00000090       __imp__GetLastError@0      00425090     kernel32:KERNEL32.dll
 0002:00000094       __imp__GetStdHandle@4      00425094     kernel32:KERNEL32.dll
 0002:00000098       __imp__SetThreadPriority@8 00425098     kernel32:KERNEL32.dll
 0002:0000009c       __imp__GetCurrentThread@0  0042509c     kernel32:KERNEL32.dll
 0002:000000a0       __imp__WaitForMultipleObjects@16 004250a0     kernel32:KERNEL32.dll
 0002:000000a4       __imp__CreateEventA@16     004250a4     kernel32:KERNEL32.dll
 0002:000000a8       __imp__SetEvent@4          004250a8     kernel32:KERNEL32.dll
 0002:000000ac       __imp__CloseHandle@4       004250ac     kernel32:KERNEL32.dll
 0002:000000b0       \177KERNEL32_NULL_THUNK_DATA 004250b0     kernel32:KERNEL32.dll
 0002:000000b4       __imp__longjmp             004250b4     vcruntime:VCRUNTIME140.dll
 0002:000000b8       __imp__memcpy              004250b8     vcruntime:VCRUNTIME140.dll
 0002:000000bc       __imp__memset              004250bc     vcruntime:VCRUNTIME140.dll
 0002:000000c0       __imp__memmove             004250c0     vcruntime:VCRUNTIME140.dll
 0002:000000c4       __imp__strchr              004250c4     vcruntime:VCRUNTIME140.dll
 0002:000000c8       __imp___except_handler4_common 004250c8     vcruntime:VCRUNTIME140.dll
 0002:000000cc       \177VCRUNTIME140_NULL_THUNK_DATA 004250cc     vcruntime:VCRUNTIME140.dll
 0002:000000d0       __imp__waveOutReset@4      004250d0     winmm:WINMM.dll
 0002:000000d4       __imp__waveOutRestart@4    004250d4     winmm:WINMM.dll
 0002:000000d8       __imp__waveOutPause@4      004250d8     winmm:WINMM.dll
 0002:000000dc       __imp__waveOutWrite@12     004250dc     winmm:WINMM.dll
 0002:000000e0       __imp__waveOutUnprepareHeader@12 004250e0     winmm:WINMM.dll
 0002:000000e4       __imp__waveOutPrepareHeader@12 004250e4     winmm:WINMM.dll
 0002:000000e8       __imp__waveOutClose@4      004250e8     winmm:WINMM.dll
 0002:000000ec       __imp__waveInGetDevCapsA@12 004250ec     winmm:WINMM.dll
 0002:000000f0       __imp__waveOutSetVolume@8  004250f0     winmm:WINMM.dll
 0002:000000f4       __imp__waveOutGetVolume@8  004250f4     winmm:WINMM.dll
 0002:000000f8       __imp__waveOutGetDevCapsA@12 004250f8     winmm:WINMM.dll
 0002:000000fc       __imp__waveOutGetNumDevs@0 004250fc     winmm:WINMM.dll
 0002:00000100       __imp__waveInGetErrorTextA@12 00425100     winmm:WINMM.dll
 0002:00000104       __imp__waveOutGetErrorTextA@12 00425104     winmm:WINMM.dll
 0002:00000108       __imp__waveInGetNumDevs@0  00425108     winmm:WINMM.dll
 0002:0000010c       __imp__waveInOpen@24       0042510c     winmm:WINMM.dll
 0002:00000110       __imp__waveInClose@4       00425110     winmm:WINMM.dll
 0002:00000114       __imp__waveInPrepareHeader@12 00425114     winmm:WINMM.dll
 0002:00000118       __imp__waveInUnprepareHeader@12 00425118     winmm:WINMM.dll
 0002:0000011c       __imp__waveInAddBuffer@12  0042511c     winmm:WINMM.dll
 0002:00000120       __imp__waveInStart@4       00425120     winmm:WINMM.dll
 0002:00000124       __imp__waveInStop@4        00425124     winmm:WINMM.dll
 0002:00000128       __imp__waveInReset@4       00425128     winmm:WINMM.dll
 0002:0000012c       __imp__waveOutOpen@24      0042512c     winmm:WINMM.dll
 0002:00000130       \177WINMM_NULL_THUNK_DATA  00425130     winmm:WINMM.dll
 0002:00000134       __imp__sendto@24           00425134     ws2_32:WS2_32.dll
 0002:00000138       __imp__send@16             00425138     ws2_32:WS2_32.dll
 0002:0000013c       __imp__recvfrom@24         0042513c     ws2_32:WS2_32.dll
 0002:00000140       __imp__recv@16             00425140     ws2_32:WS2_32.dll
 0002:00000144       __imp__ntohs@4             00425144     ws2_32:WS2_32.dll
 0002:00000148       __imp__ntohl@4             00425148     ws2_32:WS2_32.dll
 0002:0000014c       __imp__htons@4             0042514c     ws2_32:WS2_32.dll
 0002:00000150       __imp__htonl@4             00425150     ws2_32:WS2_32.dll
 0002:00000154       __imp__getsockopt@20       00425154     ws2_32:WS2_32.dll
 0002:00000158       __imp__getsockname@12      00425158     ws2_32:WS2_32.dll
 0002:0000015c       __imp__accept@12           0042515c     ws2_32:WS2_32.dll
 0002:00000160       __imp__WSAGetLastError@0   00425160     ws2_32:WS2_32.dll
 0002:00000164       __imp__WSACleanup@0        00425164     ws2_32:WS2_32.dll
 0002:00000168       __imp__WSAStartup@8        00425168     ws2_32:WS2_32.dll
 0002:0000016c       __imp____WSAFDIsSet@8      0042516c     ws2_32:WS2_32.dll
 0002:00000170       __imp__select@20           00425170     ws2_32:WS2_32.dll
 0002:00000174       \177WS2_32_NULL_THUNK_DATA 00425174     ws2_32:WS2_32.dll
 0002:00000178       __imp__atoi                00425178     ucrt:api-ms-win-crt-convert-l1-1-0.dll
 0002:0000017c       __imp__strtol              0042517c     ucrt:api-ms-win-crt-convert-l1-1-0.dll
 0002:00000180       \177api-ms-win-crt-convert-l1-1-0_NULL_THUNK_DATA 00425180     ucrt:api-ms-win-crt-convert-l1-1-0.dll
 0002:00000184       __imp___set_new_mode       00425184     ucrt:api-ms-win-crt-heap-l1-1-0.dll
 0002:00000188       __imp__malloc              00425188     ucrt:api-ms-win-crt-heap-l1-1-0.dll
 0002:0000018c       __imp__calloc              0042518c     ucrt:api-ms-win-crt-heap-l1-1-0.dll
 0002:00000190       __imp__free                00425190     ucrt:api-ms-win-crt-heap-l1-1-0.dll
 0002:00000194       \177api-ms-win-crt-heap-l1-1-0_NULL_THUNK_DATA 00425194     ucrt:api-ms-win-crt-heap-l1-1-0.dll
 0002:00000198       __imp___configthreadlocale 00425198     ucrt:api-ms-win-crt-locale-l1-1-0.dll
 0002:0000019c       \177api-ms-win-crt-locale-l1-1-0_NULL_THUNK_DATA 0042519c     ucrt:api-ms-win-crt-locale-l1-1-0.dll
 0002:000001a0       __imp____setusermatherr    004251a0     ucrt:api-ms-win-crt-math-l1-1-0.dll
 0002:000001a4       __imp___libm_sse2_atan_precise 004251a4     ucrt:api-ms-win-crt-math-l1-1-0.dll
 0002:000001a8       __imp___libm_sse2_cos_precise 004251a8     ucrt:api-ms-win-crt-math-l1-1-0.dll
 0002:000001ac       __imp__floor               004251ac     ucrt:api-ms-win-crt-math-l1-1-0.dll
 0002:000001b0       __imp___libm_sse2_pow_precise 004251b0     ucrt:api-ms-win-crt-math-l1-1-0.dll
 0002:000001b4       __imp___libm_sse2_log_precise 004251b4     ucrt:api-ms-win-crt-math-l1-1-0.dll
 0002:000001b8       __imp___libm_sse2_sqrt_precise 004251b8     ucrt:api-ms-win-crt-math-l1-1-0.dll
 0002:000001bc       __imp___libm_sse2_exp_precise 004251bc     ucrt:api-ms-win-crt-math-l1-1-0.dll
 0002:000001c0       __imp___except1            004251c0     ucrt:api-ms-win-crt-math-l1-1-0.dll
 0002:000001c4       __imp___CIfmod             004251c4     ucrt:api-ms-win-crt-math-l1-1-0.dll
 0002:000001c8       __imp___libm_sse2_sin_precise 004251c8     ucrt:api-ms-win-crt-math-l1-1-0.dll
 0002:000001cc       \177api-ms-win-crt-math-l1-1-0_NULL_THUNK_DATA 004251cc     ucrt:api-ms-win-crt-math-l1-1-0.dll
 0002:000001d0       __imp___initialize_onexit_table 004251d0     ucrt:api-ms-win-crt-runtime-l1-1-0.dll
 0002:000001d4       __imp___register_onexit_function 004251d4     ucrt:api-ms-win-crt-runtime-l1-1-0.dll
 0002:000001d8       __imp___crt_atexit         004251d8     ucrt:api-ms-win-crt-runtime-l1-1-0.dll
 0002:000001dc       __imp___controlfp_s        004251dc     ucrt:api-ms-win-crt-runtime-l1-1-0.dll
 0002:000001e0       __imp__terminate           004251e0     ucrt:api-ms-win-crt-runtime-l1-1-0.dll
 0002:000001e4       __imp___register_thread_local_exe_atexit_callback 004251e4     ucrt:api-ms-win-crt-runtime-l1-1-0.dll
 0002:000001e8       __imp___c_exit             004251e8     ucrt:api-ms-win-crt-runtime-l1-1-0.dll
 0002:000001ec       __imp__exit                004251ec     ucrt:api-ms-win-crt-runtime-l1-1-0.dll
 0002:000001f0       __imp___seh_filter_exe     004251f0     ucrt:api-ms-win-crt-runtime-l1-1-0.dll
 0002:000001f4       __imp___set_app_type       004251f4     ucrt:api-ms-win-crt-runtime-l1-1-0.dll
 0002:000001f8       __imp___initterm           004251f8     ucrt:api-ms-win-crt-runtime-l1-1-0.dll
 0002:000001fc       __imp___configure_narrow_argv 004251fc     ucrt:api-ms-win-crt-runtime-l1-1-0.dll
 0002:00000200       __imp___initialize_narrow_environment 00425200     ucrt:api-ms-win-crt-runtime-l1-1-0.dll
 0002:00000204       __imp___get_initial_narrow_environment 00425204     ucrt:api-ms-win-crt-runtime-l1-1-0.dll
 0002:00000208       __imp___cexit              00425208     ucrt:api-ms-win-crt-runtime-l1-1-0.dll
 0002:0000020c       __imp___initterm_e         0042520c     ucrt:api-ms-win-crt-runtime-l1-1-0.dll
 0002:00000210       __imp___exit               00425210     ucrt:api-ms-win-crt-runtime-l1-1-0.dll
 0002:00000214       __imp____p___argv          00425214     ucrt:api-ms-win-crt-runtime-l1-1-0.dll
 0002:00000218       __imp____p___argc          00425218     ucrt:api-ms-win-crt-runtime-l1-1-0.dll
 0002:0000021c       \177api-ms-win-crt-runtime-l1-1-0_NULL_THUNK_DATA 0042521c     ucrt:api-ms-win-crt-runtime-l1-1-0.dll
 0002:00000220       __imp____stdio_common_vsprintf 00425220     ucrt:api-ms-win-crt-stdio-l1-1-0.dll
 0002:00000224       __imp____acrt_iob_func     00425224     ucrt:api-ms-win-crt-stdio-l1-1-0.dll
 0002:00000228       __imp__puts                00425228     ucrt:api-ms-win-crt-stdio-l1-1-0.dll
 0002:0000022c       __imp__fgets               0042522c     ucrt:api-ms-win-crt-stdio-l1-1-0.dll
 0002:00000230       __imp____p__commode        00425230     ucrt:api-ms-win-crt-stdio-l1-1-0.dll
 0002:00000234       __imp____stdio_common_vfprintf 00425234     ucrt:api-ms-win-crt-stdio-l1-1-0.dll
 0002:00000238       __imp___set_fmode          00425238     ucrt:api-ms-win-crt-stdio-l1-1-0.dll
 0002:0000023c       \177api-ms-win-crt-stdio-l1-1-0_NULL_THUNK_DATA 0042523c     ucrt:api-ms-win-crt-stdio-l1-1-0.dll
 0002:00000240       __imp__strncpy             00425240     ucrt:api-ms-win-crt-string-l1-1-0.dll
 0002:00000244       __imp___strnicmp           00425244     ucrt:api-ms-win-crt-string-l1-1-0.dll
 0002:00000248       __imp__isxdigit            00425248     ucrt:api-ms-win-crt-string-l1-1-0.dll
 0002:0000024c       __imp__strncmp             0042524c     ucrt:api-ms-win-crt-string-l1-1-0.dll
 0002:00000250       __imp__isdigit             00425250     ucrt:api-ms-win-crt-string-l1-1-0.dll
 0002:00000254       \177api-ms-win-crt-string-l1-1-0_NULL_THUNK_DATA 00425254     ucrt:api-ms-win-crt-string-l1-1-0.dll
 0002:00000258       __imp__rand                00425258     ucrt:api-ms-win-crt-utility-l1-1-0.dll
 0002:0000025c       \177api-ms-win-crt-utility-l1-1-0_NULL_THUNK_DATA 0042525c     ucrt:api-ms-win-crt-utility-l1-1-0.dll
 0002:00000260       __imp__CoCreateGuid@4      00425260     ole32:ole32.dll
 0002:00000264       \177ole32_NULL_THUNK_DATA  00425264     ole32:ole32.dll
 0002:00000268       ___guard_check_icall_fptr  00425268     MSVCRT:guard_support.obj
 0002:0000026c       ___xc_a                    0042526c     MSVCRT:initializers.obj
 0002:00000274       ___xc_z                    00425274     MSVCRT:initializers.obj
 0002:00000278       ___xi_a                    00425278     MSVCRT:initializers.obj
 0002:00000284       ___xi_z                    00425284     MSVCRT:initializers.obj
 0002:00000288       ___xp_a                    00425288     MSVCRT:initializers.obj
 0002:0000028c       ___xp_z                    0042528c     MSVCRT:initializers.obj
 0002:00000290       ___xt_a                    00425290     MSVCRT:initializers.obj
 0002:00000294       ___xt_z                    00425294     MSVCRT:initializers.obj
 0002:000002a0       __xmm@00000000000000620000000000000001 004252a0     stereotest.obj
 0002:000002b0       __xmm@00000000000000630000000000000001 004252b0     stereotest.obj
 0002:00000320       ??_C@_0DC@MHBBCDGM@Unspecified?5audio?5device?5error?5@ 00425320     pjmedia-audiodev-i386-win32-vc14-release:errno.obj
 0002:00000354       ??_C@_0DG@FEDKLOFB@Unknown?5error?5from?5audio?5driver@ 00425354     pjmedia-audiodev-i386-win32-vc14-release:errno.obj
 0002:0000038c       ??_C@_0DE@DOHCBKFK@Audio?5subsystem?5not?5initialized@ 0042538c     pjmedia-audiodev-i386-win32-vc14-release:errno.obj
 0002:000003c0       ??_C@_0CL@NCBJPCNF@Invalid?5audio?5device?5?$CIPJMEDIA_E@ 004253c0     pjmedia-audiodev-i386-win32-vc14-release:errno.obj
 0002:000003ec       ??_C@_0CM@LOPLLMHO@Found?5no?5audio?5devices?5?$CIPJMEDIA@ 004253ec     pjmedia-audiodev-i386-win32-vc14-release:errno.obj
 0002:00000418       ??_C@_0DM@DPDKGMIE@Unable?5to?5find?5default?5audio?5de@ 00425418     pjmedia-audiodev-i386-win32-vc14-release:errno.obj
 0002:00000454       ??_C@_0CP@JIPJOIMB@Audio?5device?5not?5ready?5?$CIPJMEDIA@ 00425454     pjmedia-audiodev-i386-win32-vc14-release:errno.obj
 0002:00000484       ??_C@_0DO@NMIGLFFA@Invalid?5or?5unsupported?5audio?5ca@ 00425484     pjmedia-audiodev-i386-win32-vc14-release:errno.obj
 0002:000004c8       ??_C@_0ED@PLJALPOA@Invalid?5or?5unsupported?5audio?5de@ 004254c8     pjmedia-audiodev-i386-win32-vc14-release:errno.obj
 0002:0000050c       ??_C@_0DM@JKDJGBNG@Bad?5or?5invalid?5audio?5device?5for@ 0042550c     pjmedia-audiodev-i386-win32-vc14-release:errno.obj
 0002:00000548       ??_C@_0DN@BLAJILEA@Invalid?5audio?5device?5sample?5for@ 00425548     pjmedia-audiodev-i386-win32-vc14-release:errno.obj
 0002:00000588       ??_C@_0DE@LJJGJIEF@Bad?5audio?5latency?5setting?5?$CIPJME@ 00425588     pjmedia-audiodev-i386-win32-vc14-release:errno.obj
 0002:000005bc       ??_C@_0BJ@GMHLEOAL@MMSYSTEM?5native?5error?5?$CFd@ 004255bc     pjmedia-audiodev-i386-win32-vc14-release:errno.obj
 0002:000005d8       ??_C@_0CC@MFOJNIAN@Unknown?5pjmedia?9audiodev?5error?5@ 004255d8     pjmedia-audiodev-i386-win32-vc14-release:errno.obj
 0002:000005fc       ??_C@_0M@KBHHDDLP@Wave?5mapper@ 004255fc     pjmedia-audiodev-i386-win32-vc14-release:wmme_dev.obj
 0002:00000608       ??_C@_04CPNMDOAK@WMME@     00425608     pjmedia-audiodev-i386-win32-vc14-release:wmme_dev.obj
 0002:00000610       ??_C@_0BB@EOKKHGLD@WMME?5initialized@ 00425610     pjmedia-audiodev-i386-win32-vc14-release:wmme_dev.obj
 0002:00000624       ??_C@_0L@HHCCMOGO@wmme_dev?4c@ 00425624     pjmedia-audiodev-i386-win32-vc14-release:wmme_dev.obj
 0002:00000630       ??_C@_0BM@OMJMEAMB@WMME?5found?5no?5sound?5devices@ 00425630     pjmedia-audiodev-i386-win32-vc14-release:wmme_dev.obj
 0002:0000064c       ??_C@_11LOCGONAA@@         0042564c     pjmedia-audiodev-i386-win32-vc14-release:wmme_dev.obj
 0002:00000650       ??_C@_0BH@GEMAAOCL@WMME?5found?5?$CFd?5devices?3@ 00425650     pjmedia-audiodev-i386-win32-vc14-release:wmme_dev.obj
 0002:00000668       ??_C@_0CA@NLJGEGOG@?5dev_id?5?$CFd?3?5?$CFs?5?5?$CIin?$DN?$CFd?0?5out?$DN?$CFd?$CJ@ 00425668     pjmedia-audiodev-i386-win32-vc14-release:wmme_dev.obj
 0002:00000688       ??_C@_03CCLNCNJA@PCM@      00425688     pjmedia-audiodev-i386-win32-vc14-release:wmme_dev.obj
 0002:00000690       ??_C@_0HB@MKIBCFPJ@?5WaveAPI?5Sound?5player?5?$CC?$CFs?$CC?5init@ 00425690     pjmedia-audiodev-i386-win32-vc14-release:wmme_dev.obj
 0002:00000708       ??_C@_0HD@PIICIPL@?5WaveAPI?5Sound?5recorder?5?$CC?$CFs?$CC?5in@ 00425708     pjmedia-audiodev-i386-win32-vc14-release:wmme_dev.obj
 0002:0000077c       ??_C@_0CJ@BMOAEONK@Failed?5to?5write?5audio?5frame?5for@ 0042577c     pjmedia-audiodev-i386-win32-vc14-release:wmme_dev.obj
 0002:000007a8       ??_C@_0BP@EAOBDJJO@Failed?5to?5add?5recording?5buffer@ 004257a8     pjmedia-audiodev-i386-win32-vc14-release:wmme_dev.obj
 0002:000007c8       ??_C@_0BI@BEJPJEBJ@WMME?3?5thread?5stopping?4?4@ 004257c8     pjmedia-audiodev-i386-win32-vc14-release:wmme_dev.obj
 0002:000007e0       ??_C@_0CB@JKFANBEJ@WMME?5thread?5stopped?5due?5to?5erro@ 004257e0     pjmedia-audiodev-i386-win32-vc14-release:wmme_dev.obj
 0002:00000804       ??_C@_08MOOOBPLB@wmme?9dev@ 00425804     pjmedia-audiodev-i386-win32-vc14-release:wmme_dev.obj
 0002:00000810       ??_C@_04ODOGNMHC@wmme@     00425810     pjmedia-audiodev-i386-win32-vc14-release:wmme_dev.obj
 0002:00000818       ??_C@_0BN@MNACKNIN@WMME?5playback?5stream?5started@ 00425818     pjmedia-audiodev-i386-win32-vc14-release:wmme_dev.obj
 0002:00000838       ??_C@_0BM@NKDLICNM@WMME?5capture?5stream?5started@ 00425838     pjmedia-audiodev-i386-win32-vc14-release:wmme_dev.obj
 0002:00000854       ??_C@_0BN@FMJNHCPG@Stopped?5WMME?5playback?5stream@ 00425854     pjmedia-audiodev-i386-win32-vc14-release:wmme_dev.obj
 0002:00000874       ??_C@_0BM@KCHDOGNE@Stopped?5WMME?5capture?5stream@ 00425874     pjmedia-audiodev-i386-win32-vc14-release:wmme_dev.obj
 0002:00000890       ??_C@_09OFDCJLJM@WMME?5base@ 00425890     pjmedia-audiodev-i386-win32-vc14-release:wmme_dev.obj
 0002:000008cc       ??_C@_07OEHJJJKF@RTP?1AVP@ 004258cc     pjmedia-i386-win32-vc14-release:endpoint.obj
 0002:000008d4       ??_C@_02BBAPPCCJ@IN@       004258d4     pjmedia-i386-win32-vc14-release:endpoint.obj
 0002:000008d8       ??_C@_03OPDBOKBD@IP4@      004258d8     pjmedia-i386-win32-vc14-release:endpoint.obj
 0002:000008dc       ??_C@_03NNAHIIJB@IP6@      004258dc     pjmedia-i386-win32-vc14-release:endpoint.obj
 0002:000008e0       ??_C@_07HDFHIMAJ@pjmedia@  004258e0     pjmedia-i386-win32-vc14-release:endpoint.obj
 0002:000008e8       ??_C@_08LMCBNPPN@sendrecv@ 004258e8     pjmedia-i386-win32-vc14-release:endpoint.obj
 0002:000008f4       ??_C@_07LBNDIDNE@med?9ept@ 004258f4     pjmedia-i386-win32-vc14-release:endpoint.obj
 0002:00000900       ??_C@_0EL@BIFHLACC@Warning?3?5no?5worker?5thread?5is?5cr@ 00425900     pjmedia-i386-win32-vc14-release:endpoint.obj
 0002:0000094c       ??_C@_0L@DLFDMOGF@endpoint?4c@ 0042594c     pjmedia-i386-win32-vc14-release:endpoint.obj
 0002:00000958       ??_C@_05CECBHAPI@media@    00425958     pjmedia-i386-win32-vc14-release:endpoint.obj
 0002:0000095e       ??_C@_00CNPNBAHC@@         0042595e     pjmedia-i386-win32-vc14-release:endpoint.obj
 0002:00000960       ??_C@_01CLKCMJKC@?5@       00425960     pjmedia-i386-win32-vc14-release:endpoint.obj
 0002:00000964       ??_C@_0N@COEOBFOD@EC?5activated@ 00425964     pjmedia-i386-win32-vc14-release:sound_port.obj
 0002:00000974       ??_C@_0N@GOCHBLLA@sound_port?4c@ 00425974     pjmedia-i386-win32-vc14-release:sound_port.obj
 0002:00000984       ??_C@_0CD@IGHBIGGN@EC?5suspended?5because?5of?5inactiv@ 00425984     pjmedia-i386-win32-vc14-release:sound_port.obj
 0002:000009a8       ??_C@_0CB@KICGINBD@AEC?5tail?5is?5set?5to?5default?5?$CFu?5m@ 004259a8     pjmedia-i386-win32-vc14-release:sound_port.obj
 0002:000009cc       ??_C@_0DJ@PNINHBGM@pjmedia_snd_port_set_ec?$CI?$CJ?5ignor@ 004259cc     pjmedia-i386-win32-vc14-release:sound_port.obj
 0002:00000a08       ??_C@_0DB@KDEIEFDK@Echo?5canceller?5is?5now?5disabled?5@ 00425a08     pjmedia-i386-win32-vc14-release:sound_port.obj
 0002:00000a3c       ??_C@_06BDDNELGJ@stereo@   00425a3c     pjmedia-i386-win32-vc14-release:stereo_port.obj
 0002:00000a44       ??_C@_04DAMGJPCA@file@     00425a44     pjmedia-i386-win32-vc14-release:wav_player.obj
 0002:00000a4c       ??_C@_0DH@CJCCJAOK@actual?5value?$HMexpected?5riff?$DN?$CFx?$HM?$CF@ 00425a4c     pjmedia-i386-win32-vc14-release:wav_player.obj
 0002:00000a84       ??_C@_0N@EAJPAIGO@wav_player?4c@ 00425a84     pjmedia-i386-win32-vc14-release:wav_player.obj
 0002:00000a98       ??_C@_0EO@KJDBHFL@File?5player?5?8?$CF?4?$CKs?8?5created?3?5sam@ 00425a98     pjmedia-i386-win32-vc14-release:wav_player.obj
 0002:00000ae8       ??_C@_0BD@LPPPNKOC@File?5port?5?$CF?4?$CKs?5EOF@ 00425ae8     pjmedia-i386-win32-vc14-release:wav_player.obj
 0002:00000afc       ??_C@_0BL@OHCCHMIC@File?5port?5?$CF?4?$CKs?5rewinding?4?4@ 00425afc     pjmedia-i386-win32-vc14-release:wav_player.obj
 0002:00000b18       ??_C@_0DH@EDIEAILI@File?5writer?5?8?$CF?4?$CKs?8?5created?3?5sam@ 00425b18     pjmedia-i386-win32-vc14-release:wav_writer.obj
 0002:00000b50       ??_C@_0N@MCLOBLAH@wav_writer?4c@ 00425b50     pjmedia-i386-win32-vc14-release:wav_writer.obj
 0002:00000b60       ??_C@_07GBKCPIDJ@ext?9fmt@ 00425b60     pjmedia-i386-win32-vc14-release:audiodev.obj
 0002:00000b68       ??_C@_0BI@GGHCECPI@Extended?1non?9PCM?5format@ 00425b68     pjmedia-i386-win32-vc14-release:audiodev.obj
 0002:00000b80       ??_C@_0L@IKNMBADD@latency?9in@ 00425b80     pjmedia-i386-win32-vc14-release:audiodev.obj
 0002:00000b8c       ??_C@_0CC@LIGOHOJN@Input?5latency?1buffer?5size?5setti@ 00425b8c     pjmedia-i386-win32-vc14-release:audiodev.obj
 0002:00000bb0       ??_C@_0M@MBBBBCLJ@latency?9out@ 00425bb0     pjmedia-i386-win32-vc14-release:audiodev.obj
 0002:00000bbc       ??_C@_0CD@GAINMBC@Output?5latency?1buffer?5size?5sett@ 00425bbc     pjmedia-i386-win32-vc14-release:audiodev.obj
 0002:00000be0       ??_C@_06KGGLCDDG@vol?9in@  00425be0     pjmedia-i386-win32-vc14-release:audiodev.obj
 0002:00000be8       ??_C@_0BF@CCEKOJAN@Input?5volume?5setting@ 00425be8     pjmedia-i386-win32-vc14-release:audiodev.obj
 0002:00000c00       ??_C@_07LBFHFBAF@vol?9out@ 00425c00     pjmedia-i386-win32-vc14-release:audiodev.obj
 0002:00000c08       ??_C@_0BG@IBEHJHAD@Output?5volume?5setting@ 00425c08     pjmedia-i386-win32-vc14-release:audiodev.obj
 0002:00000c20       ??_C@_08BPNDLGG@meter?9in@ 00425c20     pjmedia-i386-win32-vc14-release:audiodev.obj
 0002:00000c2c       ??_C@_0M@NCGIGNPG@Input?5meter@ 00425c2c     pjmedia-i386-win32-vc14-release:audiodev.obj
 0002:00000c38       ??_C@_09NKJLJGOJ@meter?9out@ 00425c38     pjmedia-i386-win32-vc14-release:audiodev.obj
 0002:00000c44       ??_C@_0N@GBEOEOEP@Output?5meter@ 00425c44     pjmedia-i386-win32-vc14-release:audiodev.obj
 0002:00000c54       ??_C@_08FPHJDLBG@route?9in@ 00425c54     pjmedia-i386-win32-vc14-release:audiodev.obj
 0002:00000c60       ??_C@_0O@JDPFDDM@Input?5routing@ 00425c60     pjmedia-i386-win32-vc14-release:audiodev.obj
 0002:00000c70       ??_C@_09IKMAGDNF@route?9out@ 00425c70     pjmedia-i386-win32-vc14-release:audiodev.obj
 0002:00000c7c       ??_C@_0P@JOFPIEJJ@Output?5routing@ 00425c7c     pjmedia-i386-win32-vc14-release:audiodev.obj
 0002:00000c8c       ??_C@_03FNONIBCK@aec@      00425c8c     pjmedia-i386-win32-vc14-release:audiodev.obj
 0002:00000c90       ??_C@_0BM@HPDLGLFJ@Accoustic?5echo?5cancellation@ 00425c90     pjmedia-i386-win32-vc14-release:audiodev.obj
 0002:00000cac       ??_C@_08MKAPJCJE@aec?9tail@ 00425cac     pjmedia-i386-win32-vc14-release:audiodev.obj
 0002:00000cb8       ??_C@_0BM@PBLLADJD@Tail?5length?5setting?5for?5AEC@ 00425cb8     pjmedia-i386-win32-vc14-release:audiodev.obj
 0002:00000cd4       ??_C@_03NIGLNABH@vad@      00425cd4     pjmedia-i386-win32-vc14-release:audiodev.obj
 0002:00000cd8       ??_C@_0BJ@PEELNNPF@Voice?5activity?5detection@ 00425cd8     pjmedia-i386-win32-vc14-release:audiodev.obj
 0002:00000cf4       ??_C@_03JPNNGDEE@cng@      00425cf4     pjmedia-i386-win32-vc14-release:audiodev.obj
 0002:00000cf8       ??_C@_0BJ@MNDOFJGN@Comfort?5noise?5generation@ 00425cf8     pjmedia-i386-win32-vc14-release:audiodev.obj
 0002:00000d14       ??_C@_03NOPFEPFL@plg@      00425d14     pjmedia-i386-win32-vc14-release:audiodev.obj
 0002:00000d18       ??_C@_0BI@OMEMKBHH@Packet?5loss?5concealment@ 00425d18     pjmedia-i386-win32-vc14-release:audiodev.obj
 0002:00000d30       ??_C@_0EF@NLCNMHAD@?$CFd?5device?$CIs?$CJ?5cannot?5be?5register@ 00425d30     pjmedia-i386-win32-vc14-release:audiodev.obj
 0002:00000d78       ??_C@_0L@FGHHAHLM@audiodev?4c@ 00425d78     pjmedia-i386-win32-vc14-release:audiodev.obj
 0002:00000d84       ??_C@_0DH@LLDEKPNG@Lost?5event?5?$CFs?5from?5publisher?5?$FL0@ 00425d84     pjmedia-i386-win32-vc14-release:event.obj
 0002:00000dbc       ??_C@_07GLALFINI@event?4c@ 00425dbc     pjmedia-i386-win32-vc14-release:event.obj
 0002:00000dc4       ??_C@_09GLMNEMC@codec?9mgr@ 00425dc4     pjmedia-i386-win32-vc14-release:codec.obj
 0002:00000dd0       ??_C@_01KMDKNFGN@?1@       00425dd0     pjmedia-i386-win32-vc14-release:sdp.obj
 0002:00000dd4       ??_C@_03GOLBDMPC@RTP@      00425dd4     pjmedia-i386-win32-vc14-release:sdp.obj
 0002:00000dd8       ??_C@_03CPJJBAON@AVP@      00425dd8     pjmedia-i386-win32-vc14-release:sdp.obj
 0002:00000ddc       ??_C@_04LHEMINPH@SAVP@     00425ddc     pjmedia-i386-win32-vc14-release:sdp.obj
 0002:00000de4       ??_C@_04HILHOPFG@AVPF@     00425de4     pjmedia-i386-win32-vc14-release:sdp.obj
 0002:00000dec       ??_C@_05IFENMDLB@SAVPF@    00425dec     pjmedia-i386-win32-vc14-release:sdp.obj
 0002:00000df4       ??_C@_03OPEAKHDL@UDP@      00425df4     pjmedia-i386-win32-vc14-release:sdp.obj
 0002:00000df8       ??_C@_0N@IFKNLCBO@TLS?1RTP?1SAVP@ 00425df8     pjmedia-i386-win32-vc14-release:sdp.obj
 0002:00000e08       ??_C@_0O@FMKJHIFC@TLS?1RTP?1SAVPF@ 00425e08     pjmedia-i386-win32-vc14-release:sdp.obj
 0002:00001160       ??_C@_0CK@HBHLALIF@Unspecified?5PJMEDIA?5error?5?$CIPJME@ 00426160     pjmedia-i386-win32-vc14-release:errno.obj
 0002:0000118c       ??_C@_0CM@KFAONKNJ@Invalid?5SDP?5descriptor?5?$CIPJMEDIA@ 0042618c     pjmedia-i386-win32-vc14-release:errno.obj
 0002:000011b8       ??_C@_0CO@ONPCFICA@Invalid?5SDP?5version?5line?5?$CIPJMED@ 004261b8     pjmedia-i386-win32-vc14-release:errno.obj
 0002:000011e8       ??_C@_0DA@DIKNJOEJ@Invalid?5SDP?5origin?5line?5?$CIPJMEDI@ 004261e8     pjmedia-i386-win32-vc14-release:errno.obj
 0002:00001218       ??_C@_0CM@DLEAGODI@Invalid?5SDP?5time?5line?5?$CIPJMEDIA_@ 00426218     pjmedia-i386-win32-vc14-release:errno.obj
 0002:00001244       ??_C@_0DF@HNDCDPJF@SDP?5name?1subject?5line?5is?5empty?5@ 00426244     pjmedia-i386-win32-vc14-release:errno.obj
 0002:0000127c       ??_C@_0DC@KNNPDHKA@Invalid?5SDP?5connection?5line?5?$CIPJ@ 0042627c     pjmedia-i386-win32-vc14-release:errno.obj
 0002:000012b0       ??_C@_0DM@NEDHCJGL@Missing?5SDP?5connection?5info?5lin@ 004262b0     pjmedia-i386-win32-vc14-release:errno.obj
 0002:000012ec       ??_C@_0CN@JHLMEODJ@Invalid?5SDP?5attributes?5?$CIPJMEDIA@ 004262ec     pjmedia-i386-win32-vc14-release:errno.obj
 0002:0000131c       ??_C@_0DF@BJAALDOM@Invalid?5SDP?5rtpmap?5attribute?5?$CIP@ 0042631c     pjmedia-i386-win32-vc14-release:errno.obj
 0002:00001354       ??_C@_0DL@HCOGNPAF@SDP?5rtpmap?5attribute?5too?5long?5?$CI@ 00426354     pjmedia-i386-win32-vc14-release:errno.obj
 0002:00001390       ??_C@_0EJ@IDNJACOO@Missing?5SDP?5rtpmap?5for?5dynamic?5@ 00426390     pjmedia-i386-win32-vc14-release:errno.obj
 0002:000013dc       ??_C@_0CO@DIKFNJOF@Invalid?5SDP?5media?5line?5?$CIPJMEDIA@ 004263dc     pjmedia-i386-win32-vc14-release:errno.obj
 0002:0000140c       ??_C@_0DN@GADAENKO@No?5SDP?5payload?5format?5in?5the?5me@ 0042640c     pjmedia-i386-win32-vc14-release:errno.obj
 0002:0000144c       ??_C@_0DL@KAILPDC@Invalid?5SDP?5payload?5type?5in?5med@ 0042644c     pjmedia-i386-win32-vc14-release:errno.obj
 0002:00001488       ??_C@_0DB@BJCACDID@Invalid?5SDP?5fmtp?5attribute?5?$CIPJM@ 00426488     pjmedia-i386-win32-vc14-release:errno.obj
 0002:000014bc       ??_C@_0DB@GFBENNMO@Invalid?5SDP?5rtcp?5attribute?5?$CIPJM@ 004264bc     pjmedia-i386-win32-vc14-release:errno.obj
 0002:000014f0       ??_C@_0DM@JFGCNJLM@Invalid?5SDP?5media?5transport?5pro@ 004264f0     pjmedia-i386-win32-vc14-release:errno.obj
 0002:0000152c       ??_C@_0DH@PCNCDMKM@Invalid?5SDP?5bandwidth?5info?5line@ 0042652c     pjmedia-i386-win32-vc14-release:errno.obj
 0002:00001564       ??_C@_0DB@POLJHCKE@Invalid?5SDP?5ssrc?5attribute?5?$CIPJM@ 00426564     pjmedia-i386-win32-vc14-release:errno.obj
 0002:00001598       ??_C@_0EF@CJNFLCEL@Invalid?5SDP?5negotiator?5state?5fo@ 00426598     pjmedia-i386-win32-vc14-release:errno.obj
 0002:000015e0       ??_C@_0ED@IFOJJHNO@No?5initial?5local?5SDP?5in?5SDP?5neg@ 004265e0     pjmedia-i386-win32-vc14-release:errno.obj
 0002:00001624       ??_C@_0DL@MFMHOMBE@No?5active?5SDP?5in?5SDP?5negotiator@ 00426624     pjmedia-i386-win32-vc14-release:errno.obj
 0002:00001660       ??_C@_0DN@JGPGLEOH@No?5current?5local?1remote?5offer?1a@ 00426660     pjmedia-i386-win32-vc14-release:errno.obj
 0002:000016a0       ??_C@_0EE@BLNHOMNC@SDP?5media?5count?5mismatch?5in?5off@ 004266a0     pjmedia-i386-win32-vc14-release:errno.obj
 0002:000016e8       ??_C@_0EG@MJOIPNIH@SDP?5media?5type?5mismatch?5in?5offe@ 004266e8     pjmedia-i386-win32-vc14-release:errno.obj
 0002:00001730       ??_C@_0EN@OPFCIOMP@SDP?5media?5transport?5type?5mismat@ 00426730     pjmedia-i386-win32-vc14-release:errno.obj
 0002:00001780       ??_C@_0ED@NGHPALDD@No?5common?5SDP?5media?5payload?5in?5@ 00426780     pjmedia-i386-win32-vc14-release:errno.obj
 0002:000017c8       ??_C@_0ED@HELGJJGO@No?5active?5media?5stream?5after?5ne@ 004267c8     pjmedia-i386-win32-vc14-release:errno.obj
 0002:0000180c       ??_C@_0DP@KIMEPBPF@No?5suitable?5codec?5for?5remote?5of@ 0042680c     pjmedia-i386-win32-vc14-release:errno.obj
 0002:00001850       ??_C@_0EM@LLMPLGCO@No?5suitable?5telephone?9event?5for@ 00426850     pjmedia-i386-win32-vc14-release:errno.obj
 0002:000018a0       ??_C@_0EK@LPNBCGHG@No?5suitable?5answer?5for?5unknown?5@ 004268a0     pjmedia-i386-win32-vc14-release:errno.obj
[...]
 0002:0000dcac       _srtp_aes_icm_128_test_case_0_ciphertext 00432cac     libsrtp-i386-win32-vc14-release:aes_icm.obj
 0002:0000dccc       _srtp_aes_icm_128_test_case_0 00432ccc     libsrtp-i386-win32-vc14-release:aes_icm.obj
 0002:0000dcf8       _srtp_aes_icm_256_test_case_0_key 00432cf8     libsrtp-i386-win32-vc14-release:aes_icm.obj
 0002:0000dd28       _srtp_aes_icm_256_test_case_0_plaintext 00432d28     libsrtp-i386-win32-vc14-release:aes_icm.obj
 0002:0000dd48       _srtp_aes_icm_256_test_case_0_ciphertext 00432d48     libsrtp-i386-win32-vc14-release:aes_icm.obj
 0002:0000dd68       _srtp_aes_icm_256_test_case_0 00432d68     libsrtp-i386-win32-vc14-release:aes_icm.obj
 0002:0000de80       _srtp_null_auth_test_case_0 00432e80     libsrtp-i386-win32-vc14-release:null_auth.obj
 0002:0000de9c       _srtp_null_auth_description 00432e9c     libsrtp-i386-win32-vc14-release:null_auth.obj
 0002:0000df38       _srtp_hmac_test_case_0_key 00432f38     libsrtp-i386-win32-vc14-release:hmac.obj
 0002:0000df4c       _srtp_hmac_test_case_0_data 00432f4c     libsrtp-i386-win32-vc14-release:hmac.obj
 0002:0000df54       _srtp_hmac_test_case_0_tag 00432f54     libsrtp-i386-win32-vc14-release:hmac.obj
 0002:0000df68       _srtp_hmac_test_case_0     00432f68     libsrtp-i386-win32-vc14-release:hmac.obj
 0002:0000df84       _srtp_hmac_description     00432f84     libsrtp-i386-win32-vc14-release:hmac.obj
 0002:0000dff0       _T0                        00432ff0     libsrtp-i386-win32-vc14-release:aes.obj
 0002:0000e3f0       _T1                        004333f0     libsrtp-i386-win32-vc14-release:aes.obj
 0002:0000e7f0       _T2                        004337f0     libsrtp-i386-win32-vc14-release:aes.obj
 0002:0000ebf0       _T3                        00433bf0     libsrtp-i386-win32-vc14-release:aes.obj
 0002:0000eff0       _U0                        00433ff0     libsrtp-i386-win32-vc14-release:aes.obj
 0002:0000f3f0       _U1                        004343f0     libsrtp-i386-win32-vc14-release:aes.obj
 0002:0000f7f0       _U2                        004347f0     libsrtp-i386-win32-vc14-release:aes.obj
 0002:0000fbf0       _U3                        00434bf0     libsrtp-i386-win32-vc14-release:aes.obj
 0002:0000fff0       _aes_sbox                  00434ff0     libsrtp-i386-win32-vc14-release:aes.obj
 0002:000100f0       _aes_inv_sbox              004350f0     libsrtp-i386-win32-vc14-release:aes.obj
 0002:000102a0       _GS_ExceptionPointers      004352a0     MSVCRT:gs_report.obj
 0002:000102b0       _Int32ToUInt32             004352b0     MSVCRT:ftol3.obj
 0002:000102b8       _DP2to32                   004352b8     MSVCRT:ftol3.obj
 0002:000102c0       _MantissaMask              004352c0     MSVCRT:ftol3.obj
 0002:000102c8       _IntegerBit                004352c8     MSVCRT:ftol3.obj
 0002:000102d0       _SignBit64                 004352d0     MSVCRT:ftol3.obj
 0002:000102d8       _MinFP64                   004352d8     MSVCRT:ftol3.obj
 0002:000102e0       _MinInt64                  004352e0     MSVCRT:ftol3.obj
 0002:000102e8       _MaxInt64                  004352e8     MSVCRT:ftol3.obj
 0002:000102f0       _MaxUInt64                 004352f0     MSVCRT:ftol3.obj
 0002:000102f8       _MaxFP32                   004352f8     MSVCRT:ftol3.obj
 0002:00010300       _MinFP32                   00435300     MSVCRT:ftol3.obj
 0002:00010308       _MinSubInexact             00435308     MSVCRT:ftol3.obj
 0002:00010310       _FpExcptTable              00435310     MSVCRT:ftol3.obj
 0002:00010320       _i1075                     00435320     MSVCRT:ftol3.obj
 0002:00010324       _i1087                     00435324     MSVCRT:ftol3.obj
 0002:00010328       _x0800                     00435328     MSVCRT:ftol3.obj
 0002:0001032c       _x17FF                     0043532c     MSVCRT:ftol3.obj
 0002:00010330       _CWMask                    00435330     MSVCRT:ftol3.obj
 0002:00010650       __sehtable$?__scrt_common_main_seh@@YAHXZ 00435650     MSVCRT:exe_main.obj
 0002:00010670       __sehtable$___scrt_is_nonwritable_in_current_image 00435670     MSVCRT:utility.obj
 0002:00010a1c       .idata$6                   00435a1c     ole32:ole32.dll
 0002:00010a26       .idata$6                   00435a26     ws2_32:WS2_32.dll
 0002:00010bf2       .idata$6                   00435bf2     winmm:WINMM.dll
 0002:00010f64       .idata$6                   00435f64     kernel32:KERNEL32.dll
 0002:00010fbe       .idata$6                   00435fbe     vcruntime:VCRUNTIME140.dll
 0002:00011328       .idata$6                   00436328     ucrt:api-ms-win-crt-stdio-l1-1-0.dll
 0002:00011348       .idata$6                   00436348     ucrt:api-ms-win-crt-convert-l1-1-0.dll
 0002:0001136a       .idata$6                   0043636a     ucrt:api-ms-win-crt-string-l1-1-0.dll
 0002:0001138c       .idata$6                   0043638c     ucrt:api-ms-win-crt-math-l1-1-0.dll
 0002:000113ac       .idata$6                   004363ac     ucrt:api-ms-win-crt-heap-l1-1-0.dll
 0002:000113cc       .idata$6                   004363cc     ucrt:api-ms-win-crt-utility-l1-1-0.dll
 0002:000113ee       .idata$6                   004363ee     ucrt:api-ms-win-crt-runtime-l1-1-0.dll
 0002:00011410       .idata$6                   00436410     ucrt:api-ms-win-crt-locale-l1-1-0.dll
 0003:00000000       $SG24861                   00437000     stereotest.obj
 0003:00000288       $SG24760                   00437288     stereotest.obj
 0003:0000029c       $SG24808                   0043729c     stereotest.obj
 0003:000002a0       $SG24810                   004372a0     stereotest.obj
 0003:000002a8       $SG24812                   004372a8     stereotest.obj
 0003:000002b0       $SG24814                   004372b0     stereotest.obj
 0003:000002b8       $SG24816                   004372b8     stereotest.obj
 0003:000002bc       $SG24817                   004372bc     stereotest.obj
 0003:000002c8       $SG24821                   004372c8     stereotest.obj
 0003:000002ec       $SG24825                   004372ec     stereotest.obj
 0003:00000310       $SG24829                   00437310     stereotest.obj
 0003:00000330       $SG24833                   00437330     stereotest.obj
 0003:00000354       $SG24837                   00437354     stereotest.obj
 0003:0000037c       $SG24840                   0043737c     stereotest.obj
 0003:00000398       $SG24859                   00437398     stereotest.obj
 0003:000003c8       _desc                      004373c8     stereotest.obj
 0003:000003cc       $SG24917                   004373cc     stereotest.obj
 0003:000003d4       $SG24919                   004373d4     stereotest.obj
 0003:000003e0       $SG24921                   004373e0     stereotest.obj
 0003:000003ec       $SG24923                   004373ec     stereotest.obj
 0003:000003f4       $SG24926                   004373f4     stereotest.obj
 0003:00000414       $SG24927                   00437414     stereotest.obj
 0003:00000424       $SG24931                   00437424     stereotest.obj
 0003:00000438       $SG24933                   00437438     stereotest.obj
 0003:00000450       $SG24934                   00437450     stereotest.obj
 0003:00000460       $SG24937                   00437460     stereotest.obj
 0003:00000484       $SG24938                   00437484     stereotest.obj
 0003:00000494       $SG24940                   00437494     stereotest.obj
 0003:000004ac       $SG24941                   004374ac     stereotest.obj
 0003:000004bc       $SG24943                   004374bc     stereotest.obj
 0003:000004c0       $SG24947                   004374c0     stereotest.obj
 0003:000004d4       $SG24948                   004374d4     stereotest.obj
 0003:000004e4       $SG24950                   004374e4     stereotest.obj
 0003:00000500       $SG24951                   00437500     stereotest.obj
 0003:00000510       $SG24955                   00437510     stereotest.obj
 0003:00000530       $SG24956                   00437530     stereotest.obj
 0003:00000540       $SG24958                   00437540     stereotest.obj
 0003:00000560       $SG24959                   00437560     stereotest.obj
 0003:00000570       $SG24961                   00437570     stereotest.obj
 0003:00000584       $SG24962                   00437584     stereotest.obj
 0003:00000594       $SG24964                   00437594     stereotest.obj
 0003:000005b0       $SG24965                   004375b0     stereotest.obj
 0003:000005c0       $SG24969                   004375c0     stereotest.obj
 0003:000005e0       $SG24970                   004375e0     stereotest.obj
 0003:000005f0       $SG24972                   004375f0     stereotest.obj
 0003:00000610       $SG24973                   00437610     stereotest.obj
 0003:00000620       $SG24974                   00437620     stereotest.obj
 0003:00000630       $SG24975                   00437630     stereotest.obj
 0003:00000638       $SG24976                   00437638     stereotest.obj
 0003:00000644       $SG24977                   00437644     stereotest.obj
 0003:00000650       $SG24978                   00437650     stereotest.obj
 0003:00000670       $SG24979                   00437670     stereotest.obj
 0003:00000690       $SG24981                   00437690     stereotest.obj
 0003:000006b0       $SG24983                   004376b0     stereotest.obj
 0003:000006dc       _stream_op                 004376dc     pjmedia-audiodev-i386-win32-vc14-release:wmme_dev.obj
 0003:000006f4       _factory_op                004376f4     pjmedia-audiodev-i386-win32-vc14-release:wmme_dev.obj
 0003:00000718       _cap_infos                 00437718     pjmedia-i386-win32-vc14-release:audiodev.obj
 0003:00000788       _echo_supp_op              00437788     pjmedia-i386-win32-vc14-release:echo_common.obj
 0003:000007a4       _speex_aec_op              004377a4     pjmedia-i386-win32-vc14-release:echo_common.obj
 0003:000007c0       _crypto_suites             004377c0     pjmedia-i386-win32-vc14-release:transport_srtp.obj
 0003:0000089c       _transport_srtp_op         0043789c     pjmedia-i386-win32-vc14-release:transport_srtp.obj
 0003:000008d0       ?liberr@?1??get_libsrtp_errstr@@9@9 004378d0     pjmedia-i386-win32-vc14-release:transport_srtp.obj
 0003:00000934       _sdes_op                   00437934     pjmedia-i386-win32-vc14-release:transport_srtp.obj
 0003:00000970       _thread_tls_id             00437970     pjlib-i386-win32-vc14-release:os_core_win32.obj
 0003:00000978       _pool_sizes                00437978     pjlib-i386-win32-vc14-release:pool_caching.obj
 0003:000009b8       _pj_log_max_level          004379b8     pjlib-i386-win32-vc14-release:log.obj
 0003:000009bc       _thread_suspended_tls_id   004379bc     pjlib-i386-win32-vc14-release:log.obj
 0003:000009c0       _thread_indent_tls_id      004379c0     pjlib-i386-win32-vc14-release:log.obj
 0003:000009c4       _log_writer                004379c4     pjlib-i386-win32-vc14-release:log.obj
 0003:000009c8       _log_decor                 004379c8     pjlib-i386-win32-vc14-release:log.obj
 0003:000009cc       _PJ_LOG_COLOR_0            004379cc     pjlib-i386-win32-vc14-release:log.obj
 0003:000009d0       _PJ_LOG_COLOR_1            004379d0     pjlib-i386-win32-vc14-release:log.obj
 0003:000009d4       _PJ_LOG_COLOR_2            004379d4     pjlib-i386-win32-vc14-release:log.obj
 0003:000009d8       _PJ_LOG_COLOR_3            004379d8     pjlib-i386-win32-vc14-release:log.obj
 0003:000009dc       _PJ_LOG_COLOR_4            004379dc     pjlib-i386-win32-vc14-release:log.obj
 0003:000009e0       _PJ_LOG_COLOR_5            004379e0     pjlib-i386-win32-vc14-release:log.obj
 0003:000009e4       _PJ_LOG_COLOR_6            004379e4     pjlib-i386-win32-vc14-release:log.obj
 0003:000009e8       _PJ_LOG_COLOR_77           004379e8     pjlib-i386-win32-vc14-release:log.obj
 0003:000009ec       ?ltexts@?2??pj_log@@9@9    004379ec     pjlib-i386-win32-vc14-release:log.obj
 0003:00000a08       ?wdays@?3??pj_log@@9@9     00437a08     pjlib-i386-win32-vc14-release:log.obj
 0003:00000a34       _thread_local_id           00437a34     pjlib-i386-win32-vc14-release:except.obj
 0003:00000a38       _mutex_lock_template       00437a38     pjlib-i386-win32-vc14-release:lock.obj
 0003:00000a4c       _null_lock_template        00437a4c     pjlib-i386-win32-vc14-release:lock.obj
 0003:00000a60       _sem_lock_template         00437a60     pjlib-i386-win32-vc14-release:lock.obj
 0003:00000a74       ?hex@?1??hex2digit@@9@9    00437a74     pjlib-i386-win32-vc14-release:guid_win32.obj
 0003:00000a88       _id                        00437a88     pjlib-i386-win32-vc14-release:config.obj
 0003:00000a8c       _tls                       00437a8c     pjlib-i386-win32-vc14-release:pool_buf.obj
 0003:00000a90       ?ntryh@?1??drfti1@@9@9     00437a90     libspeex-i386-win32-vc14-release:smallft.obj
 0003:00000aa0       ?tpi@?1??drfti1@@9@9       00437aa0     libspeex-i386-win32-vc14-release:smallft.obj
 0003:00000aa4       ?hsqt2@?1??dradf4@@9@9     00437aa4     libspeex-i386-win32-vc14-release:smallft.obj
 0003:00000aa8       ?tpi@?1??dradfg@@9@9       00437aa8     libspeex-i386-win32-vc14-release:smallft.obj
 0003:00000aac       ?taur@?1??dradb3@@9@9      00437aac     libspeex-i386-win32-vc14-release:smallft.obj
 0003:00000ab0       ?taui@?1??dradb3@@9@9      00437ab0     libspeex-i386-win32-vc14-release:smallft.obj
 0003:00000ab4       ?sqrt2@?1??dradb4@@9@9     00437ab4     libspeex-i386-win32-vc14-release:smallft.obj
 0003:00000ab8       ?tpi@?1??dradbg@@9@9       00437ab8     libspeex-i386-win32-vc14-release:smallft.obj
 0003:00000ac4       _srtp_event_handler        00437ac4     libsrtp-i386-win32-vc14-release:srtp.obj
 0003:00000f60       $SG24980                   00437f60     stereotest.obj
 0003:00000f64       ?name@?1??get_fmt_name@@9@9 00437f64     pjmedia-audiodev-i386-win32-vc14-release:wmme_dev.obj
 0003:00000f6c       ?rec_cnt@?1??wmme_dev_thread@@9@9 00437f6c     pjmedia-audiodev-i386-win32-vc14-release:wmme_dev.obj
 0003:00000f70       ?play_cnt@?1??wmme_dev_thread@@9@9 00437f70     pjmedia-audiodev-i386-win32-vc14-release:wmme_dev.obj
 0003:00000f78       _aud_subsys                00437f78     pjmedia-i386-win32-vc14-release:audiodev.obj
 0003:00001448       _event_manager_instance    00438448     pjmedia-i386-win32-vc14-release:event.obj
 0003:00001450       ?ev_queue@?9??pjmedia_event_publish@@9@9 00438450     pjmedia-i386-win32-vc14-release:event.obj
 0003:00001860       _is_initialized            00438860     pjmedia-i386-win32-vc14-release:sdp.obj
 0003:00001868       _cis_buf                   00438868     pjmedia-i386-win32-vc14-release:sdp.obj
 0003:00001c6c       _cs_digit                  00438c6c     pjmedia-i386-win32-vc14-release:sdp.obj
 0003:00001c74       _cs_token                  00438c74     pjmedia-i386-win32-vc14-release:sdp.obj
 0003:00001c7c       ?msg@?3??get_libsrtp_errstr@@9@9 00438c7c     pjmedia-i386-win32-vc14-release:transport_srtp.obj
 0003:00001c9c       _libsrtp_initialized       00438c9c     pjmedia-i386-win32-vc14-release:transport_srtp.obj
 0003:00001ca4       ___getopt_initialized      00438ca4     pjlib-util-i386-win32-vc14-release:getopt.obj
 0003:00001ca8       _nextchar                  00438ca8     pjlib-util-i386-win32-vc14-release:getopt.obj
 0003:00001cac       _ordering                  00438cac     pjlib-util-i386-win32-vc14-release:getopt.obj
 0003:00001cb0       _posixly_correct           00438cb0     pjlib-util-i386-win32-vc14-release:getopt.obj
 0003:00001cb4       _first_nonopt              00438cb4     pjlib-util-i386-win32-vc14-release:getopt.obj
 0003:00001cb8       _last_nonopt               00438cb8     pjlib-util-i386-win32-vc14-release:getopt.obj
 0003:00001cc0       _initialized               00438cc0     pjlib-i386-win32-vc14-release:os_core_win32.obj
 0003:00001cc4       _atexit_count              00438cc4     pjlib-i386-win32-vc14-release:os_core_win32.obj
 0003:00001cc8       _main_thread               00438cc8     pjlib-i386-win32-vc14-release:os_core_win32.obj
 0003:00001dc8       _critical_section_mutex    00438dc8     pjlib-i386-win32-vc14-release:os_core_win32.obj
 0003:00001e00       _atexit_func               00438e00     pjlib-i386-win32-vc14-release:os_core_win32.obj
 0003:00001e80       _err_msg_hnd_cnt           00438e80     pjlib-i386-win32-vc14-release:errno.obj
 0003:00001e88       _err_msg_hnd               00438e88     pjlib-i386-win32-vc14-release:errno.obj
 0003:00001f00       _g_last_thread             00438f00     pjlib-i386-win32-vc14-release:log.obj
 0003:00001f08       _base_time                 00438f08     pjlib-i386-win32-vc14-release:os_time_win32.obj
 0003:00001f10       ?buf@?1??pj_gethostname@@9@9 00438f10     pjlib-i386-win32-vc14-release:sock_bsd.obj
 0003:00001f90       ?hostname@?1??pj_gethostname@@9@9 00438f90     pjlib-i386-win32-vc14-release:sock_bsd.obj
 0003:00001f98       _exception_id_names        00438f98     pjlib-i386-win32-vc14-release:except.obj
 0003:00001fd8       ?unknown_name@?1??pj_exception_id_name@@9@9 00438fd8     pjlib-i386-win32-vc14-release:except.obj
 0003:00001ff8       _stack_based_factory       00438ff8     pjlib-i386-win32-vc14-release:pool_buf.obj
 0003:0000201c       _is_initialized            0043901c     pjlib-i386-win32-vc14-release:pool_buf.obj
 0003:00002020       _s_hDLL                    00439020     pjlib-i386-win32-vc14-release:ip_helper_win32.obj
 0003:00002024       _s_pfnGetIpAddrTable       00439024     pjlib-i386-win32-vc14-release:ip_helper_win32.obj
 0003:00002028       _s_pfnGetAdapterAddresses  00439028     pjlib-i386-win32-vc14-release:ip_helper_win32.obj
 0003:0000202c       _s_pfnGetIpForwardTable    0043902c     pjlib-i386-win32-vc14-release:ip_helper_win32.obj
 0003:00002030       _s_pfnGetIfEntry           00439030     pjlib-i386-win32-vc14-release:ip_helper_win32.obj
 0003:00002034       _srtp_log_handler          00439034     libsrtp-i386-win32-vc14-release:srtp.obj
 0003:00002038       _srtp_log_handler_data     00439038     libsrtp-i386-win32-vc14-release:srtp.obj
 0003:00002050       _srtp_aes_icm_128_test_case_0_nonce 00439050     libsrtp-i386-win32-vc14-release:aes_icm.obj
 0003:00002060       _srtp_aes_icm_256_test_case_0_nonce 00439060     libsrtp-i386-win32-vc14-release:aes_icm.obj
 0003:00002070       _GS_ExceptionRecord        00439070     MSVCRT:gs_report.obj
 0003:000020c0       _GS_ContextRecord          004390c0     MSVCRT:gs_report.obj
 0003:00002394       ?is_initialized_as_dll@@3_NA 00439394     MSVCRT:utility.obj
 0003:00002395       ?module_local_atexit_table_initialized@@3_NA 00439395     MSVCRT:utility.obj
 0003:00002398       ?module_local_atexit_table@@3U_onexit_table_t@@A 00439398     MSVCRT:utility.obj
 0003:000023a4       ?module_local_at_quick_exit_table@@3U_onexit_table_t@@A 004393a4     MSVCRT:utility.obj
 0004:00000000       _static_const_table        0043a000     MSVCRT:svml_dcos2_sse2.obj
 0004:00000200       __e02PI                    0043a200     MSVCRT:svml_dtrig.obj
 0004:000003a0       __e04PI                    0043a3a0     MSVCRT:svml_dtrig.obj
 0004:00000530       _2il0floatpacket_2         0043a530     MSVCRT:svml_dtrig.obj
 0004:00000540       _2il0floatpacket_9         0043a540     MSVCRT:svml_dtrig.obj
 0004:00000550       _2il0floatpacket_12        0043a550     MSVCRT:svml_dtrig.obj
 0004:00000560       __dPI02                    0043a560     MSVCRT:svml_dtrig.obj
 0004:00000570       __d02PI                    0043a570     MSVCRT:svml_dtrig.obj
 0004:00000580       __DP4                      0043a580     MSVCRT:svml_dtrig.obj
 0004:000005a0       __dPI04                    0043a5a0     MSVCRT:svml_dtrig.obj
 0004:000005b0       __d04PI                    0043a5b0     MSVCRT:svml_dtrig.obj
 0004:000005c0       __QP4                      0043a5c0     MSVCRT:svml_dtrig.obj
